01-21 17:14:22.392  4023  4023 D CarSignalManager: handleOnChangeEvent ECarXCarPropertyValue{mPropertyId=0x7183 propertyName AsyLineRiPahPrmB, mValue=642}
01-21 17:14:22.392  4023  4023 D HUDInteractionImpl: onChangeEvent 7183
01-21 17:14:22.392  4023  4023 D CarSignalManager: handleOnChangeEvent ECarXCarPropertyValue{mPropertyId=0x7185 propertyName AsyLineRiPahPrmD, mValue=3e7}
01-21 17:14:22.392  4023  4023 D HUDInteractionImpl: onChangeEvent 7185
01-21 17:14:22.392  4023  4023 D CarSignalManager: handleOnChangeEvent ECarXCarPropertyValue{mPropertyId=0x7186 propertyName AsyLineRiPah2PrmA, mValue=ac4}
01-21 17:14:22.392  4023  4127 D HUDInteractionImpl: handleMessage 4
01-21 17:14:22.393  4023  4023 D HUDInteractionImpl: onChangeEvent 7186
01-21 17:14:22.393  4023  4023 D CarSignalManager: handleOnChangeEvent ECarXCarPropertyValue{mPropertyId=0x7187 propertyName AsyLineRiPah2PrmB, mValue=642}
01-21 17:14:22.393  4023  4023 D HUDInteractionImpl: onChangeEvent 7187
01-21 17:14:22.393  4023  4023 D CarSignalManager: handleOnChangeEvent ECarXCarPropertyValue{mPropertyId=0x7188 propertyName AsyLineRiPah2PrmC, mValue=3e8}
01-21 17:14:22.393  4023  4023 D HUDInteractionImpl: onChangeEvent 7188
01-21 17:14:22.393  4023  4127 D HUDInteractionImpl: updateDataInfo id 7177 value: 1602
01-21 17:14:22.393  4023  4023 D CarSignalManager: handleOnChangeEvent ECarXCarPropertyValue{mPropertyId=0x71c5 propertyName ZZZAsdmSignalEnd, mValue=4842}
01-21 17:14:22.393  4023  4127 D HUDInteractionImpl: handleMessage 4
01-21 17:14:22.393  4023  4023 D HUDInteractionImpl: onChangeEvent 71c5
01-21 17:14:22.393  4023  4023 D CarSignalManager: handleOnChangeEvent ECarXCarPropertyValue{mPropertyId=0x7ab7 propertyName SteerWhlSnsrAgSpd, mValue=fff5}
01-21 17:14:22.393  4023  4023 D HUDInteractionImpl: onChangeEvent 7ab7
01-21 17:14:22.393  4023  4023 D CarSignalManager: handleOnChangeEvent ECarXCarPropertyValue{mPropertyId=0x7acf propertyName VehSpdLgtA, mValue=b80}
01-21 17:14:22.393  4023  4023 D HUDInteractionImpl: onChangeEvent 7acf
01-21 17:14:22.393  4023  4023 D CarSignalManager: handleOnChangeEvent ECarXCarPropertyValue{mPropertyId=0x7af1 propertyName ZZZVddmSignalEnd, mValue=4843}
01-21 17:14:22.393  4023  4023 D HUDInteractionImpl: onChangeEvent 7af1
01-21 17:14:22.393  4023  4023 D CarSignalManager: handleOnChangeEvent ECarXCarPropertyValue{mPropertyId=0x7ab7 propertyName SteerWhlSnsrAgSpd, mValue=fffd}
01-21 17:14:22.393  4023  4023 D HUDInteractionImpl: onChangeEvent 7ab7
01-21 17:14:22.393  4023  4127 D HUDInteractionImpl: updateDataInfo id 7178 value: 1000
01-21 17:14:22.393  4023  4023 D CarSignalManager: handleOnChangeEvent ECarXCarPropertyValue{mPropertyId=0x7acf propertyName VehSpdLgtA, mValue=b82}
01-21 17:14:22.393  4023  4023 D HUDInteractionImpl: onChangeEvent 7acf
01-21 17:14:22.393  4023  4127 D HUDInteractionImpl: handleMessage 4
01-21 17:14:22.393  4023  4127 D HUDInteractionImpl: updateDataInfo id 7183 value: 1602
01-21 17:14:22.393  4023  4127 D HUDInteractionImpl: handleMessage 4
01-21 17:14:22.394  4023  4127 D HUDInteractionImpl: updateDataInfo id 7185 value: 999
01-21 17:14:22.394  4023  4127 D HUDInteractionImpl: handleMessage 4
01-21 17:14:22.394  4023  4127 D HUDInteractionImpl: updateDataInfo id 7186 value: 2756
01-21 17:14:22.394  4023  4127 D HUDInteractionImpl: handleMessage 4
01-21 17:14:22.394  4023  4023 D CarSignalManager: handleOnChangeEvent ECarXCarPropertyValue{mPropertyId=0x7af1 propertyName ZZZVddmSignalEnd, mValue=4844}
01-21 17:14:22.394  4023  4127 D HUDInteractionImpl: updateDataInfo id 7187 value: 1602
01-21 17:14:22.394  4023  4023 D HUDInteractionImpl: onChangeEvent 7af1
01-21 17:14:22.394  4023  4127 D HUDInteractionImpl: handleMessage 4
01-21 17:14:22.394  4023  4127 D HUDInteractionImpl: updateDataInfo id 7188 value: 1000
01-21 17:14:22.394  4023  4127 D HUDInteractionImpl: handleMessage 4
01-21 17:14:22.394  4023  4127 D HUDInteractionImpl: updateDataInfo id 71c5 value: 18498
01-21 17:14:22.394  4023  4127 D HUDInteractionImpl: handleMessage 4
01-21 17:14:22.394  4023  4127 D HUDInteractionImpl: updateDataInfo id 7ab7 value: 65525
01-21 17:14:22.394  4023  4127 D HUDInteractionImpl: handleMessage 4
01-21 17:14:22.394  4023  4127 D HUDInteractionImpl: updateDataInfo id 7acf value: 2944
01-21 17:14:22.394  4023  4127 D HUDInteractionImpl: handleMessage 4
01-21 17:14:22.394  4023  4127 D HUDInteractionImpl: updateDataInfo id 7af1 value: 18499
01-21 17:14:22.394  4023  4127 D HUDInteractionImpl: handleMessage 4
01-21 17:14:22.394  4023  4127 D HUDInteractionImpl: updateDataInfo id 7ab7 value: 65533
01-21 17:14:22.394  4023  4127 D HUDInteractionImpl: handleMessage 4
01-21 17:14:22.394  4023  4127 D HUDInteractionImpl: updateDataInfo id 7acf value: 2946
01-21 17:14:22.394  4023  4127 D HUDInteractionImpl: handleMessage 4
01-21 17:14:22.394  4023  4127 D HUDInteractionImpl: updateDataInfo id 7af1 value: 18500
01-21 17:14:22.394  4023  4127 D HUDInteractionImpl: handleMessage 2
01-21 17:14:22.394  4023  4127 D HUDInteractionImpl: notifyAdasInfo ADASDrivingAidSyncInfo 功能状态: 0 AEB已经制动 0 前方对象方向 0 前方对象类型 0 前方物件横向距离 1.7763568394002505E-15 前方物件纵向距离 0.0 FCW警告 0
01-21 17:14:22.394  4023  4127 D HUDInteractionImpl: notifyAdasInfo ADASLaneSyncInfo 左一上段：0.9600000000000009 0.0020000000000000018 0.0 -1.0000000000001327E-6 左一下段 0.9499999999999993 0.0020000000000000018 0.0 -1.0000000000001327E-6 右一上段 -2.4399999999999977 0.0020000000000000018 0.0 -1.0000000000001327E-6 右一下段 -2.4399999999999977 0.0020000000000000018 0.0 -1.0000000000001327E-6 左一左起止点 0.0 52.0 左一右起止点 52.0 91.0 右一左起止点 0.0 0.0 右一右起止点 0.0 104.0 压线 0
01-21 17:14:22.394  4023  4127 D HUDInteractionImpl: handleMessage 5
01-21 17:14:22.394  4023  4127 D HUDInteractionImpl: onVehicleSyncInfo 11.51886 0.015625 -0.0234375
01-21 17:14:22.394  4023  4127 D HUDInteractionImpl: handleMessage 5
01-21 17:14:22.394  4023  4127 D HUDInteractionImpl: onVehicleSyncInfo 11.51886 0.015625 -0.0234375
01-21 17:14:22.398   727  1173 D libipcp : socket_says_data_received: Sid: 0x2c, OpID: 0x1d, Length: 0x129, SendHandleId: 0x2c1d0512, Version: 0x3, OpType: 0x5, NOTIFICATION, payloadType: 0x1
01-21 17:14:22.398   727  1173 I libipcp : checkOperaiondIdAvailable: checkOperaiondIdAvailable called service_id: 0x2c, OpId: 0x1d
01-21 17:14:22.398   727  1173 I libipcp : checkOperaiondIdAvailable: checkOperaiondIdAvailable opid 0x1d is vaild
01-21 17:14:22.398   727  1158 D libipcp : build_ack_packet: build ACK for Service_id: 0x2c, Operation_Id: 0x1d, senderHandleId: 0x2c1d0512
01-21 17:14:22.398   727  1157 I libipcp : ipcp_transport_send: fire --> SenderHandleID: 0x2c1d0512, OperType: ACK, peer.sk_type is 2, peer_ip : 198.18.34.1, peer_port: 50500, length :16
01-21 17:14:22.398   727  1162 D vehiclehal::EcarxIpcpComm: funtion: received_cb , ip [198.18.34.1] , port = 50500, service = VDDM, operation_id = 29
01-21 17:14:22.400   727  1170 D vehiclehal::EcarxIpcpComm: funtion: rxThread , service = VDDM, operation_id = 29
01-21 17:14:22.400   727  1170 D IPCP2VV : convertIpcp2VehicleValues, [VDDMNotificationOpID] ap size 289, vp size 289
01-21 17:14:22.406  6400  6400 W ServiceManagement: Waited one second for android.hardware.radio@1.0::IRadio/slot1. Waiting another...
01-21 17:14:22.407   674  6186 F [ESIS][FATAL] ref-detecter.cc:347: GET_REF seq not match:24404 -1 0
01-21 17:14:22.407   674  6196 F [ESIS][FATAL] ref-detecter.cc:347: GET_REF seq not match:24404 -1 0
01-21 17:14:22.407   674  6189 F [ESIS][FATAL] ref-detecter.cc:347: GET_REF seq not match:24404 -1 0
01-21 17:14:22.408   674  6186 E [EAKS][ERROR] aks-engine.cc:373: no keyword set yet.
01-21 17:14:22.408   674  6196 E [EAKS][ERROR] aks-engine.cc:373: no keyword set yet.
01-21 17:14:22.408   674  6189 E [EAKS][ERROR] aks-engine.cc:373: no keyword set yet.
01-21 17:14:22.408   674  6214 F [ESIS][FATAL] ref-detecter.cc:347: GET_REF seq not match:24404 -1 0
01-21 17:14:22.408   674  6214 E [EAKS][ERROR] aks-engine.cc:373: no keyword set yet.
01-21 17:14:22.410  2581  3674 D ecarx_daemon_VehicleHal: onPropertyEvent: Vehicle Property: 557873871, value: 2940
01-21 17:14:22.410  2581  3674 D ecarx_daemon_VehicleHal: propid 557873871, reqSignalPropertiesString VendorSignalProperty::VehSpdLgtA
01-21 17:14:22.412  7005  7005 D CarSignalManager: handleOnChangeEvent ECarXCarPropertyValue{mPropertyId=0x7acf propertyName VehSpdLgtA, mValue=b7c}
01-21 17:14:22.412  3051  3051 D CarSignalManager: handleOnChangeEvent ECarXCarPropertyValue{mPropertyId=0x7acf propertyName VehSpdLgtA, mValue=b7c}
01-21 17:14:22.412  3213  3213 D CarSignalManager: handleOnChangeEvent ECarXCarPropertyValue{mPropertyId=0x7acf propertyName VehSpdLgtA, mValue=b7c}
01-21 17:14:22.412  6573  6573 D CarSignalManager: handleOnChangeEvent ECarXCarPropertyValue{mPropertyId=0x7acf propertyName VehSpdLgtA, mValue=b7c}
01-21 17:14:22.412  6573  6573 D CarSignalManager: handleOnChangeEvent ECarXCarPropertyValue{mPropertyId=0x7acf propertyName VehSpdLgtA, mValue=b7c}
01-21 17:14:22.412  4574  4574 D CarSignalManager: handleOnChangeEvent ECarXCarPropertyValue{mPropertyId=0x7acf propertyName VehSpdLgtA, mValue=b7c}
01-21 17:14:22.413  3255  3255 D CarSignalManager: handleOnChangeEvent ECarXCarPropertyValue{mPropertyId=0x7acf propertyName VehSpdLgtA, mValue=b7c}
01-21 17:14:22.413  4142  4142 D CarSignalManager: handleOnChangeEvent ECarXCarPropertyValue{mPropertyId=0x7acf propertyName VehSpdLgtA, mValue=b7c}
01-21 17:14:22.413  2941  2941 D CarSignalManager: handleOnChangeEvent ECarXCarPropertyValue{mPropertyId=0x7acf propertyName VehSpdLgtA, mValue=b7c}
01-21 17:14:22.413  2101  2101 D CarSignalManager: handleOnChangeEvent ECarXCarPropertyValue{mPropertyId=0x7acf propertyName VehSpdLgtA, mValue=b7c}
01-21 17:14:22.412  2722  2722 D CarSignalManager: handleOnChangeEvent ECarXCarPropertyValue{mPropertyId=0x7acf propertyName VehSpdLgtA, mValue=b7c}
01-21 17:14:22.421   755   755 E DisplayDevice: map unknown ((deprecated) sRGB sRGB Full range)/(RenderIntent::COLORIMETRIC) to default color mode
01-21 17:14:22.421   755   755 I chatty  : uid=1000(system) /system/bin/surfaceflinger identical 2 lines
01-21 17:14:22.421   755   755 E DisplayDevice: map unknown ((deprecated) sRGB sRGB Full range)/(RenderIntent::COLORIMETRIC) to default color mode
01-21 17:14:22.422   727  1173 D libipcp : socket_says_data_received: Sid: 0x1f, OpID: 0x51, Length: 0x10a, SendHandleId: 0x1f5105bb, Version: 0x3, OpType: 0x5, NOTIFICATION, payloadType: 0x1
01-21 17:14:22.422   727  1173 I libipcp : checkOperaiondIdAvailable: checkOperaiondIdAvailable called service_id: 0x1f, OpId: 0x51
01-21 17:14:22.423   727  1173 I libipcp : checkOperaiondIdAvailable: checkOperaiondIdAvailable opid 0x51 is vaild
01-21 17:14:22.423   727  1173 D libipcp : socket_says_data_received: Sid: 0x25, OpID: 0x20, Length: 0x89, SendHandleId: 0x252005d5, Version: 0x3, OpType: 0x5, NOTIFICATION, payloadType: 0x1
01-21 17:14:22.423   727  1173 I libipcp : checkOperaiondIdAvailable: checkOperaiondIdAvailable called service_id: 0x25, OpId: 0x20
01-21 17:14:22.423   727  1173 I libipcp : checkOperaiondIdAvailable: checkOperaiondIdAvailable opid 0x20 is vaild
01-21 17:14:22.423   727  1173 D libipcp : socket_says_data_received: Sid: 0x2c, OpID: 0x1d, Length: 0x129, SendHandleId: 0x2c1d0513, Version: 0x3, OpType: 0x5, NOTIFICATION, payloadType: 0x1
01-21 17:14:22.423   727  1173 I libipcp : checkOperaiondIdAvailable: checkOperaiondIdAvailable called service_id: 0x2c, OpId: 0x1d
01-21 17:14:22.423   727  1173 I libipcp : checkOperaiondIdAvailable: checkOperaiondIdAvailable opid 0x1d is vaild
01-21 17:14:22.423   727  1158 D libipcp : build_ack_packet: build ACK for Service_id: 0x1f, Operation_Id: 0x51, senderHandleId: 0x1f5105bb
01-21 17:14:22.423   727  1158 D libipcp : build_ack_packet: build ACK for Service_id: 0x25, Operation_Id: 0x20, senderHandleId: 0x252005d5
01-21 17:14:22.423   727  1158 D libipcp : build_ack_packet: build ACK for Service_id: 0x2c, Operation_Id: 0x1d, senderHandleId: 0x2c1d0513
01-21 17:14:22.423   727  1163 D vehiclehal::EcarxIpcpComm: funtion: received_cb , ip [198.18.34.1] , port = 50500, service = ASDM, operation_id = 81
01-21 17:14:22.423  4574  4574 D ECarXCarFuncManagerBase: onChangeEvent: 33706 [B@5a6b559
01-21 17:14:22.423  4574  4574 I chatty  : uid=10053(com.ecarx.mycar) identical 7 lines
01-21 17:14:22.423  4574  4574 D ECarXCarFuncManagerBase: onChangeEvent: 33706 [B@5a6b559
01-21 17:14:22.423   727  1157 I libipcp : ipcp_transport_send: fire --> SenderHandleID: 0x2c1d0513, OperType: ACK, peer.sk_type is 2, peer_ip : 198.18.34.1, peer_port: 50500, length :16
01-21 17:14:22.423  4574  4574 D ECarXCarFuncManagerBase: onChangeEvent: 33706 [B@5a6b559
01-21 17:14:22.423  4574  4574 I chatty  : uid=10053(com.ecarx.mycar) identical 7 lines
01-21 17:14:22.423  4574  4574 D ECarXCarFuncManagerBase: onChangeEvent: 33706 [B@5a6b559
01-21 17:14:22.423  4574  4574 D CarPAEventCallback: onPAChanged propertyId: 33706
01-21 17:14:22.423   727  1163 D vehiclehal::EcarxIpcpComm: funtion: received_cb , ip [198.18.34.1] , port = 50500, service = DIM, operation_id = 32
01-21 17:14:22.424  4574  4574 D CarPAEventCallback: PA_TS_OdometerTripMeter2 = PA_TS_OdometerTripMeter2{availability = Active, dataValue = 18605, statusValue = 0, formatValue = 0}
01-21 17:14:22.423  4023  4023 D CarSignalManager: handleOnChangeEvent ECarXCarPropertyValue{mPropertyId=0x71c5 propertyName ZZZAsdmSignalEnd, mValue=4845}
01-21 17:14:22.424  4574  4574 D ECarXCarFuncManagerBase: handleOnChangeEvent patsodometertripmeter2
01-21 17:14:22.424  4023  4023 D HUDInteractionImpl: onChangeEvent 71c5
01-21 17:14:22.424   727  1163 D vehiclehal::EcarxIpcpComm: funtion: received_cb , ip [198.18.34.1] , port = 50500, service = VDDM, operation_id = 29
01-21 17:14:22.424   727  1157 I libipcp : ipcp_transport_send: fire --> SenderHandleID: 0x252005d5, OperType: ACK, peer.sk_type is 2, peer_ip : 198.18.34.1, peer_port: 50500, length :16
01-21 17:14:22.424   727  1157 I libipcp : ipcp_transport_send: fire --> SenderHandleID: 0x1f5105bb, OperType: ACK, peer.sk_type is 2, peer_ip : 198.18.34.1, peer_port: 50500, length :16
01-21 17:14:22.424  4023  4023 I ARHUDPresenter.java: [ (ARHUDPresenter.java:157)#Run ] inputADASLDInputADASLD{l1_a=0.9600000000000009, l1_b=0.0020000000000000018, l1_c=0.0, l1_d=-1.0000000000001327E-6, l2_a=0.9499999999999993, l2_b=0.0020000000000000018, l2_c=0.0, l2_d=-1.0000000000001327E-6, r1_a=-2.4399999999999977, r1_b=0.0020000000000000018, r1_c=0.0, r1_d=-1.0000000000001327E-6, r2_a=-2.4399999999999977, r2_b=0.0020000000000000018, r2_c=0.0, r2_d=-1.0000000000001327E-6, warning_status=0, detect_start_l1=0.0, detect_end_l1=52.0, detect_start_l2=52.0, detect_end_l2=91.0, detect_start_r2=0.0, detect_end_r2=104.0, detect_start_r1=0.0, detect_end_r1=0.0}
01-21 17:14:22.424  4023  4023 D V2021012102 EZD Input Status: InputData_HUD = true
01-21 17:14:22.425  4023  4023 D V2021012102 EZD Input Status: HUD_button_absolute_pos = 14
01-21 17:14:22.425  4023  4023 D V2021012102 EZD Input Status: InputData_LD=true , warning_status=0
01-21 17:14:22.425  4023  4023 D V2021012102 EZD Input Status: l1:(a,b,c,d)=(-0.960000,-0.002000,-0.000000,0.000001),(st,end)=(0,0); l2:(a,b,c,d)=(-0.950000,-0.002000,-0.000000,0.000001),(st,end)=(52,52);
01-21 17:14:22.425  4023  4023 D V2021012102 EZD Input Status: r1:(a,b,c,d)=(2.440000,-0.002000,-0.000000,0.000001),(st,end)=(0,0); r2:(a,b,c,d)=(2.440000,-0.002000,-0.000000,0.000001),(st,end)=(0,0);
01-21 17:14:22.425  4023  4023 I JniUtils.java: [ (JniUtils.java:66)#InputADASLD ] 道路信息输出成功
01-21 17:14:22.425  4023  4023 D V2021012102 EZD Output Status: Output_ld=true , laneID=0, (start_x,start_y)=(0,0), (end_x,end_y)=(0,0), (A,B,C,D)=(0.000000,0.000000,0.000000,0.000000), status=0
01-21 17:14:22.425   727  1170 D vehiclehal::EcarxIpcpComm: funtion: rxThread , service = ASDM, operation_id = 81
01-21 17:14:22.425   727  1170 D IPCP2VV : convertIpcp2VehicleValues, [ASDMNotificationOpID] ap size 258, vp size 258
01-21 17:14:22.425  4023  4023 I JniUtils.java: [ (JniUtils.java:68)#InputADASLD ] ADASLaneInfoBean{LaneID=0, x1=0, y1=0, x2=0, y2=0, A=0.0, B=0.0, C=0.0, D=0.0, status=0}
01-21 17:14:22.425  4023  4023 I ARHUDPresenter.java: [ (ARHUDPresenter.java:139)#Run ] adasLaneInfoBeanInputADASObj{acc_status=0.0, pos_x=1.7763568394002505E-15, pos_z=0.0, direction=0.0, type=9.0, frontType=0.0, warning_status=0.0, aeb_status=0.0}
01-21 17:14:22.425  4023  4023 I ARHUDPresenter.java: [ (ARHUDPresenter.java:140)#Run ] HUDHeight14
01-21 17:14:22.425  4023  4023 E JniUtils.java: [ (JniUtils.java:33)#InputDataAdasObj ] hudHeight高度14.0
01-21 17:14:22.425  4023  4127 D HUDInteractionImpl: handleMessage 4
01-21 17:14:22.425  4023  4023 D V2021012102 EZD Input Status: InputData_Vehicle=true , speed=11.518860, steering_wheel_angle=0.015625, steering_wheel_angularVel=-0.023438
01-21 17:14:22.425  4023  4023 D V2021012102 EZD Input Status: InputData_HUD = true
01-21 17:14:22.425  4023  4127 D HUDInteractionImpl: updateDataInfo id 71c5 value: 18501
01-21 17:14:22.425  4023  4023 D V2021012102 EZD Input Status: HUD_button_absolute_pos = 14
01-21 17:14:22.425  4023  4023 D V2021012102 EZD Input Status: InputData_Obj is true. pos_x=0.000000, pos_y=0.000000, frontType=0, direction=0, acc_status=0, type=9, warning_status=0, aeb_status=0
01-21 17:14:22.425  4023  4023 D V2021012102 EZD Input Status: InputData_Obj: acc_gap_set_status=3
01-21 17:14:22.425  4023  4023 D V2021012102 EZD Input Status: InputData_LD=true , warning_status=0
01-21 17:14:22.425  4023  4023 D V2021012102 EZD Input Status: l1:(a,b,c,d)=(-0.960000,-0.002000,-0.000000,0.000001),(st,end)=(0,0); l2:(a,b,c,d)=(-0.950000,-0.002000,-0.000000,0.000001),(st,end)=(52,52);
01-21 17:14:22.425  4023  4023 D V2021012102 EZD Input Status: r1:(a,b,c,d)=(2.440000,-0.002000,-0.000000,0.000001),(st,end)=(0,0); r2:(a,b,c,d)=(2.440000,-0.002000,-0.000000,0.000001),(st,end)=(0,0);
01-21 17:14:22.425  4023  4023 I JniUtils.java: [ (JniUtils.java:46)#InputDataAdasObj ] 周边环境对象等输出成功
01-21 17:14:22.425  4023  4023 I V2021012102 EZD Z: 巡航功能未開啟
01-21 17:14:22.425  4023  4023 D V2021012102 EZD Output Status: Output_obj=true, aeb_status=0 && collision_status=0 && obj_status=0 && accGapSet_status=0
01-21 17:14:22.425  4023  4023 I JniUtils.java: [ (JniUtils.java:48)#InputDataAdasObj ] ADASWarningInfoBean{objID=7, obj_x=0, obj_y=89, obj_status=0, obj_width=0, collisionID=-4506, conllision_x=127, conllision_y=0, collision_status=0, aebID=0, aeb_x=0, aeb_y=16428, aeb_status=0, aebFrame_x=-24395, aebFrame_y=-14601, aebFrame_status=0, accGapSet_ID=0, accGapSet_x=0, accGapSet_y=0, accGapSet_width=0, accGapSet_flip=0, accGapSet_status=0}
01-21 17:14:22.426   727  1170 D vehiclehal::EcarxIpcpComm: funtion: rxThread , service = DIM, operation_id = 32
01-21 17:14:22.426   727  1170 D IPCP2VV : convertIpcp2VehicleValues, [DIMNotificationOpID] ap size 129, vp size 129
01-21 17:14:22.427   727  1170 D vehiclehal::EcarxIpcpComm: funtion: rxThread , service = VDDM, operation_id = 29
01-21 17:14:22.428   727  1170 D IPCP2VV : convertIpcp2VehicleValues, [VDDMNotificationOpID] ap size 289, vp size 289
01-21 17:14:22.437   674  6189 F [ESIS][FATAL] ref-detecter.cc:347: GET_REF seq not match:24408 -1 0
01-21 17:14:22.437   674  6196 F [ESIS][FATAL] ref-detecter.cc:347: GET_REF seq not match:24408 -1 0
01-21 17:14:22.438   674  6214 F [ESIS][FATAL] ref-detecter.cc:347: GET_REF seq not match:24408 -1 0
01-21 17:14:22.438   674  6196 E [EAKS][ERROR] aks-engine.cc:373: no keyword set yet.
01-21 17:14:22.438   674  6214 E [EAKS][ERROR] aks-engine.cc:373: no keyword set yet.
01-21 17:14:22.437   674  6186 F [ESIS][FATAL] ref-detecter.cc:347: GET_REF seq not match:24408 -1 0
01-21 17:14:22.438   674  6189 E [EAKS][ERROR] aks-engine.cc:373: no keyword set yet.
01-21 17:14:22.438   674  6186 E [EAKS][ERROR] aks-engine.cc:373: no keyword set yet.
01-21 17:14:22.446   727  1173 D libipcp : socket_says_data_received: Sid: 0x78, OpID: 0xc8, Length: 0x18, SendHandleId: 0x78c80524, Version: 0x3, OpType: 0x5, NOTIFICATION, payloadType: 0x1
01-21 17:14:22.446   727  1173 I libipcp : checkOperaiondIdAvailable: checkOperaiondIdAvailable called service_id: 0x78, OpId: 0xc8
01-21 17:14:22.446   727  1173 I libipcp : checkOperaiondIdAvailable: checkOperaiondIdAvailable opid 0xc8 is vaild
01-21 17:14:22.446   727  1158 D libipcp : build_ack_packet: build ACK for Service_id: 0x78, Operation_Id: 0xc8, senderHandleId: 0x78c80524
01-21 17:14:22.446   727  1157 I libipcp : ipcp_transport_send: fire --> SenderHandleID: 0x78c80524, OperType: ACK, peer.sk_type is 2, peer_ip : 198.18.34.1, peer_port: 50500, length :16
01-21 17:14:22.446   727  1162 D vehiclehal::EcarxIpcpComm: funtion: received_cb , ip [198.18.34.1] , port = 50500, service = AUDIORADIO, operation_id = 200
01-21 17:14:22.448   727  1170 D vehiclehal::EcarxIpcpComm: funtion: rxThread , service = AUDIORADIO, operation_id = 200
01-21 17:14:22.449   727  1170 D PAIPCP2VV: convertPAIpcp2VehicleValues, [AudioRadioOpID] ap size 16, vp size 16
01-21 17:14:22.451   727  1173 D libipcp : socket_says_data_received: Sid: 0x1f, OpID: 0x51, Length: 0x10a, SendHandleId: 0x1f5105bc, Version: 0x3, OpType: 0x5, NOTIFICATION, payloadType: 0x1
01-21 17:14:22.452   727  1173 I libipcp : checkOperaiondIdAvailable: checkOperaiondIdAvailable called service_id: 0x1f, OpId: 0x51
01-21 17:14:22.452   727  1173 I libipcp : checkOperaiondIdAvailable: checkOperaiondIdAvailable opid 0x51 is vaild
01-21 17:14:22.452   727  1158 D libipcp : build_ack_packet: build ACK for Service_id: 0x1f, Operation_Id: 0x51, senderHandleId: 0x1f5105bc
01-21 17:14:22.452   727  1157 I libipcp : ipcp_transport_send: fire --> SenderHandleID: 0x1f5105bc, OperType: ACK, peer.sk_type is 2, peer_ip : 198.18.34.1, peer_port: 50500, length :16
01-21 17:14:22.453   727  1173 D libipcp : socket_says_data_received: Sid: 0x2c, OpID: 0x1d, Length: 0x129, SendHandleId: 0x2c1d0514, Version: 0x3, OpType: 0x5, NOTIFICATION, payloadType: 0x1
01-21 17:14:22.453   727  1173 I libipcp : checkOperaiondIdAvailable: checkOperaiondIdAvailable called service_id: 0x2c, OpId: 0x1d
01-21 17:14:22.453   727  1173 I libipcp : checkOperaiondIdAvailable: checkOperaiondIdAvailable opid 0x1d is vaild
01-21 17:14:22.453   727  1162 D vehiclehal::EcarxIpcpComm: funtion: received_cb , ip [198.18.34.1] , port = 50500, service = ASDM, operation_id = 81
01-21 17:14:22.453   727  1158 D libipcp : build_ack_packet: build ACK for Service_id: 0x2c, Operation_Id: 0x1d, senderHandleId: 0x2c1d0514
01-21 17:14:22.453   727  1163 D vehiclehal::EcarxIpcpComm: funtion: received_cb , ip [198.18.34.1] , port = 50500, service = VDDM, operation_id = 29
01-21 17:14:22.454   727  1157 I libipcp : ipcp_transport_send: fire --> SenderHandleID: 0x2c1d0514, OperType: ACK, peer.sk_type is 2, peer_ip : 198.18.34.1, peer_port: 50500, length :16
01-21 17:14:22.455   755   755 E DisplayDevice: map unknown ((deprecated) sRGB sRGB Full range)/(RenderIntent::COLORIMETRIC) to default color mode
01-21 17:14:22.455   755   755 I chatty  : uid=1000(system) /system/bin/surfaceflinger identical 2 lines
01-21 17:14:22.455   755   755 E DisplayDevice: map unknown ((deprecated) sRGB sRGB Full range)/(RenderIntent::COLORIMETRIC) to default color mode
01-21 17:14:22.456   727  1170 D vehiclehal::EcarxIpcpComm: funtion: rxThread , service = ASDM, operation_id = 81
01-21 17:14:22.456   727  1170 D IPCP2VV : convertIpcp2VehicleValues, [ASDMNotificationOpID] ap size 258, vp size 258
01-21 17:14:22.459   727  1170 D vehiclehal::EcarxIpcpComm: funtion: rxThread , service = VDDM, operation_id = 29
01-21 17:14:22.459   727  1170 D IPCP2VV : convertIpcp2VehicleValues, [VDDMNotificationOpID] ap size 289, vp size 289
01-21 17:14:22.459  4023  4023 D CarSignalManager: handleOnChangeEvent ECarXCarPropertyValue{mPropertyId=0x7ab7 propertyName SteerWhlSnsrAgSpd, mValue=ffff}
01-21 17:14:22.459  4023  4023 D HUDInteractionImpl: onChangeEvent 7ab7
01-21 17:14:22.459  4023  4023 D CarSignalManager: handleOnChangeEvent ECarXCarPropertyValue{mPropertyId=0x7acf propertyName VehSpdLgtA, mValue=b7c}
01-21 17:14:22.459  4023  4023 D HUDInteractionImpl: onChangeEvent 7acf
01-21 17:14:22.459  4023  4127 D HUDInteractionImpl: handleMessage 4
01-21 17:14:22.459  4023  4023 D CarSignalManager: handleOnChangeEvent ECarXCarPropertyValue{mPropertyId=0x7af1 propertyName ZZZVddmSignalEnd, mValue=4847}
01-21 17:14:22.459  4023  4127 D HUDInteractionImpl: updateDataInfo id 7ab7 value: 65535
01-21 17:14:22.459  4023  4023 D HUDInteractionImpl: onChangeEvent 7af1
01-21 17:14:22.459  4023  4127 D HUDInteractionImpl: handleMessage 4
01-21 17:14:22.459  4023  4127 D HUDInteractionImpl: updateDataInfo id 7acf value: 2940
01-21 17:14:22.459  4023  4023 D CarSignalManager: handleOnChangeEvent ECarXCarPropertyValue{mPropertyId=0x70f5 propertyName AsyLeFirstEnd, mValue=51}
01-21 17:14:22.459  4023  4023 D HUDInteractionImpl: onChangeEvent 70f5
01-21 17:14:22.459  4023  4023 D CarSignalManager: handleOnChangeEvent ECarXCarPropertyValue{mPropertyId=0x70f7 propertyName AsyLeSecEnd, mValue=86}
01-21 17:14:22.459  4023  4023 D HUDInteractionImpl: onChangeEvent 70f7
01-21 17:14:22.459  4023  4023 D CarSignalManager: handleOnChangeEvent ECarXCarPropertyValue{mPropertyId=0x70f8 propertyName AsyLeSecStrt, mValue=51}
01-21 17:14:22.459  4023  4023 D HUDInteractionImpl: onChangeEvent 70f8
01-21 17:14:22.459  4023  4023 D CarSignalManager: handleOnChangeEvent ECarXCarPropertyValue{mPropertyId=0x7100 propertyName AsyRiSecEnd, mValue=87}
01-21 17:14:22.459  4023  4127 D HUDInteractionImpl: handleMessage 4
01-21 17:14:22.459  4023  4023 D HUDInteractionImpl: onChangeEvent 7100
01-21 17:14:22.459  4023  4127 D HUDInteractionImpl: updateDataInfo id 7af1 value: 18503
01-21 17:14:22.459  4023  4023 D CarSignalManager: handleOnChangeEvent ECarXCarPropertyValue{mPropertyId=0x7173 propertyName AsyLineLePahPrmB, mValue=641}
01-21 17:14:22.459  4023  4127 D HUDInteractionImpl: handleMessage 4
01-21 17:14:22.459  4023  4023 D HUDInteractionImpl: onChangeEvent 7173
01-21 17:14:22.459  4023  4127 D HUDInteractionImpl: updateDataInfo id 70f5 value: 81
01-21 17:14:22.459  4023  4127 D HUDInteractionImpl: handleMessage 4
01-21 17:14:22.459  4023  4023 D CarSignalManager: handleOnChangeEvent ECarXCarPropertyValue{mPropertyId=0x7176 propertyName AsyLineLePah2PrmA, mValue=c16}
01-21 17:14:22.459  4023  4127 D HUDInteractionImpl: updateDataInfo id 70f7 value: 134
01-21 17:14:22.459  4023  4023 D HUDInteractionImpl: onChangeEvent 7176
01-21 17:14:22.459  4023  4127 D HUDInteractionImpl: handleMessage 4
01-21 17:14:22.459  4023  4127 D HUDInteractionImpl: updateDataInfo id 70f8 value: 81
01-21 17:14:22.459  4023  4023 D CarSignalManager: handleOnChangeEvent ECarXCarPropertyValue{mPropertyId=0x7177 propertyName AsyLineLePah2PrmB, mValue=641}
01-21 17:14:22.459  4023  4023 D HUDInteractionImpl: onChangeEvent 7177
01-21 17:14:22.459  4023  4023 D CarSignalManager: handleOnChangeEvent ECarXCarPropertyValue{mPropertyId=0x7183 propertyName AsyLineRiPahPrmB, mValue=641}
01-21 17:14:22.459  4023  4127 D HUDInteractionImpl: handleMessage 4
01-21 17:14:22.460  4023  4127 D HUDInteractionImpl: updateDataInfo id 7100 value: 135
01-21 17:14:22.460  4023  4023 D HUDInteractionImpl: onChangeEvent 7183
01-21 17:14:22.460  4023  4023 D CarSignalManager: handleOnChangeEvent ECarXCarPropertyValue{mPropertyId=0x7187 propertyName AsyLineRiPah2PrmB, mValue=641}
01-21 17:14:22.460  4023  4023 D HUDInteractionImpl: onChangeEvent 7187
01-21 17:14:22.460  4023  4023 D CarSignalManager: handleOnChangeEvent ECarXCarPropertyValue{mPropertyId=0x71c5 propertyName ZZZAsdmSignalEnd, mValue=4848}
01-21 17:14:22.460  4023  4127 D HUDInteractionImpl: handleMessage 5
01-21 17:14:22.460  4023  4023 D HUDInteractionImpl: onChangeEvent 71c5
01-21 17:14:22.460  4023  4127 D HUDInteractionImpl: onVehicleSyncInfo 11.4954 0.015625 -0.0078125
01-21 17:14:22.460  4023  4127 D HUDInteractionImpl: handleMessage 4
01-21 17:14:22.460  4023  4127 D HUDInteractionImpl: updateDataInfo id 7173 value: 1601
01-21 17:14:22.460  4023  4127 D HUDInteractionImpl: handleMessage 4
01-21 17:14:22.460  4023  4127 D HUDInteractionImpl: updateDataInfo id 7176 value: 3094
01-21 17:14:22.460  4023  4127 D HUDInteractionImpl: handleMessage 4
01-21 17:14:22.460  4023  4127 D HUDInteractionImpl: updateDataInfo id 7177 value: 1601
01-21 17:14:22.460  4023  4127 D HUDInteractionImpl: handleMessage 4
01-21 17:14:22.460  4023  4127 D HUDInteractionImpl: updateDataInfo id 7183 value: 1601
01-21 17:14:22.460  4023  4127 D HUDInteractionImpl: handleMessage 4
01-21 17:14:22.460  4023  4127 D HUDInteractionImpl: updateDataInfo id 7187 value: 1601
01-21 17:14:22.460  4023  4127 D HUDInteractionImpl: handleMessage 4
01-21 17:14:22.460  4023  4127 D HUDInteractionImpl: updateDataInfo id 71c5 value: 18504
01-21 17:14:22.460  4023  4127 D HUDInteractionImpl: handleMessage 2
01-21 17:14:22.460  4023  4127 D HUDInteractionImpl: notifyAdasInfo ADASDrivingAidSyncInfo 功能状态: 0 AEB已经制动 0 前方对象方向 0 前方对象类型 0 前方物件横向距离 1.7763568394002505E-15 前方物件纵向距离 0.0 FCW警告 0
01-21 17:14:22.460  4023  4127 D HUDInteractionImpl: notifyAdasInfo ADASLaneSyncInfo 左一上段：0.9400000000000013 9.999999999998899E-4 0.0 -1.0000000000001327E-6 左一下段 0.9499999999999993 9.999999999998899E-4 0.0 -1.0000000000001327E-6 右一上段 -2.4399999999999977 9.999999999998899E-4 0.0 -1.0000000000001327E-6 右一下段 -2.4399999999999977 9.999999999998899E-4 0.0 -1.0000000000001327E-6 左一左起止点 0.0 51.0 左一右起止点 51.0 104.0 右一左起止点 0.0 0.0 右一右起止点 0.0 105.0 压线 0
01-21 17:14:22.467   674  6186 F [ESIS][FATAL] ref-detecter.cc:347: GET_REF seq not match:24412 -1 0
01-21 17:14:22.467   674  6196 F [ESIS][FATAL] ref-detecter.cc:347: GET_REF seq not match:24412 -1 0
01-21 17:14:22.467   674  6189 F [ESIS][FATAL] ref-detecter.cc:347: GET_REF seq not match:24412 -1 0
01-21 17:14:22.467  2581  3674 D ecarx_daemon_VehicleHal: onPropertyEvent: Vehicle Property: 557873871, value: 2934
01-21 17:14:22.467  2581  3674 D ecarx_daemon_VehicleHal: propid 557873871, reqSignalPropertiesString VendorSignalProperty::VehSpdLgtA
01-21 17:14:22.468   674  6196 E [EAKS][ERROR] aks-engine.cc:373: no keyword set yet.
01-21 17:14:22.468   674  6189 E [EAKS][ERROR] aks-engine.cc:373: no keyword set yet.
01-21 17:14:22.468   674  6186 E [EAKS][ERROR] aks-engine.cc:373: no keyword set yet.
01-21 17:14:22.468   674  6214 F [ESIS][FATAL] ref-detecter.cc:347: GET_REF seq not match:24412 -1 0
01-21 17:14:22.468   674  6214 E [EAKS][ERROR] aks-engine.cc:373: no keyword set yet.
01-21 17:14:22.469  3051  3051 D CarSignalManager: handleOnChangeEvent ECarXCarPropertyValue{mPropertyId=0x7acf propertyName VehSpdLgtA, mValue=b76}
01-21 17:14:22.469  7005  7005 D CarSignalManager: handleOnChangeEvent ECarXCarPropertyValue{mPropertyId=0x7acf propertyName VehSpdLgtA, mValue=b76}
01-21 17:14:22.469  6573  6573 D CarSignalManager: handleOnChangeEvent ECarXCarPropertyValue{mPropertyId=0x7acf propertyName VehSpdLgtA, mValue=b76}
01-21 17:14:22.470  6573  6573 D CarSignalManager: handleOnChangeEvent ECarXCarPropertyValue{mPropertyId=0x7acf propertyName VehSpdLgtA, mValue=b76}
01-21 17:14:22.470  4142  4142 D CarSignalManager: handleOnChangeEvent ECarXCarPropertyValue{mPropertyId=0x7acf propertyName VehSpdLgtA, mValue=b76}
01-21 17:14:22.470  2941  2941 D CarSignalManager: handleOnChangeEvent ECarXCarPropertyValue{mPropertyId=0x7acf propertyName VehSpdLgtA, mValue=b76}
01-21 17:14:22.471  4574  4574 D CarSignalManager: handleOnChangeEvent ECarXCarPropertyValue{mPropertyId=0x7acf propertyName VehSpdLgtA, mValue=b76}
01-21 17:14:22.471  3213  3213 D CarSignalManager: handleOnChangeEvent ECarXCarPropertyValue{mPropertyId=0x7acf propertyName VehSpdLgtA, mValue=b76}
01-21 17:14:22.471  2722  2722 D CarSignalManager: handleOnChangeEvent ECarXCarPropertyValue{mPropertyId=0x7acf propertyName VehSpdLgtA, mValue=b76}
01-21 17:14:22.471  3255  3255 D CarSignalManager: handleOnChangeEvent ECarXCarPropertyValue{mPropertyId=0x7acf propertyName VehSpdLgtA, mValue=b76}
01-21 17:14:22.471  2101  2101 D CarSignalManager: handleOnChangeEvent ECarXCarPropertyValue{mPropertyId=0x7acf propertyName VehSpdLgtA, mValue=b76}
01-21 17:14:22.482   727  1173 D libipcp : socket_says_data_received: Sid: 0x1f, OpID: 0x51, Length: 0x10a, SendHandleId: 0x1f5105bd, Version: 0x3, OpType: 0x5, NOTIFICATION, payloadType: 0x1
01-21 17:14:22.482   727  1173 I libipcp : checkOperaiondIdAvailable: checkOperaiondIdAvailable called service_id: 0x1f, OpId: 0x51
01-21 17:14:22.482   727  1173 I libipcp : checkOperaiondIdAvailable: checkOperaiondIdAvailable opid 0x51 is vaild
01-21 17:14:22.482   727  1158 D libipcp : build_ack_packet: build ACK for Service_id: 0x1f, Operation_Id: 0x51, senderHandleId: 0x1f5105bd
01-21 17:14:22.482   727  1157 I libipcp : ipcp_transport_send: fire --> SenderHandleID: 0x1f5105bd, OperType: ACK, peer.sk_type is 2, peer_ip : 198.18.34.1, peer_port: 50500, length :16
01-21 17:14:22.483   727  1173 D libipcp : socket_says_data_received: Sid: 0x2c, OpID: 0x1d, Length: 0x129, SendHandleId: 0x2c1d0515, Version: 0x3, OpType: 0x5, NOTIFICATION, payloadType: 0x1
01-21 17:14:22.483   727  1173 I libipcp : checkOperaiondIdAvailable: checkOperaiondIdAvailable called service_id: 0x2c, OpId: 0x1d
01-21 17:14:22.483   727  1173 I libipcp : checkOperaiondIdAvailable: checkOperaiondIdAvailable opid 0x1d is vaild
01-21 17:14:22.483   727  1158 D libipcp : build_ack_packet: build ACK for Service_id: 0x2c, Operation_Id: 0x1d, senderHandleId: 0x2c1d0515
01-21 17:14:22.483   727  1163 D vehiclehal::EcarxIpcpComm: funtion: received_cb , ip [198.18.34.1] , port = 50500, service = ASDM, operation_id = 81
01-21 17:14:22.483   727  1157 I libipcp : ipcp_transport_send: fire --> SenderHandleID: 0x2c1d0515, OperType: ACK, peer.sk_type is 2, peer_ip : 198.18.34.1, peer_port: 50500, length :16
01-21 17:14:22.483   727  1162 D vehiclehal::EcarxIpcpComm: funtion: received_cb , ip [198.18.34.1] , port = 50500, service = VDDM, operation_id = 29
01-21 17:14:22.486   727  1170 D vehiclehal::EcarxIpcpComm: funtion: rxThread , service = ASDM, operation_id = 81
01-21 17:14:22.486   727  1170 D IPCP2VV : convertIpcp2VehicleValues, [ASDMNotificationOpID] ap size 258, vp size 258
01-21 17:14:22.486   727  1173 D libipcp : socket_says_data_received: Sid: 0x87, OpID: 0xc8, Length: 0x1a7, SendHandleId: 0x87c80584, Version: 0x3, OpType: 0x5, NOTIFICATION, payloadType: 0x1
01-21 17:14:22.486   727  1173 I libipcp : checkOperaiondIdAvailable: checkOperaiondIdAvailable called service_id: 0x87, OpId: 0xc8
01-21 17:14:22.486   727  1173 I libipcp : checkOperaiondIdAvailable: checkOperaiondIdAvailable opid 0xc8 is vaild
01-21 17:14:22.486   727  1158 D libipcp : build_ack_packet: build ACK for Service_id: 0x87, Operation_Id: 0xc8, senderHandleId: 0x87c80584
01-21 17:14:22.487   727  1162 D vehiclehal::EcarxIpcpComm: funtion: received_cb , ip [198.18.34.1] , port = 50500, service = CARCONFIG, operation_id = 200
01-21 17:14:22.488   727  1157 I libipcp : ipcp_transport_send: fire --> SenderHandleID: 0x87c80584, OperType: ACK, peer.sk_type is 2, peer_ip : 198.18.34.1, peer_port: 50500, length :16
01-21 17:14:22.489   755   755 E DisplayDevice: map unknown ((deprecated) sRGB sRGB Full range)/(RenderIntent::COLORIMETRIC) to default color mode
01-21 17:14:22.489   755   755 I chatty  : uid=1000(system) /system/bin/surfaceflinger identical 2 lines
01-21 17:14:22.489   755   755 E DisplayDevice: map unknown ((deprecated) sRGB sRGB Full range)/(RenderIntent::COLORIMETRIC) to default color mode
01-21 17:14:22.489   727  1170 D vehiclehal::EcarxIpcpComm: funtion: rxThread , service = VDDM, operation_id = 29
01-21 17:14:22.489   727  1170 D IPCP2VV : convertIpcp2VehicleValues, [VDDMNotificationOpID] ap size 289, vp size 289
01-21 17:14:22.491  4023  4023 D CarSignalManager: handleOnChangeEvent ECarXCarPropertyValue{mPropertyId=0x7ab6 propertyName SteerWhlSnsrAg, mValue=f}
01-21 17:14:22.491  4023  4023 D HUDInteractionImpl: onChangeEvent 7ab6
01-21 17:14:22.491  4023  4023 D CarSignalManager: handleOnChangeEvent ECarXCarPropertyValue{mPropertyId=0x7ab7 propertyName SteerWhlSnsrAgSpd, mValue=fffe}
01-21 17:14:22.491  4023  4023 D HUDInteractionImpl: onChangeEvent 7ab7
01-21 17:14:22.491  4023  4127 D HUDInteractionImpl: handleMessage 4
01-21 17:14:22.491  4023  4127 D HUDInteractionImpl: updateDataInfo id 7ab6 value: 15
01-21 17:14:22.491  4023  4023 D CarSignalManager: handleOnChangeEvent ECarXCarPropertyValue{mPropertyId=0x7af1 propertyName ZZZVddmSignalEnd, mValue=4849}
01-21 17:14:22.491  4023  4127 D HUDInteractionImpl: handleMessage 4
01-21 17:14:22.491  4023  4023 D HUDInteractionImpl: onChangeEvent 7af1
01-21 17:14:22.491  4023  4127 D HUDInteractionImpl: updateDataInfo id 7ab7 value: 65534
01-21 17:14:22.491  4023  4127 D HUDInteractionImpl: handleMessage 4
01-21 17:14:22.491  4023  4023 D CarSignalManager: handleOnChangeEvent ECarXCarPropertyValue{mPropertyId=0x70f7 propertyName AsyLeSecEnd, mValue=82}
01-21 17:14:22.491  4023  4127 D HUDInteractionImpl: updateDataInfo id 7af1 value: 18505
01-21 17:14:22.491  4023  4023 D HUDInteractionImpl: onChangeEvent 70f7
01-21 17:14:22.491  4023  4127 D HUDInteractionImpl: handleMessage 5
01-21 17:14:22.491  4023  4023 D CarSignalManager: handleOnChangeEvent ECarXCarPropertyValue{mPropertyId=0x70fe propertyName AsyRiFirstEnd, mValue=86}
01-21 17:14:22.491  4023  4127 D HUDInteractionImpl: onVehicleSyncInfo 11.4954 0.0146484375 -0.015625
01-21 17:14:22.491  4023  4023 D HUDInteractionImpl: onChangeEvent 70fe
01-21 17:14:22.491  4023  4127 D HUDInteractionImpl: handleMessage 4
01-21 17:14:22.491  4023  4023 D CarSignalManager: handleOnChangeEvent ECarXCarPropertyValue{mPropertyId=0x7100 propertyName AsyRiSecEnd, mValue=8d}
01-21 17:14:22.491  4023  4127 D HUDInteractionImpl: updateDataInfo id 70f7 value: 130
01-21 17:14:22.491  4023  4023 D HUDInteractionImpl: onChangeEvent 7100
01-21 17:14:22.491  4023  4127 D HUDInteractionImpl: handleMessage 4
01-21 17:14:22.491  4023  4023 D CarSignalManager: handleOnChangeEvent ECarXCarPropertyValue{mPropertyId=0x7101 propertyName AsyRiSecStrt, mValue=86}
01-21 17:14:22.491  4023  4023 D HUDInteractionImpl: onChangeEvent 7101
01-21 17:14:22.491  4023  4023 D CarSignalManager: handleOnChangeEvent ECarXCarPropertyValue{mPropertyId=0x7176 propertyName AsyLineLePah2PrmA, mValue=c12}
01-21 17:14:22.491  4023  4023 D HUDInteractionImpl: onChangeEvent 7176
01-21 17:14:22.491  4023  4023 D CarSignalManager: handleOnChangeEvent ECarXCarPropertyValue{mPropertyId=0x71c5 propertyName ZZZAsdmSignalEnd, mValue=484a}
01-21 17:14:22.491  4023  4023 D HUDInteractionImpl: onChangeEvent 71c5
01-21 17:14:22.492  4023  4023 I ARHUDPresenter.java: [ (ARHUDPresenter.java:157)#Run ] inputADASLDInputADASLD{l1_a=0.9400000000000013, l1_b=9.999999999998899E-4, l1_c=0.0, l1_d=-1.0000000000001327E-6, l2_a=0.9499999999999993, l2_b=9.999999999998899E-4, l2_c=0.0, l2_d=-1.0000000000001327E-6, r1_a=-2.4399999999999977, r1_b=9.999999999998899E-4, r1_c=0.0, r1_d=-1.0000000000001327E-6, r2_a=-2.4399999999999977, r2_b=9.999999999998899E-4, r2_c=0.0, r2_d=-1.0000000000001327E-6, warning_status=0, detect_start_l1=0.0, detect_end_l1=51.0, detect_start_l2=51.0, detect_end_l2=104.0, detect_start_r2=0.0, detect_end_r2=105.0, detect_start_r1=0.0, detect_end_r1=0.0}
01-21 17:14:22.492  4023  4023 D V2021012102 EZD Input Status: InputData_HUD = true
01-21 17:14:22.492  4023  4023 D V2021012102 EZD Input Status: HUD_button_absolute_pos = 14
01-21 17:14:22.492  4023  4023 D V2021012102 EZD Input Status: InputData_LD=true , warning_status=0
01-21 17:14:22.492  4023  4023 D V2021012102 EZD Input Status: l1:(a,b,c,d)=(-0.940000,-0.001000,-0.000000,0.000001),(st,end)=(0,0); l2:(a,b,c,d)=(-0.950000,-0.001000,-0.000000,0.000001),(st,end)=(51,51);
01-21 17:14:22.492  4023  4023 D V2021012102 EZD Input Status: r1:(a,b,c,d)=(2.440000,-0.001000,-0.000000,0.000001),(st,end)=(0,0); r2:(a,b,c,d)=(2.440000,-0.001000,-0.000000,0.000001),(st,end)=(0,0);
01-21 17:14:22.492  4023  4023 I JniUtils.java: [ (JniUtils.java:66)#InputADASLD ] 道路信息输出成功
01-21 17:14:22.492  4023  4023 D V2021012102 EZD Output Status: Output_ld=true , laneID=0, (start_x,start_y)=(0,0), (end_x,end_y)=(0,0), (A,B,C,D)=(0.000000,0.000000,0.000000,0.000000), status=0
01-21 17:14:22.492   727  1173 D libipcp : socket_says_data_received: Sid: 0x6e, OpID: 0xc8, Length: 0x2d0, SendHandleId: 0x6ec80542, Version: 0x3, OpType: 0x5, NOTIFICATION, payloadType: 0x1
01-21 17:14:22.492   727  1173 I libipcp : checkOperaiondIdAvailable: checkOperaiondIdAvailable called service_id: 0x6e, OpId: 0xc8
01-21 17:14:22.492   727  1173 I libipcp : checkOperaiondIdAvailable: checkOperaiondIdAvailable opid 0xc8 is vaild
01-21 17:14:22.492  4023  4023 I JniUtils.java: [ (JniUtils.java:68)#InputADASLD ] ADASLaneInfoBean{LaneID=0, x1=0, y1=0, x2=0, y2=0, A=0.0, B=0.0, C=0.0, D=0.0, status=0}
01-21 17:14:22.492   727  1158 D libipcp : build_ack_packet: build ACK for Service_id: 0x6e, Operation_Id: 0xc8, senderHandleId: 0x6ec80542
01-21 17:14:22.492  4023  4127 D HUDInteractionImpl: updateDataInfo id 70fe value: 134
01-21 17:14:22.492  4023  4023 I ARHUDPresenter.java: [ (ARHUDPresenter.java:139)#Run ] adasLaneInfoBeanInputADASObj{acc_status=0.0, pos_x=1.7763568394002505E-15, pos_z=0.0, direction=0.0, type=9.0, frontType=0.0, warning_status=0.0, aeb_status=0.0}
01-21 17:14:22.492  4023  4127 D HUDInteractionImpl: handleMessage 4
01-21 17:14:22.492  4023  4127 D HUDInteractionImpl: updateDataInfo id 7100 value: 141
01-21 17:14:22.492  4023  4127 D HUDInteractionImpl: handleMessage 4
01-21 17:14:22.492  4023  4023 I ARHUDPresenter.java: [ (ARHUDPresenter.java:140)#Run ] HUDHeight14
01-21 17:14:22.492  4023  4127 D HUDInteractionImpl: updateDataInfo id 7101 value: 134
01-21 17:14:22.492  4023  4127 D HUDInteractionImpl: handleMessage 4
01-21 17:14:22.492  4023  4127 D HUDInteractionImpl: updateDataInfo id 7176 value: 3090
01-21 17:14:22.492  4023  4127 D HUDInteractionImpl: handleMessage 4
01-21 17:14:22.492  4023  4023 E JniUtils.java: [ (JniUtils.java:33)#InputDataAdasObj ] hudHeight高度14.0
01-21 17:14:22.492  4023  4127 D HUDInteractionImpl: updateDataInfo id 71c5 value: 18506
01-21 17:14:22.492  4023  4023 D V2021012102 EZD Input Status: InputData_Vehicle=true , speed=11.495400, steering_wheel_angle=0.014648, steering_wheel_angularVel=-0.015625
01-21 17:14:22.492  4023  4127 D HUDInteractionImpl: handleMessage 2
01-21 17:14:22.492  4023  4023 D V2021012102 EZD Input Status: InputData_HUD = true
01-21 17:14:22.492  4023  4023 D V2021012102 EZD Input Status: HUD_button_absolute_pos = 14
01-21 17:14:22.492  4023  4127 D HUDInteractionImpl: notifyAdasInfo ADASDrivingAidSyncInfo 功能状态: 0 AEB已经制动 0 前方对象方向 0 前方对象类型 0 前方物件横向距离 1.7763568394002505E-15 前方物件纵向距离 0.0 FCW警告 0
01-21 17:14:22.492  4023  4023 D V2021012102 EZD Input Status: InputData_Obj is true. pos_x=0.000000, pos_y=0.000000, frontType=0, direction=0, acc_status=0, type=9, warning_status=0, aeb_status=0
01-21 17:14:22.492  4023  4023 D V2021012102 EZD Input Status: InputData_Obj: acc_gap_set_status=3
01-21 17:14:22.492  4023  4023 D V2021012102 EZD Input Status: InputData_LD=true , warning_status=0
01-21 17:14:22.492  4023  4023 D V2021012102 EZD Input Status: l1:(a,b,c,d)=(-0.940000,-0.001000,-0.000000,0.000001),(st,end)=(0,0); l2:(a,b,c,d)=(-0.950000,-0.001000,-0.000000,0.000001),(st,end)=(51,51);
01-21 17:14:22.492  4023  4023 D V2021012102 EZD Input Status: r1:(a,b,c,d)=(2.440000,-0.001000,-0.000000,0.000001),(st,end)=(0,0); r2:(a,b,c,d)=(2.440000,-0.001000,-0.000000,0.000001),(st,end)=(0,0);
01-21 17:14:22.492  4023  4127 D HUDInteractionImpl: notifyAdasInfo ADASLaneSyncInfo 左一上段：0.9000000000000021 9.999999999998899E-4 0.0 -1.0000000000001327E-6 左一下段 0.9499999999999993 9.999999999998899E-4 0.0 -1.0000000000001327E-6 右一上段 -2.4399999999999977 9.999999999998899E-4 0.0 -1.0000000000001327E-6 右一下段 -2.4399999999999977 9.999999999998899E-4 0.0 -1.0000000000001327E-6 左一左起止点 0.0 51.0 左一右起止点 51.0 100.0 右一左起止点 0.0 104.0 右一右起止点 104.0 111.0 压线 0
01-21 17:14:22.492  4023  4023 I JniUtils.java: [ (JniUtils.java:46)#InputDataAdasObj ] 周边环境对象等输出成功
01-21 17:14:22.492   727  1157 I libipcp : ipcp_transport_send: fire --> SenderHandleID: 0x6ec80542, OperType: ACK, peer.sk_type is 2, peer_ip : 198.18.34.1, peer_port: 50500, length :16
01-21 17:14:22.493   727  1162 D vehiclehal::EcarxIpcpComm: funtion: received_cb , ip [198.18.34.1] , port = 50500, service = PHEV, operation_id = 200
01-21 17:14:22.493   727  1170 D vehiclehal::EcarxIpcpComm: funtion: rxThread , service = CARCONFIG, operation_id = 200
01-21 17:14:22.493   727  1170 D IPCP2VV : convertIpcp2VehicleValues, [CARCONFIGNotificationOpID] ap size 415, vp size 415
01-21 17:14:22.493  4023  4023 I V2021012102 EZD Z: 巡航功能未開啟
01-21 17:14:22.494  4023  4023 D V2021012102 EZD Output Status: Output_obj=true, aeb_status=0 && collision_status=0 && obj_status=0 && accGapSet_status=0
01-21 17:14:22.494  4023  4023 I JniUtils.java: [ (JniUtils.java:48)#InputDataAdasObj ] ADASWarningInfoBean{objID=7, obj_x=0, obj_y=89, obj_status=0, obj_width=0, collisionID=-4506, conllision_x=127, conllision_y=0, collision_status=0, aebID=0, aeb_x=0, aeb_y=16428, aeb_status=0, aebFrame_x=-24395, aebFrame_y=-14601, aebFrame_status=0, accGapSet_ID=0, accGapSet_x=0, accGapSet_y=0, accGapSet_width=0, accGapSet_flip=0, accGapSet_status=0}
01-21 17:14:22.494  4023  4023 D CarSignalManager: handleOnChangeEvent ECarXCarPropertyValue{mPropertyId=0x7ab6 propertyName SteerWhlSnsrAg, mValue=c}
01-21 17:14:22.494  4023  4023 D HUDInteractionImpl: onChangeEvent 7ab6
01-21 17:14:22.494  4023  4023 D CarSignalManager: handleOnChangeEvent ECarXCarPropertyValue{mPropertyId=0x7ab7 propertyName SteerWhlSnsrAgSpd, mValue=fffb}
01-21 17:14:22.494  4023  4023 D HUDInteractionImpl: onChangeEvent 7ab7
01-21 17:14:22.494  4023  4023 D CarSignalManager: handleOnChangeEvent ECarXCarPropertyValue{mPropertyId=0x7acf propertyName VehSpdLgtA, mValue=b76}
01-21 17:14:22.494  4023  4023 D HUDInteractionImpl: onChangeEvent 7acf
01-21 17:14:22.494  4023  4127 D HUDInteractionImpl: handleMessage 4
01-21 17:14:22.494  4023  4023 D CarSignalManager: handleOnChangeEvent ECarXCarPropertyValue{mPropertyId=0x7af1 propertyName ZZZVddmSignalEnd, mValue=484b}
01-21 17:14:22.494  4023  4127 D HUDInteractionImpl: updateDataInfo id 7ab6 value: 12
01-21 17:14:22.494  4023  4023 D HUDInteractionImpl: onChangeEvent 7af1
01-21 17:14:22.494  4023  4127 D HUDInteractionImpl: handleMessage 4
01-21 17:14:22.494  4023  4127 D HUDInteractionImpl: updateDataInfo id 7ab7 value: 65531
01-21 17:14:22.494  4023  4127 D HUDInteractionImpl: handleMessage 4
01-21 17:14:22.494  4023  4127 D HUDInteractionImpl: updateDataInfo id 7acf value: 2934
01-21 17:14:22.496  3705 10363 D AlarmPingSender: Register alarmreceiver to MqttServiceMqttService.pingSender.T56205_Ecarx
01-21 17:14:22.497  3705 10363 D AlarmPingSender: Schedule next alarm at 1611220482497
01-21 17:14:22.497   674  6196 F [ESIS][FATAL] ref-detecter.cc:347: GET_REF seq not match:24416 -1 0
01-21 17:14:22.497   674  6186 F [ESIS][FATAL] ref-detecter.cc:347: GET_REF seq not match:24416 -1 0
01-21 17:14:22.497   674  6189 F [ESIS][FATAL] ref-detecter.cc:347: GET_REF seq not match:24416 -1 0
01-21 17:14:22.498   674  6186 E [EAKS][ERROR] aks-engine.cc:373: no keyword set yet.
01-21 17:14:22.498   674  6196 E [EAKS][ERROR] aks-engine.cc:373: no keyword set yet.
01-21 17:14:22.498   674  6214 F [ESIS][FATAL] ref-detecter.cc:347: GET_REF seq not match:24416 -1 0
01-21 17:14:22.498   674  6214 E [EAKS][ERROR] aks-engine.cc:373: no keyword set yet.
01-21 17:14:22.498  3705 10363 D AlarmPingSender: Alarm scheule using setExactAndAllowWhileIdle, next: 20000
01-21 17:14:22.498   674  6189 E [EAKS][ERROR] aks-engine.cc:373: no keyword set yet.
01-21 17:14:22.494  4023  4127 D HUDInteractionImpl: handleMessage 4
01-21 17:14:22.499  4023  4127 D HUDInteractionImpl: updateDataInfo id 7af1 value: 18507
01-21 17:14:22.499  4023  4127 D HUDInteractionImpl: handleMessage 5
01-21 17:14:22.499  4023  4127 D HUDInteractionImpl: onVehicleSyncInfo 11.47194 0.01171875 -0.0390625
01-21 17:14:22.500  2581  3674 D ecarx_daemon_VehicleHal: onPropertyEvent: Vehicle Property: 557873871, value: 2931
01-21 17:14:22.500  2581  3674 D ecarx_daemon_VehicleHal: propid 557873871, reqSignalPropertiesString VendorSignalProperty::VehSpdLgtA
01-21 17:14:22.500  3705  3705 I QLog    : MQTTTask$2: onSuccess() [3] - 连接成功 
01-21 17:14:22.501  3051  3051 D CarSignalManager: handleOnChangeEvent ECarXCarPropertyValue{mPropertyId=0x7acf propertyName VehSpdLgtA, mValue=b73}
01-21 17:14:22.501  7005  7005 D CarSignalManager: handleOnChangeEvent ECarXCarPropertyValue{mPropertyId=0x7acf propertyName VehSpdLgtA, mValue=b73}
01-21 17:14:22.501  3213  3213 D CarSignalManager: handleOnChangeEvent ECarXCarPropertyValue{mPropertyId=0x7acf propertyName VehSpdLgtA, mValue=b73}
01-21 17:14:22.501   727  1170 D vehiclehal::EcarxIpcpComm: funtion: rxThread , service = PHEV, operation_id = 200
01-21 17:14:22.501  4574  4574 D CarSignalManager: handleOnChangeEvent ECarXCarPropertyValue{mPropertyId=0x7acf propertyName VehSpdLgtA, mValue=b73}
01-21 17:14:22.501   727  1170 D PAIPCP2VV: convertPAIpcp2VehicleValues, [PHEVOpID] ap size 712, vp size 712
01-21 17:14:22.502  6573  6573 D CarSignalManager: handleOnChangeEvent ECarXCarPropertyValue{mPropertyId=0x7acf propertyName VehSpdLgtA, mValue=b73}
01-21 17:14:22.502  6573  6573 D CarSignalManager: handleOnChangeEvent ECarXCarPropertyValue{mPropertyId=0x7acf propertyName VehSpdLgtA, mValue=b73}
01-21 17:14:22.502  2941  2941 D CarSignalManager: handleOnChangeEvent ECarXCarPropertyValue{mPropertyId=0x7acf propertyName VehSpdLgtA, mValue=b73}
01-21 17:14:22.502  3255  3255 D CarSignalManager: handleOnChangeEvent ECarXCarPropertyValue{mPropertyId=0x7acf propertyName VehSpdLgtA, mValue=b73}
