01-21 17:14:22.290  4023  4023 D V2021012102 EZD Input Status: InputData_LD=true , warning_status=0
01-21 17:14:22.290  4023  4023 D V2021012102 EZD Input Status: l1:(a,b,c,d)=(-0.930000,0.008000,-0.000100,0.000001),(st,end)=(0,0); l2:(a,b,c,d)=(-0.930000,-0.002000,-0.000000,0.000001),(st,end)=(53,53);
01-21 17:14:22.290  4023  4023 D V2021012102 EZD Input Status: r1:(a,b,c,d)=(2.050000,0.008000,-0.000100,0.000001),(st,end)=(0,0); r2:(a,b,c,d)=(2.440000,-0.002000,-0.000000,0.000001),(st,end)=(108,108);
01-21 17:14:22.290  4023  4023 I JniUtils.java: [ (JniUtils.java:66)#InputADASLD ] 道路信息输出成功
01-21 17:14:22.290  4023  4023 D V2021012102 EZD Output Status: Output_ld=true , laneID=0, (start_x,start_y)=(0,0), (end_x,end_y)=(0,0), (A,B,C,D)=(0.000000,0.000000,0.000000,0.000000), status=0
01-21 17:14:22.290  4023  4023 I JniUtils.java: [ (JniUtils.java:68)#InputADASLD ] ADASLaneInfoBean{LaneID=0, x1=0, y1=0, x2=0, y2=0, A=0.0, B=0.0, C=0.0, D=0.0, status=0}
01-21 17:14:22.290  4023  4127 D HUDInteractionImpl: handleMessage 4
01-21 17:14:22.290  4023  4127 D HUDInteractionImpl: updateDataInfo id 7ab6 value: 28
01-21 17:14:22.290  4023  4127 D HUDInteractionImpl: handleMessage 4
01-21 17:14:22.290  4023  4023 I ARHUDPresenter.java: [ (ARHUDPresenter.java:139)#Run ] adasLaneInfoBeanInputADASObj{acc_status=0.0, pos_x=1.7763568394002505E-15, pos_z=0.0, direction=0.0, type=9.0, frontType=0.0, warning_status=0.0, aeb_status=0.0}
01-21 17:14:22.290  4023  4127 D HUDInteractionImpl: updateDataInfo id 7ab7 value: 65509
01-21 17:14:22.290  4023  4127 D HUDInteractionImpl: handleMessage 4
01-21 17:14:22.290  4023  4127 D HUDInteractionImpl: updateDataInfo id 7acf value: 2955
01-21 17:14:22.290  4023  4127 D HUDInteractionImpl: handleMessage 4
01-21 17:14:22.290  4023  4127 D HUDInteractionImpl: updateDataInfo id 7af1 value: 18491
01-21 17:14:22.290  4023  4127 D HUDInteractionImpl: handleMessage 5
01-21 17:14:22.290  4023  4023 I ARHUDPresenter.java: [ (ARHUDPresenter.java:140)#Run ] HUDHeight14
01-21 17:14:22.290  4023  4127 D HUDInteractionImpl: onVehicleSyncInfo 11.55405 0.02734375 -0.2109375
01-21 17:14:22.291  4023  4023 E JniUtils.java: [ (JniUtils.java:33)#InputDataAdasObj ] hudHeight高度14.0
01-21 17:14:22.291  4023  4023 D V2021012102 EZD Input Status: InputData_Vehicle=true , speed=11.554050, steering_wheel_angle=0.027344, steering_wheel_angularVel=-0.210938
01-21 17:14:22.291  4023  4023 D V2021012102 EZD Input Status: InputData_HUD = true
01-21 17:14:22.291  4023  4023 D V2021012102 EZD Input Status: HUD_button_absolute_pos = 14
01-21 17:14:22.291  4023  4023 D V2021012102 EZD Input Status: InputData_Obj is true. pos_x=0.000000, pos_y=0.000000, frontType=0, direction=0, acc_status=0, type=9, warning_status=0, aeb_status=0
01-21 17:14:22.291  4023  4023 D V2021012102 EZD Input Status: InputData_Obj: acc_gap_set_status=3
01-21 17:14:22.291  4023  4023 D V2021012102 EZD Input Status: InputData_LD=true , warning_status=0
01-21 17:14:22.291  4023  4023 D V2021012102 EZD Input Status: l1:(a,b,c,d)=(-0.930000,0.008000,-0.000100,0.000001),(st,end)=(0,0); l2:(a,b,c,d)=(-0.930000,-0.002000,-0.000000,0.000001),(st,end)=(53,53);
01-21 17:14:22.291  4023  4023 D V2021012102 EZD Input Status: r1:(a,b,c,d)=(2.050000,0.008000,-0.000100,0.000001),(st,end)=(0,0); r2:(a,b,c,d)=(2.440000,-0.002000,-0.000000,0.000001),(st,end)=(108,108);
01-21 17:14:22.291  4023  4023 I JniUtils.java: [ (JniUtils.java:46)#InputDataAdasObj ] 周边环境对象等输出成功
01-21 17:14:22.291  4023  4023 I V2021012102 EZD Z: 巡航功能未開啟
01-21 17:14:22.291  4023  4023 D V2021012102 EZD Output Status: Output_obj=true, aeb_status=0 && collision_status=0 && obj_status=0 && accGapSet_status=0
01-21 17:14:22.291  4023  4023 I JniUtils.java: [ (JniUtils.java:48)#InputDataAdasObj ] ADASWarningInfoBean{objID=7, obj_x=0, obj_y=89, obj_status=0, obj_width=0, collisionID=-4506, conllision_x=127, conllision_y=0, collision_status=0, aebID=0, aeb_x=0, aeb_y=16428, aeb_status=0, aebFrame_x=-24395, aebFrame_y=-14601, aebFrame_status=0, accGapSet_ID=0, accGapSet_x=0, accGapSet_y=0, accGapSet_width=0, accGapSet_flip=0, accGapSet_status=0}
01-21 17:14:22.291  4023  4023 D CarSignalManager: handleOnChangeEvent ECarXCarPropertyValue{mPropertyId=0x70f7 propertyName AsyLeSecEnd, mValue=80}
01-21 17:14:22.291   727  1173 D libipcp : socket_says_data_received: Sid: 0x6e, OpID: 0xc8, Length: 0x2d0, SendHandleId: 0x6ec80540, Version: 0x3, OpType: 0x5, NOTIFICATION, payloadType: 0x1
01-21 17:14:22.291  4023  4023 D HUDInteractionImpl: onChangeEvent 70f7
01-21 17:14:22.291   727  1173 I libipcp : checkOperaiondIdAvailable: checkOperaiondIdAvailable called service_id: 0x6e, OpId: 0xc8
01-21 17:14:22.291   727  1173 I libipcp : checkOperaiondIdAvailable: checkOperaiondIdAvailable opid 0xc8 is vaild
01-21 17:14:22.291   727  1158 D libipcp : build_ack_packet: build ACK for Service_id: 0x6e, Operation_Id: 0xc8, senderHandleId: 0x6ec80540
01-21 17:14:22.291  4023  4127 D HUDInteractionImpl: handleMessage 4
01-21 17:14:22.291  4023  4023 D CarSignalManager: handleOnChangeEvent ECarXCarPropertyValue{mPropertyId=0x7176 propertyName AsyLineLePah2PrmA, mValue=c17}
01-21 17:14:22.291  4023  4127 D HUDInteractionImpl: updateDataInfo id 70f7 value: 128
01-21 17:14:22.291  4023  4023 D HUDInteractionImpl: onChangeEvent 7176
01-21 17:14:22.291  4023  4023 D CarSignalManager: handleOnChangeEvent ECarXCarPropertyValue{mPropertyId=0x71c5 propertyName ZZZAsdmSignalEnd, mValue=483c}
01-21 17:14:22.291  4023  4023 D HUDInteractionImpl: onChangeEvent 71c5
01-21 17:14:22.291   727  1163 D vehiclehal::EcarxIpcpComm: funtion: received_cb , ip [198.18.34.1] , port = 50500, service = PHEV, operation_id = 200
01-21 17:14:22.291  4023  4127 D HUDInteractionImpl: handleMessage 4
01-21 17:14:22.291  4023  4127 D HUDInteractionImpl: updateDataInfo id 7176 value: 3095
01-21 17:14:22.291  4023  4127 D HUDInteractionImpl: handleMessage 4
01-21 17:14:22.291  4023  4127 D HUDInteractionImpl: updateDataInfo id 71c5 value: 18492
01-21 17:14:22.291  4023  4127 D HUDInteractionImpl: handleMessage 2
01-21 17:14:22.291   727  1157 I libipcp : ipcp_transport_send: fire --> SenderHandleID: 0x6ec80540, OperType: ACK, peer.sk_type is 2, peer_ip : 198.18.34.1, peer_port: 50500, length :16
01-21 17:14:22.291  4023  4127 D HUDInteractionImpl: notifyAdasInfo ADASDrivingAidSyncInfo 功能状态: 0 AEB已经制动 0 前方对象方向 0 前方对象类型 0 前方物件横向距离 1.7763568394002505E-15 前方物件纵向距离 0.0 FCW警告 0
01-21 17:14:22.292  4023  4127 D HUDInteractionImpl: notifyAdasInfo ADASLaneSyncInfo 左一上段：0.9499999999999993 -0.008000000000000007 1.0000000000000286E-4 -1.0000000000001327E-6 左一下段 0.9299999999999997 0.0020000000000000018 0.0 -1.0000000000001327E-6 右一上段 -2.0500000000000007 -0.008000000000000007 1.0000000000000286E-4 -1.0000000000001327E-6 右一下段 -2.4399999999999977 0.0020000000000000018 0.0 -1.0000000000001327E-6 左一左起止点 0.0 53.0 左一右起止点 53.0 98.0 右一左起止点 0.0 108.0 右一右起止点 108.0 116.0 压线 0
01-21 17:14:22.292  4574  4574 D ECarXCarFuncManagerBase: onChangeEvent: 33704 [B@b9a1ea3
01-21 17:14:22.293  4574  4574 I chatty  : uid=10053(com.ecarx.mycar) identical 10 lines
01-21 17:14:22.293  4574  4574 D ECarXCarFuncManagerBase: onChangeEvent: 33704 [B@b9a1ea3
01-21 17:14:22.293   727  1170 D vehiclehal::EcarxIpcpComm: funtion: rxThread , service = PHEV, operation_id = 200
01-21 17:14:22.293  4574  4574 D ECarXCarFuncManagerBase: onChangeEvent: 33704 [B@b9a1ea3
01-21 17:14:22.294  4574  4574 I chatty  : uid=10053(com.ecarx.mycar) identical 2 lines
01-21 17:14:22.294  4574  4574 D ECarXCarFuncManagerBase: onChangeEvent: 33704 [B@b9a1ea3
01-21 17:14:22.294   727  1170 D PAIPCP2VV: convertPAIpcp2VehicleValues, [PHEVOpID] ap size 712, vp size 712
01-21 17:14:22.294  4574  4574 D ECarXCarFuncManagerBase: onChangeEvent: 33704 [B@b9a1ea3
01-21 17:14:22.294  4574  4574 D ECarXCarFuncManagerBase: onChangeEvent: 33704 [B@b9a1ea3
01-21 17:14:22.294  4574  4574 D CarPAEventCallback: onPAChanged propertyId: 33704
01-21 17:14:22.294  4574  4574 D CarPAEventCallback: PA_TS_EDT_time2 = PA_TS_EDT_time2{availability = Active, dataValue = 9754, statusValue = 0, formatValue = 0}
01-21 17:14:22.294  4574  4574 D ECarXCarFuncManagerBase: handleOnChangeEvent patsedttime2
01-21 17:14:22.302   727  1173 D libipcp : socket_says_data_received: Sid: 0x1f, OpID: 0x51, Length: 0x10a, SendHandleId: 0x1f5105b8, Version: 0x3, OpType: 0x5, NOTIFICATION, payloadType: 0x1
01-21 17:14:22.302   727  1173 I libipcp : checkOperaiondIdAvailable: checkOperaiondIdAvailable called service_id: 0x1f, OpId: 0x51
01-21 17:14:22.302   727  1173 I libipcp : checkOperaiondIdAvailable: checkOperaiondIdAvailable opid 0x51 is vaild
01-21 17:14:22.302   727  1158 D libipcp : build_ack_packet: build ACK for Service_id: 0x1f, Operation_Id: 0x51, senderHandleId: 0x1f5105b8
01-21 17:14:22.302   727  1157 I libipcp : ipcp_transport_send: fire --> SenderHandleID: 0x1f5105b8, OperType: ACK, peer.sk_type is 2, peer_ip : 198.18.34.1, peer_port: 50500, length :16
01-21 17:14:22.303   727  1173 D libipcp : socket_says_data_received: Sid: 0x2c, OpID: 0x1d, Length: 0x129, SendHandleId: 0x2c1d050f, Version: 0x3, OpType: 0x5, NOTIFICATION, payloadType: 0x1
01-21 17:14:22.304   727  1173 I libipcp : checkOperaiondIdAvailable: checkOperaiondIdAvailable called service_id: 0x2c, OpId: 0x1d
01-21 17:14:22.304   727  1173 I libipcp : checkOperaiondIdAvailable: checkOperaiondIdAvailable opid 0x1d is vaild
01-21 17:14:22.304   727  1158 D libipcp : build_ack_packet: build ACK for Service_id: 0x2c, Operation_Id: 0x1d, senderHandleId: 0x2c1d050f
01-21 17:14:22.304   727  1162 D vehiclehal::EcarxIpcpComm: funtion: received_cb , ip [198.18.34.1] , port = 50500, service = VDDM, operation_id = 29
01-21 17:14:22.304   727  1157 I libipcp : ipcp_transport_send: fire --> SenderHandleID: 0x2c1d050f, OperType: ACK, peer.sk_type is 2, peer_ip : 198.18.34.1, peer_port: 50500, length :16
01-21 17:14:22.304   727  1163 D vehiclehal::EcarxIpcpComm: funtion: received_cb , ip [198.18.34.1] , port = 50500, service = ASDM, operation_id = 81
01-21 17:14:22.305   727  1170 D vehiclehal::EcarxIpcpComm: funtion: rxThread , service = VDDM, operation_id = 29
01-21 17:14:22.305   727  1170 D IPCP2VV : convertIpcp2VehicleValues, [VDDMNotificationOpID] ap size 289, vp size 289
01-21 17:14:22.307   727  1170 D vehiclehal::EcarxIpcpComm: funtion: rxThread , service = ASDM, operation_id = 81
01-21 17:14:22.307   727  1170 D IPCP2VV : convertIpcp2VehicleValues, [ASDMNotificationOpID] ap size 258, vp size 258
01-21 17:14:22.307   674  6189 F [ESIS][FATAL] ref-detecter.cc:347: GET_REF seq not match:24392 -1 0
01-21 17:14:22.307   674  6196 F [ESIS][FATAL] ref-detecter.cc:347: GET_REF seq not match:24392 -1 0
01-21 17:14:22.308   674  6186 F [ESIS][FATAL] ref-detecter.cc:347: GET_REF seq not match:24392 -1 0
01-21 17:14:22.308   674  6196 E [EAKS][ERROR] aks-engine.cc:373: no keyword set yet.
01-21 17:14:22.308   674  6186 E [EAKS][ERROR] aks-engine.cc:373: no keyword set yet.
01-21 17:14:22.308   674  6189 E [EAKS][ERROR] aks-engine.cc:373: no keyword set yet.
01-21 17:14:22.308   674  6214 F [ESIS][FATAL] ref-detecter.cc:347: GET_REF seq not match:24392 -1 0
01-21 17:14:22.309   674  6214 E [EAKS][ERROR] aks-engine.cc:373: no keyword set yet.
01-21 17:14:22.318  2941  4595 V GKAI:EAS:2.0.4 (c46): [q] mGpsObserverLocation != null, use mGpsObserverLocation come from GPS updating data.
01-21 17:14:22.322   755   755 E DisplayDevice: map unknown ((deprecated) sRGB sRGB Full range)/(RenderIntent::COLORIMETRIC) to default color mode
01-21 17:14:22.322   755   755 I chatty  : uid=1000(system) /system/bin/surfaceflinger identical 2 lines
01-21 17:14:22.322   755   755 E DisplayDevice: map unknown ((deprecated) sRGB sRGB Full range)/(RenderIntent::COLORIMETRIC) to default color mode
01-21 17:14:22.324  2941  4595 D GKAI:EAS:2.0.4 (c46): [q] Work === > in  saveGpsData mSaveCountFlag : 0
01-21 17:14:22.325  3255  3925 W XCNaviService: [4.1.1 RTM (117E)]<openapi-navi [Binder:3255_6-229]> ====== NaviService => invokeNaviAPI:NaviBaseModel{protocolID=2000, callbackId=-315545993, protocolVersion='10', packageName='com.ecarx.xiaoka', mapVendor='-1', extraData=Bundle[mParcelledData.dataSize=60], timeout=0}
01-21 17:14:22.325  4023  4023 D CarSignalManager: handleOnChangeEvent ECarXCarPropertyValue{mPropertyId=0x7ab6 propertyName SteerWhlSnsrAg, mValue=16}
01-21 17:14:22.325  4023  4023 D HUDInteractionImpl: onChangeEvent 7ab6
01-21 17:14:22.325  4023  4023 D CarSignalManager: handleOnChangeEvent ECarXCarPropertyValue{mPropertyId=0x7acf propertyName VehSpdLgtA, mValue=b88}
01-21 17:14:22.325  4023  4023 D HUDInteractionImpl: onChangeEvent 7acf
01-21 17:14:22.325  4023  4023 D CarSignalManager: handleOnChangeEvent ECarXCarPropertyValue{mPropertyId=0x7af1 propertyName ZZZVddmSignalEnd, mValue=483d}
01-21 17:14:22.325  4023  4023 D HUDInteractionImpl: onChangeEvent 7af1
01-21 17:14:22.326  4023  4127 D HUDInteractionImpl: handleMessage 4
01-21 17:14:22.326  4023  4127 D HUDInteractionImpl: updateDataInfo id 7ab6 value: 22
01-21 17:14:22.326  4023  4127 D HUDInteractionImpl: handleMessage 4
01-21 17:14:22.326  4023  4127 D HUDInteractionImpl: updateDataInfo id 7acf value: 2952
01-21 17:14:22.326  4023  4127 D HUDInteractionImpl: handleMessage 4
01-21 17:14:22.326  4023  4127 D HUDInteractionImpl: updateDataInfo id 7af1 value: 18493
01-21 17:14:22.326  4023  4127 D HUDInteractionImpl: handleMessage 5
01-21 17:14:22.326  4023  4127 D HUDInteractionImpl: onVehicleSyncInfo 11.54232 0.021484375 -0.2109375
01-21 17:14:22.326  4023  4023 I ARHUDPresenter.java: [ (ARHUDPresenter.java:157)#Run ] inputADASLDInputADASLD{l1_a=0.9499999999999993, l1_b=-0.008000000000000007, l1_c=1.0000000000000286E-4, l1_d=-1.0000000000001327E-6, l2_a=0.9299999999999997, l2_b=0.0020000000000000018, l2_c=0.0, l2_d=-1.0000000000001327E-6, r1_a=-2.0500000000000007, r1_b=-0.008000000000000007, r1_c=1.0000000000000286E-4, r1_d=-1.0000000000001327E-6, r2_a=-2.4399999999999977, r2_b=0.0020000000000000018, r2_c=0.0, r2_d=-1.0000000000001327E-6, warning_status=0, detect_start_l1=0.0, detect_end_l1=53.0, detect_start_l2=53.0, detect_end_l2=98.0, detect_start_r2=108.0, detect_end_r2=116.0, detect_start_r1=0.0, detect_end_r1=108.0}
01-21 17:14:22.326  4023  4023 D V2021012102 EZD Input Status: InputData_HUD = true
01-21 17:14:22.327  4023  4023 D V2021012102 EZD Input Status: HUD_button_absolute_pos = 14
01-21 17:14:22.327  4023  4023 D V2021012102 EZD Input Status: InputData_LD=true , warning_status=0
01-21 17:14:22.327  4023  4023 D V2021012102 EZD Input Status: l1:(a,b,c,d)=(-0.950000,0.008000,-0.000100,0.000001),(st,end)=(0,0); l2:(a,b,c,d)=(-0.930000,-0.002000,-0.000000,0.000001),(st,end)=(53,53);
01-21 17:14:22.327  4023  4023 D V2021012102 EZD Input Status: r1:(a,b,c,d)=(2.050000,0.008000,-0.000100,0.000001),(st,end)=(0,0); r2:(a,b,c,d)=(2.440000,-0.002000,-0.000000,0.000001),(st,end)=(108,108);
01-21 17:14:22.327  4023  4023 I JniUtils.java: [ (JniUtils.java:66)#InputADASLD ] 道路信息输出成功
01-21 17:14:22.327  4023  4023 D V2021012102 EZD Output Status: Output_ld=true , laneID=0, (start_x,start_y)=(0,0), (end_x,end_y)=(0,0), (A,B,C,D)=(0.000000,0.000000,0.000000,0.000000), status=0
01-21 17:14:22.327  4023  4023 I JniUtils.java: [ (JniUtils.java:68)#InputADASLD ] ADASLaneInfoBean{LaneID=0, x1=0, y1=0, x2=0, y2=0, A=0.0, B=0.0, C=0.0, D=0.0, status=0}
01-21 17:14:22.327  4023  4023 I ARHUDPresenter.java: [ (ARHUDPresenter.java:139)#Run ] adasLaneInfoBeanInputADASObj{acc_status=0.0, pos_x=1.7763568394002505E-15, pos_z=0.0, direction=0.0, type=9.0, frontType=0.0, warning_status=0.0, aeb_status=0.0}
01-21 17:14:22.327  4023  4023 I ARHUDPresenter.java: [ (ARHUDPresenter.java:140)#Run ] HUDHeight14
01-21 17:14:22.327  4023  4023 E JniUtils.java: [ (JniUtils.java:33)#InputDataAdasObj ] hudHeight高度14.0
01-21 17:14:22.327  4023  4023 D V2021012102 EZD Input Status: InputData_Vehicle=true , speed=11.542320, steering_wheel_angle=0.021484, steering_wheel_angularVel=-0.210938
01-21 17:14:22.327  4023  4023 D V2021012102 EZD Input Status: InputData_HUD = true
01-21 17:14:22.327  4023  4023 D V2021012102 EZD Input Status: HUD_button_absolute_pos = 14
01-21 17:14:22.327  4023  4023 D V2021012102 EZD Input Status: InputData_Obj is true. pos_x=0.000000, pos_y=0.000000, frontType=0, direction=0, acc_status=0, type=9, warning_status=0, aeb_status=0
01-21 17:14:22.327  4023  4023 D V2021012102 EZD Input Status: InputData_Obj: acc_gap_set_status=3
01-21 17:14:22.327  4023  4023 D V2021012102 EZD Input Status: InputData_LD=true , warning_status=0
01-21 17:14:22.327  4023  4023 D V2021012102 EZD Input Status: l1:(a,b,c,d)=(-0.950000,0.008000,-0.000100,0.000001),(st,end)=(0,0); l2:(a,b,c,d)=(-0.930000,-0.002000,-0.000000,0.000001),(st,end)=(53,53);
01-21 17:14:22.327  4023  4023 D V2021012102 EZD Input Status: r1:(a,b,c,d)=(2.050000,0.008000,-0.000100,0.000001),(st,end)=(0,0); r2:(a,b,c,d)=(2.440000,-0.002000,-0.000000,0.000001),(st,end)=(108,108);
01-21 17:14:22.327  4023  4023 I JniUtils.java: [ (JniUtils.java:46)#InputDataAdasObj ] 周边环境对象等输出成功
01-21 17:14:22.327  4023  4023 I V2021012102 EZD Z: 巡航功能未開啟
01-21 17:14:22.327  4023  4023 D V2021012102 EZD Output Status: Output_obj=true, aeb_status=0 && collision_status=0 && obj_status=0 && accGapSet_status=0
01-21 17:14:22.327  4023  4023 I JniUtils.java: [ (JniUtils.java:48)#InputDataAdasObj ] ADASWarningInfoBean{objID=7, obj_x=0, obj_y=89, obj_status=0, obj_width=0, collisionID=-4506, conllision_x=127, conllision_y=0, collision_status=0, aebID=0, aeb_x=0, aeb_y=16428, aeb_status=0, aebFrame_x=-24395, aebFrame_y=-14601, aebFrame_status=0, accGapSet_ID=0, accGapSet_x=0, accGapSet_y=0, accGapSet_width=0, accGapSet_flip=0, accGapSet_status=0}
01-21 17:14:22.327  4023  4023 D CarSignalManager: handleOnChangeEvent ECarXCarPropertyValue{mPropertyId=0x70f5 propertyName AsyLeFirstEnd, mValue=52}
01-21 17:14:22.327  4023  4023 D HUDInteractionImpl: onChangeEvent 70f5
01-21 17:14:22.327  4023  4023 D CarSignalManager: handleOnChangeEvent ECarXCarPropertyValue{mPropertyId=0x70f7 propertyName AsyLeSecEnd, mValue=83}
01-21 17:14:22.327  4023  4023 D HUDInteractionImpl: onChangeEvent 70f7
01-21 17:14:22.327  4023  4023 D CarSignalManager: handleOnChangeEvent ECarXCarPropertyValue{mPropertyId=0x70f8 propertyName AsyLeSecStrt, mValue=52}
01-21 17:14:22.327  4023  4127 D HUDInteractionImpl: handleMessage 4
01-21 17:14:22.327  4023  4023 D HUDInteractionImpl: onChangeEvent 70f8
01-21 17:14:22.327  4023  4127 D HUDInteractionImpl: updateDataInfo id 70f5 value: 82
01-21 17:14:22.327  4023  4023 D CarSignalManager: handleOnChangeEvent ECarXCarPropertyValue{mPropertyId=0x70fe propertyName AsyRiFirstEnd, mValue=89}
01-21 17:14:22.327  4023  4127 D HUDInteractionImpl: handleMessage 4
01-21 17:14:22.327  4023  4023 D HUDInteractionImpl: onChangeEvent 70fe
01-21 17:14:22.327  4023  4127 D HUDInteractionImpl: updateDataInfo id 70f7 value: 131
01-21 17:14:22.327  4023  4127 D HUDInteractionImpl: handleMessage 4
01-21 17:14:22.328  4023  4127 D HUDInteractionImpl: updateDataInfo id 70f8 value: 82
01-21 17:14:22.328  4023  4127 D HUDInteractionImpl: handleMessage 4
01-21 17:14:22.328  4023  4127 D HUDInteractionImpl: updateDataInfo id 70fe value: 137
01-21 17:14:22.328  4023  4023 D CarSignalManager: handleOnChangeEvent ECarXCarPropertyValue{mPropertyId=0x7101 propertyName AsyRiSecStrt, mValue=89}
01-21 17:14:22.328  4023  4023 D HUDInteractionImpl: onChangeEvent 7101
01-21 17:14:22.328  4023  4127 D HUDInteractionImpl: handleMessage 4
01-21 17:14:22.328  4023  4127 D HUDInteractionImpl: updateDataInfo id 7101 value: 137
01-21 17:14:22.328  4023  4023 D CarSignalManager: handleOnChangeEvent ECarXCarPropertyValue{mPropertyId=0x7172 propertyName AsyLineLePahPrmA, mValue=c16}
01-21 17:14:22.328  4023  4023 D HUDInteractionImpl: onChangeEvent 7172
01-21 17:14:22.328  4023  4023 D CarSignalManager: handleOnChangeEvent ECarXCarPropertyValue{mPropertyId=0x7173 propertyName AsyLineLePahPrmB, mValue=641}
01-21 17:14:22.328  4023  4023 D HUDInteractionImpl: onChangeEvent 7173
01-21 17:14:22.328  4023  4023 D CarSignalManager: handleOnChangeEvent ECarXCarPropertyValue{mPropertyId=0x7175 propertyName AsyLineLePahPrmD, mValue=3e8}
01-21 17:14:22.328  4023  4127 D HUDInteractionImpl: handleMessage 4
01-21 17:14:22.328  4023  4023 D HUDInteractionImpl: onChangeEvent 7175
01-21 17:14:22.328  4023  4127 D HUDInteractionImpl: updateDataInfo id 7172 value: 3094
01-21 17:14:22.328  4023  4023 D CarSignalManager: handleOnChangeEvent ECarXCarPropertyValue{mPropertyId=0x7176 propertyName AsyLineLePah2PrmA, mValue=c19}
01-21 17:14:22.328  4023  4127 D HUDInteractionImpl: handleMessage 4
01-21 17:14:22.328  4023  4023 D HUDInteractionImpl: onChangeEvent 7176
01-21 17:14:22.328  4023  4127 D HUDInteractionImpl: updateDataInfo id 7173 value: 1601
01-21 17:14:22.328  4023  4127 D HUDInteractionImpl: handleMessage 4
01-21 17:14:22.328  4023  4023 D CarSignalManager: handleOnChangeEvent ECarXCarPropertyValue{mPropertyId=0x7177 propertyName AsyLineLePah2PrmB, mValue=633}
01-21 17:14:22.328  4023  4127 D HUDInteractionImpl: updateDataInfo id 7175 value: 1000
01-21 17:14:22.328  4023  4023 D HUDInteractionImpl: onChangeEvent 7177
01-21 17:14:22.328  4023  4127 D HUDInteractionImpl: handleMessage 4
01-21 17:14:22.328  4023  4127 D HUDInteractionImpl: updateDataInfo id 7176 value: 3097
01-21 17:14:22.328  4023  4023 D CarSignalManager: handleOnChangeEvent ECarXCarPropertyValue{mPropertyId=0x7183 propertyName AsyLineRiPahPrmB, mValue=641}
01-21 17:14:22.328  4023  4127 D HUDInteractionImpl: handleMessage 4
01-21 17:14:22.328  4023  4023 D HUDInteractionImpl: onChangeEvent 7183
01-21 17:14:22.328  4023  4127 D HUDInteractionImpl: updateDataInfo id 7177 value: 1587
01-21 17:14:22.328  4023  4023 D CarSignalManager: handleOnChangeEvent ECarXCarPropertyValue{mPropertyId=0x7185 propertyName AsyLineRiPahPrmD, mValue=3e8}
01-21 17:14:22.328  4023  4127 D HUDInteractionImpl: handleMessage 4
01-21 17:14:22.328  4023  4023 D HUDInteractionImpl: onChangeEvent 7185
01-21 17:14:22.328  4023  4127 D HUDInteractionImpl: updateDataInfo id 7183 value: 1601
01-21 17:14:22.328  4023  4023 D CarSignalManager: handleOnChangeEvent ECarXCarPropertyValue{mPropertyId=0x7186 propertyName AsyLineRiPah2PrmA, mValue=af6}
01-21 17:14:22.328  4023  4023 D HUDInteractionImpl: onChangeEvent 7186
01-21 17:14:22.328  4023  4023 D CarSignalManager: handleOnChangeEvent ECarXCarPropertyValue{mPropertyId=0x7187 propertyName AsyLineRiPah2PrmB, mValue=633}
01-21 17:14:22.328  4023  4023 D HUDInteractionImpl: onChangeEvent 7187
01-21 17:14:22.328  4023  4023 D CarSignalManager: handleOnChangeEvent ECarXCarPropertyValue{mPropertyId=0x71c5 propertyName ZZZAsdmSignalEnd, mValue=483e}
01-21 17:14:22.328  4023  4023 D HUDInteractionImpl: onChangeEvent 71c5
01-21 17:14:22.328  4023  4127 D HUDInteractionImpl: handleMessage 4
01-21 17:14:22.328  4023  4127 D HUDInteractionImpl: updateDataInfo id 7185 value: 1000
01-21 17:14:22.329  4023  4127 D HUDInteractionImpl: handleMessage 4
01-21 17:14:22.329  4023  4127 D HUDInteractionImpl: updateDataInfo id 7186 value: 2806
01-21 17:14:22.329  4023  4127 D HUDInteractionImpl: handleMessage 4
01-21 17:14:22.329  4023  4127 D HUDInteractionImpl: updateDataInfo id 7187 value: 1587
01-21 17:14:22.329  4023  4127 D HUDInteractionImpl: handleMessage 4
01-21 17:14:22.329  4023  4127 D HUDInteractionImpl: updateDataInfo id 71c5 value: 18494
01-21 17:14:22.329  4023  4127 D HUDInteractionImpl: handleMessage 2
01-21 17:14:22.329  4023  4127 D HUDInteractionImpl: notifyAdasInfo ADASDrivingAidSyncInfo 功能状态: 0 AEB已经制动 0 前方对象方向 0 前方对象类型 0 前方物件横向距离 1.7763568394002505E-15 前方物件纵向距离 0.0 FCW警告 0
01-21 17:14:22.329  4023  4127 D HUDInteractionImpl: notifyAdasInfo ADASLaneSyncInfo 左一上段：0.9700000000000024 -0.013000000000000123 1.0000000000000286E-4 -1.0000000000001327E-6 左一下段 0.9400000000000013 9.999999999998899E-4 0.0 0.0 右一上段 -1.9399999999999977 -0.013000000000000123 1.0000000000000286E-4 -1.0000000000001327E-6 右一下段 -2.4399999999999977 9.999999999998899E-4 0.0 0.0 左一左起止点 0.0 52.0 左一右起止点 52.0 101.0 右一左起止点 0.0 107.0 右一右起止点 107.0 116.0 压线 0
01-21 17:14:22.331   727  1173 D libipcp : socket_says_data_received: Sid: 0x1f, OpID: 0x51, Length: 0x10a, SendHandleId: 0x1f5105b9, Version: 0x3, OpType: 0x5, NOTIFICATION, payloadType: 0x1
01-21 17:14:22.331   727  1173 I libipcp : checkOperaiondIdAvailable: checkOperaiondIdAvailable called service_id: 0x1f, OpId: 0x51
01-21 17:14:22.331   727  1173 I libipcp : checkOperaiondIdAvailable: checkOperaiondIdAvailable opid 0x51 is vaild
01-21 17:14:22.331   727  1158 D libipcp : build_ack_packet: build ACK for Service_id: 0x1f, Operation_Id: 0x51, senderHandleId: 0x1f5105b9
01-21 17:14:22.331   727  1157 I libipcp : ipcp_transport_send: fire --> SenderHandleID: 0x1f5105b9, OperType: ACK, peer.sk_type is 2, peer_ip : 198.18.34.1, peer_port: 50500, length :16
01-21 17:14:22.332   727  1163 D vehiclehal::EcarxIpcpComm: funtion: received_cb , ip [198.18.34.1] , port = 50500, service = ASDM, operation_id = 81
01-21 17:14:22.332  2941  4595 I GKAI:EAS:2.0.4 (c46): [b] sendMessageToHal msg=domain: SYSTEM
01-21 17:14:22.332  2941  4595 I GKAI:EAS:2.0.4 (c46): system {
01-21 17:14:22.332  2941  4595 I GKAI:EAS:2.0.4 (c46):   command: SYS_GET_GEO
01-21 17:14:22.332  2941  4595 I GKAI:EAS:2.0.4 (c46):   getgeoinfo {
01-21 17:14:22.332  2941  4595 I GKAI:EAS:2.0.4 (c46):     type: ACK
01-21 17:14:22.332  2941  4595 I GKAI:EAS:2.0.4 (c46):     geo: "30.341010266666665,121.23986253333332"
01-21 17:14:22.332  2941  4595 I GKAI:EAS:2.0.4 (c46):   }
01-21 17:14:22.332  2941  4595 I GKAI:EAS:2.0.4 (c46): }
01-21 17:14:22.332  2941  4595 D VRClientManager: sendMessageToNative data: 50
01-21 17:14:22.332   727  1173 D libipcp : socket_says_data_received: Sid: 0x25, OpID: 0x20, Length: 0x89, SendHandleId: 0x252005d4, Version: 0x3, OpType: 0x5, NOTIFICATION, payloadType: 0x1
01-21 17:14:22.332   727  1173 I libipcp : checkOperaiondIdAvailable: checkOperaiondIdAvailable called service_id: 0x25, OpId: 0x20
01-21 17:14:22.332   727  1173 I libipcp : checkOperaiondIdAvailable: checkOperaiondIdAvailable opid 0x20 is vaild
01-21 17:14:22.332  3100  3134 D XIAOKAVAL: [vrInit.cpp:103][Java_com_ecarx_xiaoka_service_voice_XKVrService_recvMessageFromJava]  recvMessageFromJava size = 50
01-21 17:14:22.332  3100  3134 D XIAOKAVAL: [apprcv.cc:173][recvMsgFromApp] recvMsgFromApp 52
01-21 17:14:22.332   727  1158 D libipcp : build_ack_packet: build ACK for Service_id: 0x25, Operation_Id: 0x20, senderHandleId: 0x252005d4
01-21 17:14:22.332   727  1157 I libipcp : ipcp_transport_send: fire --> SenderHandleID: 0x252005d4, OperType: ACK, peer.sk_type is 2, peer_ip : 198.18.34.1, peer_port: 50500, length :16
01-21 17:14:22.333   727  1162 D vehiclehal::EcarxIpcpComm: funtion: received_cb , ip [198.18.34.1] , port = 50500, service = DIM, operation_id = 32
01-21 17:14:22.333   727  1173 D libipcp : socket_says_data_received: Sid: 0x2c, OpID: 0x1d, Length: 0x129, SendHandleId: 0x2c1d0510, Version: 0x3, OpType: 0x5, NOTIFICATION, payloadType: 0x1
01-21 17:14:22.333  3100  3441 D XIAOKAVAL: [apprcv.cc:152][handleMessage] handleVRmsg len: 50
01-21 17:14:22.333   727  1173 I libipcp : checkOperaiondIdAvailable: checkOperaiondIdAvailable called service_id: 0x2c, OpId: 0x1d
01-21 17:14:22.333   727  1173 I libipcp : checkOperaiondIdAvailable: checkOperaiondIdAvailable opid 0x1d is vaild
01-21 17:14:22.333   727  1158 D libipcp : build_ack_packet: build ACK for Service_id: 0x2c, Operation_Id: 0x1d, senderHandleId: 0x2c1d0510
01-21 17:14:22.333  3100  3441 D XIAOKAVAL: [apprcv.cc:158][handleMessage] ParseFromArray yes
01-21 17:14:22.333  3100  3441 D XIAOKAVAL: [apprcv.cc:212][handleVRmsg] send msg to vrService = 32
01-21 17:14:22.333   727  1157 I libipcp : ipcp_transport_send: fire --> SenderHandleID: 0x2c1d0510, OperType: ACK, peer.sk_type is 2, peer_ip : 198.18.34.1, peer_port: 50500, length :16
01-21 17:14:22.333  3100  3441 D XIAOKAVAL: [SndWaitEvent.cpp:14][wakeUp]  domain: 0 command: 32
01-21 17:14:22.333  3100  3441 D XIAOKAVAL: [apprcv.cc:166][handleMessage] handleVRmsg End
01-21 17:14:22.333   727  1170 D vehiclehal::EcarxIpcpComm: funtion: rxThread , service = ASDM, operation_id = 81
01-21 17:14:22.333   727  1170 D IPCP2VV : convertIpcp2VehicleValues, [ASDMNotificationOpID] ap size 258, vp size 258
01-21 17:14:22.334   727  1162 D vehiclehal::EcarxIpcpComm: funtion: received_cb , ip [198.18.34.1] , port = 50500, service = VDDM, operation_id = 29
01-21 17:14:22.335   727  1170 D vehiclehal::EcarxIpcpComm: funtion: rxThread , service = DIM, operation_id = 32
01-21 17:14:22.335   727  1170 D IPCP2VV : convertIpcp2VehicleValues, [DIMNotificationOpID] ap size 129, vp size 129
01-21 17:14:22.336   727  1170 D vehiclehal::EcarxIpcpComm: funtion: rxThread , service = VDDM, operation_id = 29
01-21 17:14:22.336   727  1170 D IPCP2VV : convertIpcp2VehicleValues, [VDDMNotificationOpID] ap size 289, vp size 289
01-21 17:14:22.337   674  6186 F [ESIS][FATAL] ref-detecter.cc:347: GET_REF seq not match:24396 -1 0
01-21 17:14:22.337   674  6196 F [ESIS][FATAL] ref-detecter.cc:347: GET_REF seq not match:24396 -1 0
01-21 17:14:22.337   674  6189 F [ESIS][FATAL] ref-detecter.cc:347: GET_REF seq not match:24396 -1 0
01-21 17:14:22.337   674  6214 F [ESIS][FATAL] ref-detecter.cc:347: GET_REF seq not match:24396 -1 0
01-21 17:14:22.338   674  6196 E [EAKS][ERROR] aks-engine.cc:373: no keyword set yet.
01-21 17:14:22.338   674  6214 E [EAKS][ERROR] aks-engine.cc:373: no keyword set yet.
01-21 17:14:22.338   674  6189 E [EAKS][ERROR] aks-engine.cc:373: no keyword set yet.
01-21 17:14:22.338   674  6186 E [EAKS][ERROR] aks-engine.cc:373: no keyword set yet.
01-21 17:14:22.341   727  1173 D libipcp : socket_says_data_received: Sid: 0x6e, OpID: 0xc8, Length: 0x2d0, SendHandleId: 0x6ec80541, Version: 0x3, OpType: 0x5, NOTIFICATION, payloadType: 0x1
01-21 17:14:22.341   727  1173 I libipcp : checkOperaiondIdAvailable: checkOperaiondIdAvailable called service_id: 0x6e, OpId: 0xc8
01-21 17:14:22.341   727  1173 I libipcp : checkOperaiondIdAvailable: checkOperaiondIdAvailable opid 0xc8 is vaild
01-21 17:14:22.341   727  1158 D libipcp : build_ack_packet: build ACK for Service_id: 0x6e, Operation_Id: 0xc8, senderHandleId: 0x6ec80541
01-21 17:14:22.342   727  1163 D vehiclehal::EcarxIpcpComm: funtion: received_cb , ip [198.18.34.1] , port = 50500, service = PHEV, operation_id = 200
01-21 17:14:22.342   727  1157 I libipcp : ipcp_transport_send: fire --> SenderHandleID: 0x6ec80541, OperType: ACK, peer.sk_type is 2, peer_ip : 198.18.34.1, peer_port: 50500, length :16
01-21 17:14:22.344   727  1170 D vehiclehal::EcarxIpcpComm: funtion: rxThread , service = PHEV, operation_id = 200
01-21 17:14:22.344   727  1170 D PAIPCP2VV: convertPAIpcp2VehicleValues, [PHEVOpID] ap size 712, vp size 712
01-21 17:14:22.355   755   755 E DisplayDevice: map unknown ((deprecated) sRGB sRGB Full range)/(RenderIntent::COLORIMETRIC) to default color mode
01-21 17:14:22.355   755   755 I chatty  : uid=1000(system) /system/bin/surfaceflinger identical 2 lines
01-21 17:14:22.355   755   755 E DisplayDevice: map unknown ((deprecated) sRGB sRGB Full range)/(RenderIntent::COLORIMETRIC) to default color mode
01-21 17:14:22.356  2581  3674 D ecarx_daemon_VehicleHal: onPropertyEvent: Vehicle Property: 557873871, value: 2944
01-21 17:14:22.356  2581  3674 D ecarx_daemon_VehicleHal: propid 557873871, reqSignalPropertiesString VendorSignalProperty::VehSpdLgtA
01-21 17:14:22.359  4023  4023 D CarSignalManager: handleOnChangeEvent ECarXCarPropertyValue{mPropertyId=0x7ab6 propertyName SteerWhlSnsrAg, mValue=13}
01-21 17:14:22.359  4023  4023 D HUDInteractionImpl: onChangeEvent 7ab6
01-21 17:14:22.359  4023  4023 D CarSignalManager: handleOnChangeEvent ECarXCarPropertyValue{mPropertyId=0x7ab7 propertyName SteerWhlSnsrAgSpd, mValue=ffea}
01-21 17:14:22.359  4023  4127 D HUDInteractionImpl: handleMessage 4
01-21 17:14:22.359  4023  4023 D HUDInteractionImpl: onChangeEvent 7ab7
01-21 17:14:22.359  4023  4127 D HUDInteractionImpl: updateDataInfo id 7ab6 value: 19
01-21 17:14:22.359  4023  4023 D CarSignalManager: handleOnChangeEvent ECarXCarPropertyValue{mPropertyId=0x7af1 propertyName ZZZVddmSignalEnd, mValue=483f}
01-21 17:14:22.359  4023  4023 D HUDInteractionImpl: onChangeEvent 7af1
01-21 17:14:22.359  4023  4127 D HUDInteractionImpl: handleMessage 4
01-21 17:14:22.359  4023  4127 D HUDInteractionImpl: updateDataInfo id 7ab7 value: 65514
01-21 17:14:22.359  4023  4127 D HUDInteractionImpl: handleMessage 4
01-21 17:14:22.359  4023  4023 I ARHUDPresenter.java: [ (ARHUDPresenter.java:157)#Run ] inputADASLDInputADASLD{l1_a=0.9700000000000024, l1_b=-0.013000000000000123, l1_c=1.0000000000000286E-4, l1_d=-1.0000000000001327E-6, l2_a=0.9400000000000013, l2_b=9.999999999998899E-4, l2_c=0.0, l2_d=0.0, r1_a=-1.9399999999999977, r1_b=-0.013000000000000123, r1_c=1.0000000000000286E-4, r1_d=-1.0000000000001327E-6, r2_a=-2.4399999999999977, r2_b=9.999999999998899E-4, r2_c=0.0, r2_d=0.0, warning_status=0, detect_start_l1=0.0, detect_end_l1=52.0, detect_start_l2=52.0, detect_end_l2=101.0, detect_start_r2=107.0, detect_end_r2=116.0, detect_start_r1=0.0, detect_end_r1=107.0}
01-21 17:14:22.359  4023  4127 D HUDInteractionImpl: updateDataInfo id 7af1 value: 18495
01-21 17:14:22.359  4023  4127 D HUDInteractionImpl: handleMessage 5
01-21 17:14:22.359  4023  4127 D HUDInteractionImpl: onVehicleSyncInfo 11.54232 0.0185546875 -0.171875
01-21 17:14:22.360  3051  3051 D CarSignalManager: handleOnChangeEvent ECarXCarPropertyValue{mPropertyId=0x7acf propertyName VehSpdLgtA, mValue=b80}
01-21 17:14:22.360  3213  3213 D CarSignalManager: handleOnChangeEvent ECarXCarPropertyValue{mPropertyId=0x7acf propertyName VehSpdLgtA, mValue=b80}
01-21 17:14:22.360  6573  6573 D CarSignalManager: handleOnChangeEvent ECarXCarPropertyValue{mPropertyId=0x7acf propertyName VehSpdLgtA, mValue=b80}
01-21 17:14:22.360  4023  4023 D V2021012102 EZD Input Status: InputData_HUD = true
01-21 17:14:22.360  4023  4023 D V2021012102 EZD Input Status: HUD_button_absolute_pos = 14
01-21 17:14:22.360  4023  4023 D V2021012102 EZD Input Status: InputData_LD=true , warning_status=0
01-21 17:14:22.360  4023  4023 D V2021012102 EZD Input Status: l1:(a,b,c,d)=(-0.970000,0.013000,-0.000100,0.000001),(st,end)=(0,0); l2:(a,b,c,d)=(-0.940000,-0.001000,-0.000000,-0.000000),(st,end)=(52,52);
01-21 17:14:22.360  4574  4574 D CarSignalManager: handleOnChangeEvent ECarXCarPropertyValue{mPropertyId=0x7acf propertyName VehSpdLgtA, mValue=b80}
01-21 17:14:22.360  6573  6573 D CarSignalManager: handleOnChangeEvent ECarXCarPropertyValue{mPropertyId=0x7acf propertyName VehSpdLgtA, mValue=b80}
01-21 17:14:22.360  4023  4023 D V2021012102 EZD Input Status: r1:(a,b,c,d)=(1.940000,0.013000,-0.000100,0.000001),(st,end)=(0,0); r2:(a,b,c,d)=(2.440000,-0.001000,-0.000000,-0.000000),(st,end)=(107,107);
01-21 17:14:22.360  4023  4023 I JniUtils.java: [ (JniUtils.java:66)#InputADASLD ] 道路信息输出成功
01-21 17:14:22.360  4023  4023 D V2021012102 EZD Output Status: Output_ld=true , laneID=0, (start_x,start_y)=(0,0), (end_x,end_y)=(0,0), (A,B,C,D)=(0.000000,0.000000,0.000000,0.000000), status=0
01-21 17:14:22.360  4023  4023 I JniUtils.java: [ (JniUtils.java:68)#InputADASLD ] ADASLaneInfoBean{LaneID=0, x1=0, y1=0, x2=0, y2=0, A=0.0, B=0.0, C=0.0, D=0.0, status=0}
01-21 17:14:22.360  4023  4023 I ARHUDPresenter.java: [ (ARHUDPresenter.java:139)#Run ] adasLaneInfoBeanInputADASObj{acc_status=0.0, pos_x=1.7763568394002505E-15, pos_z=0.0, direction=0.0, type=9.0, frontType=0.0, warning_status=0.0, aeb_status=0.0}
01-21 17:14:22.360  2101  2101 D CarSignalManager: handleOnChangeEvent ECarXCarPropertyValue{mPropertyId=0x7acf propertyName VehSpdLgtA, mValue=b80}
01-21 17:14:22.360  2941  2941 D CarSignalManager: handleOnChangeEvent ECarXCarPropertyValue{mPropertyId=0x7acf propertyName VehSpdLgtA, mValue=b80}
01-21 17:14:22.360  4023  4023 I ARHUDPresenter.java: [ (ARHUDPresenter.java:140)#Run ] HUDHeight14
01-21 17:14:22.360  4023  4023 E JniUtils.java: [ (JniUtils.java:33)#InputDataAdasObj ] hudHeight高度14.0
01-21 17:14:22.360  3255  3255 D CarSignalManager: handleOnChangeEvent ECarXCarPropertyValue{mPropertyId=0x7acf propertyName VehSpdLgtA, mValue=b80}
01-21 17:14:22.360  4023  4023 D V2021012102 EZD Input Status: InputData_Vehicle=true , speed=11.542320, steering_wheel_angle=0.018555, steering_wheel_angularVel=-0.171875
01-21 17:14:22.360  4023  4023 D V2021012102 EZD Input Status: InputData_HUD = true
01-21 17:14:22.360  4023  4023 D V2021012102 EZD Input Status: HUD_button_absolute_pos = 14
01-21 17:14:22.360  4023  4023 D V2021012102 EZD Input Status: InputData_Obj is true. pos_x=0.000000, pos_y=0.000000, frontType=0, direction=0, acc_status=0, type=9, warning_status=0, aeb_status=0
01-21 17:14:22.360  4023  4023 D V2021012102 EZD Input Status: InputData_Obj: acc_gap_set_status=3
01-21 17:14:22.360  4023  4023 D V2021012102 EZD Input Status: InputData_LD=true , warning_status=0
01-21 17:14:22.360  4023  4023 D V2021012102 EZD Input Status: l1:(a,b,c,d)=(-0.970000,0.013000,-0.000100,0.000001),(st,end)=(0,0); l2:(a,b,c,d)=(-0.940000,-0.001000,-0.000000,-0.000000),(st,end)=(52,52);
01-21 17:14:22.360  4023  4023 D V2021012102 EZD Input Status: r1:(a,b,c,d)=(1.940000,0.013000,-0.000100,0.000001),(st,end)=(0,0); r2:(a,b,c,d)=(2.440000,-0.001000,-0.000000,-0.000000),(st,end)=(107,107);
01-21 17:14:22.361  4023  4023 I JniUtils.java: [ (JniUtils.java:46)#InputDataAdasObj ] 周边环境对象等输出成功
01-21 17:14:22.361  4023  4023 I V2021012102 EZD Z: 巡航功能未開啟
01-21 17:14:22.361  4023  4023 D V2021012102 EZD Output Status: Output_obj=true, aeb_status=0 && collision_status=0 && obj_status=0 && accGapSet_status=0
01-21 17:14:22.361  4023  4023 I JniUtils.java: [ (JniUtils.java:48)#InputDataAdasObj ] ADASWarningInfoBean{objID=7, obj_x=0, obj_y=89, obj_status=0, obj_width=0, collisionID=-4506, conllision_x=127, conllision_y=0, collision_status=0, aebID=0, aeb_x=0, aeb_y=16428, aeb_status=0, aebFrame_x=0, aebFrame_y=0, aebFrame_status=0, accGapSet_ID=0, accGapSet_x=0, accGapSet_y=0, accGapSet_width=0, accGapSet_flip=0, accGapSet_status=0}
01-21 17:14:22.361  4023  4023 D CarSignalManager: handleOnChangeEvent ECarXCarPropertyValue{mPropertyId=0x7ab6 propertyName SteerWhlSnsrAg, mValue=10}
01-21 17:14:22.361  4023  4023 D HUDInteractionImpl: onChangeEvent 7ab6
01-21 17:14:22.361  4023  4023 D CarSignalManager: handleOnChangeEvent ECarXCarPropertyValue{mPropertyId=0x7ab7 propertyName SteerWhlSnsrAgSpd, mValue=fff1}
01-21 17:14:22.361  4023  4023 D HUDInteractionImpl: onChangeEvent 7ab7
01-21 17:14:22.361  4023  4127 D HUDInteractionImpl: handleMessage 4
01-21 17:14:22.361  4023  4023 D CarSignalManager: handleOnChangeEvent ECarXCarPropertyValue{mPropertyId=0x7af1 propertyName ZZZVddmSignalEnd, mValue=4841}
01-21 17:14:22.361  4023  4127 D HUDInteractionImpl: updateDataInfo id 7ab6 value: 16
01-21 17:14:22.361  4023  4023 D HUDInteractionImpl: onChangeEvent 7af1
01-21 17:14:22.361  4023  4127 D HUDInteractionImpl: handleMessage 4
01-21 17:14:22.361  4023  4127 D HUDInteractionImpl: updateDataInfo id 7ab7 value: 65521
01-21 17:14:22.361  4023  4127 D HUDInteractionImpl: handleMessage 4
01-21 17:14:22.361  4023  4127 D HUDInteractionImpl: updateDataInfo id 7af1 value: 18497
01-21 17:14:22.361  4023  4127 D HUDInteractionImpl: handleMessage 5
01-21 17:14:22.361  4023  4127 D HUDInteractionImpl: onVehicleSyncInfo 11.54232 0.015625 -0.1171875
01-21 17:14:22.361   727  1173 D libipcp : socket_says_data_received: Sid: 0x1f, OpID: 0x51, Length: 0x10a, SendHandleId: 0x1f5105ba, Version: 0x3, OpType: 0x5, NOTIFICATION, payloadType: 0x1
01-21 17:14:22.361   727  1173 I libipcp : checkOperaiondIdAvailable: checkOperaiondIdAvailable called service_id: 0x1f, OpId: 0x51
01-21 17:14:22.361   727  1173 I libipcp : checkOperaiondIdAvailable: checkOperaiondIdAvailable opid 0x51 is vaild
01-21 17:14:22.362   727  1158 D libipcp : build_ack_packet: build ACK for Service_id: 0x1f, Operation_Id: 0x51, senderHandleId: 0x1f5105ba
01-21 17:14:22.362   727  1157 I libipcp : ipcp_transport_send: fire --> SenderHandleID: 0x1f5105ba, OperType: ACK, peer.sk_type is 2, peer_ip : 198.18.34.1, peer_port: 50500, length :16
01-21 17:14:22.362   727  1162 D vehiclehal::EcarxIpcpComm: funtion: received_cb , ip [198.18.34.1] , port = 50500, service = ASDM, operation_id = 81
01-21 17:14:22.362   727  1173 D libipcp : socket_says_data_received: Sid: 0x2c, OpID: 0x1d, Length: 0x129, SendHandleId: 0x2c1d0511, Version: 0x3, OpType: 0x5, NOTIFICATION, payloadType: 0x1
01-21 17:14:22.362   727  1173 I libipcp : checkOperaiondIdAvailable: checkOperaiondIdAvailable called service_id: 0x2c, OpId: 0x1d
01-21 17:14:22.363   727  1173 I libipcp : checkOperaiondIdAvailable: checkOperaiondIdAvailable opid 0x1d is vaild
01-21 17:14:22.363   727  1158 D libipcp : build_ack_packet: build ACK for Service_id: 0x2c, Operation_Id: 0x1d, senderHandleId: 0x2c1d0511
01-21 17:14:22.363   727  1157 I libipcp : ipcp_transport_send: fire --> SenderHandleID: 0x2c1d0511, OperType: ACK, peer.sk_type is 2, peer_ip : 198.18.34.1, peer_port: 50500, length :16
01-21 17:14:22.363   727  1162 D vehiclehal::EcarxIpcpComm: funtion: received_cb , ip [198.18.34.1] , port = 50500, service = VDDM, operation_id = 29
01-21 17:14:22.363   727  1170 D vehiclehal::EcarxIpcpComm: funtion: rxThread , service = ASDM, operation_id = 81
01-21 17:14:22.363  7005  7005 D CarSignalManager: handleOnChangeEvent ECarXCarPropertyValue{mPropertyId=0x7acf propertyName VehSpdLgtA, mValue=b80}
01-21 17:14:22.363   727  1170 D IPCP2VV : convertIpcp2VehicleValues, [ASDMNotificationOpID] ap size 258, vp size 258
01-21 17:14:22.363  4142  4142 D CarSignalManager: handleOnChangeEvent ECarXCarPropertyValue{mPropertyId=0x7acf propertyName VehSpdLgtA, mValue=b80}
01-21 17:14:22.364  2722  2722 D CarSignalManager: handleOnChangeEvent ECarXCarPropertyValue{mPropertyId=0x7acf propertyName VehSpdLgtA, mValue=b80}
01-21 17:14:22.364  3100  3668 E [BDVR]NetCheck: failed_times=39, status=1, errorMsg=PING www.wshifen.com (104.193.88.123) 56(84) bytes of data.
01-21 17:14:22.364  3100  3668 E [BDVR]NetCheck: 
01-21 17:14:22.364  3100  3668 E [BDVR]NetCheck: --- www.wshifen.com ping statistics ---
01-21 17:14:22.364  3100  3668 E [BDVR]NetCheck: 1 packets transmitted, 0 received, 100% packet loss, time 0ms
01-21 17:14:22.364  3100  3668 E [BDVR]NetCheck: 
01-21 17:14:22.365   727  1170 D vehiclehal::EcarxIpcpComm: funtion: rxThread , service = VDDM, operation_id = 29
01-21 17:14:22.365   727  1170 D IPCP2VV : convertIpcp2VehicleValues, [VDDMNotificationOpID] ap size 289, vp size 289
01-21 17:14:22.366  2581  3674 D ecarx_daemon_VehicleHal: onPropertyEvent: Vehicle Property: 557873871, value: 2946
01-21 17:14:22.367  2581  3674 D ecarx_daemon_VehicleHal: propid 557873871, reqSignalPropertiesString VendorSignalProperty::VehSpdLgtA
01-21 17:14:22.367   674  6186 F [ESIS][FATAL] ref-detecter.cc:347: GET_REF seq not match:24400 -1 0
01-21 17:14:22.367   674  6196 F [ESIS][FATAL] ref-detecter.cc:347: GET_REF seq not match:24400 -1 0
01-21 17:14:22.367   674  6189 F [ESIS][FATAL] ref-detecter.cc:347: GET_REF seq not match:24400 -1 0
01-21 17:14:22.368   674  6186 E [EAKS][ERROR] aks-engine.cc:373: no keyword set yet.
01-21 17:14:22.368   674  6196 E [EAKS][ERROR] aks-engine.cc:373: no keyword set yet.
01-21 17:14:22.368   674  6189 E [EAKS][ERROR] aks-engine.cc:373: no keyword set yet.
01-21 17:14:22.368   674  6214 F [ESIS][FATAL] ref-detecter.cc:347: GET_REF seq not match:24400 -1 0
01-21 17:14:22.368   674  6214 E [EAKS][ERROR] aks-engine.cc:373: no keyword set yet.
01-21 17:14:22.369  3051  3051 D CarSignalManager: handleOnChangeEvent ECarXCarPropertyValue{mPropertyId=0x7acf propertyName VehSpdLgtA, mValue=b82}
01-21 17:14:22.369  7005  7005 D CarSignalManager: handleOnChangeEvent ECarXCarPropertyValue{mPropertyId=0x7acf propertyName VehSpdLgtA, mValue=b82}
01-21 17:14:22.369  3213  3213 D CarSignalManager: handleOnChangeEvent ECarXCarPropertyValue{mPropertyId=0x7acf propertyName VehSpdLgtA, mValue=b82}
01-21 17:14:22.369  4574  4574 D CarSignalManager: handleOnChangeEvent ECarXCarPropertyValue{mPropertyId=0x7acf propertyName VehSpdLgtA, mValue=b82}
01-21 17:14:22.370  6573  6573 D CarSignalManager: handleOnChangeEvent ECarXCarPropertyValue{mPropertyId=0x7acf propertyName VehSpdLgtA, mValue=b82}
01-21 17:14:22.370  2941  2941 D CarSignalManager: handleOnChangeEvent ECarXCarPropertyValue{mPropertyId=0x7acf propertyName VehSpdLgtA, mValue=b82}
01-21 17:14:22.370  3255  3255 D CarSignalManager: handleOnChangeEvent ECarXCarPropertyValue{mPropertyId=0x7acf propertyName VehSpdLgtA, mValue=b82}
01-21 17:14:22.370  2101  2101 D CarSignalManager: handleOnChangeEvent ECarXCarPropertyValue{mPropertyId=0x7acf propertyName VehSpdLgtA, mValue=b82}
01-21 17:14:22.371  6573  6573 D CarSignalManager: handleOnChangeEvent ECarXCarPropertyValue{mPropertyId=0x7acf propertyName VehSpdLgtA, mValue=b82}
01-21 17:14:22.371  4142  4142 D CarSignalManager: handleOnChangeEvent ECarXCarPropertyValue{mPropertyId=0x7acf propertyName VehSpdLgtA, mValue=b82}
01-21 17:14:22.371  2722  2722 D CarSignalManager: handleOnChangeEvent ECarXCarPropertyValue{mPropertyId=0x7acf propertyName VehSpdLgtA, mValue=b82}
01-21 17:14:22.378  4574  4574 D ECarXCarFuncManagerBase: onChangeEvent: 33706 [B@b06e5a0
01-21 17:14:22.379  4574  4574 I chatty  : uid=10053(com.ecarx.mycar) identical 16 lines
01-21 17:14:22.379  4574  4574 D ECarXCarFuncManagerBase: onChangeEvent: 33706 [B@b06e5a0
01-21 17:14:22.379  4574  4574 D CarPAEventCallback: onPAChanged propertyId: 33706
01-21 17:14:22.379  4574  4574 D CarPAEventCallback: PA_TS_OdometerTripMeter2 = PA_TS_OdometerTripMeter2{availability = Active, dataValue = 18604, statusValue = 0, formatValue = 0}
01-21 17:14:22.379  4574  4574 D ECarXCarFuncManagerBase: handleOnChangeEvent patsodometertripmeter2
01-21 17:14:22.388   755   755 E DisplayDevice: map unknown ((deprecated) sRGB sRGB Full range)/(RenderIntent::COLORIMETRIC) to default color mode
01-21 17:14:22.388   755   755 I chatty  : uid=1000(system) /system/bin/surfaceflinger identical 2 lines
01-21 17:14:22.388   755   755 E DisplayDevice: map unknown ((deprecated) sRGB sRGB Full range)/(RenderIntent::COLORIMETRIC) to default color mode
01-21 17:14:22.391  4023  4023 D CarSignalManager: handleOnChangeEvent ECarXCarPropertyValue{mPropertyId=0x70f7 propertyName AsyLeSecEnd, mValue=79}
01-21 17:14:22.391  4023  4023 D HUDInteractionImpl: onChangeEvent 70f7
01-21 17:14:22.391  4023  4023 D CarSignalManager: handleOnChangeEvent ECarXCarPropertyValue{mPropertyId=0x70fe propertyName AsyRiFirstEnd, mValue=1e}
01-21 17:14:22.391  4023  4023 D HUDInteractionImpl: onChangeEvent 70fe
01-21 17:14:22.391  4023  4023 D CarSignalManager: handleOnChangeEvent ECarXCarPropertyValue{mPropertyId=0x7100 propertyName AsyRiSecEnd, mValue=86}
01-21 17:14:22.391  4023  4023 D HUDInteractionImpl: onChangeEvent 7100
01-21 17:14:22.391  4023  4023 D CarSignalManager: handleOnChangeEvent ECarXCarPropertyValue{mPropertyId=0x7101 propertyName AsyRiSecStrt, mValue=1e}
01-21 17:14:22.391  4023  4023 D HUDInteractionImpl: onChangeEvent 7101
01-21 17:14:22.391  4023  4023 D CarSignalManager: handleOnChangeEvent ECarXCarPropertyValue{mPropertyId=0x7172 propertyName AsyLineLePahPrmA, mValue=c17}
01-21 17:14:22.391  4023  4023 D HUDInteractionImpl: onChangeEvent 7172
01-21 17:14:22.391  4023  4023 D CarSignalManager: handleOnChangeEvent ECarXCarPropertyValue{mPropertyId=0x7173 propertyName AsyLineLePahPrmB, mValue=642}
01-21 17:14:22.391  4023  4023 D HUDInteractionImpl: onChangeEvent 7173
01-21 17:14:22.391  4023  4023 D CarSignalManager: handleOnChangeEvent ECarXCarPropertyValue{mPropertyId=0x7175 propertyName AsyLineLePahPrmD, mValue=3e7}
01-21 17:14:22.391  4023  4023 D HUDInteractionImpl: onChangeEvent 7175
01-21 17:14:22.391  4023  4127 D HUDInteractionImpl: handleMessage 4
01-21 17:14:22.391  4023  4127 D HUDInteractionImpl: updateDataInfo id 70f7 value: 121
01-21 17:14:22.391  4023  4127 D HUDInteractionImpl: handleMessage 4
01-21 17:14:22.391  4023  4127 D HUDInteractionImpl: updateDataInfo id 70fe value: 30
01-21 17:14:22.391  4023  4127 D HUDInteractionImpl: handleMessage 4
01-21 17:14:22.391  4023  4127 D HUDInteractionImpl: updateDataInfo id 7100 value: 134
01-21 17:14:22.391  4023  4127 D HUDInteractionImpl: handleMessage 4
01-21 17:14:22.391  4023  4023 D CarSignalManager: handleOnChangeEvent ECarXCarPropertyValue{mPropertyId=0x7176 propertyName AsyLineLePah2PrmA, mValue=c18}
01-21 17:14:22.391  4023  4127 D HUDInteractionImpl: updateDataInfo id 7101 value: 30
01-21 17:14:22.391  4023  4023 D HUDInteractionImpl: onChangeEvent 7176
01-21 17:14:22.391  4023  4127 D HUDInteractionImpl: handleMessage 4
01-21 17:14:22.391  4023  4023 D CarSignalManager: handleOnChangeEvent ECarXCarPropertyValue{mPropertyId=0x7177 propertyName AsyLineLePah2PrmB, mValue=642}
01-21 17:14:22.391  4023  4127 D HUDInteractionImpl: updateDataInfo id 7172 value: 3095
01-21 17:14:22.391  4023  4127 D HUDInteractionImpl: handleMessage 4
01-21 17:14:22.391  4023  4127 D HUDInteractionImpl: updateDataInfo id 7173 value: 1602
01-21 17:14:22.391  4023  4127 D HUDInteractionImpl: handleMessage 4
01-21 17:14:22.391  4023  4127 D HUDInteractionImpl: updateDataInfo id 7175 value: 999
01-21 17:14:22.391  4023  4127 D HUDInteractionImpl: handleMessage 4
01-21 17:14:22.391  4023  4127 D HUDInteractionImpl: updateDataInfo id 7176 value: 3096
01-21 17:14:22.391  4023  4023 D HUDInteractionImpl: onChangeEvent 7177
01-21 17:14:22.392  4023  4023 D CarSignalManager: handleOnChangeEvent ECarXCarPropertyValue{mPropertyId=0x7178 propertyName AsyLineLePah2PrmC, mValue=3e8}
01-21 17:14:22.392  4023  4023 D HUDInteractionImpl: onChangeEvent 7178
