01-21 17:14:22.593  4023  4023 D CarSignalManager: handleOnChangeEvent ECarXCarPropertyValue{mPropertyId=0x70f8 propertyName AsyLeSecStrt, mValue=7e}
01-21 17:14:22.593  4023  4127 D HUDInteractionImpl: handleMessage 4
01-21 17:14:22.593  4023  4023 D HUDInteractionImpl: onChangeEvent 70f8
01-21 17:14:22.593  4023  4127 D HUDInteractionImpl: updateDataInfo id 70f5 value: 126
01-21 17:14:22.593  4023  4023 D CarSignalManager: handleOnChangeEvent ECarXCarPropertyValue{mPropertyId=0x7100 propertyName AsyRiSecEnd, mValue=8a}
01-21 17:14:22.593  4023  4127 D HUDInteractionImpl: handleMessage 4
01-21 17:14:22.593  4023  4023 D HUDInteractionImpl: onChangeEvent 7100
01-21 17:14:22.593  4023  4127 D HUDInteractionImpl: updateDataInfo id 70f7 value: 132
01-21 17:14:22.593  4023  4127 D HUDInteractionImpl: handleMessage 4
01-21 17:14:22.593  4023  4023 D CarSignalManager: handleOnChangeEvent ECarXCarPropertyValue{mPropertyId=0x7172 propertyName AsyLineLePahPrmA, mValue=c17}
01-21 17:14:22.593  4023  4127 D HUDInteractionImpl: updateDataInfo id 70f8 value: 126
01-21 17:14:22.593  4023  4023 D HUDInteractionImpl: onChangeEvent 7172
01-21 17:14:22.593  4023  4023 D CarSignalManager: handleOnChangeEvent ECarXCarPropertyValue{mPropertyId=0x7176 propertyName AsyLineLePah2PrmA, mValue=c17}
01-21 17:14:22.593  4023  4023 D HUDInteractionImpl: onChangeEvent 7176
01-21 17:14:22.593  4023  4023 D CarSignalManager: handleOnChangeEvent ECarXCarPropertyValue{mPropertyId=0x7182 propertyName AsyLineRiPahPrmA, mValue=ac5}
01-21 17:14:22.593  4023  4023 D HUDInteractionImpl: onChangeEvent 7182
01-21 17:14:22.593  4023  4127 D HUDInteractionImpl: handleMessage 4
01-21 17:14:22.593  4023  4023 D CarSignalManager: handleOnChangeEvent ECarXCarPropertyValue{mPropertyId=0x7186 propertyName AsyLineRiPah2PrmA, mValue=ac5}
01-21 17:14:22.593  4023  4127 D HUDInteractionImpl: updateDataInfo id 7100 value: 138
01-21 17:14:22.593  4023  4023 D HUDInteractionImpl: onChangeEvent 7186
01-21 17:14:22.593  4023  4127 D HUDInteractionImpl: handleMessage 4
01-21 17:14:22.593  4023  4127 D HUDInteractionImpl: updateDataInfo id 7172 value: 3095
01-21 17:14:22.593  4023  4023 D CarSignalManager: handleOnChangeEvent ECarXCarPropertyValue{mPropertyId=0x71bb propertyName ObjFrnt1DstLatOfObjFrnt1, mValue=a4}
01-21 17:14:22.593  4023  4127 D HUDInteractionImpl: handleMessage 4
01-21 17:14:22.593  4023  4023 D HUDInteractionImpl: onChangeEvent 71bb
01-21 17:14:22.593  4023  4127 D HUDInteractionImpl: updateDataInfo id 7176 value: 3095
01-21 17:14:22.594  4023  4127 D HUDInteractionImpl: handleMessage 4
01-21 17:14:22.594  4023  4023 D CarSignalManager: handleOnChangeEvent ECarXCarPropertyValue{mPropertyId=0x71c5 propertyName ZZZAsdmSignalEnd, mValue=4853}
01-21 17:14:22.594  4023  4023 D HUDInteractionImpl: onChangeEvent 71c5
01-21 17:14:22.594  4023  4127 D HUDInteractionImpl: updateDataInfo id 7182 value: 2757
01-21 17:14:22.594  4023  4127 D HUDInteractionImpl: handleMessage 4
01-21 17:14:22.594  4023  4127 D HUDInteractionImpl: updateDataInfo id 7186 value: 2757
01-21 17:14:22.594  4023  4127 D HUDInteractionImpl: handleMessage 4
01-21 17:14:22.594  4023  4127 D HUDInteractionImpl: updateDataInfo id 71bb value: 164
01-21 17:14:22.594  4023  4127 D HUDInteractionImpl: handleMessage 4
01-21 17:14:22.594  4023  4127 D HUDInteractionImpl: updateDataInfo id 71c5 value: 18515
01-21 17:14:22.594  4023  4127 D HUDInteractionImpl: handleMessage 2
01-21 17:14:22.594  4023  4127 D HUDInteractionImpl: notifyAdasInfo ADASDrivingAidSyncInfo 功能状态: 0 AEB已经制动 0 前方对象方向 2 前方对象类型 1 前方物件横向距离 3.700000000000003 前方物件纵向距离 116.0 FCW警告 0
01-21 17:14:22.594  4023  4127 D HUDInteractionImpl: notifyAdasInfo ADASLaneSyncInfo 左一上段：0.9499999999999993 0.0020000000000000018 0.0 -1.0000000000001327E-6 左一下段 0.9499999999999993 0.0020000000000000018 0.0 -1.0000000000001327E-6 右一上段 -2.4299999999999997 0.0020000000000000018 0.0 -1.0000000000001327E-6 右一下段 -2.4299999999999997 0.0020000000000000018 0.0 -1.0000000000001327E-6 左一左起止点 0.0 96.0 左一右起止点 96.0 102.0 右一左起止点 0.0 0.0 右一右起止点 0.0 108.0 压线 0
01-21 17:14:22.597   674  6196 F [ESIS][FATAL] ref-detecter.cc:347: GET_REF seq not match:24428 -1 0
01-21 17:14:22.597   674  6189 F [ESIS][FATAL] ref-detecter.cc:347: GET_REF seq not match:24428 -1 0
01-21 17:14:22.597   674  6196 E [EAKS][ERROR] aks-engine.cc:373: no keyword set yet.
01-21 17:14:22.597   674  6186 F [ESIS][FATAL] ref-detecter.cc:347: GET_REF seq not match:24428 -1 0
01-21 17:14:22.597   674  6189 E [EAKS][ERROR] aks-engine.cc:373: no keyword set yet.
01-21 17:14:22.597   674  6186 E [EAKS][ERROR] aks-engine.cc:373: no keyword set yet.
01-21 17:14:22.597   674  6214 F [ESIS][FATAL] ref-detecter.cc:347: GET_REF seq not match:24428 -1 0
01-21 17:14:22.598   674  6214 E [EAKS][ERROR] aks-engine.cc:373: no keyword set yet.
01-21 17:14:22.599  2581  3674 D ecarx_daemon_VehicleHal: onPropertyEvent: Vehicle Property: 557873871, value: 2911
01-21 17:14:22.599  2581  3674 D ecarx_daemon_VehicleHal: propid 557873871, reqSignalPropertiesString VendorSignalProperty::VehSpdLgtA
01-21 17:14:22.600  6573  6573 D CarSignalManager: handleOnChangeEvent ECarXCarPropertyValue{mPropertyId=0x7acf propertyName VehSpdLgtA, mValue=b5f}
01-21 17:14:22.601  3051  3051 D CarSignalManager: handleOnChangeEvent ECarXCarPropertyValue{mPropertyId=0x7acf propertyName VehSpdLgtA, mValue=b5f}
01-21 17:14:22.601  7005  7005 D CarSignalManager: handleOnChangeEvent ECarXCarPropertyValue{mPropertyId=0x7acf propertyName VehSpdLgtA, mValue=b5f}
01-21 17:14:22.601  2941  2941 D CarSignalManager: handleOnChangeEvent ECarXCarPropertyValue{mPropertyId=0x7acf propertyName VehSpdLgtA, mValue=b5f}
01-21 17:14:22.601  6573  6573 D CarSignalManager: handleOnChangeEvent ECarXCarPropertyValue{mPropertyId=0x7acf propertyName VehSpdLgtA, mValue=b5f}
01-21 17:14:22.601  2101  2101 D CarSignalManager: handleOnChangeEvent ECarXCarPropertyValue{mPropertyId=0x7acf propertyName VehSpdLgtA, mValue=b5f}
01-21 17:14:22.601  4574  4574 D CarSignalManager: handleOnChangeEvent ECarXCarPropertyValue{mPropertyId=0x7acf propertyName VehSpdLgtA, mValue=b5f}
01-21 17:14:22.601  3255  3255 D CarSignalManager: handleOnChangeEvent ECarXCarPropertyValue{mPropertyId=0x7acf propertyName VehSpdLgtA, mValue=b5f}
01-21 17:14:22.601  3213  3213 D CarSignalManager: handleOnChangeEvent ECarXCarPropertyValue{mPropertyId=0x7acf propertyName VehSpdLgtA, mValue=b5f}
01-21 17:14:22.601  4142  4142 D CarSignalManager: handleOnChangeEvent ECarXCarPropertyValue{mPropertyId=0x7acf propertyName VehSpdLgtA, mValue=b5f}
01-21 17:14:22.602  2722  2722 D CarSignalManager: handleOnChangeEvent ECarXCarPropertyValue{mPropertyId=0x7acf propertyName VehSpdLgtA, mValue=b5f}
01-21 17:14:22.603   727  1173 D libipcp : socket_says_data_received: Sid: 0x2c, OpID: 0x1d, Length: 0x129, SendHandleId: 0x2c1d0519, Version: 0x3, OpType: 0x5, NOTIFICATION, payloadType: 0x1
01-21 17:14:22.603   727  1173 I libipcp : checkOperaiondIdAvailable: checkOperaiondIdAvailable called service_id: 0x2c, OpId: 0x1d
01-21 17:14:22.603   727  1173 I libipcp : checkOperaiondIdAvailable: checkOperaiondIdAvailable opid 0x1d is vaild
01-21 17:14:22.603   727  1158 D libipcp : build_ack_packet: build ACK for Service_id: 0x2c, Operation_Id: 0x1d, senderHandleId: 0x2c1d0519
01-21 17:14:22.603   727  1157 I libipcp : ipcp_transport_send: fire --> SenderHandleID: 0x2c1d0519, OperType: ACK, peer.sk_type is 2, peer_ip : 198.18.34.1, peer_port: 50500, length :16
01-21 17:14:22.603   727  1163 D vehiclehal::EcarxIpcpComm: funtion: received_cb , ip [198.18.34.1] , port = 50500, service = VDDM, operation_id = 29
01-21 17:14:22.605   727  1170 D vehiclehal::EcarxIpcpComm: funtion: rxThread , service = VDDM, operation_id = 29
01-21 17:14:22.605   727  1170 D IPCP2VV : convertIpcp2VehicleValues, [VDDMNotificationOpID] ap size 289, vp size 289
01-21 17:14:22.611  4574  4574 D ECarXCarFuncManagerBase: onChangeEvent: 33706 [B@2a601ff
01-21 17:14:22.611  4574  4574 I chatty  : uid=10053(com.ecarx.mycar) identical 16 lines
01-21 17:14:22.611  4574  4574 D ECarXCarFuncManagerBase: onChangeEvent: 33706 [B@2a601ff
01-21 17:14:22.611  4574  4574 D CarPAEventCallback: onPAChanged propertyId: 33706
01-21 17:14:22.611  4574  4574 D CarPAEventCallback: PA_TS_OdometerTripMeter2 = PA_TS_OdometerTripMeter2{availability = Active, dataValue = 18607, statusValue = 0, formatValue = 0}
01-21 17:14:22.611  4574  4574 D ECarXCarFuncManagerBase: handleOnChangeEvent patsodometertripmeter2
01-21 17:14:22.621   755   755 E DisplayDevice: map unknown ((deprecated) sRGB sRGB Full range)/(RenderIntent::COLORIMETRIC) to default color mode
01-21 17:14:22.621   755   755 I chatty  : uid=1000(system) /system/bin/surfaceflinger identical 2 lines
01-21 17:14:22.621   755   755 E DisplayDevice: map unknown ((deprecated) sRGB sRGB Full range)/(RenderIntent::COLORIMETRIC) to default color mode
01-21 17:14:22.624  4023  4023 D CarSignalManager: handleOnChangeEvent ECarXCarPropertyValue{mPropertyId=0x7ab7 propertyName SteerWhlSnsrAgSpd, mValue=0}
01-21 17:14:22.625  4023  4023 D HUDInteractionImpl: onChangeEvent 7ab7
01-21 17:14:22.625  4023  4023 D CarSignalManager: handleOnChangeEvent ECarXCarPropertyValue{mPropertyId=0x7acf propertyName VehSpdLgtA, mValue=b65}
01-21 17:14:22.625  4023  4023 D HUDInteractionImpl: onChangeEvent 7acf
01-21 17:14:22.625  4023  4023 D CarSignalManager: handleOnChangeEvent ECarXCarPropertyValue{mPropertyId=0x7af1 propertyName ZZZVddmSignalEnd, mValue=4854}
01-21 17:14:22.625  4023  4023 D HUDInteractionImpl: onChangeEvent 7af1
01-21 17:14:22.625  4023  4023 D CarSignalManager: handleOnChangeEvent ECarXCarPropertyValue{mPropertyId=0x71c5 propertyName ZZZAsdmSignalEnd, mValue=4855}
01-21 17:14:22.625  4023  4023 D HUDInteractionImpl: onChangeEvent 71c5
01-21 17:14:22.625  4023  4127 D HUDInteractionImpl: handleMessage 4
01-21 17:14:22.625  4023  4127 D HUDInteractionImpl: updateDataInfo id 7ab7 value: 0
01-21 17:14:22.625  4023  4127 D HUDInteractionImpl: handleMessage 4
01-21 17:14:22.625  4023  4127 D HUDInteractionImpl: updateDataInfo id 7acf value: 2917
01-21 17:14:22.625  4023  4023 I ARHUDPresenter.java: [ (ARHUDPresenter.java:157)#Run ] inputADASLDInputADASLD{l1_a=0.9499999999999993, l1_b=0.0020000000000000018, l1_c=0.0, l1_d=-1.0000000000001327E-6, l2_a=0.9499999999999993, l2_b=0.0020000000000000018, l2_c=0.0, l2_d=-1.0000000000001327E-6, r1_a=-2.4299999999999997, r1_b=0.0020000000000000018, r1_c=0.0, r1_d=-1.0000000000001327E-6, r2_a=-2.4299999999999997, r2_b=0.0020000000000000018, r2_c=0.0, r2_d=-1.0000000000001327E-6, warning_status=0, detect_start_l1=0.0, detect_end_l1=96.0, detect_start_l2=96.0, detect_end_l2=102.0, detect_start_r2=0.0, detect_end_r2=108.0, detect_start_r1=0.0, detect_end_r1=0.0}
01-21 17:14:22.627   674  6186 F [ESIS][FATAL] ref-detecter.cc:347: GET_REF seq not match:24432 -1 0
01-21 17:14:22.627   674  6189 F [ESIS][FATAL] ref-detecter.cc:347: GET_REF seq not match:24432 -1 0
01-21 17:14:22.627   674  6196 F [ESIS][FATAL] ref-detecter.cc:347: GET_REF seq not match:24432 -1 0
01-21 17:14:22.627   674  6214 F [ESIS][FATAL] ref-detecter.cc:347: GET_REF seq not match:24432 -1 0
01-21 17:14:22.629   674  6189 E [EAKS][ERROR] aks-engine.cc:373: no keyword set yet.
01-21 17:14:22.629   674  6186 E [EAKS][ERROR] aks-engine.cc:373: no keyword set yet.
01-21 17:14:22.630   674  6214 E [EAKS][ERROR] aks-engine.cc:373: no keyword set yet.
01-21 17:14:22.630  4023  4023 D V2021012102 EZD Input Status: InputData_HUD = true
01-21 17:14:22.630  4023  4023 D V2021012102 EZD Input Status: HUD_button_absolute_pos = 14
01-21 17:14:22.630  4023  4023 D V2021012102 EZD Input Status: InputData_LD=true , warning_status=0
01-21 17:14:22.630  4023  4023 D V2021012102 EZD Input Status: l1:(a,b,c,d)=(-0.950000,-0.002000,-0.000000,0.000001),(st,end)=(0,0); l2:(a,b,c,d)=(-0.950000,-0.002000,-0.000000,0.000001),(st,end)=(96,96);
01-21 17:14:22.630  4023  4023 D V2021012102 EZD Input Status: r1:(a,b,c,d)=(2.430000,-0.002000,-0.000000,0.000001),(st,end)=(0,0); r2:(a,b,c,d)=(2.430000,-0.002000,-0.000000,0.000001),(st,end)=(0,0);
01-21 17:14:22.630  4023  4127 D HUDInteractionImpl: handleMessage 4
01-21 17:14:22.630  4023  4127 D HUDInteractionImpl: updateDataInfo id 7af1 value: 18516
01-21 17:14:22.630  4023  4127 D HUDInteractionImpl: handleMessage 4
01-21 17:14:22.630  4023  4127 D HUDInteractionImpl: updateDataInfo id 71c5 value: 18517
01-21 17:14:22.630  4023  4127 D HUDInteractionImpl: handleMessage 5
01-21 17:14:22.630  4023  4127 D HUDInteractionImpl: onVehicleSyncInfo 11.405470000000001 0.01171875 0.0
01-21 17:14:22.631  4023  4023 I JniUtils.java: [ (JniUtils.java:66)#InputADASLD ] 道路信息输出成功
01-21 17:14:22.631  4023  4023 D V2021012102 EZD Output Status: Output_ld=true , laneID=0, (start_x,start_y)=(0,0), (end_x,end_y)=(0,0), (A,B,C,D)=(0.000000,0.000000,0.000000,0.000000), status=0
01-21 17:14:22.631  4023  4023 I JniUtils.java: [ (JniUtils.java:68)#InputADASLD ] ADASLaneInfoBean{LaneID=0, x1=0, y1=0, x2=0, y2=0, A=0.0, B=0.0, C=0.0, D=0.0, status=0}
01-21 17:14:22.631  4023  4023 I ARHUDPresenter.java: [ (ARHUDPresenter.java:139)#Run ] adasLaneInfoBeanInputADASObj{acc_status=0.0, pos_x=3.700000000000003, pos_z=116.0, direction=2.0, type=9.0, frontType=1.0, warning_status=0.0, aeb_status=0.0}
01-21 17:14:22.631  4023  4023 I ARHUDPresenter.java: [ (ARHUDPresenter.java:140)#Run ] HUDHeight14
01-21 17:14:22.631  4023  4023 E JniUtils.java: [ (JniUtils.java:33)#InputDataAdasObj ] hudHeight高度14.0
01-21 17:14:22.631  4023  4023 D V2021012102 EZD Input Status: InputData_Vehicle=true , speed=11.405470, steering_wheel_angle=0.011719, steering_wheel_angularVel=0.000000
01-21 17:14:22.631  4023  4023 D V2021012102 EZD Input Status: InputData_HUD = true
01-21 17:14:22.631  4023  4023 D V2021012102 EZD Input Status: HUD_button_absolute_pos = 14
01-21 17:14:22.631  4023  4023 D V2021012102 EZD Input Status: InputData_Obj is true. pos_x=3.700000, pos_y=116.000000, frontType=1, direction=2, acc_status=0, type=9, warning_status=0, aeb_status=0
01-21 17:14:22.631  4023  4023 D V2021012102 EZD Input Status: InputData_Obj: acc_gap_set_status=3
01-21 17:14:22.631  4023  4023 D V2021012102 EZD Input Status: InputData_LD=true , warning_status=0
01-21 17:14:22.631  4023  4023 D V2021012102 EZD Input Status: l1:(a,b,c,d)=(-0.950000,-0.002000,-0.000000,0.000001),(st,end)=(0,0); l2:(a,b,c,d)=(-0.950000,-0.002000,-0.000000,0.000001),(st,end)=(96,96);
01-21 17:14:22.631  4023  4023 D V2021012102 EZD Input Status: r1:(a,b,c,d)=(2.430000,-0.002000,-0.000000,0.000001),(st,end)=(0,0); r2:(a,b,c,d)=(2.430000,-0.002000,-0.000000,0.000001),(st,end)=(0,0);
01-21 17:14:22.631  4023  4023 I JniUtils.java: [ (JniUtils.java:46)#InputDataAdasObj ] 周边环境对象等输出成功
01-21 17:14:22.631  4023  4023 I V2021012102 EZD Z: 巡航功能未開啟
01-21 17:14:22.631  4023  4023 D V2021012102 EZD Output Status: Output_obj=true, aeb_status=0 && collision_status=0 && obj_status=0 && accGapSet_status=0
01-21 17:14:22.631  4023  4023 I JniUtils.java: [ (JniUtils.java:48)#InputDataAdasObj ] ADASWarningInfoBean{objID=7, obj_x=0, obj_y=89, obj_status=0, obj_width=0, collisionID=-4506, conllision_x=127, conllision_y=0, collision_status=0, aebID=0, aeb_x=0, aeb_y=16428, aeb_status=0, aebFrame_x=-24395, aebFrame_y=-14601, aebFrame_status=0, accGapSet_ID=0, accGapSet_x=0, accGapSet_y=0, accGapSet_width=0, accGapSet_flip=0, accGapSet_status=0}
01-21 17:14:22.631  4023  4023 D CarSignalManager: handleOnChangeEvent ECarXCarPropertyValue{mPropertyId=0x7ab7 propertyName SteerWhlSnsrAgSpd, mValue=ffff}
01-21 17:14:22.631  4023  4023 D HUDInteractionImpl: onChangeEvent 7ab7
01-21 17:14:22.631  4023  4023 D CarSignalManager: handleOnChangeEvent ECarXCarPropertyValue{mPropertyId=0x7acf propertyName VehSpdLgtA, mValue=b5f}
01-21 17:14:22.631  4023  4127 D HUDInteractionImpl: handleMessage 4
01-21 17:14:22.631  4023  4023 D HUDInteractionImpl: onChangeEvent 7acf
01-21 17:14:22.631  4023  4127 D HUDInteractionImpl: updateDataInfo id 7ab7 value: 65535
01-21 17:14:22.631  4023  4127 D HUDInteractionImpl: handleMessage 4
01-21 17:14:22.631  4023  4023 D CarSignalManager: handleOnChangeEvent ECarXCarPropertyValue{mPropertyId=0x7af1 propertyName ZZZVddmSignalEnd, mValue=4856}
01-21 17:14:22.631  4023  4127 D HUDInteractionImpl: updateDataInfo id 7acf value: 2911
01-21 17:14:22.631  4023  4023 D HUDInteractionImpl: onChangeEvent 7af1
01-21 17:14:22.631  4023  4127 D HUDInteractionImpl: handleMessage 4
01-21 17:14:22.631  4023  4127 D HUDInteractionImpl: updateDataInfo id 7af1 value: 18518
01-21 17:14:22.631  4023  4127 D HUDInteractionImpl: handleMessage 5
01-21 17:14:22.631  4023  4127 D HUDInteractionImpl: onVehicleSyncInfo 11.382010000000001 0.01171875 -0.0078125
01-21 17:14:22.632   674  6196 E [EAKS][ERROR] aks-engine.cc:373: no keyword set yet.
01-21 17:14:22.632   727  1173 D libipcp : socket_says_data_received: Sid: 0x1f, OpID: 0x51, Length: 0x10a, SendHandleId: 0x1f5105c1, Version: 0x3, OpType: 0x5, NOTIFICATION, payloadType: 0x1
01-21 17:14:22.632   727  1173 I libipcp : checkOperaiondIdAvailable: checkOperaiondIdAvailable called service_id: 0x1f, OpId: 0x51
01-21 17:14:22.632   727  1173 I libipcp : checkOperaiondIdAvailable: checkOperaiondIdAvailable opid 0x51 is vaild
01-21 17:14:22.632   727  1158 D libipcp : build_ack_packet: build ACK for Service_id: 0x1f, Operation_Id: 0x51, senderHandleId: 0x1f5105c1
01-21 17:14:22.633   727  1157 I libipcp : ipcp_transport_send: fire --> SenderHandleID: 0x1f5105c1, OperType: ACK, peer.sk_type is 2, peer_ip : 198.18.34.1, peer_port: 50500, length :16
01-21 17:14:22.633   727  1163 D vehiclehal::EcarxIpcpComm: funtion: received_cb , ip [198.18.34.1] , port = 50500, service = ASDM, operation_id = 81
01-21 17:14:22.633   727  1173 D libipcp : socket_says_data_received: Sid: 0x2c, OpID: 0x1d, Length: 0x129, SendHandleId: 0x2c1d051a, Version: 0x3, OpType: 0x5, NOTIFICATION, payloadType: 0x1
01-21 17:14:22.633   727  1173 I libipcp : checkOperaiondIdAvailable: checkOperaiondIdAvailable called service_id: 0x2c, OpId: 0x1d
01-21 17:14:22.633   727  1173 I libipcp : checkOperaiondIdAvailable: checkOperaiondIdAvailable opid 0x1d is vaild
01-21 17:14:22.633   727  1158 D libipcp : build_ack_packet: build ACK for Service_id: 0x2c, Operation_Id: 0x1d, senderHandleId: 0x2c1d051a
01-21 17:14:22.634   727  1163 D vehiclehal::EcarxIpcpComm: funtion: received_cb , ip [198.18.34.1] , port = 50500, service = VDDM, operation_id = 29
01-21 17:14:22.634   727  1157 I libipcp : ipcp_transport_send: fire --> SenderHandleID: 0x2c1d051a, OperType: ACK, peer.sk_type is 2, peer_ip : 198.18.34.1, peer_port: 50500, length :16
01-21 17:14:22.634   727  1170 D vehiclehal::EcarxIpcpComm: funtion: rxThread , service = ASDM, operation_id = 81
01-21 17:14:22.634   727  1170 D IPCP2VV : convertIpcp2VehicleValues, [ASDMNotificationOpID] ap size 258, vp size 258
01-21 17:14:22.635   727  1170 D vehiclehal::EcarxIpcpComm: funtion: rxThread , service = VDDM, operation_id = 29
01-21 17:14:22.636   727  1170 D IPCP2VV : convertIpcp2VehicleValues, [VDDMNotificationOpID] ap size 289, vp size 289
01-21 17:14:22.638   727  1173 D libipcp : socket_says_data_received: Sid: 0x2d, OpID: 0x4, Length: 0x86, SendHandleId: 0x2d040522, Version: 0x3, OpType: 0x5, NOTIFICATION, payloadType: 0x1
01-21 17:14:22.638   727  1173 I libipcp : checkOperaiondIdAvailable: checkOperaiondIdAvailable called service_id: 0x2d, OpId: 0x4
01-21 17:14:22.638   727  1173 I libipcp : checkOperaiondIdAvailable: checkOperaiondIdAvailable opid 0x4 is vaild
01-21 17:14:22.638   727  1158 D libipcp : build_ack_packet: build ACK for Service_id: 0x2d, Operation_Id: 0x4, senderHandleId: 0x2d040522
01-21 17:14:22.639   727  1157 I libipcp : ipcp_transport_send: fire --> SenderHandleID: 0x2d040522, OperType: ACK, peer.sk_type is 2, peer_ip : 198.18.34.1, peer_port: 50500, length :16
01-21 17:14:22.639   727  1162 D vehiclehal::EcarxIpcpComm: funtion: received_cb , ip [198.18.34.1] , port = 50500, service = VGM, operation_id = 4
01-21 17:14:22.641   727  1170 D vehiclehal::EcarxIpcpComm: funtion: rxThread , service = VGM, operation_id = 4
01-21 17:14:22.641   727  1170 D IPCP2VV : convertIpcp2VehicleValues, [VGMNotificationOpID] ap size 126, vp size 126
01-21 17:14:22.642  2581  3674 D ecarx_daemon_VehicleHal: onPropertyEvent: Vehicle Property: 557873871, value: 2913
01-21 17:14:22.642  2581  3674 D ecarx_daemon_VehicleHal: propid 557873871, reqSignalPropertiesString VendorSignalProperty::VehSpdLgtA
01-21 17:14:22.643   727  1173 D libipcp : socket_says_data_received: Sid: 0x6e, OpID: 0xc8, Length: 0x2d0, SendHandleId: 0x6ec80544, Version: 0x3, OpType: 0x5, NOTIFICATION, payloadType: 0x1
01-21 17:14:22.643   727  1173 I libipcp : checkOperaiondIdAvailable: checkOperaiondIdAvailable called service_id: 0x6e, OpId: 0xc8
01-21 17:14:22.643   727  1173 I libipcp : checkOperaiondIdAvailable: checkOperaiondIdAvailable opid 0xc8 is vaild
01-21 17:14:22.643   727  1158 D libipcp : build_ack_packet: build ACK for Service_id: 0x6e, Operation_Id: 0xc8, senderHandleId: 0x6ec80544
01-21 17:14:22.643   727  1162 D vehiclehal::EcarxIpcpComm: funtion: received_cb , ip [198.18.34.1] , port = 50500, service = PHEV, operation_id = 200
01-21 17:14:22.643   727  1157 I libipcp : ipcp_transport_send: fire --> SenderHandleID: 0x6ec80544, OperType: ACK, peer.sk_type is 2, peer_ip : 198.18.34.1, peer_port: 50500, length :16
01-21 17:14:22.644  4142  4142 D CarSignalManager: handleOnChangeEvent ECarXCarPropertyValue{mPropertyId=0x7acf propertyName VehSpdLgtA, mValue=b61}
01-21 17:14:22.644  2941  2941 D CarSignalManager: handleOnChangeEvent ECarXCarPropertyValue{mPropertyId=0x7acf propertyName VehSpdLgtA, mValue=b61}
01-21 17:14:22.644  2101  2101 D CarSignalManager: handleOnChangeEvent ECarXCarPropertyValue{mPropertyId=0x7acf propertyName VehSpdLgtA, mValue=b61}
01-21 17:14:22.644  3213  3213 D CarSignalManager: handleOnChangeEvent ECarXCarPropertyValue{mPropertyId=0x7acf propertyName VehSpdLgtA, mValue=b61}
01-21 17:14:22.644  7005  7005 D CarSignalManager: handleOnChangeEvent ECarXCarPropertyValue{mPropertyId=0x7acf propertyName VehSpdLgtA, mValue=b61}
01-21 17:14:22.644  3051  3051 D CarSignalManager: handleOnChangeEvent ECarXCarPropertyValue{mPropertyId=0x7acf propertyName VehSpdLgtA, mValue=b61}
01-21 17:14:22.644  4574  4574 D CarSignalManager: handleOnChangeEvent ECarXCarPropertyValue{mPropertyId=0x7acf propertyName VehSpdLgtA, mValue=b61}
01-21 17:14:22.644  3255  3255 D CarSignalManager: handleOnChangeEvent ECarXCarPropertyValue{mPropertyId=0x7acf propertyName VehSpdLgtA, mValue=b61}
01-21 17:14:22.644  6573  6573 D CarSignalManager: handleOnChangeEvent ECarXCarPropertyValue{mPropertyId=0x7acf propertyName VehSpdLgtA, mValue=b61}
01-21 17:14:22.644  6573  6573 D CarSignalManager: handleOnChangeEvent ECarXCarPropertyValue{mPropertyId=0x7acf propertyName VehSpdLgtA, mValue=b61}
01-21 17:14:22.644   727  1170 D vehiclehal::EcarxIpcpComm: funtion: rxThread , service = PHEV, operation_id = 200
01-21 17:14:22.644   727  1170 D PAIPCP2VV: convertPAIpcp2VehicleValues, [PHEVOpID] ap size 712, vp size 712
01-21 17:14:22.644  2722  2722 D CarSignalManager: handleOnChangeEvent ECarXCarPropertyValue{mPropertyId=0x7acf propertyName VehSpdLgtA, mValue=b61}
01-21 17:14:22.654   755   755 E DisplayDevice: map unknown ((deprecated) sRGB sRGB Full range)/(RenderIntent::COLORIMETRIC) to default color mode
01-21 17:14:22.655   755   755 I chatty  : uid=1000(system) /system/bin/surfaceflinger identical 2 lines
01-21 17:14:22.655   755   755 E DisplayDevice: map unknown ((deprecated) sRGB sRGB Full range)/(RenderIntent::COLORIMETRIC) to default color mode
01-21 17:14:22.659   674  6186 F [ESIS][FATAL] ref-detecter.cc:347: GET_REF seq not match:24436 -1 0
01-21 17:14:22.659   674  6189 F [ESIS][FATAL] ref-detecter.cc:347: GET_REF seq not match:24436 -1 0
01-21 17:14:22.659  4023  4023 D CarSignalManager: handleOnChangeEvent ECarXCarPropertyValue{mPropertyId=0x70f5 propertyName AsyLeFirstEnd, mValue=83}
01-21 17:14:22.659  4023  4023 D HUDInteractionImpl: onChangeEvent 70f5
01-21 17:14:22.659  4023  4023 D CarSignalManager: handleOnChangeEvent ECarXCarPropertyValue{mPropertyId=0x70f7 propertyName AsyLeSecEnd, mValue=86}
01-21 17:14:22.659  4023  4023 D HUDInteractionImpl: onChangeEvent 70f7
01-21 17:14:22.659  4023  4023 D CarSignalManager: handleOnChangeEvent ECarXCarPropertyValue{mPropertyId=0x70f8 propertyName AsyLeSecStrt, mValue=83}
01-21 17:14:22.659  4023  4023 D HUDInteractionImpl: onChangeEvent 70f8
01-21 17:14:22.659  4023  4023 D CarSignalManager: handleOnChangeEvent ECarXCarPropertyValue{mPropertyId=0x70fe propertyName AsyRiFirstEnd, mValue=89}
01-21 17:14:22.659  4023  4023 D HUDInteractionImpl: onChangeEvent 70fe
01-21 17:14:22.659  4023  4023 D CarSignalManager: handleOnChangeEvent ECarXCarPropertyValue{mPropertyId=0x7101 propertyName AsyRiSecStrt, mValue=89}
01-21 17:14:22.659  4023  4023 D HUDInteractionImpl: onChangeEvent 7101
01-21 17:14:22.659   674  6189 E [EAKS][ERROR] aks-engine.cc:373: no keyword set yet.
01-21 17:14:22.659  4023  4023 D CarSignalManager: handleOnChangeEvent ECarXCarPropertyValue{mPropertyId=0x7175 propertyName AsyLineLePahPrmD, mValue=3e8}
01-21 17:14:22.659  4023  4023 D HUDInteractionImpl: onChangeEvent 7175
01-21 17:14:22.660   674  6196 F [ESIS][FATAL] ref-detecter.cc:347: GET_REF seq not match:24436 -1 0
01-21 17:14:22.660  4023  4023 D CarSignalManager: handleOnChangeEvent ECarXCarPropertyValue{mPropertyId=0x7179 propertyName AsyLineLePah2PrmD, mValue=3e8}
01-21 17:14:22.660  4023  4023 D HUDInteractionImpl: onChangeEvent 7179
01-21 17:14:22.660  4023  4023 D CarSignalManager: handleOnChangeEvent ECarXCarPropertyValue{mPropertyId=0x7182 propertyName AsyLineRiPahPrmA, mValue=ac4}
01-21 17:14:22.660  4023  4023 D HUDInteractionImpl: onChangeEvent 7182
01-21 17:14:22.660  4023  4023 D CarSignalManager: handleOnChangeEvent ECarXCarPropertyValue{mPropertyId=0x7185 propertyName AsyLineRiPahPrmD, mValue=3e8}
01-21 17:14:22.660  4023  4023 D HUDInteractionImpl: onChangeEvent 7185
01-21 17:14:22.660  4023  4023 D CarSignalManager: handleOnChangeEvent ECarXCarPropertyValue{mPropertyId=0x7186 propertyName AsyLineRiPah2PrmA, mValue=ac4}
01-21 17:14:22.660  4023  4023 D HUDInteractionImpl: onChangeEvent 7186
01-21 17:14:22.660  4023  4023 D CarSignalManager: handleOnChangeEvent ECarXCarPropertyValue{mPropertyId=0x7189 propertyName AsyLineRiPah2PrmD, mValue=3e8}
01-21 17:14:22.660  4023  4023 D HUDInteractionImpl: onChangeEvent 7189
01-21 17:14:22.660  4023  4023 D CarSignalManager: handleOnChangeEvent ECarXCarPropertyValue{mPropertyId=0x71bb propertyName ObjFrnt1DstLatOfObjFrnt1, mValue=a5}
01-21 17:14:22.660   674  6186 E [EAKS][ERROR] aks-engine.cc:373: no keyword set yet.
01-21 17:14:22.660  4023  4023 D HUDInteractionImpl: onChangeEvent 71bb
01-21 17:14:22.660  4023  4023 D CarSignalManager: handleOnChangeEvent ECarXCarPropertyValue{mPropertyId=0x71c5 propertyName ZZZAsdmSignalEnd, mValue=4857}
01-21 17:14:22.660   674  6214 F [ESIS][FATAL] ref-detecter.cc:347: GET_REF seq not match:24436 -1 0
01-21 17:14:22.660  4023  4023 D HUDInteractionImpl: onChangeEvent 71c5
01-21 17:14:22.660   674  6196 E [EAKS][ERROR] aks-engine.cc:373: no keyword set yet.
01-21 17:14:22.660   674  6214 E [EAKS][ERROR] aks-engine.cc:373: no keyword set yet.
01-21 17:14:22.660  4023  4127 D HUDInteractionImpl: handleMessage 4
01-21 17:14:22.660  4023  4127 D HUDInteractionImpl: updateDataInfo id 70f5 value: 131
01-21 17:14:22.660  4023  4127 D HUDInteractionImpl: handleMessage 4
01-21 17:14:22.660  4023  4127 D HUDInteractionImpl: updateDataInfo id 70f7 value: 134
01-21 17:14:22.660  4023  4127 D HUDInteractionImpl: handleMessage 4
01-21 17:14:22.660  4023  4127 D HUDInteractionImpl: updateDataInfo id 70f8 value: 131
01-21 17:14:22.660  4023  4127 D HUDInteractionImpl: handleMessage 4
01-21 17:14:22.660  4023  4127 D HUDInteractionImpl: updateDataInfo id 70fe value: 137
01-21 17:14:22.661  4023  4127 D HUDInteractionImpl: handleMessage 4
01-21 17:14:22.661  4023  4127 D HUDInteractionImpl: updateDataInfo id 7101 value: 137
01-21 17:14:22.661  4023  4127 D HUDInteractionImpl: handleMessage 4
01-21 17:14:22.661  4023  4127 D HUDInteractionImpl: updateDataInfo id 7175 value: 1000
01-21 17:14:22.661  4023  4127 D HUDInteractionImpl: handleMessage 4
01-21 17:14:22.661  4023  4127 D HUDInteractionImpl: updateDataInfo id 7179 value: 1000
01-21 17:14:22.661  4023  4127 D HUDInteractionImpl: handleMessage 4
01-21 17:14:22.661  4023  4127 D HUDInteractionImpl: updateDataInfo id 7182 value: 2756
01-21 17:14:22.661  4023  4127 D HUDInteractionImpl: handleMessage 4
01-21 17:14:22.661  4023  4127 D HUDInteractionImpl: updateDataInfo id 7185 value: 1000
01-21 17:14:22.661   727  1173 D libipcp : socket_says_data_received: Sid: 0x1f, OpID: 0x51, Length: 0x10a, SendHandleId: 0x1f5105c2, Version: 0x3, OpType: 0x5, NOTIFICATION, payloadType: 0x1
01-21 17:14:22.661  4023  4127 D HUDInteractionImpl: handleMessage 4
01-21 17:14:22.661   727  1173 I libipcp : checkOperaiondIdAvailable: checkOperaiondIdAvailable called service_id: 0x1f, OpId: 0x51
01-21 17:14:22.661  4023  4127 D HUDInteractionImpl: updateDataInfo id 7186 value: 2756
01-21 17:14:22.661   727  1173 I libipcp : checkOperaiondIdAvailable: checkOperaiondIdAvailable opid 0x51 is vaild
01-21 17:14:22.661  4023  4127 D HUDInteractionImpl: handleMessage 4
01-21 17:14:22.661  4023  4127 D HUDInteractionImpl: updateDataInfo id 7189 value: 1000
01-21 17:14:22.661   727  1158 D libipcp : build_ack_packet: build ACK for Service_id: 0x1f, Operation_Id: 0x51, senderHandleId: 0x1f5105c2
01-21 17:14:22.661   727  1157 I libipcp : ipcp_transport_send: fire --> SenderHandleID: 0x1f5105c2, OperType: ACK, peer.sk_type is 2, peer_ip : 198.18.34.1, peer_port: 50500, length :16
01-21 17:14:22.661  4023  4127 D HUDInteractionImpl: handleMessage 4
01-21 17:14:22.661  4023  4127 D HUDInteractionImpl: updateDataInfo id 71bb value: 165
01-21 17:14:22.661  4023  4127 D HUDInteractionImpl: handleMessage 4
01-21 17:14:22.661  4023  4127 D HUDInteractionImpl: updateDataInfo id 71c5 value: 18519
01-21 17:14:22.661  4023  4127 D HUDInteractionImpl: handleMessage 2
01-21 17:14:22.661  4023  4127 D HUDInteractionImpl: notifyAdasInfo ADASDrivingAidSyncInfo 功能状态: 0 AEB已经制动 0 前方对象方向 2 前方对象类型 1 前方物件横向距离 3.8000000000000007 前方物件纵向距离 116.0 FCW警告 0
01-21 17:14:22.661  4023  4127 D HUDInteractionImpl: notifyAdasInfo ADASLaneSyncInfo 左一上段：0.9499999999999993 0.0020000000000000018 0.0 0.0 左一下段 0.9499999999999993 0.0020000000000000018 0.0 0.0 右一上段 -2.4399999999999977 0.0020000000000000018 0.0 0.0 右一下段 -2.4399999999999977 0.0020000000000000018 0.0 0.0 左一左起止点 0.0 101.0 左一右起止点 101.0 104.0 右一左起止点 0.0 107.0 右一右起止点 107.0 108.0 压线 0
01-21 17:14:22.662   727  1162 D vehiclehal::EcarxIpcpComm: funtion: received_cb , ip [198.18.34.1] , port = 50500, service = ASDM, operation_id = 81
01-21 17:14:22.662   727  1173 D libipcp : socket_says_data_received: Sid: 0x25, OpID: 0x20, Length: 0x89, SendHandleId: 0x252005d9, Version: 0x3, OpType: 0x5, NOTIFICATION, payloadType: 0x1
01-21 17:14:22.662   727  1173 I libipcp : checkOperaiondIdAvailable: checkOperaiondIdAvailable called service_id: 0x25, OpId: 0x20
01-21 17:14:22.662   727  1173 I libipcp : checkOperaiondIdAvailable: checkOperaiondIdAvailable opid 0x20 is vaild
01-21 17:14:22.662   727  1173 D libipcp : socket_says_data_received: Sid: 0x2c, OpID: 0x1d, Length: 0x129, SendHandleId: 0x2c1d051b, Version: 0x3, OpType: 0x5, NOTIFICATION, payloadType: 0x1
01-21 17:14:22.662   727  1173 I libipcp : checkOperaiondIdAvailable: checkOperaiondIdAvailable called service_id: 0x2c, OpId: 0x1d
01-21 17:14:22.662   727  1173 I libipcp : checkOperaiondIdAvailable: checkOperaiondIdAvailable opid 0x1d is vaild
01-21 17:14:22.662   727  1158 D libipcp : build_ack_packet: build ACK for Service_id: 0x25, Operation_Id: 0x20, senderHandleId: 0x252005d9
01-21 17:14:22.662   727  1158 D libipcp : build_ack_packet: build ACK for Service_id: 0x2c, Operation_Id: 0x1d, senderHandleId: 0x2c1d051b
01-21 17:14:22.662   727  1157 I libipcp : ipcp_transport_send: fire --> SenderHandleID: 0x2c1d051b, OperType: ACK, peer.sk_type is 2, peer_ip : 198.18.34.1, peer_port: 50500, length :16
01-21 17:14:22.662   727  1162 D vehiclehal::EcarxIpcpComm: funtion: received_cb , ip [198.18.34.1] , port = 50500, service = DIM, operation_id = 32
01-21 17:14:22.662   727  1163 D vehiclehal::EcarxIpcpComm: funtion: received_cb , ip [198.18.34.1] , port = 50500, service = VDDM, operation_id = 29
01-21 17:14:22.663   727  1157 I libipcp : ipcp_transport_send: fire --> SenderHandleID: 0x252005d9, OperType: ACK, peer.sk_type is 2, peer_ip : 198.18.34.1, peer_port: 50500, length :16
01-21 17:14:22.663   727  1170 D vehiclehal::EcarxIpcpComm: funtion: rxThread , service = ASDM, operation_id = 81
01-21 17:14:22.663   727  1170 D IPCP2VV : convertIpcp2VehicleValues, [ASDMNotificationOpID] ap size 258, vp size 258
01-21 17:14:22.664  2581  3674 D ecarx_daemon_VehicleHal: onPropertyEvent: Vehicle Property: 557873871, value: 2903
01-21 17:14:22.664  2581  3674 D ecarx_daemon_VehicleHal: propid 557873871, reqSignalPropertiesString VendorSignalProperty::VehSpdLgtA
01-21 17:14:22.665   727  1170 D vehiclehal::EcarxIpcpComm: funtion: rxThread , service = DIM, operation_id = 32
01-21 17:14:22.665   727  1170 D IPCP2VV : convertIpcp2VehicleValues, [DIMNotificationOpID] ap size 129, vp size 129
01-21 17:14:22.665  6573  6573 D CarSignalManager: handleOnChangeEvent ECarXCarPropertyValue{mPropertyId=0x7acf propertyName VehSpdLgtA, mValue=b57}
01-21 17:14:22.665  2941  2941 D CarSignalManager: handleOnChangeEvent ECarXCarPropertyValue{mPropertyId=0x7acf propertyName VehSpdLgtA, mValue=b57}
01-21 17:14:22.665  3051  3051 D CarSignalManager: handleOnChangeEvent ECarXCarPropertyValue{mPropertyId=0x7acf propertyName VehSpdLgtA, mValue=b57}
01-21 17:14:22.665  7005  7005 D CarSignalManager: handleOnChangeEvent ECarXCarPropertyValue{mPropertyId=0x7acf propertyName VehSpdLgtA, mValue=b57}
01-21 17:14:22.665  3213  3213 D CarSignalManager: handleOnChangeEvent ECarXCarPropertyValue{mPropertyId=0x7acf propertyName VehSpdLgtA, mValue=b57}
01-21 17:14:22.666  3255  3255 D CarSignalManager: handleOnChangeEvent ECarXCarPropertyValue{mPropertyId=0x7acf propertyName VehSpdLgtA, mValue=b57}
01-21 17:14:22.666  2101  2101 D CarSignalManager: handleOnChangeEvent ECarXCarPropertyValue{mPropertyId=0x7acf propertyName VehSpdLgtA, mValue=b57}
01-21 17:14:22.666  4574  4574 D CarSignalManager: handleOnChangeEvent ECarXCarPropertyValue{mPropertyId=0x7acf propertyName VehSpdLgtA, mValue=b57}
01-21 17:14:22.666  4142  4142 D CarSignalManager: handleOnChangeEvent ECarXCarPropertyValue{mPropertyId=0x7acf propertyName VehSpdLgtA, mValue=b57}
01-21 17:14:22.666  6573  6573 D CarSignalManager: handleOnChangeEvent ECarXCarPropertyValue{mPropertyId=0x7acf propertyName VehSpdLgtA, mValue=b57}
01-21 17:14:22.666   727  1170 D vehiclehal::EcarxIpcpComm: funtion: rxThread , service = VDDM, operation_id = 29
01-21 17:14:22.666  2722  2722 D CarSignalManager: handleOnChangeEvent ECarXCarPropertyValue{mPropertyId=0x7acf propertyName VehSpdLgtA, mValue=b57}
01-21 17:14:22.666   727  1170 D IPCP2VV : convertIpcp2VehicleValues, [VDDMNotificationOpID] ap size 289, vp size 289
01-21 17:14:22.676  4574  4574 D ECarXCarFuncManagerBase: onChangeEvent: 33706 [B@f84bbcc
01-21 17:14:22.676  4574  4574 I chatty  : uid=10053(com.ecarx.mycar) identical 16 lines
01-21 17:14:22.676  4574  4574 D ECarXCarFuncManagerBase: onChangeEvent: 33706 [B@f84bbcc
01-21 17:14:22.676  4574  4574 D CarPAEventCallback: onPAChanged propertyId: 33706
01-21 17:14:22.676  4574  4574 D CarPAEventCallback: PA_TS_OdometerTripMeter2 = PA_TS_OdometerTripMeter2{availability = Active, dataValue = 18608, statusValue = 0, formatValue = 0}
01-21 17:14:22.676  4574  4574 D ECarXCarFuncManagerBase: handleOnChangeEvent patsodometertripmeter2
01-21 17:14:22.683 10366 10366 D CarPowerDaemon: Board platform 'msmnile'
01-21 17:14:22.683 10366 10366 D CarPowerDaemon: usbDevice  '/sys/devices/platform/soc/a600000.ssusb/mode' 
01-21 17:14:22.683 10366 10366 D CarPowerDaemon: usbDevice2 '/sys/devices/platform/soc/a800000.ssusb/mode' 
01-21 17:14:22.683 10366 10367 D CarPowerDaemon: vehicle thread enter
01-21 17:14:22.686   727   727 E automotive.vehicle@2.0-impl: Failed to subscribe: config not found, property: 0x11410a01
01-21 17:14:22.688   755   755 E DisplayDevice: map unknown ((deprecated) sRGB sRGB Full range)/(RenderIntent::COLORIMETRIC) to default color mode
01-21 17:14:22.688   755   755 I chatty  : uid=1000(system) /system/bin/surfaceflinger identical 2 lines
01-21 17:14:22.688   755   755 E DisplayDevice: map unknown ((deprecated) sRGB sRGB Full range)/(RenderIntent::COLORIMETRIC) to default color mode
01-21 17:14:22.688   674  6189 F [ESIS][FATAL] ref-detecter.cc:347: GET_REF seq not match:24440 -1 0
01-21 17:14:22.688   674  6186 F [ESIS][FATAL] ref-detecter.cc:347: GET_REF seq not match:24440 -1 0
01-21 17:14:22.688 10366 10367 D CarPowerDaemon: exit thread
01-21 17:14:22.688 10366 10367 D CarPowerDaemon: vehicle thread leave
01-21 17:14:22.688   674  6196 F [ESIS][FATAL] ref-detecter.cc:347: GET_REF seq not match:24440 -1 0
01-21 17:14:22.688   674  6214 F [ESIS][FATAL] ref-detecter.cc:347: GET_REF seq not match:24440 -1 0
01-21 17:14:22.689   674  6196 E [EAKS][ERROR] aks-engine.cc:373: no keyword set yet.
01-21 17:14:22.689   674  6189 E [EAKS][ERROR] aks-engine.cc:373: no keyword set yet.
01-21 17:14:22.691   674  6214 E [EAKS][ERROR] aks-engine.cc:373: no keyword set yet.
01-21 17:14:22.691   674  6186 E [EAKS][ERROR] aks-engine.cc:373: no keyword set yet.
01-21 17:14:22.692   727  1173 D libipcp : socket_says_data_received: Sid: 0x1f, OpID: 0x51, Length: 0x10a, SendHandleId: 0x1f5105c3, Version: 0x3, OpType: 0x5, NOTIFICATION, payloadType: 0x1
01-21 17:14:22.692   727  1173 I libipcp : checkOperaiondIdAvailable: checkOperaiondIdAvailable called service_id: 0x1f, OpId: 0x51
01-21 17:14:22.692   727  1173 I libipcp : checkOperaiondIdAvailable: checkOperaiondIdAvailable opid 0x51 is vaild
01-21 17:14:22.692   727  1158 D libipcp : build_ack_packet: build ACK for Service_id: 0x1f, Operation_Id: 0x51, senderHandleId: 0x1f5105c3
01-21 17:14:22.692   727  1157 I libipcp : ipcp_transport_send: fire --> SenderHandleID: 0x1f5105c3, OperType: ACK, peer.sk_type is 2, peer_ip : 198.18.34.1, peer_port: 50500, length :16
01-21 17:14:22.693   727  1173 D libipcp : socket_says_data_received: Sid: 0x2c, OpID: 0x1d, Length: 0x129, SendHandleId: 0x2c1d051c, Version: 0x3, OpType: 0x5, NOTIFICATION, payloadType: 0x1
01-21 17:14:22.693   727  1173 I libipcp : checkOperaiondIdAvailable: checkOperaiondIdAvailable called service_id: 0x2c, OpId: 0x1d
01-21 17:14:22.693   727  1173 I libipcp : checkOperaiondIdAvailable: checkOperaiondIdAvailable opid 0x1d is vaild
01-21 17:14:22.693   727  1158 D libipcp : build_ack_packet: build ACK for Service_id: 0x2c, Operation_Id: 0x1d, senderHandleId: 0x2c1d051c
01-21 17:14:22.694   727  1163 D vehiclehal::EcarxIpcpComm: funtion: received_cb , ip [198.18.34.1] , port = 50500, service = ASDM, operation_id = 81
01-21 17:14:22.694   727  1162 D vehiclehal::EcarxIpcpComm: funtion: received_cb , ip [198.18.34.1] , port = 50500, service = VDDM, operation_id = 29
01-21 17:14:22.694   727  1157 I libipcp : ipcp_transport_send: fire --> SenderHandleID: 0x2c1d051c, OperType: ACK, peer.sk_type is 2, peer_ip : 198.18.34.1, peer_port: 50500, length :16
01-21 17:14:22.695  4023  4023 D CarSignalManager: handleOnChangeEvent ECarXCarPropertyValue{mPropertyId=0x7ab6 propertyName SteerWhlSnsrAg, mValue=b}
01-21 17:14:22.695  4023  4023 D HUDInteractionImpl: onChangeEvent 7ab6
01-21 17:14:22.695  4023  4023 D CarSignalManager: handleOnChangeEvent ECarXCarPropertyValue{mPropertyId=0x7acf propertyName VehSpdLgtA, mValue=b61}
01-21 17:14:22.695  4023  4127 D HUDInteractionImpl: handleMessage 4
01-21 17:14:22.695  4023  4023 D HUDInteractionImpl: onChangeEvent 7acf
01-21 17:14:22.695  4023  4127 D HUDInteractionImpl: updateDataInfo id 7ab6 value: 11
01-21 17:14:22.695  4023  4023 D CarSignalManager: handleOnChangeEvent ECarXCarPropertyValue{mPropertyId=0x7af1 propertyName ZZZVddmSignalEnd, mValue=4859}
01-21 17:14:22.695  4023  4023 D HUDInteractionImpl: onChangeEvent 7af1
01-21 17:14:22.695  4023  4127 D HUDInteractionImpl: handleMessage 4
01-21 17:14:22.695  4023  4023 D CarSignalManager: handleOnChangeEvent ECarXCarPropertyValue{mPropertyId=0x70fe propertyName AsyRiFirstEnd, mValue=88}
01-21 17:14:22.695  4023  4127 D HUDInteractionImpl: updateDataInfo id 7acf value: 2913
01-21 17:14:22.695  4023  4023 D HUDInteractionImpl: onChangeEvent 70fe
01-21 17:14:22.695  4023  4127 D HUDInteractionImpl: handleMessage 4
01-21 17:14:22.695  4023  4127 D HUDInteractionImpl: updateDataInfo id 7af1 value: 18521
01-21 17:14:22.695  4023  4023 D CarSignalManager: handleOnChangeEvent ECarXCarPropertyValue{mPropertyId=0x7100 propertyName AsyRiSecEnd, mValue=91}
01-21 17:14:22.695  4023  4127 D HUDInteractionImpl: handleMessage 4
01-21 17:14:22.695  4023  4023 D HUDInteractionImpl: onChangeEvent 7100
01-21 17:14:22.695  4023  4127 D HUDInteractionImpl: updateDataInfo id 70fe value: 136
01-21 17:14:22.695  4023  4023 D CarSignalManager: handleOnChangeEvent ECarXCarPropertyValue{mPropertyId=0x7101 propertyName AsyRiSecStrt, mValue=88}
01-21 17:14:22.695  4023  4127 D HUDInteractionImpl: handleMessage 5
01-21 17:14:22.695  4023  4023 D HUDInteractionImpl: onChangeEvent 7101
01-21 17:14:22.695  4023  4127 D HUDInteractionImpl: onVehicleSyncInfo 11.389830000000002 0.0107421875 -0.0078125
01-21 17:14:22.695  4023  4023 D CarSignalManager: handleOnChangeEvent ECarXCarPropertyValue{mPropertyId=0x7173 propertyName AsyLineLePahPrmB, mValue=641}
01-21 17:14:22.695  4023  4127 D HUDInteractionImpl: handleMessage 4
01-21 17:14:22.695  4023  4023 D HUDInteractionImpl: onChangeEvent 7173
01-21 17:14:22.695  4023  4127 D HUDInteractionImpl: updateDataInfo id 7100 value: 145
01-21 17:14:22.695  4023  4127 D HUDInteractionImpl: handleMessage 4
01-21 17:14:22.695  4023  4023 D CarSignalManager: handleOnChangeEvent ECarXCarPropertyValue{mPropertyId=0x7174 propertyName AsyLineLePahPrmC, mValue=3e7}
01-21 17:14:22.695  4023  4127 D HUDInteractionImpl: updateDataInfo id 7101 value: 136
01-21 17:14:22.695  4023  4023 D HUDInteractionImpl: onChangeEvent 7174
01-21 17:14:22.695  4023  4127 D HUDInteractionImpl: handleMessage 4
01-21 17:14:22.695  4023  4127 D HUDInteractionImpl: updateDataInfo id 7173 value: 1601
01-21 17:14:22.695  4023  4023 D CarSignalManager: handleOnChangeEvent ECarXCarPropertyValue{mPropertyId=0x7177 propertyName AsyLineLePah2PrmB, mValue=63e}
01-21 17:14:22.695  4023  4127 D HUDInteractionImpl: handleMessage 4
01-21 17:14:22.695  4023  4023 D HUDInteractionImpl: onChangeEvent 7177
01-21 17:14:22.695  4023  4127 D HUDInteractionImpl: updateDataInfo id 7174 value: 999
01-21 17:14:22.695  4023  4023 D CarSignalManager: handleOnChangeEvent ECarXCarPropertyValue{mPropertyId=0x7182 propertyName AsyLineRiPahPrmA, mValue=ac5}
01-21 17:14:22.695  4023  4127 D HUDInteractionImpl: handleMessage 4
01-21 17:14:22.695  4023  4023 D HUDInteractionImpl: onChangeEvent 7182
01-21 17:14:22.695  4023  4127 D HUDInteractionImpl: updateDataInfo id 7177 value: 1598
01-21 17:14:22.695  4023  4127 D HUDInteractionImpl: handleMessage 4
01-21 17:14:22.695  4023  4023 D CarSignalManager: handleOnChangeEvent ECarXCarPropertyValue{mPropertyId=0x7183 propertyName AsyLineRiPahPrmB, mValue=641}
01-21 17:14:22.695  4023  4127 D HUDInteractionImpl: updateDataInfo id 7182 value: 2757
01-21 17:14:22.695  4023  4023 D HUDInteractionImpl: onChangeEvent 7183
01-21 17:14:22.695   727  1170 D vehiclehal::EcarxIpcpComm: funtion: rxThread , service = ASDM, operation_id = 81
01-21 17:14:22.695   727  1170 D IPCP2VV : convertIpcp2VehicleValues, [ASDMNotificationOpID] ap size 258, vp size 258
01-21 17:14:22.695  4023  4023 D CarSignalManager: handleOnChangeEvent ECarXCarPropertyValue{mPropertyId=0x7184 propertyName AsyLineRiPahPrmC, mValue=3e7}
01-21 17:14:22.695  4023  4023 D HUDInteractionImpl: onChangeEvent 7184
01-21 17:14:22.695  4023  4023 D CarSignalManager: handleOnChangeEvent ECarXCarPropertyValue{mPropertyId=0x7186 propertyName AsyLineRiPah2PrmA, mValue=ad1}
01-21 17:14:22.695  4023  4023 D HUDInteractionImpl: onChangeEvent 7186
01-21 17:14:22.695  4023  4023 D CarSignalManager: handleOnChangeEvent ECarXCarPropertyValue{mPropertyId=0x7187 propertyName AsyLineRiPah2PrmB, mValue=63e}
01-21 17:14:22.695  4023  4023 D HUDInteractionImpl: onChangeEvent 7187
01-21 17:14:22.695  4023  4023 D CarSignalManager: handleOnChangeEvent ECarXCarPropertyValue{mPropertyId=0x71c5 propertyName ZZZAsdmSignalEnd, mValue=485a}
01-21 17:14:22.695  4023  4023 D HUDInteractionImpl: onChangeEvent 71c5
01-21 17:14:22.696  4023  4127 D HUDInteractionImpl: handleMessage 4
01-21 17:14:22.696  4023  4023 I ARHUDPresenter.java: [ (ARHUDPresenter.java:157)#Run ] inputADASLDInputADASLD{l1_a=0.9499999999999993, l1_b=0.0020000000000000018, l1_c=0.0, l1_d=0.0, l2_a=0.9499999999999993, l2_b=0.0020000000000000018, l2_c=0.0, l2_d=0.0, r1_a=-2.4399999999999977, r1_b=0.0020000000000000018, r1_c=0.0, r1_d=0.0, r2_a=-2.4399999999999977, r2_b=0.0020000000000000018, r2_c=0.0, r2_d=0.0, warning_status=0, detect_start_l1=0.0, detect_end_l1=101.0, detect_start_l2=101.0, detect_end_l2=104.0, detect_start_r2=107.0, detect_end_r2=108.0, detect_start_r1=0.0, detect_end_r1=107.0}
01-21 17:14:22.696  4023  4127 D HUDInteractionImpl: updateDataInfo id 7183 value: 1601
01-21 17:14:22.696  4023  4023 D V2021012102 EZD Input Status: InputData_HUD = true
01-21 17:14:22.696  4023  4127 D HUDInteractionImpl: handleMessage 4
01-21 17:14:22.696  4023  4023 D V2021012102 EZD Input Status: HUD_button_absolute_pos = 14
01-21 17:14:22.696  4023  4127 D HUDInteractionImpl: updateDataInfo id 7184 value: 999
01-21 17:14:22.696  4023  4023 D V2021012102 EZD Input Status: InputData_LD=true , warning_status=0
01-21 17:14:22.696  4023  4127 D HUDInteractionImpl: handleMessage 4
01-21 17:14:22.696  4023  4127 D HUDInteractionImpl: updateDataInfo id 7186 value: 2769
01-21 17:14:22.696  4023  4023 D V2021012102 EZD Input Status: l1:(a,b,c,d)=(-0.950000,-0.002000,-0.000000,-0.000000),(st,end)=(0,0); l2:(a,b,c,d)=(-0.950000,-0.002000,-0.000000,-0.000000),(st,end)=(101,101);
01-21 17:14:22.696  4023  4127 D HUDInteractionImpl: handleMessage 4
01-21 17:14:22.696  4023  4023 D V2021012102 EZD Input Status: r1:(a,b,c,d)=(2.440000,-0.002000,-0.000000,-0.000000),(st,end)=(0,0); r2:(a,b,c,d)=(2.440000,-0.002000,-0.000000,-0.000000),(st,end)=(107,107);
01-21 17:14:22.696  4023  4127 D HUDInteractionImpl: updateDataInfo id 7187 value: 1598
01-21 17:14:22.696  4023  4127 D HUDInteractionImpl: handleMessage 4
01-21 17:14:22.696  4023  4127 D HUDInteractionImpl: updateDataInfo id 71c5 value: 18522
01-21 17:14:22.696  4023  4127 D HUDInteractionImpl: handleMessage 2
01-21 17:14:22.696  4023  4023 I JniUtils.java: [ (JniUtils.java:66)#InputADASLD ] 道路信息输出成功
01-21 17:14:22.696  4023  4127 D HUDInteractionImpl: notifyAdasInfo ADASDrivingAidSyncInfo 功能状态: 0 AEB已经制动 0 前方对象方向 2 前方对象类型 1 前方物件横向距离 3.8000000000000007 前方物件纵向距离 116.0 FCW警告 0
01-21 17:14:22.696  4023  4023 D V2021012102 EZD Output Status: Output_ld=true , laneID=0, (start_x,start_y)=(0,0), (end_x,end_y)=(0,0), (A,B,C,D)=(0.000000,0.000000,0.000000,0.000000), status=0
01-21 17:14:22.696  4023  4127 D HUDInteractionImpl: notifyAdasInfo ADASLaneSyncInfo 左一上段：0.9499999999999993 -0.0020000000000000018 0.0 0.0 左一下段 0.9499999999999993 9.999999999998899E-4 -1.0000000000000286E-4 0.0 右一上段 -2.3099999999999987 -0.0020000000000000018 0.0 0.0 右一下段 -2.4299999999999997 9.999999999998899E-4 -1.0000000000000286E-4 0.0 左一左起止点 0.0 101.0 左一右起止点 101.0 104.0 右一左起止点 0.0 106.0 右一右起止点 106.0 115.0 压线 0
01-21 17:14:22.696  4023  4023 I JniUtils.java: [ (JniUtils.java:68)#InputADASLD ] ADASLaneInfoBean{LaneID=0, x1=0, y1=0, x2=0, y2=0, A=0.0, B=0.0, C=0.0, D=0.0, status=0}
01-21 17:14:22.696  4023  4023 I ARHUDPresenter.java: [ (ARHUDPresenter.java:139)#Run ] adasLaneInfoBeanInputADASObj{acc_status=0.0, pos_x=3.8000000000000007, pos_z=116.0, direction=2.0, type=9.0, frontType=1.0, warning_status=0.0, aeb_status=0.0}
01-21 17:14:22.696  4023  4023 I ARHUDPresenter.java: [ (ARHUDPresenter.java:140)#Run ] HUDHeight14
01-21 17:14:22.696  4023  4023 E JniUtils.java: [ (JniUtils.java:33)#InputDataAdasObj ] hudHeight高度14.0
01-21 17:14:22.696  4023  4023 D V2021012102 EZD Input Status: InputData_Vehicle=true , speed=11.389830, steering_wheel_angle=0.010742, steering_wheel_angularVel=-0.007812
01-21 17:14:22.696  4023  4023 D V2021012102 EZD Input Status: InputData_HUD = true
01-21 17:14:22.696  4023  4023 D V2021012102 EZD Input Status: HUD_button_absolute_pos = 14
01-21 17:14:22.696  4023  4023 D V2021012102 EZD Input Status: InputData_Obj is true. pos_x=3.800000, pos_y=116.000000, frontType=1, direction=2, acc_status=0, type=9, warning_status=0, aeb_status=0
01-21 17:14:22.696  4023  4023 D V2021012102 EZD Input Status: InputData_Obj: acc_gap_set_status=3
01-21 17:14:22.696  4023  4023 D V2021012102 EZD Input Status: InputData_LD=true , warning_status=0
01-21 17:14:22.696  4023  4023 D V2021012102 EZD Input Status: l1:(a,b,c,d)=(-0.950000,0.002000,-0.000000,-0.000000),(st,end)=(0,0); l2:(a,b,c,d)=(-0.950000,-0.001000,0.000100,-0.000000),(st,end)=(101,101);
01-21 17:14:22.696  4023  4023 D V2021012102 EZD Input Status: r1:(a,b,c,d)=(2.310000,0.002000,-0.000000,-0.000000),(st,end)=(0,0); r2:(a,b,c,d)=(2.430000,-0.001000,0.000100,-0.000000),(st,end)=(106,106);
01-21 17:14:22.696  4023  4023 I JniUtils.java: [ (JniUtils.java:46)#InputDataAdasObj ] 周边环境对象等输出成功
01-21 17:14:22.696  4023  4023 I V2021012102 EZD Z: 巡航功能未開啟
