01-21 17:14:21.961  4023  4023 D V2021012102 EZD Input Status: l1:(a,b,c,d)=(-1.250000,0.002000,-0.000100,0.000001),(st,end)=(0,0); l2:(a,b,c,d)=(-0.890000,-0.005000,-0.000000,0.000001),(st,end)=(58,58);
01-21 17:14:21.961  4023  4023 D V2021012102 EZD Input Status: r1:(a,b,c,d)=(2.160000,0.002000,-0.000100,0.000001),(st,end)=(0,0); r2:(a,b,c,d)=(2.450000,-0.005000,-0.000000,0.000001),(st,end)=(112,112);
01-21 17:14:21.961  4023  4023 I JniUtils.java: [ (JniUtils.java:66)#InputADASLD ] 道路信息输出成功
01-21 17:14:21.961  4023  4023 D V2021012102 EZD Output Status: Output_ld=true , laneID=0, (start_x,start_y)=(0,0), (end_x,end_y)=(0,0), (A,B,C,D)=(0.000000,0.000000,0.000000,0.000000), status=0
01-21 17:14:21.961  4023  4023 I JniUtils.java: [ (JniUtils.java:68)#InputADASLD ] ADASLaneInfoBean{LaneID=0, x1=0, y1=0, x2=0, y2=0, A=0.0, B=0.0, C=0.0, D=0.0, status=0}
01-21 17:14:21.961  4023  4023 I ARHUDPresenter.java: [ (ARHUDPresenter.java:139)#Run ] adasLaneInfoBeanInputADASObj{acc_status=0.0, pos_x=1.7763568394002505E-15, pos_z=0.0, direction=0.0, type=9.0, frontType=0.0, warning_status=0.0, aeb_status=0.0}
01-21 17:14:21.961  4023  4023 I ARHUDPresenter.java: [ (ARHUDPresenter.java:140)#Run ] HUDHeight14
01-21 17:14:21.961  4023  4023 E JniUtils.java: [ (JniUtils.java:33)#InputDataAdasObj ] hudHeight高度14.0
01-21 17:14:21.961  4023  4023 D V2021012102 EZD Input Status: InputData_Vehicle=true , speed=11.702630, steering_wheel_angle=0.057617, steering_wheel_angularVel=0.000000
01-21 17:14:21.961  4023  4023 D V2021012102 EZD Input Status: InputData_HUD = true
01-21 17:14:21.961  4023  4023 D V2021012102 EZD Input Status: HUD_button_absolute_pos = 14
01-21 17:14:21.961  4023  4023 D V2021012102 EZD Input Status: InputData_Obj is true. pos_x=0.000000, pos_y=0.000000, frontType=0, direction=0, acc_status=0, type=9, warning_status=0, aeb_status=0
01-21 17:14:21.961  4023  4023 D V2021012102 EZD Input Status: InputData_Obj: acc_gap_set_status=3
01-21 17:14:21.961  4023  4023 D V2021012102 EZD Input Status: InputData_LD=true , warning_status=0
01-21 17:14:21.961  4023  4023 D V2021012102 EZD Input Status: l1:(a,b,c,d)=(-1.250000,0.002000,-0.000100,0.000001),(st,end)=(0,0); l2:(a,b,c,d)=(-0.890000,-0.005000,-0.000000,0.000001),(st,end)=(58,58);
01-21 17:14:21.961  4023  4023 D V2021012102 EZD Input Status: r1:(a,b,c,d)=(2.160000,0.002000,-0.000100,0.000001),(st,end)=(0,0); r2:(a,b,c,d)=(2.450000,-0.005000,-0.000000,0.000001),(st,end)=(112,112);
01-21 17:14:21.961  4023  4023 I JniUtils.java: [ (JniUtils.java:46)#InputDataAdasObj ] 周边环境对象等输出成功
01-21 17:14:21.961  4023  4023 I V2021012102 EZD Z: 巡航功能未開啟
01-21 17:14:21.961  4023  4023 D V2021012102 EZD Output Status: Output_obj=true, aeb_status=0 && collision_status=0 && obj_status=0 && accGapSet_status=0
01-21 17:14:21.961  4023  4023 I JniUtils.java: [ (JniUtils.java:48)#InputDataAdasObj ] ADASWarningInfoBean{objID=7, obj_x=0, obj_y=89, obj_status=0, obj_width=0, collisionID=-4506, conllision_x=127, conllision_y=0, collision_status=0, aebID=0, aeb_x=0, aeb_y=16428, aeb_status=0, aebFrame_x=-24395, aebFrame_y=-14601, aebFrame_status=0, accGapSet_ID=0, accGapSet_x=0, accGapSet_y=0, accGapSet_width=0, accGapSet_flip=0, accGapSet_status=0}
01-21 17:14:21.964  3100  6293 W System.err: java.net.SocketTimeoutException: Read timed out
01-21 17:14:21.964  3100  6293 W System.err: 	at com.android.org.conscrypt.NativeCrypto.SSL_read(Native Method)
01-21 17:14:21.964  3100  6293 W System.err: 	at com.android.org.conscrypt.NativeSsl.read(NativeSsl.java:399)
01-21 17:14:21.964  3100  6293 W System.err: 	at com.android.org.conscrypt.ConscryptFileDescriptorSocket$SSLInputStream.read(ConscryptFileDescriptorSocket.java:546)
01-21 17:14:21.964  3100  6293 W System.err: 	at java.io.DataInputStream.readFully(DataInputStream.java:198)
01-21 17:14:21.964  3100  6293 W System.err: 	at com.baidu.speech.dcs.connection.DcsLongConnectionService.parseLength(DcsLongConnectionService.java:727)
01-21 17:14:21.964  3100  6293 W System.err: 	at com.baidu.speech.dcs.connection.DcsLongConnectionService.access$2600(DcsLongConnectionService.java:51)
01-21 17:14:21.964  3100  6293 W System.err: 	at com.baidu.speech.dcs.connection.DcsLongConnectionService$ReadThread.run(DcsLongConnectionService.java:561)
01-21 17:14:21.969  2581  3674 D ecarx_daemon_VehicleHal: onPropertyEvent: Vehicle Property: 557873871, value: 2981
01-21 17:14:21.969  2581  3674 D ecarx_daemon_VehicleHal: propid 557873871, reqSignalPropertiesString VendorSignalProperty::VehSpdLgtA
01-21 17:14:21.970  3051  3051 D CarSignalManager: handleOnChangeEvent ECarXCarPropertyValue{mPropertyId=0x7acf propertyName VehSpdLgtA, mValue=ba5}
01-21 17:14:21.970  3213  3213 D CarSignalManager: handleOnChangeEvent ECarXCarPropertyValue{mPropertyId=0x7acf propertyName VehSpdLgtA, mValue=ba5}
01-21 17:14:21.970  4574  4574 D CarSignalManager: handleOnChangeEvent ECarXCarPropertyValue{mPropertyId=0x7acf propertyName VehSpdLgtA, mValue=ba5}
01-21 17:14:21.971  4142  4142 D CarSignalManager: handleOnChangeEvent ECarXCarPropertyValue{mPropertyId=0x7acf propertyName VehSpdLgtA, mValue=ba5}
01-21 17:14:21.971  2941  2941 D CarSignalManager: handleOnChangeEvent ECarXCarPropertyValue{mPropertyId=0x7acf propertyName VehSpdLgtA, mValue=ba5}
01-21 17:14:21.971  2722  2722 D CarSignalManager: handleOnChangeEvent ECarXCarPropertyValue{mPropertyId=0x7acf propertyName VehSpdLgtA, mValue=ba5}
01-21 17:14:21.971  3255  3255 D CarSignalManager: handleOnChangeEvent ECarXCarPropertyValue{mPropertyId=0x7acf propertyName VehSpdLgtA, mValue=ba5}
01-21 17:14:21.971  2101  2101 D CarSignalManager: handleOnChangeEvent ECarXCarPropertyValue{mPropertyId=0x7acf propertyName VehSpdLgtA, mValue=ba5}
01-21 17:14:21.971   727  1173 D libipcp : socket_says_data_received: Sid: 0x1f, OpID: 0x51, Length: 0x10a, SendHandleId: 0x1f5105b0, Version: 0x3, OpType: 0x5, NOTIFICATION, payloadType: 0x1
01-21 17:14:21.971   727  1173 I libipcp : checkOperaiondIdAvailable: checkOperaiondIdAvailable called service_id: 0x1f, OpId: 0x51
01-21 17:14:21.971   727  1173 I libipcp : checkOperaiondIdAvailable: checkOperaiondIdAvailable opid 0x51 is vaild
01-21 17:14:21.971   727  1158 D libipcp : build_ack_packet: build ACK for Service_id: 0x1f, Operation_Id: 0x51, senderHandleId: 0x1f5105b0
01-21 17:14:21.971  7005  7005 D CarSignalManager: handleOnChangeEvent ECarXCarPropertyValue{mPropertyId=0x7acf propertyName VehSpdLgtA, mValue=ba5}
01-21 17:14:21.971  6573  6573 D CarSignalManager: handleOnChangeEvent ECarXCarPropertyValue{mPropertyId=0x7acf propertyName VehSpdLgtA, mValue=ba5}
01-21 17:14:21.972   727  1157 I libipcp : ipcp_transport_send: fire --> SenderHandleID: 0x1f5105b0, OperType: ACK, peer.sk_type is 2, peer_ip : 198.18.34.1, peer_port: 50500, length :16
01-21 17:14:21.972  6573  6573 D CarSignalManager: handleOnChangeEvent ECarXCarPropertyValue{mPropertyId=0x7acf propertyName VehSpdLgtA, mValue=ba5}
01-21 17:14:21.972   727  1163 D vehiclehal::EcarxIpcpComm: funtion: received_cb , ip [198.18.34.1] , port = 50500, service = ASDM, operation_id = 81
01-21 17:14:21.972   727  1173 D libipcp : socket_says_data_received: Sid: 0x2c, OpID: 0x1d, Length: 0x129, SendHandleId: 0x2c1d0504, Version: 0x3, OpType: 0x5, NOTIFICATION, payloadType: 0x1
01-21 17:14:21.972   727  1173 I libipcp : checkOperaiondIdAvailable: checkOperaiondIdAvailable called service_id: 0x2c, OpId: 0x1d
01-21 17:14:21.972   727  1173 I libipcp : checkOperaiondIdAvailable: checkOperaiondIdAvailable opid 0x1d is vaild
01-21 17:14:21.972   727  1158 D libipcp : build_ack_packet: build ACK for Service_id: 0x2c, Operation_Id: 0x1d, senderHandleId: 0x2c1d0504
01-21 17:14:21.972   727  1157 I libipcp : ipcp_transport_send: fire --> SenderHandleID: 0x2c1d0504, OperType: ACK, peer.sk_type is 2, peer_ip : 198.18.34.1, peer_port: 50500, length :16
01-21 17:14:21.973   727  1163 D vehiclehal::EcarxIpcpComm: funtion: received_cb , ip [198.18.34.1] , port = 50500, service = VDDM, operation_id = 29
01-21 17:14:21.974   727  1170 D vehiclehal::EcarxIpcpComm: funtion: rxThread , service = ASDM, operation_id = 81
01-21 17:14:21.974   727  1170 D IPCP2VV : convertIpcp2VehicleValues, [ASDMNotificationOpID] ap size 258, vp size 258
01-21 17:14:21.975   727  1170 D vehiclehal::EcarxIpcpComm: funtion: rxThread , service = VDDM, operation_id = 29
01-21 17:14:21.975   727  1170 D IPCP2VV : convertIpcp2VehicleValues, [VDDMNotificationOpID] ap size 289, vp size 289
01-21 17:14:21.980   709  1041 D GnssHAL_GnssIpcp: socket_says_data_received: Sid: 0xb0, OpID: 0x6, Length: 0x200, SendHandleId: 0xb0060553, Version: 0x3, OpType: 0x5, NOTIFICATION, payloadType: 0
01-21 17:14:21.980   709  1041 I GnssHAL_GnssIpcp: checkOperaiondIdAvailable: checkOperaiondIdAvailable called service_id: 0xb0, OpId: 0x6
01-21 17:14:21.980   709  1041 I GnssHAL_GnssIpcp: checkOperaiondIdAvailable: checkOperaiondIdAvailable opid 0x6 is vaild
01-21 17:14:21.980   709  1034 D GnssHAL_GnssIpcp: build_ack_packet: build ACK for Service_id: 0xb0, Operation_Id: 0x6, senderHandleId: 0xb0060553
01-21 17:14:21.980   709  1033 I GnssHAL_GnssIpcp: ipcp_transport_send: fire --> SenderHandleID: 0xb0060553, OperType: ACK, peer.sk_type is 2, peer_ip : 198.18.32.17, peer_port: 50176, length :16
01-21 17:14:21.980  3705 10357 D AlarmPingSender: Register alarmreceiver to MqttServiceMqttService.pingSender.T56205_Ecarx
01-21 17:14:21.981   709  1037 D GnssHAL_GnssIpcp: frameKey = GGA, parts.size() = 15 [$GPGGA,091426.00,3020.460616,N,12114.391752,E,1,06,0.8,11.6,M,10.0,M,,*53
01-21 17:14:21.981   709  1037 D GnssHAL_GnssIpcp: ]
01-21 17:14:21.982   709  1037 D GnssHAL_GnssIpcp: frameKey = VTG, parts.size() = 10 [$GPVTG,260.9,T,265.3,M,21.7,N,40.1,K,A*2D
01-21 17:14:21.982   709  1037 D GnssHAL_GnssIpcp: ]
01-21 17:14:21.982  3705 10357 D AlarmPingSender: Schedule next alarm at 1611220481982
01-21 17:14:21.982  3705 10357 D AlarmPingSender: Alarm scheule using setExactAndAllowWhileIdle, next: 20000
01-21 17:14:21.982   709  1037 D GnssHAL_GnssIpcp: frameKey = RMC, parts.size() = 14 [$GPRMC,091426.00,A,3020.460616,N,12114.391752,E,21.7,260.9,210121,4.4,W,A,V*63
01-21 17:14:21.982   709  1037 D GnssHAL_GnssIpcp: ]
01-21 17:14:21.983  1403  1513 I GnssLocationProvider: WakeLock acquired by sendMessage(REPORT_LOCATION, 1, Location[gps 30.341010,121.239863 hAcc=1 et=?!? alt=11.6 vel=11.163435 bear=260.9 vAcc=??? sAcc=??? bAcc=???])
01-21 17:14:21.983   709  1037 D GnssHAL_GnssIpcp: utc_year = 2021, utc_mon = 1, utc_day = 21, utc_diff = -28800, flags = 31, latitude = 30.341010, longitude = 121.239863, altitude = 11.600000, speed = 11.163435, bearing = 260.899994, accuracy = 0.800000, timestamp = 1611220466000
01-21 17:14:21.983   709  1037 D GnssHAL_GnssIpcp: frameKey = GSA, parts.size() = 19 [$GPGSA,A,2,04,07,08,09,26,27,,,,,,,1.1,0.8,0.8,1*2D
01-21 17:14:21.983   709  1037 D GnssHAL_GnssIpcp: ]
01-21 17:14:21.983   709  1037 D GnssHAL_GnssIpcp: frameKey = GSV, parts.size() = 21 [$GPGSV,4,1,14,01,01,187,20,04,34,222,30,07,24,316,41,08,64,244,43,1*65
01-21 17:14:21.983   709  1037 D GnssHAL_GnssIpcp: ]
01-21 17:14:21.983   709  1037 D GnssHAL_GnssIpcp: frameKey = GSV, parts.size() = 21 [$GPGSV,4,2,14,09,32,268,37,11,,,44,16,40,049,33,21,,,40,1*6E
01-21 17:14:21.983   709  1037 D GnssHAL_GnssIpcp: ]
01-21 17:14:21.983  1403  1417 I GnssLocationProvider: WakeLock released by handleMessage(REPORT_LOCATION, 1, Location[gps 30.341010,121.239863 hAcc=1 et=+4m27s701ms alt=11.6 vel=11.163435 bear=260.9 vAcc=??? sAcc=??? bAcc=??? {Bundle[{satellites=4, maxCn0=42, meanCn0=40}]}])
01-21 17:14:21.983   709  1037 D GnssHAL_GnssIpcp: frameKey = GSV, parts.size() = 21 [$GPGSV,4,3,14,26,20,075,37,27,66,025,40,31,03,133,,39,18,251,34,1*62
01-21 17:14:21.983   709  1037 D GnssHAL_GnssIpcp: ]
01-21 17:14:21.983   709  1037 D GnssHAL_GnssIpcp: frameKey = GSV, parts.size() = 13 [$GPGSV,4,4,14,41,34,236,39,50,,,33,1*5B
01-21 17:14:21.983   709  1037 D GnssHAL_GnssIpcp: ]
01-21 17:14:21.983  3705  3705 I QLog    : MQTTTask$2: onSuccess() [3] - 连接成功 
01-21 17:14:21.984  3705  3705 I QLog    : MQTTTask$2: onSuccess() [67] - ["/skygo/T56205/Ecarx","/skygo/T56205","/skygo/T56205/IVI_9_64","/skygo/T56205/IVI_28"]
01-21 17:14:21.988   755   755 E DisplayDevice: map unknown ((deprecated) sRGB sRGB Full range)/(RenderIntent::COLORIMETRIC) to default color mode
01-21 17:14:21.988   755   755 I chatty  : uid=1000(system) /system/bin/surfaceflinger identical 2 lines
01-21 17:14:21.988   755   755 E DisplayDevice: map unknown ((deprecated) sRGB sRGB Full range)/(RenderIntent::COLORIMETRIC) to default color mode
01-21 17:14:21.988   674  6189 F [ESIS][FATAL] ref-detecter.cc:347: GET_REF seq not match:24352 -1 0
01-21 17:14:21.988   674  6196 F [ESIS][FATAL] ref-detecter.cc:347: GET_REF seq not match:24352 -1 0
01-21 17:14:21.988   674  6186 F [ESIS][FATAL] ref-detecter.cc:347: GET_REF seq not match:24352 -1 0
01-21 17:14:21.989   674  6186 E [EAKS][ERROR] aks-engine.cc:373: no keyword set yet.
01-21 17:14:21.989   674  6196 E [EAKS][ERROR] aks-engine.cc:373: no keyword set yet.
01-21 17:14:21.989   674  6214 F [ESIS][FATAL] ref-detecter.cc:347: GET_REF seq not match:24352 -1 0
01-21 17:14:21.989   674  6189 E [EAKS][ERROR] aks-engine.cc:373: no keyword set yet.
01-21 17:14:21.989   674  6214 E [EAKS][ERROR] aks-engine.cc:373: no keyword set yet.
01-21 17:14:21.991  1403  1513 I GnssLocationProvider: WakeLock acquired by sendMessage(REPORT_SV_STATUS, 0, com.android.server.location.GnssLocationProvider$SvStatusInfo@393d39e)
01-21 17:14:21.991   709  1037 D GnssHAL_GnssIpcp: sGnssSvStatus.num_svs = 14
01-21 17:14:21.991   709  1037 D GnssHAL_GnssIpcp: svid:1, constellation:1, elevation:1.000000, azimuth:187.000000 c_n0_dbhz:20.000000, flags:1
01-21 17:14:21.991   709  1037 D GnssHAL_GnssIpcp: svid:4, constellation:1, elevation:34.000000, azimuth:222.000000 c_n0_dbhz:30.000000, flags:5
01-21 17:14:21.991   709  1037 D GnssHAL_GnssIpcp: svid:7, constellation:1, elevation:24.000000, azimuth:316.000000 c_n0_dbhz:41.000000, flags:5
01-21 17:14:21.991   709  1037 D GnssHAL_GnssIpcp: svid:8, constellation:1, elevation:64.000000, azimuth:244.000000 c_n0_dbhz:43.000000, flags:5
01-21 17:14:21.991   709  1037 D GnssHAL_GnssIpcp: svid:9, constellation:1, elevation:32.000000, azimuth:268.000000 c_n0_dbhz:37.000000, flags:5
01-21 17:14:21.991   709  1037 D GnssHAL_GnssIpcp: svid:11, constellation:1, elevation:0.000000, azimuth:0.000000 c_n0_dbhz:44.000000, flags:1
01-21 17:14:21.991   709  1037 D GnssHAL_GnssIpcp: svid:16, constellation:1, elevation:40.000000, azimuth:49.000000 c_n0_dbhz:33.000000, flags:1
01-21 17:14:21.991   709  1037 D GnssHAL_GnssIpcp: svid:21, constellation:1, elevation:0.000000, azimuth:0.000000 c_n0_dbhz:40.000000, flags:1
01-21 17:14:21.991   709  1037 D GnssHAL_GnssIpcp: svid:26, constellation:1, elevation:20.000000, azimuth:75.000000 c_n0_dbhz:37.000000, flags:5
01-21 17:14:21.991   709  1037 D GnssHAL_GnssIpcp: svid:27, constellation:1, elevation:66.000000, azimuth:25.000000 c_n0_dbhz:40.000000, flags:5
01-21 17:14:21.991   709  1037 D GnssHAL_GnssIpcp: svid:31, constellation:1, elevation:3.000000, azimuth:133.000000 c_n0_dbhz:0.000000, flags:1
01-21 17:14:21.991   709  1037 D GnssHAL_GnssIpcp: svid:126, constellation:2, elevation:18.000000, azimuth:251.000000 c_n0_dbhz:34.000000, flags:1
01-21 17:14:21.991   709  1037 D GnssHAL_GnssIpcp: svid:128, constellation:2, elevation:34.000000, azimuth:236.000000 c_n0_dbhz:39.000000, flags:1
01-21 17:14:21.991   709  1037 D GnssHAL_GnssIpcp: svid:137, constellation:2, elevation:0.000000, azimuth:0.000000 c_n0_dbhz:33.000000, flags:1
01-21 17:14:21.992  1403  1417 I GnssLocationProvider: WakeLock released by handleMessage(REPORT_SV_STATUS, 0, com.android.server.location.GnssLocationProvider$SvStatusInfo@393d39e)
01-21 17:14:21.992  4023  4023 D CarSignalManager: handleOnChangeEvent ECarXCarPropertyValue{mPropertyId=0x7acf propertyName VehSpdLgtA, mValue=ba0}
01-21 17:14:21.992  4023  4023 D HUDInteractionImpl: onChangeEvent 7acf
01-21 17:14:21.992  4023  4023 D CarSignalManager: handleOnChangeEvent ECarXCarPropertyValue{mPropertyId=0x7af1 propertyName ZZZVddmSignalEnd, mValue=4823}
01-21 17:14:21.992  4023  4127 D HUDInteractionImpl: handleMessage 4
01-21 17:14:21.992  4023  4023 D HUDInteractionImpl: onChangeEvent 7af1
01-21 17:14:21.992  4023  4127 D HUDInteractionImpl: updateDataInfo id 7acf value: 2976
01-21 17:14:21.992  4023  4127 D HUDInteractionImpl: handleMessage 4
01-21 17:14:21.992  4023  4023 D CarSignalManager: handleOnChangeEvent ECarXCarPropertyValue{mPropertyId=0x7100 propertyName AsyRiSecEnd, mValue=a0}
01-21 17:14:21.992  4023  4127 D HUDInteractionImpl: updateDataInfo id 7af1 value: 18467
01-21 17:14:21.992  4023  4023 D HUDInteractionImpl: onChangeEvent 7100
01-21 17:14:21.992  4023  4127 D HUDInteractionImpl: handleMessage 5
01-21 17:14:21.992  4023  4023 D CarSignalManager: handleOnChangeEvent ECarXCarPropertyValue{mPropertyId=0x7173 propertyName AsyLineLePahPrmB, mValue=644}
01-21 17:14:21.992  4023  4127 D HUDInteractionImpl: onVehicleSyncInfo 11.63616 0.0576171875 0.0
01-21 17:14:21.992  4023  4023 D HUDInteractionImpl: onChangeEvent 7173
01-21 17:14:21.992  4023  4023 D CarSignalManager: handleOnChangeEvent ECarXCarPropertyValue{mPropertyId=0x7176 propertyName AsyLineLePah2PrmA, mValue=c32}
01-21 17:14:21.992  4023  4023 D HUDInteractionImpl: onChangeEvent 7176
01-21 17:14:21.992  4023  4127 D HUDInteractionImpl: handleMessage 4
01-21 17:14:21.992  4023  4023 D CarSignalManager: handleOnChangeEvent ECarXCarPropertyValue{mPropertyId=0x7177 propertyName AsyLineLePah2PrmB, mValue=629}
01-21 17:14:21.992  4023  4127 D HUDInteractionImpl: updateDataInfo id 7100 value: 160
01-21 17:14:21.992  4023  4023 D HUDInteractionImpl: onChangeEvent 7177
01-21 17:14:21.992  4023  4127 D HUDInteractionImpl: handleMessage 4
01-21 17:14:21.992  4023  4023 D CarSignalManager: handleOnChangeEvent ECarXCarPropertyValue{mPropertyId=0x7178 propertyName AsyLineLePah2PrmC, mValue=3ea}
01-21 17:14:21.992  4023  4127 D HUDInteractionImpl: updateDataInfo id 7173 value: 1604
01-21 17:14:21.992  4023  4023 D HUDInteractionImpl: onChangeEvent 7178
01-21 17:14:21.992  4023  4127 D HUDInteractionImpl: handleMessage 4
01-21 17:14:21.992  4023  4127 D HUDInteractionImpl: updateDataInfo id 7176 value: 3122
01-21 17:14:21.992  4023  4023 D CarSignalManager: handleOnChangeEvent ECarXCarPropertyValue{mPropertyId=0x7182 propertyName AsyLineRiPahPrmA, mValue=ac4}
01-21 17:14:21.992  4023  4127 D HUDInteractionImpl: handleMessage 4
01-21 17:14:21.992  4023  4023 D HUDInteractionImpl: onChangeEvent 7182
01-21 17:14:21.992  4023  4127 D HUDInteractionImpl: updateDataInfo id 7177 value: 1577
01-21 17:14:21.992  4023  4127 D HUDInteractionImpl: handleMessage 4
01-21 17:14:21.992  4023  4023 D CarSignalManager: handleOnChangeEvent ECarXCarPropertyValue{mPropertyId=0x7183 propertyName AsyLineRiPahPrmB, mValue=644}
01-21 17:14:21.992  4023  4127 D HUDInteractionImpl: updateDataInfo id 7178 value: 1002
01-21 17:14:21.992  4023  4023 D HUDInteractionImpl: onChangeEvent 7183
01-21 17:14:21.992  4023  4127 D HUDInteractionImpl: handleMessage 4
01-21 17:14:21.992  4023  4127 D HUDInteractionImpl: updateDataInfo id 7182 value: 2756
01-21 17:14:21.992  4023  4023 D HUDInteractionImpl: onChangeEvent 7186
01-21 17:14:21.992  4023  4023 D CarSignalManager: handleOnChangeEvent ECarXCarPropertyValue{mPropertyId=0x7187 propertyName AsyLineRiPah2PrmB, mValue=629}
01-21 17:14:21.993  4023  4023 D HUDInteractionImpl: onChangeEvent 7187
01-21 17:14:21.993  4023  4023 D CarSignalManager: handleOnChangeEvent ECarXCarPropertyValue{mPropertyId=0x7188 propertyName AsyLineRiPah2PrmC, mValue=3ea}
01-21 17:14:21.993  4023  4023 D HUDInteractionImpl: onChangeEvent 7188
01-21 17:14:21.993  4023  4127 D HUDInteractionImpl: handleMessage 4
01-21 17:14:21.993  4023  4023 D CarSignalManager: handleOnChangeEvent ECarXCarPropertyValue{mPropertyId=0x71c5 propertyName ZZZAsdmSignalEnd, mValue=4824}
01-21 17:14:21.993  4023  4127 D HUDInteractionImpl: updateDataInfo id 7183 value: 1604
01-21 17:14:21.993  4023  4023 D HUDInteractionImpl: onChangeEvent 71c5
01-21 17:14:21.993  4023  4127 D HUDInteractionImpl: handleMessage 4
01-21 17:14:21.993  4023  4127 D HUDInteractionImpl: updateDataInfo id 7186 value: 2854
01-21 17:14:21.993  4023  4023 D CarSignalManager: handleOnChangeEvent ECarXCarPropertyValue{mPropertyId=0x7acf propertyName VehSpdLgtA, mValue=ba5}
01-21 17:14:21.993  4023  4023 D HUDInteractionImpl: onChangeEvent 7acf
01-21 17:14:21.993  4023  4127 D HUDInteractionImpl: handleMessage 4
01-21 17:14:21.993  4023  4127 D HUDInteractionImpl: updateDataInfo id 7187 value: 1577
01-21 17:14:21.993  4023  4127 D HUDInteractionImpl: handleMessage 4
01-21 17:14:21.993  4023  4127 D HUDInteractionImpl: updateDataInfo id 7188 value: 1002
01-21 17:14:21.993  4023  4127 D HUDInteractionImpl: handleMessage 4
01-21 17:14:21.993  4023  4127 D HUDInteractionImpl: updateDataInfo id 71c5 value: 18468
01-21 17:14:21.993  4023  4127 D HUDInteractionImpl: handleMessage 2
01-21 17:14:21.993  4023  4127 D HUDInteractionImpl: notifyAdasInfo ADASDrivingAidSyncInfo 功能状态: 0 AEB已经制动 0 前方对象方向 0 前方对象类型 0 前方物件横向距离 1.7763568394002505E-15 前方物件纵向距离 0.0 FCW警告 0
01-21 17:14:21.993  4023  4127 D HUDInteractionImpl: notifyAdasInfo ADASLaneSyncInfo 左一上段：1.2200000000000024 -0.02300000000000013 2.0000000000000573E-4 -1.0000000000001327E-6 左一下段 0.8900000000000006 0.0040000000000000036 0.0 -1.0000000000001327E-6 右一上段 -1.4600000000000009 -0.02300000000000013 2.0000000000000573E-4 -1.0000000000001327E-6 右一下段 -2.4399999999999977 0.0040000000000000036 0.0 -1.0000000000001327E-6 左一左起止点 0.0 58.0 左一右起止点 58.0 107.0 右一左起止点 0.0 112.0 右一右起止点 112.0 130.0 压线 0
01-21 17:14:21.994  4023  4023 D CarSignalManager: handleOnChangeEvent ECarXCarPropertyValue{mPropertyId=0x7af1 propertyName ZZZVddmSignalEnd, mValue=4825}
01-21 17:14:21.994  4023  4127 D HUDInteractionImpl: handleMessage 4
01-21 17:14:21.994  4023  4023 D HUDInteractionImpl: onChangeEvent 7af1
01-21 17:14:21.994  4023  4127 D HUDInteractionImpl: updateDataInfo id 7acf value: 2981
01-21 17:14:21.994  4023  4127 D HUDInteractionImpl: handleMessage 4
01-21 17:14:21.994  4023  4127 D HUDInteractionImpl: updateDataInfo id 7af1 value: 18469
01-21 17:14:21.994  4023  4127 D HUDInteractionImpl: handleMessage 5
01-21 17:14:21.994  4023  4127 D HUDInteractionImpl: onVehicleSyncInfo 11.655710000000001 0.0576171875 0.0
01-21 17:14:21.998   727  1173 D libipcp : socket_says_data_received: Sid: 0x6e, OpID: 0xc8, Length: 0x2d0, SendHandleId: 0x6ec8053d, Version: 0x3, OpType: 0x5, NOTIFICATION, payloadType: 0x1
01-21 17:14:21.998   727  1173 I libipcp : checkOperaiondIdAvailable: checkOperaiondIdAvailable called service_id: 0x6e, OpId: 0xc8
01-21 17:14:21.998   727  1173 I libipcp : checkOperaiondIdAvailable: checkOperaiondIdAvailable opid 0xc8 is vaild
01-21 17:14:21.998   727  1158 D libipcp : build_ack_packet: build ACK for Service_id: 0x6e, Operation_Id: 0xc8, senderHandleId: 0x6ec8053d
01-21 17:14:21.998   727  1157 I libipcp : ipcp_transport_send: fire --> SenderHandleID: 0x6ec8053d, OperType: ACK, peer.sk_type is 2, peer_ip : 198.18.34.1, peer_port: 50500, length :16
01-21 17:14:21.998   727  1163 D vehiclehal::EcarxIpcpComm: funtion: received_cb , ip [198.18.34.1] , port = 50500, service = PHEV, operation_id = 200
01-21 17:14:22.000   727  1170 D vehiclehal::EcarxIpcpComm: funtion: rxThread , service = PHEV, operation_id = 200
01-21 17:14:22.000   727  1170 D PAIPCP2VV: convertPAIpcp2VehicleValues, [PHEVOpID] ap size 712, vp size 712
01-21 17:14:22.003  2581  3674 D ecarx_daemon_VehicleHal: onPropertyEvent: Vehicle Property: 557873871, value: 2987
01-21 17:14:22.003  2581  3674 D ecarx_daemon_VehicleHal: propid 557873871, reqSignalPropertiesString VendorSignalProperty::VehSpdLgtA
01-21 17:14:22.005  3051  3051 D CarSignalManager: handleOnChangeEvent ECarXCarPropertyValue{mPropertyId=0x7acf propertyName VehSpdLgtA, mValue=bab}
01-21 17:14:22.005  7005  7005 D CarSignalManager: handleOnChangeEvent ECarXCarPropertyValue{mPropertyId=0x7acf propertyName VehSpdLgtA, mValue=bab}
01-21 17:14:22.005  3213  3213 D CarSignalManager: handleOnChangeEvent ECarXCarPropertyValue{mPropertyId=0x7acf propertyName VehSpdLgtA, mValue=bab}
01-21 17:14:22.005  2722  2722 D CarSignalManager: handleOnChangeEvent ECarXCarPropertyValue{mPropertyId=0x7acf propertyName VehSpdLgtA, mValue=bab}
01-21 17:14:22.006  4574  4574 D CarSignalManager: handleOnChangeEvent ECarXCarPropertyValue{mPropertyId=0x7acf propertyName VehSpdLgtA, mValue=bab}
01-21 17:14:22.006  4142  4142 D CarSignalManager: handleOnChangeEvent ECarXCarPropertyValue{mPropertyId=0x7acf propertyName VehSpdLgtA, mValue=bab}
01-21 17:14:22.006  2941  2941 D CarSignalManager: handleOnChangeEvent ECarXCarPropertyValue{mPropertyId=0x7acf propertyName VehSpdLgtA, mValue=bab}
01-21 17:14:22.006   727  1173 D libipcp : socket_says_data_received: Sid: 0x25, OpID: 0x20, Length: 0x89, SendHandleId: 0x252005d0, Version: 0x3, OpType: 0x5, NOTIFICATION, payloadType: 0x1
01-21 17:14:22.007  2101  2101 D CarSignalManager: handleOnChangeEvent ECarXCarPropertyValue{mPropertyId=0x7acf propertyName VehSpdLgtA, mValue=bab}
01-21 17:14:22.007   727  1173 I libipcp : checkOperaiondIdAvailable: checkOperaiondIdAvailable called service_id: 0x25, OpId: 0x20
01-21 17:14:22.007   727  1173 I libipcp : checkOperaiondIdAvailable: checkOperaiondIdAvailable opid 0x20 is vaild
01-21 17:14:22.007  3255  3255 D CarSignalManager: handleOnChangeEvent ECarXCarPropertyValue{mPropertyId=0x7acf propertyName VehSpdLgtA, mValue=bab}
01-21 17:14:22.007  6573  6573 D CarSignalManager: handleOnChangeEvent ECarXCarPropertyValue{mPropertyId=0x7acf propertyName VehSpdLgtA, mValue=bab}
01-21 17:14:22.008  6573  6573 D CarSignalManager: handleOnChangeEvent ECarXCarPropertyValue{mPropertyId=0x7acf propertyName VehSpdLgtA, mValue=bab}
01-21 17:14:22.008   727  1158 D libipcp : build_ack_packet: build ACK for Service_id: 0x25, Operation_Id: 0x20, senderHandleId: 0x252005d0
01-21 17:14:22.008   727  1157 I libipcp : ipcp_transport_send: fire --> SenderHandleID: 0x252005d0, OperType: ACK, peer.sk_type is 2, peer_ip : 198.18.34.1, peer_port: 50500, length :16
01-21 17:14:22.009   727  1173 D libipcp : socket_says_data_received: Sid: 0x2c, OpID: 0x1d, Length: 0x129, SendHandleId: 0x2c1d0505, Version: 0x3, OpType: 0x5, NOTIFICATION, payloadType: 0x1
01-21 17:14:22.009   727  1173 I libipcp : checkOperaiondIdAvailable: checkOperaiondIdAvailable called service_id: 0x2c, OpId: 0x1d
01-21 17:14:22.009   727  1173 I libipcp : checkOperaiondIdAvailable: checkOperaiondIdAvailable opid 0x1d is vaild
01-21 17:14:22.009   727  1162 D vehiclehal::EcarxIpcpComm: funtion: received_cb , ip [198.18.34.1] , port = 50500, service = DIM, operation_id = 32
01-21 17:14:22.009   727  1158 D libipcp : build_ack_packet: build ACK for Service_id: 0x2c, Operation_Id: 0x1d, senderHandleId: 0x2c1d0505
01-21 17:14:22.010   727  1157 I libipcp : ipcp_transport_send: fire --> SenderHandleID: 0x2c1d0505, OperType: ACK, peer.sk_type is 2, peer_ip : 198.18.34.1, peer_port: 50500, length :16
01-21 17:14:22.010   727  1163 D vehiclehal::EcarxIpcpComm: funtion: received_cb , ip [198.18.34.1] , port = 50500, service = VDDM, operation_id = 29
01-21 17:14:22.011   727  1170 D vehiclehal::EcarxIpcpComm: funtion: rxThread , service = DIM, operation_id = 32
01-21 17:14:22.011   727  1170 D IPCP2VV : convertIpcp2VehicleValues, [DIMNotificationOpID] ap size 129, vp size 129
01-21 17:14:22.013   727  1170 D vehiclehal::EcarxIpcpComm: funtion: rxThread , service = VDDM, operation_id = 29
01-21 17:14:22.014   727  1170 D IPCP2VV : convertIpcp2VehicleValues, [VDDMNotificationOpID] ap size 289, vp size 289
01-21 17:14:22.017   674  6196 F [ESIS][FATAL] ref-detecter.cc:347: GET_REF seq not match:24356 -1 0
01-21 17:14:22.017   674  6189 F [ESIS][FATAL] ref-detecter.cc:347: GET_REF seq not match:24356 -1 0
01-21 17:14:22.017   674  6186 F [ESIS][FATAL] ref-detecter.cc:347: GET_REF seq not match:24356 -1 0
01-21 17:14:22.018   674  6186 E [EAKS][ERROR] aks-engine.cc:373: no keyword set yet.
01-21 17:14:22.018   674  6196 E [EAKS][ERROR] aks-engine.cc:373: no keyword set yet.
01-21 17:14:22.018   674  6214 F [ESIS][FATAL] ref-detecter.cc:347: GET_REF seq not match:24356 -1 0
01-21 17:14:22.018   674  6189 E [EAKS][ERROR] aks-engine.cc:373: no keyword set yet.
01-21 17:14:22.018   674  6214 E [EAKS][ERROR] aks-engine.cc:373: no keyword set yet.
01-21 17:14:22.021   755   755 E DisplayDevice: map unknown ((deprecated) sRGB sRGB Full range)/(RenderIntent::COLORIMETRIC) to default color mode
01-21 17:14:22.021   755   755 I chatty  : uid=1000(system) /system/bin/surfaceflinger identical 2 lines
01-21 17:14:22.021   755   755 E DisplayDevice: map unknown ((deprecated) sRGB sRGB Full range)/(RenderIntent::COLORIMETRIC) to default color mode
01-21 17:14:22.023  4023  4023 D CarSignalManager: handleOnChangeEvent ECarXCarPropertyValue{mPropertyId=0x70f5 propertyName AsyLeFirstEnd, mValue=57}
01-21 17:14:22.024  4023  4023 D HUDInteractionImpl: onChangeEvent 70f5
01-21 17:14:22.024  4023  4023 D CarSignalManager: handleOnChangeEvent ECarXCarPropertyValue{mPropertyId=0x70f8 propertyName AsyLeSecStrt, mValue=57}
01-21 17:14:22.024  4023  4127 D HUDInteractionImpl: handleMessage 4
01-21 17:14:22.024  4023  4127 D HUDInteractionImpl: updateDataInfo id 70f5 value: 87
01-21 17:14:22.024  4023  4023 D HUDInteractionImpl: onChangeEvent 70f8
01-21 17:14:22.025  4023  4023 D CarSignalManager: handleOnChangeEvent ECarXCarPropertyValue{mPropertyId=0x70fe propertyName AsyRiFirstEnd, mValue=8d}
01-21 17:14:22.025  4023  4023 D HUDInteractionImpl: onChangeEvent 70fe
01-21 17:14:22.025  4023  4127 D HUDInteractionImpl: handleMessage 4
01-21 17:14:22.025  4023  4127 D HUDInteractionImpl: updateDataInfo id 70f8 value: 87
01-21 17:14:22.025  4023  4023 D CarSignalManager: handleOnChangeEvent ECarXCarPropertyValue{mPropertyId=0x7101 propertyName AsyRiSecStrt, mValue=8d}
01-21 17:14:22.025  4023  4127 D HUDInteractionImpl: handleMessage 4
01-21 17:14:22.025  4023  4023 D HUDInteractionImpl: onChangeEvent 7101
01-21 17:14:22.025  4023  4127 D HUDInteractionImpl: updateDataInfo id 70fe value: 141
01-21 17:14:22.025  4023  4127 D HUDInteractionImpl: handleMessage 4
01-21 17:14:22.025  4023  4023 D CarSignalManager: handleOnChangeEvent ECarXCarPropertyValue{mPropertyId=0x7173 propertyName AsyLineLePahPrmB, mValue=643}
01-21 17:14:22.025  4023  4127 D HUDInteractionImpl: updateDataInfo id 7101 value: 141
01-21 17:14:22.025  4023  4023 D HUDInteractionImpl: onChangeEvent 7173
01-21 17:14:22.025  4023  4127 D HUDInteractionImpl: handleMessage 4
01-21 17:14:22.025  4023  4023 D CarSignalManager: handleOnChangeEvent ECarXCarPropertyValue{mPropertyId=0x7175 propertyName AsyLineLePahPrmD, mValue=3e8}
01-21 17:14:22.025  4023  4127 D HUDInteractionImpl: updateDataInfo id 7173 value: 1603
01-21 17:14:22.025  4023  4023 D HUDInteractionImpl: onChangeEvent 7175
01-21 17:14:22.025  4023  4023 D CarSignalManager: handleOnChangeEvent ECarXCarPropertyValue{mPropertyId=0x7176 propertyName AsyLineLePah2PrmA, mValue=c2c}
01-21 17:14:22.025  4023  4023 D HUDInteractionImpl: onChangeEvent 7176
01-21 17:14:22.025  4023  4023 D CarSignalManager: handleOnChangeEvent ECarXCarPropertyValue{mPropertyId=0x7177 propertyName AsyLineLePah2PrmB, mValue=625}
01-21 17:14:22.025  4023  4023 D HUDInteractionImpl: onChangeEvent 7177
01-21 17:14:22.025  4023  4023 D CarSignalManager: handleOnChangeEvent ECarXCarPropertyValue{mPropertyId=0x7183 propertyName AsyLineRiPahPrmB, mValue=643}
01-21 17:14:22.025  4023  4023 D HUDInteractionImpl: onChangeEvent 7183
01-21 17:14:22.025  4023  4023 D CarSignalManager: handleOnChangeEvent ECarXCarPropertyValue{mPropertyId=0x7185 propertyName AsyLineRiPahPrmD, mValue=3e8}
01-21 17:14:22.025  4023  4023 D HUDInteractionImpl: onChangeEvent 7185
01-21 17:14:22.025  4023  4023 D CarSignalManager: handleOnChangeEvent ECarXCarPropertyValue{mPropertyId=0x7186 propertyName AsyLineRiPah2PrmA, mValue=b33}
01-21 17:14:22.025  4023  4023 D HUDInteractionImpl: onChangeEvent 7186
01-21 17:14:22.025  4023  4127 D HUDInteractionImpl: handleMessage 4
01-21 17:14:22.025  4023  4127 D HUDInteractionImpl: updateDataInfo id 7175 value: 1000
01-21 17:14:22.025  4023  4023 D CarSignalManager: handleOnChangeEvent ECarXCarPropertyValue{mPropertyId=0x7187 propertyName AsyLineRiPah2PrmB, mValue=625}
01-21 17:14:22.025  4023  4127 D HUDInteractionImpl: handleMessage 4
01-21 17:14:22.025  4023  4023 D HUDInteractionImpl: onChangeEvent 7187
01-21 17:14:22.025  4023  4127 D HUDInteractionImpl: updateDataInfo id 7176 value: 3116
01-21 17:14:22.025  4023  4127 D HUDInteractionImpl: handleMessage 4
01-21 17:14:22.025  4023  4023 D CarSignalManager: handleOnChangeEvent ECarXCarPropertyValue{mPropertyId=0x71c5 propertyName ZZZAsdmSignalEnd, mValue=4826}
01-21 17:14:22.025  4023  4127 D HUDInteractionImpl: updateDataInfo id 7177 value: 1573
01-21 17:14:22.025  4023  4127 D HUDInteractionImpl: handleMessage 4
01-21 17:14:22.025  4023  4127 D HUDInteractionImpl: updateDataInfo id 7183 value: 1603
01-21 17:14:22.025  4023  4127 D HUDInteractionImpl: handleMessage 4
01-21 17:14:22.025  4023  4127 D HUDInteractionImpl: updateDataInfo id 7185 value: 1000
01-21 17:14:22.025  4023  4127 D HUDInteractionImpl: handleMessage 4
01-21 17:14:22.025  4023  4127 D HUDInteractionImpl: updateDataInfo id 7186 value: 2867
01-21 17:14:22.025  4023  4127 D HUDInteractionImpl: handleMessage 4
01-21 17:14:22.026  4023  4127 D HUDInteractionImpl: updateDataInfo id 7187 value: 1573
01-21 17:14:22.026  2581  3674 D ecarx_daemon_VehicleHal: onPropertyEvent: Vehicle Property: 557873871, value: 2982
01-21 17:14:22.026  2581  3674 D ecarx_daemon_VehicleHal: propid 557873871, reqSignalPropertiesString VendorSignalProperty::VehSpdLgtA
01-21 17:14:22.025  4023  4023 D HUDInteractionImpl: onChangeEvent 71c5
01-21 17:14:22.027  4023  4127 D HUDInteractionImpl: handleMessage 4
01-21 17:14:22.027  4023  4127 D HUDInteractionImpl: updateDataInfo id 71c5 value: 18470
01-21 17:14:22.027  4023  4127 D HUDInteractionImpl: handleMessage 2
01-21 17:14:22.027  4023  4127 D HUDInteractionImpl: notifyAdasInfo ADASDrivingAidSyncInfo 功能状态: 0 AEB已经制动 0 前方对象方向 0 前方对象类型 0 前方物件横向距离 1.7763568394002505E-15 前方物件纵向距离 0.0 FCW警告 0
01-21 17:14:22.027  4023  4127 D HUDInteractionImpl: notifyAdasInfo ADASLaneSyncInfo 左一上段：1.1600000000000001 -0.027000000000000135 2.0000000000000573E-4 -1.0000000000001327E-6 左一下段 0.8900000000000006 0.0029999999999998916 0.0 0.0 右一上段 -1.3299999999999983 -0.027000000000000135 2.0000000000000573E-4 -1.0000000000001327E-6 右一下段 -2.4399999999999977 0.0029999999999998916 0.0 0.0 左一左起止点 0.0 57.0 左一右起止点 57.0 107.0 右一左起止点 0.0 111.0 右一右起止点 111.0 130.0 压线 0
01-21 17:14:22.027  3213  3213 D CarSignalManager: handleOnChangeEvent ECarXCarPropertyValue{mPropertyId=0x7acf propertyName VehSpdLgtA, mValue=ba6}
01-21 17:14:22.027  4023  4023 I ARHUDPresenter.java: [ (ARHUDPresenter.java:157)#Run ] inputADASLDInputADASLD{l1_a=1.2200000000000024, l1_b=-0.02300000000000013, l1_c=2.0000000000000573E-4, l1_d=-1.0000000000001327E-6, l2_a=0.8900000000000006, l2_b=0.0040000000000000036, l2_c=0.0, l2_d=-1.0000000000001327E-6, r1_a=-1.4600000000000009, r1_b=-0.02300000000000013, r1_c=2.0000000000000573E-4, r1_d=-1.0000000000001327E-6, r2_a=-2.4399999999999977, r2_b=0.0040000000000000036, r2_c=0.0, r2_d=-1.0000000000001327E-6, warning_status=0, detect_start_l1=0.0, detect_end_l1=58.0, detect_start_l2=58.0, detect_end_l2=107.0, detect_start_r2=112.0, detect_end_r2=130.0, detect_start_r1=0.0, detect_end_r1=112.0}
01-21 17:14:22.027  4023  4023 D V2021012102 EZD Input Status: InputData_HUD = true
01-21 17:14:22.027  4023  4023 D V2021012102 EZD Input Status: HUD_button_absolute_pos = 14
01-21 17:14:22.027  4023  4023 D V2021012102 EZD Input Status: InputData_LD=true , warning_status=0
01-21 17:14:22.027  4023  4023 D V2021012102 EZD Input Status: l1:(a,b,c,d)=(-1.160000,0.027000,-0.000200,0.000001),(st,end)=(0,0); l2:(a,b,c,d)=(-0.890000,-0.003000,-0.000000,-0.000000),(st,end)=(57,57);
01-21 17:14:22.027  4023  4023 D V2021012102 EZD Input Status: r1:(a,b,c,d)=(1.330000,0.027000,-0.000200,0.000001),(st,end)=(0,0); r2:(a,b,c,d)=(2.440000,-0.003000,-0.000000,-0.000000),(st,end)=(111,111);
01-21 17:14:22.027  4574  4574 D CarSignalManager: handleOnChangeEvent ECarXCarPropertyValue{mPropertyId=0x7acf propertyName VehSpdLgtA, mValue=ba6}
01-21 17:14:22.027  4023  4023 I JniUtils.java: [ (JniUtils.java:66)#InputADASLD ] 道路信息输出成功
01-21 17:14:22.027  4023  4023 D V2021012102 EZD Output Status: Output_ld=true , laneID=0, (start_x,start_y)=(0,0), (end_x,end_y)=(0,0), (A,B,C,D)=(0.000000,0.000000,0.000000,0.000000), status=0
01-21 17:14:22.027  4023  4023 I JniUtils.java: [ (JniUtils.java:68)#InputADASLD ] ADASLaneInfoBean{LaneID=0, x1=0, y1=0, x2=0, y2=0, A=0.0, B=0.0, C=0.0, D=0.0, status=0}
01-21 17:14:22.027  4023  4023 I ARHUDPresenter.java: [ (ARHUDPresenter.java:139)#Run ] adasLaneInfoBeanInputADASObj{acc_status=0.0, pos_x=1.7763568394002505E-15, pos_z=0.0, direction=0.0, type=9.0, frontType=0.0, warning_status=0.0, aeb_status=0.0}
01-21 17:14:22.027  4023  4023 I ARHUDPresenter.java: [ (ARHUDPresenter.java:140)#Run ] HUDHeight14
01-21 17:14:22.027  4023  4023 E JniUtils.java: [ (JniUtils.java:33)#InputDataAdasObj ] hudHeight高度14.0
01-21 17:14:22.028  4023  4023 D V2021012102 EZD Input Status: InputData_Vehicle=true , speed=11.655710, steering_wheel_angle=0.057617, steering_wheel_angularVel=0.000000
01-21 17:14:22.028  4023  4023 D V2021012102 EZD Input Status: InputData_HUD = true
01-21 17:14:22.028  4023  4023 D V2021012102 EZD Input Status: HUD_button_absolute_pos = 14
01-21 17:14:22.028  4023  4023 D V2021012102 EZD Input Status: InputData_Obj is true. pos_x=0.000000, pos_y=0.000000, frontType=0, direction=0, acc_status=0, type=9, warning_status=0, aeb_status=0
01-21 17:14:22.028  4023  4023 D V2021012102 EZD Input Status: InputData_Obj: acc_gap_set_status=3
01-21 17:14:22.028  4023  4023 D V2021012102 EZD Input Status: InputData_LD=true , warning_status=0
01-21 17:14:22.028  4023  4023 D V2021012102 EZD Input Status: l1:(a,b,c,d)=(-1.160000,0.027000,-0.000200,0.000001),(st,end)=(0,0); l2:(a,b,c,d)=(-0.890000,-0.003000,-0.000000,-0.000000),(st,end)=(57,57);
01-21 17:14:22.028  4023  4023 D V2021012102 EZD Input Status: r1:(a,b,c,d)=(1.330000,0.027000,-0.000200,0.000001),(st,end)=(0,0); r2:(a,b,c,d)=(2.440000,-0.003000,-0.000000,-0.000000),(st,end)=(111,111);
01-21 17:14:22.028  2722  2722 D CarSignalManager: handleOnChangeEvent ECarXCarPropertyValue{mPropertyId=0x7acf propertyName VehSpdLgtA, mValue=ba6}
01-21 17:14:22.028  4023  4023 I JniUtils.java: [ (JniUtils.java:46)#InputDataAdasObj ] 周边环境对象等输出成功
01-21 17:14:22.028  4023  4023 I V2021012102 EZD Z: 巡航功能未開啟
01-21 17:14:22.028  4023  4023 D V2021012102 EZD Output Status: Output_obj=true, aeb_status=0 && collision_status=0 && obj_status=0 && accGapSet_status=0
01-21 17:14:22.028  4023  4023 I JniUtils.java: [ (JniUtils.java:48)#InputDataAdasObj ] ADASWarningInfoBean{objID=7, obj_x=0, obj_y=89, obj_status=0, obj_width=0, collisionID=-4506, conllision_x=127, conllision_y=0, collision_status=0, aebID=0, aeb_x=0, aeb_y=16428, aeb_status=0, aebFrame_x=0, aebFrame_y=0, aebFrame_status=0, accGapSet_ID=0, accGapSet_x=0, accGapSet_y=0, accGapSet_width=0, accGapSet_flip=0, accGapSet_status=0}
01-21 17:14:22.028  4142  4142 D CarSignalManager: handleOnChangeEvent ECarXCarPropertyValue{mPropertyId=0x7acf propertyName VehSpdLgtA, mValue=ba6}
01-21 17:14:22.028  2941  2941 D CarSignalManager: handleOnChangeEvent ECarXCarPropertyValue{mPropertyId=0x7acf propertyName VehSpdLgtA, mValue=ba6}
01-21 17:14:22.028  3051  3051 D CarSignalManager: handleOnChangeEvent ECarXCarPropertyValue{mPropertyId=0x7acf propertyName VehSpdLgtA, mValue=ba6}
01-21 17:14:22.028  7005  7005 D CarSignalManager: handleOnChangeEvent ECarXCarPropertyValue{mPropertyId=0x7acf propertyName VehSpdLgtA, mValue=ba6}
01-21 17:14:22.028  2101  2101 D CarSignalManager: handleOnChangeEvent ECarXCarPropertyValue{mPropertyId=0x7acf propertyName VehSpdLgtA, mValue=ba6}
01-21 17:14:22.029  3255  3255 D CarSignalManager: handleOnChangeEvent ECarXCarPropertyValue{mPropertyId=0x7acf propertyName VehSpdLgtA, mValue=ba6}
01-21 17:14:22.029  6573  6573 D CarSignalManager: handleOnChangeEvent ECarXCarPropertyValue{mPropertyId=0x7acf propertyName VehSpdLgtA, mValue=ba6}
01-21 17:14:22.029  6573  6573 D CarSignalManager: handleOnChangeEvent ECarXCarPropertyValue{mPropertyId=0x7acf propertyName VehSpdLgtA, mValue=ba6}
01-21 17:14:22.034   727  1173 D libipcp : socket_says_data_received: Sid: 0x1f, OpID: 0x51, Length: 0x10a, SendHandleId: 0x1f5105b1, Version: 0x3, OpType: 0x5, NOTIFICATION, payloadType: 0x1
01-21 17:14:22.034   727  1173 I libipcp : checkOperaiondIdAvailable: checkOperaiondIdAvailable called service_id: 0x1f, OpId: 0x51
01-21 17:14:22.034   727  1173 I libipcp : checkOperaiondIdAvailable: checkOperaiondIdAvailable opid 0x51 is vaild
01-21 17:14:22.034   727  1173 D libipcp : socket_says_data_received: Sid: 0x2c, OpID: 0x1d, Length: 0x129, SendHandleId: 0x2c1d0506, Version: 0x3, OpType: 0x5, NOTIFICATION, payloadType: 0x1
01-21 17:14:22.034   727  1173 I libipcp : checkOperaiondIdAvailable: checkOperaiondIdAvailable called service_id: 0x2c, OpId: 0x1d
01-21 17:14:22.034   727  1173 I libipcp : checkOperaiondIdAvailable: checkOperaiondIdAvailable opid 0x1d is vaild
01-21 17:14:22.035   727  1158 D libipcp : build_ack_packet: build ACK for Service_id: 0x1f, Operation_Id: 0x51, senderHandleId: 0x1f5105b1
01-21 17:14:22.035   727  1158 D libipcp : build_ack_packet: build ACK for Service_id: 0x2c, Operation_Id: 0x1d, senderHandleId: 0x2c1d0506
01-21 17:14:22.035   727  1157 I libipcp : ipcp_transport_send: fire --> SenderHandleID: 0x2c1d0506, OperType: ACK, peer.sk_type is 2, peer_ip : 198.18.34.1, peer_port: 50500, length :16
01-21 17:14:22.036   727  1162 D vehiclehal::EcarxIpcpComm: funtion: received_cb , ip [198.18.34.1] , port = 50500, service = ASDM, operation_id = 81
01-21 17:14:22.036   727  1162 D vehiclehal::EcarxIpcpComm: funtion: received_cb , ip [198.18.34.1] , port = 50500, service = VDDM, operation_id = 29
01-21 17:14:22.037   727  1170 D vehiclehal::EcarxIpcpComm: funtion: rxThread , service = ASDM, operation_id = 81
01-21 17:14:22.037   727  1170 D IPCP2VV : convertIpcp2VehicleValues, [ASDMNotificationOpID] ap size 258, vp size 258
01-21 17:14:22.038   727  1157 I libipcp : ipcp_transport_send: fire --> SenderHandleID: 0x1f5105b1, OperType: ACK, peer.sk_type is 2, peer_ip : 198.18.34.1, peer_port: 50500, length :16
01-21 17:14:22.038  4574  4574 D ECarXCarFuncManagerBase: onChangeEvent: 33706 [B@a70f907
01-21 17:14:22.038  4574  4574 I chatty  : uid=10053(com.ecarx.mycar) identical 3 lines
01-21 17:14:22.038  4574  4574 D ECarXCarFuncManagerBase: onChangeEvent: 33706 [B@a70f907
01-21 17:14:22.039   727  1170 D vehiclehal::EcarxIpcpComm: funtion: rxThread , service = VDDM, operation_id = 29
01-21 17:14:22.039   727  1170 D IPCP2VV : convertIpcp2VehicleValues, [VDDMNotificationOpID] ap size 289, vp size 289
01-21 17:14:22.038  4574  4574 D ECarXCarFuncManagerBase: onChangeEvent: 33706 [B@a70f907
01-21 17:14:22.039  4574  4574 I chatty  : uid=10053(com.ecarx.mycar) identical 11 lines
01-21 17:14:22.039  4574  4574 D ECarXCarFuncManagerBase: onChangeEvent: 33706 [B@a70f907
01-21 17:14:22.039  4574  4574 D CarPAEventCallback: onPAChanged propertyId: 33706
01-21 17:14:22.039  4574  4574 D CarPAEventCallback: PA_TS_OdometerTripMeter2 = PA_TS_OdometerTripMeter2{availability = Active, dataValue = 18600, statusValue = 0, formatValue = 0}
01-21 17:14:22.039  4574  4574 D ECarXCarFuncManagerBase: handleOnChangeEvent patsodometertripmeter2
01-21 17:14:22.048   674  6186 F [ESIS][FATAL] ref-detecter.cc:347: GET_REF seq not match:24360 -1 0
01-21 17:14:22.048   674  6196 F [ESIS][FATAL] ref-detecter.cc:347: GET_REF seq not match:24360 -1 0
01-21 17:14:22.048   674  6189 F [ESIS][FATAL] ref-detecter.cc:347: GET_REF seq not match:24360 -1 0
01-21 17:14:22.048   674  6186 E [EAKS][ERROR] aks-engine.cc:373: no keyword set yet.
01-21 17:14:22.048   674  6196 E [EAKS][ERROR] aks-engine.cc:373: no keyword set yet.
01-21 17:14:22.048   674  6214 F [ESIS][FATAL] ref-detecter.cc:347: GET_REF seq not match:24360 -1 0
01-21 17:14:22.048   674  6189 E [EAKS][ERROR] aks-engine.cc:373: no keyword set yet.
01-21 17:14:22.048   674  6214 E [EAKS][ERROR] aks-engine.cc:373: no keyword set yet.
01-21 17:14:22.051  3705 10357 D AlarmPingSender: Unregister alarmreceiver to MqttServiceT56205_Ecarx
01-21 17:14:22.052  3705  3705 E QLog    : MQTTTask$3: connectionLost() [0] - 已断开连接 (32109) - java.io.EOFException
01-21 17:14:22.053  3705  3705 I QLog    : MQTTTask: gy() [45] - MQTT当前网络名称：Ethernet
01-21 17:14:22.054   755   755 E DisplayDevice: map unknown ((deprecated) sRGB sRGB Full range)/(RenderIntent::COLORIMETRIC) to default color mode
01-21 17:14:22.055   755   755 I chatty  : uid=1000(system) /system/bin/surfaceflinger identical 2 lines
01-21 17:14:22.055   755   755 E DisplayDevice: map unknown ((deprecated) sRGB sRGB Full range)/(RenderIntent::COLORIMETRIC) to default color mode
01-21 17:14:22.056  4023  4023 D CarSignalManager: handleOnChangeEvent ECarXCarPropertyValue{mPropertyId=0x7acf propertyName VehSpdLgtA, mValue=bab}
01-21 17:14:22.056  4023  4023 D HUDInteractionImpl: onChangeEvent 7acf
01-21 17:14:22.056  4023  4023 D CarSignalManager: handleOnChangeEvent ECarXCarPropertyValue{mPropertyId=0x7af1 propertyName ZZZVddmSignalEnd, mValue=4828}
01-21 17:14:22.056  4023  4023 D HUDInteractionImpl: onChangeEvent 7af1
01-21 17:14:22.056  4023  4127 D HUDInteractionImpl: handleMessage 4
01-21 17:14:22.056  4023  4127 D HUDInteractionImpl: updateDataInfo id 7acf value: 2987
01-21 17:14:22.056  4023  4127 D HUDInteractionImpl: handleMessage 4
01-21 17:14:22.056  4023  4023 D CarSignalManager: handleOnChangeEvent ECarXCarPropertyValue{mPropertyId=0x71c5 propertyName ZZZAsdmSignalEnd, mValue=4829}
01-21 17:14:22.056  4023  4127 D HUDInteractionImpl: updateDataInfo id 7af1 value: 18472
01-21 17:14:22.056  4023  4023 D HUDInteractionImpl: onChangeEvent 71c5
01-21 17:14:22.056  4023  4127 D HUDInteractionImpl: handleMessage 5
01-21 17:14:22.056  4023  4127 D HUDInteractionImpl: onVehicleSyncInfo 11.679170000000001 0.0576171875 0.0
01-21 17:14:22.056  4023  4127 D HUDInteractionImpl: handleMessage 4
01-21 17:14:22.056  4023  4127 D HUDInteractionImpl: updateDataInfo id 71c5 value: 18473
01-21 17:14:22.056  4023  4023 I ARHUDPresenter.java: [ (ARHUDPresenter.java:157)#Run ] inputADASLDInputADASLD{l1_a=1.1600000000000001, l1_b=-0.027000000000000135, l1_c=2.0000000000000573E-4, l1_d=-1.0000000000001327E-6, l2_a=0.8900000000000006, l2_b=0.0029999999999998916, l2_c=0.0, l2_d=0.0, r1_a=-1.3299999999999983, r1_b=-0.027000000000000135, r1_c=2.0000000000000573E-4, r1_d=-1.0000000000001327E-6, r2_a=-2.4399999999999977, r2_b=0.0029999999999998916, r2_c=0.0, r2_d=0.0, warning_status=0, detect_start_l1=0.0, detect_end_l1=57.0, detect_start_l2=57.0, detect_end_l2=107.0, detect_start_r2=111.0, detect_end_r2=130.0, detect_start_r1=0.0, detect_end_r1=111.0}
01-21 17:14:22.056  4023  4023 D V2021012102 EZD Input Status: InputData_HUD = true
01-21 17:14:22.056  4023  4023 D V2021012102 EZD Input Status: HUD_button_absolute_pos = 14
01-21 17:14:22.056  4023  4023 D V2021012102 EZD Input Status: InputData_LD=true , warning_status=0
01-21 17:14:22.056  4023  4023 D V2021012102 EZD Input Status: l1:(a,b,c,d)=(-1.160000,0.027000,-0.000200,0.000001),(st,end)=(0,0); l2:(a,b,c,d)=(-0.890000,-0.003000,-0.000000,-0.000000),(st,end)=(57,57);
01-21 17:14:22.056  4023  4023 D V2021012102 EZD Input Status: r1:(a,b,c,d)=(1.330000,0.027000,-0.000200,0.000001),(st,end)=(0,0); r2:(a,b,c,d)=(2.440000,-0.003000,-0.000000,-0.000000),(st,end)=(111,111);
01-21 17:14:22.057  4023  4023 I JniUtils.java: [ (JniUtils.java:66)#InputADASLD ] 道路信息输出成功
01-21 17:14:22.057  4023  4023 D V2021012102 EZD Output Status: Output_ld=true , laneID=0, (start_x,start_y)=(0,0), (end_x,end_y)=(0,0), (A,B,C,D)=(0.000000,0.000000,0.000000,0.000000), status=0
01-21 17:14:22.058  4023  4023 I JniUtils.java: [ (JniUtils.java:68)#InputADASLD ] ADASLaneInfoBean{LaneID=0, x1=0, y1=0, x2=0, y2=0, A=0.0, B=0.0, C=0.0, D=0.0, status=0}
01-21 17:14:22.058  4023  4023 I ARHUDPresenter.java: [ (ARHUDPresenter.java:139)#Run ] adasLaneInfoBeanInputADASObj{acc_status=0.0, pos_x=1.7763568394002505E-15, pos_z=0.0, direction=0.0, type=9.0, frontType=0.0, warning_status=0.0, aeb_status=0.0}
01-21 17:14:22.058  4023  4023 I ARHUDPresenter.java: [ (ARHUDPresenter.java:140)#Run ] HUDHeight14
01-21 17:14:22.059  4023  4023 E JniUtils.java: [ (JniUtils.java:33)#InputDataAdasObj ] hudHeight高度14.0
01-21 17:14:22.059  4023  4023 D V2021012102 EZD Input Status: InputData_Vehicle=true , speed=11.679170, steering_wheel_angle=0.057617, steering_wheel_angularVel=0.000000
01-21 17:14:22.059  4023  4023 D V2021012102 EZD Input Status: InputData_HUD = true
01-21 17:14:22.059  4023  4023 D V2021012102 EZD Input Status: HUD_button_absolute_pos = 14
01-21 17:14:22.059  4023  4023 D V2021012102 EZD Input Status: InputData_Obj is true. pos_x=0.000000, pos_y=0.000000, frontType=0, direction=0, acc_status=0, type=9, warning_status=0, aeb_status=0
01-21 17:14:22.059  4023  4023 D V2021012102 EZD Input Status: InputData_Obj: acc_gap_set_status=3
01-21 17:14:22.059  4023  4023 D V2021012102 EZD Input Status: InputData_LD=true , warning_status=0
01-21 17:14:22.059  4023  4023 D V2021012102 EZD Input Status: l1:(a,b,c,d)=(-1.160000,0.027000,-0.000200,0.000001),(st,end)=(0,0); l2:(a,b,c,d)=(-0.890000,-0.003000,-0.000000,-0.000000),(st,end)=(57,57);
