01-04 20:55:23.612 11700 11735 D HUDInteractionImpl: notifyAdasInfo ADASLaneSyncInfo 左一上段：1.4600000000000009 0.014999999999999902 -1.0000000000000286E-4 0.0 左一下段 1.4800000000000004 0.010000000000000009 2.999999999999947E-4 -1.0000000000000026E-5 右一上段 -1.2800000000000011 0.014999999999999902 -1.0000000000000286E-4 0.0 右一下段 -2.1799999999999997 0.010000000000000009 2.999999999999947E-4 -1.0000000000000026E-5 左一左起止点 0.0 13.0 左一右起止点 13.0 147.0 右一左起止点 0.0 88.0 右一右起止点 88.0 93.0 压线 0
01-04 20:55:23.612 11700 11735 I BasePreferenceFragment: sendUpdateUIMsg()
01-04 20:55:23.612 11700 11735 D HUDInteractionImpl: handleMessage 5
01-04 20:55:23.612 11700 11735 D HUDInteractionImpl: onVehicleSyncInfo 6.721290000000001 -0.013671875 -0.0078125
01-04 20:55:23.612 11700 11735 I BasePreferenceFragment: sendUpdateUIMsg()
01-04 20:55:23.612 11700 11735 D HUDInteractionImpl: handleMessage 2
01-04 20:55:23.612 11700 11735 D HUDInteractionImpl: notifyAdasInfo ADASDrivingAidSyncInfo 功能状态: 0 AEB已经制动 0 前方对象方向 0 前方对象类型 0 前方物件横向距离 1.7763568394002505E-15 前方物件纵向距离 0.0 FCW警告 0
01-04 20:55:23.612 11700 11735 D HUDInteractionImpl: notifyAdasInfo ADASLaneSyncInfo 左一上段：1.4600000000000009 0.014999999999999902 -1.0000000000000286E-4 0.0 左一下段 1.4800000000000004 0.010000000000000009 2.999999999999947E-4 -1.0000000000000026E-5 右一上段 -1.2800000000000011 0.014999999999999902 -1.0000000000000286E-4 0.0 右一下段 -2.1799999999999997 0.010000000000000009 2.999999999999947E-4 -1.0000000000000026E-5 左一左起止点 0.0 13.0 左一右起止点 13.0 147.0 右一左起止点 0.0 88.0 右一右起止点 88.0 93.0 压线 0
01-04 20:55:23.612 11700 11735 I BasePreferenceFragment: sendUpdateUIMsg()
01-04 20:55:23.615   815  1103 D libipcp : socket_says_data_received: Sid: 0x1f, OpID: 0x51, Length: 0x10a, SendHandleId: 0x1f51050c, Version: 0x3, OpType: 0x5, NOTIFICATION, payloadType: 0x1
01-04 20:55:23.615   815  1103 I libipcp : checkOperaiondIdAvailable: checkOperaiondIdAvailable called service_id: 0x1f, OpId: 0x51
01-04 20:55:23.615   815  1103 I libipcp : checkOperaiondIdAvailable: checkOperaiondIdAvailable opid 0x51 is vaild
01-04 20:55:23.615   815  1103 D libipcp : socket_says_data_received: Sid: 0x25, OpID: 0x20, Length: 0x89, SendHandleId: 0x252005d5, Version: 0x3, OpType: 0x5, NOTIFICATION, payloadType: 0x1
01-04 20:55:23.615   815  1103 I libipcp : checkOperaiondIdAvailable: checkOperaiondIdAvailable called service_id: 0x25, OpId: 0x20
01-04 20:55:23.615   815  1103 I libipcp : checkOperaiondIdAvailable: checkOperaiondIdAvailable opid 0x20 is vaild
01-04 20:55:23.615   815  1103 D libipcp : socket_says_data_received: Sid: 0x2c, OpID: 0x1d, Length: 0x129, SendHandleId: 0x2c1d055f, Version: 0x3, OpType: 0x5, NOTIFICATION, payloadType: 0x1
01-04 20:55:23.615   815  1103 I libipcp : checkOperaiondIdAvailable: checkOperaiondIdAvailable called service_id: 0x2c, OpId: 0x1d
01-04 20:55:23.615   815  1103 I libipcp : checkOperaiondIdAvailable: checkOperaiondIdAvailable opid 0x1d is vaild
01-04 20:55:23.615   815  1089 D libipcp : build_ack_packet: build ACK for Service_id: 0x1f, Operation_Id: 0x51, senderHandleId: 0x1f51050c
01-04 20:55:23.615   815  1089 D libipcp : build_ack_packet: build ACK for Service_id: 0x25, Operation_Id: 0x20, senderHandleId: 0x252005d5
01-04 20:55:23.615   815  1089 D libipcp : build_ack_packet: build ACK for Service_id: 0x2c, Operation_Id: 0x1d, senderHandleId: 0x2c1d055f
01-04 20:55:23.615   815  1088 I libipcp : ipcp_transport_send: fire --> SenderHandleID: 0x2c1d055f, OperType: ACK, peer.sk_type is 2, peer_ip : 198.18.34.1, peer_port: 50500, length :16
01-04 20:55:23.615   815  1088 I libipcp : ipcp_transport_send: fire --> SenderHandleID: 0x252005d5, OperType: ACK, peer.sk_type is 2, peer_ip : 198.18.34.1, peer_port: 50500, length :16
01-04 20:55:23.615   815  1088 I libipcp : ipcp_transport_send: fire --> SenderHandleID: 0x1f51050c, OperType: ACK, peer.sk_type is 2, peer_ip : 198.18.34.1, peer_port: 50500, length :16
01-04 20:55:23.615   815  1091 D vehiclehal::EcarxIpcpComm: funtion: received_cb , ip [198.18.34.1] , port = 50500, service = ASDM, operation_id = 81
01-04 20:55:23.615   815  1092 D vehiclehal::EcarxIpcpComm: funtion: received_cb , ip [198.18.34.1] , port = 50500, service = DIM, operation_id = 32
01-04 20:55:23.616   815  1091 D vehiclehal::EcarxIpcpComm: funtion: received_cb , ip [198.18.34.1] , port = 50500, service = VDDM, operation_id = 29
01-04 20:55:23.617   815  1099 D vehiclehal::EcarxIpcpComm: funtion: rxThread , service = DIM, operation_id = 32
01-04 20:55:23.617   815  1099 D IPCP2VV : convertIpcp2VehicleValues, [DIMNotificationOpID] ap size 129, vp size 129
01-04 20:55:23.619   815  1099 D vehiclehal::EcarxIpcpComm: funtion: rxThread , service = ASDM, operation_id = 81
01-04 20:55:23.619   815  1099 D IPCP2VV : convertIpcp2VehicleValues, [ASDMNotificationOpID] ap size 258, vp size 258
01-04 20:55:23.621   815  1099 D vehiclehal::EcarxIpcpComm: funtion: rxThread , service = VDDM, operation_id = 29
01-04 20:55:23.621   815  1099 D IPCP2VV : convertIpcp2VehicleValues, [VDDMNotificationOpID] ap size 289, vp size 289
01-04 20:55:23.627  3953  3953 D CarSignalManager: handleOnChangeEvent ECarXCarPropertyValue{mPropertyId=0x7ab7 propertyName SteerWhlSnsrAgSpd, mValue=0}
01-04 20:55:23.628  3953  3953 D HUDInteractionImpl: onChangeEvent 7ab7
01-04 20:55:23.628  3953  3953 D CarSignalManager: handleOnChangeEvent ECarXCarPropertyValue{mPropertyId=0x7af1 propertyName ZZZVddmSignalEnd, mValue=a139}
01-04 20:55:23.628  3953  3953 D HUDInteractionImpl: onChangeEvent 7af1
01-04 20:55:23.628  3953  4069 D HUDInteractionImpl: handleMessage 4
01-04 20:55:23.628  3953  4069 D HUDInteractionImpl: updateDataInfo id 7ab7 value: 0
01-04 20:55:23.628  3953  4069 D HUDInteractionImpl: handleMessage 4
01-04 20:55:23.628  3953  4069 D HUDInteractionImpl: updateDataInfo id 7af1 value: 41273
01-04 20:55:23.628  3953  4069 D HUDInteractionImpl: handleMessage 5
01-04 20:55:23.628  3953  4069 D HUDInteractionImpl: onVehicleSyncInfo 6.721290000000001 -0.013671875 0.0
01-04 20:55:23.637   834   834 E DisplayDevice: map unknown ((deprecated) sRGB sRGB Full range)/(RenderIntent::COLORIMETRIC) to default color mode
01-04 20:55:23.637   834   834 I chatty  : uid=1000(system) /system/bin/surfaceflinger identical 2 lines
01-04 20:55:23.637   834   834 E DisplayDevice: map unknown ((deprecated) sRGB sRGB Full range)/(RenderIntent::COLORIMETRIC) to default color mode
01-04 20:55:23.640  4162  4162 D ECarXCarFuncManagerBase: onChangeEvent: 33703 [B@7dfc8e1
01-04 20:55:23.641  4162  4162 I chatty  : uid=10027(com.ecarx.mycar) identical 9 lines
01-04 20:55:23.641  4162  4162 D ECarXCarFuncManagerBase: onChangeEvent: 33703 [B@7dfc8e1
01-04 20:55:23.641   815  1103 D libipcp : socket_says_data_received: Sid: 0x1f, OpID: 0x51, Length: 0x10a, SendHandleId: 0x1f51050d, Version: 0x3, OpType: 0x5, NOTIFICATION, payloadType: 0x1
01-04 20:55:23.641   815  1103 I libipcp : checkOperaiondIdAvailable: checkOperaiondIdAvailable called service_id: 0x1f, OpId: 0x51
01-04 20:55:23.641  4162  4162 D ECarXCarFuncManagerBase: onChangeEvent: 33703 [B@7dfc8e1
01-04 20:55:23.641   815  1103 I libipcp : checkOperaiondIdAvailable: checkOperaiondIdAvailable opid 0x51 is vaild
01-04 20:55:23.641   815  1089 D libipcp : build_ack_packet: build ACK for Service_id: 0x1f, Operation_Id: 0x51, senderHandleId: 0x1f51050d
01-04 20:55:23.641  4162  4162 D ECarXCarFuncManagerBase: onChangeEvent: 33703 [B@7dfc8e1
01-04 20:55:23.641  4162  4162 D ECarXCarFuncManagerBase: onChangeEvent: 33703 [B@7dfc8e1
01-04 20:55:23.641   815  1088 I libipcp : ipcp_transport_send: fire --> SenderHandleID: 0x1f51050d, OperType: ACK, peer.sk_type is 2, peer_ip : 198.18.34.1, peer_port: 50500, length :16
01-04 20:55:23.641  4162  4162 D ECarXCarFuncManagerBase: onChangeEvent: 33703 [B@7dfc8e1
01-04 20:55:23.641  4162  4162 D ECarXCarFuncManagerBase: onChangeEvent: 33703 [B@7dfc8e1
01-04 20:55:23.641  4162  4162 D CarPAEventCallback: onPAChanged propertyId: 33703
01-04 20:55:23.641   815  1091 D vehiclehal::EcarxIpcpComm: funtion: received_cb , ip [198.18.34.1] , port = 50500, service = ASDM, operation_id = 81
01-04 20:55:23.641  4162  4162 D CarPAEventCallback: PA_TS_OdometerTripMeter2 = PA_TS_OdometerTripMeter2{availability = Active, dataValue = 151693, statusValue = 0, formatValue = 0}
01-04 20:55:23.641  4162  4162 D ECarXCarFuncManagerBase: handleOnChangeEvent patsodometertripmeter2
01-04 20:55:23.642   815  1103 D libipcp : socket_says_data_received: Sid: 0x24, OpID: 0xd5, Length: 0x1bc, SendHandleId: 0x24d5054f, Version: 0x3, OpType: 0x5, NOTIFICATION, payloadType: 0x1
01-04 20:55:23.642   815  1103 I libipcp : checkOperaiondIdAvailable: checkOperaiondIdAvailable called service_id: 0x24, OpId: 0xd5
01-04 20:55:23.642   815  1103 I libipcp : checkOperaiondIdAvailable: checkOperaiondIdAvailable opid 0xd5 is vaild
01-04 20:55:23.642   815  1103 D libipcp : socket_says_data_received: Sid: 0x2c, OpID: 0x1d, Length: 0x129, SendHandleId: 0x2c1d0560, Version: 0x3, OpType: 0x5, NOTIFICATION, payloadType: 0x1
01-04 20:55:23.642   815  1103 I libipcp : checkOperaiondIdAvailable: checkOperaiondIdAvailable called service_id: 0x2c, OpId: 0x1d
01-04 20:55:23.642   815  1103 I libipcp : checkOperaiondIdAvailable: checkOperaiondIdAvailable opid 0x1d is vaild
01-04 20:55:23.642   815  1089 D libipcp : build_ack_packet: build ACK for Service_id: 0x24, Operation_Id: 0xd5, senderHandleId: 0x24d5054f
01-04 20:55:23.642   815  1089 D libipcp : build_ack_packet: build ACK for Service_id: 0x2c, Operation_Id: 0x1d, senderHandleId: 0x2c1d0560
01-04 20:55:23.642   815  1088 I libipcp : ipcp_transport_send: fire --> SenderHandleID: 0x2c1d0560, OperType: ACK, peer.sk_type is 2, peer_ip : 198.18.34.1, peer_port: 50500, length :16
01-04 20:55:23.642   815  1088 I libipcp : ipcp_transport_send: fire --> SenderHandleID: 0x24d5054f, OperType: ACK, peer.sk_type is 2, peer_ip : 198.18.34.1, peer_port: 50500, length :16
01-04 20:55:23.642   815  1099 D vehiclehal::EcarxIpcpComm: funtion: rxThread , service = ASDM, operation_id = 81
01-04 20:55:23.642   815  1091 D vehiclehal::EcarxIpcpComm: funtion: received_cb , ip [198.18.34.1] , port = 50500, service = CEM, operation_id = 213
01-04 20:55:23.642   815  1099 D IPCP2VV : convertIpcp2VehicleValues, [ASDMNotificationOpID] ap size 258, vp size 258
01-04 20:55:23.642   783 13728 F [ESIS][FATAL] ref-detecter.cc:347: GET_REF seq not match:4948 -1 0
01-04 20:55:23.642   783 13727 F [ESIS][FATAL] ref-detecter.cc:347: GET_REF seq not match:4948 -1 0
01-04 20:55:23.642   783 13728 E [EAKS][ERROR] aks-engine.cc:373: no keyword set yet.
01-04 20:55:23.643   783 13727 E [EAKS][ERROR] aks-engine.cc:373: no keyword set yet.
01-04 20:55:23.643   815  1092 D vehiclehal::EcarxIpcpComm: funtion: received_cb , ip [198.18.34.1] , port = 50500, service = VDDM, operation_id = 29
01-04 20:55:23.644   815  1099 D vehiclehal::EcarxIpcpComm: funtion: rxThread , service = CEM, operation_id = 213
01-04 20:55:23.644   815  1099 D IPCP2VV : convertIpcp2VehicleValues, [CEMNotificationOpID] ap size 436, vp size 436
01-04 20:55:23.645   809  1130 D IPLM_HAL: doReceive, recevied ip activity from ECU [TCAM], ip 198.18.32.17
01-04 20:55:23.645   809  1130 I IPLM_HAL: convertToLittleEndian, [sid 0xffff], [op_id 0xff01], [len 0xc], [sendHandlerId 0xff0106e4], [op_type 0x6], [payload_type 0x1]
01-04 20:55:23.645   809  1130 I IPLM_HAL: handleActiveRequest, node: [TCAM], action: 0x3, priority: 0
01-04 20:55:23.645   809  1130 D IPLM_HAL: handleActiveRequest, [IPLM Request] Active Request Session is triggerd for Resource Group 0x2 [RG_1], by Node [TCAM]
01-04 20:55:23.645   809  1130 I IPLM_HAL: handleActiveRequest, ARS is set by node [TCAM]
01-04 20:55:23.646   815  1099 D vehiclehal::EcarxIpcpComm: funtion: rxThread , service = VDDM, operation_id = 29
01-04 20:55:23.646   815  1099 D IPCP2VV : convertIpcp2VehicleValues, [VDDMNotificationOpID] ap size 289, vp size 289
01-04 20:55:23.648  2425  3612 D ecarx_daemon_VehicleHal: onPropertyEvent: Vehicle Property: 557873871, value: 1716
01-04 20:55:23.648  2425  3612 D ecarx_daemon_VehicleHal: propid 557873871, reqSignalPropertiesString VendorSignalProperty::VehSpdLgtA
01-04 20:55:23.649  4162  4488 D mycar--VehicleImpl: onSensorValueChanged sensor = 1050368,value = 1962.0
01-04 20:55:23.649  4162  4488 D mycar--VehicleImpl: onSensorValueChanged sensor = 4206592,value = 8038.0
01-04 20:55:23.649  4162  4488 I maintenance_log: MaintenanceProvider@1b5ef9f [checkMaintenanceRecord] >> totalMiles = 1962
01-04 20:55:23.649  4162  4488 I maintenance_log: MaintenanceProvider@1b5ef9f [checkMaintenanceRecord] >> leftMileageDistance = 8038
01-04 20:55:23.650  4162  4162 D CarSignalManager: handleOnChangeEvent ECarXCarPropertyValue{mPropertyId=0x7acf propertyName VehSpdLgtA, mValue=6b4}
01-04 20:55:23.650  1794  1794 D CarSignalManager: handleOnChangeEvent ECarXCarPropertyValue{mPropertyId=0x7acf propertyName VehSpdLgtA, mValue=6b4}
01-04 20:55:23.650  2990  2990 D CarSignalManager: handleOnChangeEvent ECarXCarPropertyValue{mPropertyId=0x7acf propertyName VehSpdLgtA, mValue=6b4}
01-04 20:55:23.650  3048  3048 D CarSignalManager: handleOnChangeEvent ECarXCarPropertyValue{mPropertyId=0x7acf propertyName VehSpdLgtA, mValue=6b4}
01-04 20:55:23.650  7234  7234 D CarSignalManager: handleOnChangeEvent ECarXCarPropertyValue{mPropertyId=0x7acf propertyName VehSpdLgtA, mValue=6b4}
01-04 20:55:23.650  7234  7234 D CarSignalManager: handleOnChangeEvent ECarXCarPropertyValue{mPropertyId=0x7acf propertyName VehSpdLgtA, mValue=6b4}
01-04 20:55:23.650  2549  2549 D CarSignalManager: handleOnChangeEvent ECarXCarPropertyValue{mPropertyId=0x7acf propertyName VehSpdLgtA, mValue=6b4}
01-04 20:55:23.651  2887  2887 D CarSignalManager: handleOnChangeEvent ECarXCarPropertyValue{mPropertyId=0x7acf propertyName VehSpdLgtA, mValue=6b4}
01-04 20:55:23.651  4077  4077 D CarSignalManager: handleOnChangeEvent ECarXCarPropertyValue{mPropertyId=0x7acf propertyName VehSpdLgtA, mValue=6b4}
01-04 20:55:23.651  2023  2023 D CarSignalManager: handleOnChangeEvent ECarXCarPropertyValue{mPropertyId=0x7acf propertyName VehSpdLgtA, mValue=6b4}
01-04 20:55:23.651  3953  3953 D CarSignalManager: handleOnChangeEvent ECarXCarPropertyValue{mPropertyId=0x7acf propertyName VehSpdLgtA, mValue=6b4}
01-04 20:55:23.651  3953  3953 D HUDInteractionImpl: onChangeEvent 7acf
01-04 20:55:23.651  3953  3953 D CarSignalManager: handleOnChangeEvent ECarXCarPropertyValue{mPropertyId=0x7af1 propertyName ZZZVddmSignalEnd, mValue=a13a}
01-04 20:55:23.651  3953  4069 D HUDInteractionImpl: handleMessage 4
01-04 20:55:23.651  3953  3953 D HUDInteractionImpl: onChangeEvent 7af1
01-04 20:55:23.651  3953  4069 D HUDInteractionImpl: updateDataInfo id 7acf value: 1716
01-04 20:55:23.651  3953  4069 D HUDInteractionImpl: handleMessage 4
01-04 20:55:23.651  3953  4069 D HUDInteractionImpl: updateDataInfo id 7af1 value: 41274
01-04 20:55:23.651  3953  4069 D HUDInteractionImpl: handleMessage 5
01-04 20:55:23.651  3953  4069 D HUDInteractionImpl: onVehicleSyncInfo 6.709560000000001 -0.013671875 0.0
01-04 20:55:23.651  4162  4990 D OkHttp  : --> GET http://api.xchanger.cn/vehicleowner/vehicleMaintenance/plan?vin=L6T7752Z9LU000211
01-04 20:55:23.651  4162  4990 D OkHttp  : --> END GET
01-04 20:55:23.652  4162  4468 D mycar--VehicleImpl: onSensorValueChanged sensor = 1048832,value = 27.0
01-04 20:55:23.660 11700 11700 D CarSignalManager: handleOnChangeEvent ECarXCarPropertyValue{mPropertyId=0x7ab7 propertyName SteerWhlSnsrAgSpd, mValue=0}
01-04 20:55:23.660 11700 11700 D HUDInteractionImpl: onChangeEvent 7ab7
01-04 20:55:23.660 11700 11700 D CarSignalManager: handleOnChangeEvent ECarXCarPropertyValue{mPropertyId=0x7af1 propertyName ZZZVddmSignalEnd, mValue=a139}
01-04 20:55:23.660 11700 11700 D HUDInteractionImpl: onChangeEvent 7af1
01-04 20:55:23.660 11700 11700 D CarSignalManager: handleOnChangeEvent ECarXCarPropertyValue{mPropertyId=0x7acf propertyName VehSpdLgtA, mValue=6b4}
01-04 20:55:23.660 11700 11700 D HUDInteractionImpl: onChangeEvent 7acf
01-04 20:55:23.660 11700 11700 D CarSignalManager: handleOnChangeEvent ECarXCarPropertyValue{mPropertyId=0x7af1 propertyName ZZZVddmSignalEnd, mValue=a13a}
01-04 20:55:23.660 11700 11700 D HUDInteractionImpl: onChangeEvent 7af1
01-04 20:55:23.661 11700 11735 D HUDInteractionImpl: handleMessage 4
01-04 20:55:23.661 11700 11735 D HUDInteractionImpl: updateDataInfo id 7ab7 value: 0
01-04 20:55:23.661 11700 11735 D HUDInteractionImpl: handleMessage 4
01-04 20:55:23.661 11700 11735 D HUDInteractionImpl: updateDataInfo id 7af1 value: 41273
01-04 20:55:23.661 11700 11735 D HUDInteractionImpl: handleMessage 4
01-04 20:55:23.661 11700 11735 D HUDInteractionImpl: updateDataInfo id 7acf value: 1716
01-04 20:55:23.661 11700 11735 D HUDInteractionImpl: handleMessage 4
01-04 20:55:23.661 11700 11735 D HUDInteractionImpl: updateDataInfo id 7af1 value: 41274
01-04 20:55:23.661 11700 11735 D HUDInteractionImpl: handleMessage 5
01-04 20:55:23.661 11700 11735 D HUDInteractionImpl: onVehicleSyncInfo 6.709560000000001 -0.013671875 0.0
01-04 20:55:23.661 11700 11735 I BasePreferenceFragment: sendUpdateUIMsg()
01-04 20:55:23.661  3953  3953 D CarSignalManager: handleOnChangeEvent ECarXCarPropertyValue{mPropertyId=0x70f5 propertyName AsyLeFirstEnd, mValue=2a}
01-04 20:55:23.661  3953  3953 D HUDInteractionImpl: onChangeEvent 70f5
01-04 20:55:23.661 11700 11735 D HUDInteractionImpl: handleMessage 5
01-04 20:55:23.661 11700 11735 D HUDInteractionImpl: onVehicleSyncInfo 6.709560000000001 -0.013671875 0.0
01-04 20:55:23.661 11700 11735 I BasePreferenceFragment: sendUpdateUIMsg()
01-04 20:55:23.661  3953  3953 D CarSignalManager: handleOnChangeEvent ECarXCarPropertyValue{mPropertyId=0x70f7 propertyName AsyLeSecEnd, mValue=8c}
01-04 20:55:23.661  3953  3953 D HUDInteractionImpl: onChangeEvent 70f7
01-04 20:55:23.661  3953  4069 D HUDInteractionImpl: handleMessage 4
01-04 20:55:23.661  3953  3953 D CarSignalManager: handleOnChangeEvent ECarXCarPropertyValue{mPropertyId=0x70f8 propertyName AsyLeSecStrt, mValue=2a}
01-04 20:55:23.661  3953  3953 D HUDInteractionImpl: onChangeEvent 70f8
01-04 20:55:23.661  3953  4069 D HUDInteractionImpl: updateDataInfo id 70f5 value: 42
01-04 20:55:23.661 11700 11700 D CarSignalManager: handleOnChangeEvent ECarXCarPropertyValue{mPropertyId=0x70f5 propertyName AsyLeFirstEnd, mValue=2a}
01-04 20:55:23.661 11700 11700 D HUDInteractionImpl: onChangeEvent 70f5
01-04 20:55:23.661  3953  3953 D CarSignalManager: handleOnChangeEvent ECarXCarPropertyValue{mPropertyId=0x7173 propertyName AsyLineLePahPrmB, mValue=64b}
01-04 20:55:23.661  3953  4069 D HUDInteractionImpl: handleMessage 4
01-04 20:55:23.661  3953  3953 D HUDInteractionImpl: onChangeEvent 7173
01-04 20:55:23.661  3953  4069 D HUDInteractionImpl: updateDataInfo id 70f7 value: 140
01-04 20:55:23.661 11700 11700 D CarSignalManager: handleOnChangeEvent ECarXCarPropertyValue{mPropertyId=0x70f7 propertyName AsyLeSecEnd, mValue=8c}
01-04 20:55:23.661 11700 11700 D HUDInteractionImpl: onChangeEvent 70f7
01-04 20:55:23.661  3953  3953 D CarSignalManager: handleOnChangeEvent ECarXCarPropertyValue{mPropertyId=0x7183 propertyName AsyLineRiPahPrmB, mValue=64b}
01-04 20:55:23.661  3953  4069 D HUDInteractionImpl: handleMessage 4
01-04 20:55:23.661  3953  3953 D HUDInteractionImpl: onChangeEvent 7183
01-04 20:55:23.661  3953  4069 D HUDInteractionImpl: updateDataInfo id 70f8 value: 42
01-04 20:55:23.661 11700 11700 D CarSignalManager: handleOnChangeEvent ECarXCarPropertyValue{mPropertyId=0x70f8 propertyName AsyLeSecStrt, mValue=2a}
01-04 20:55:23.661  3953  4069 D HUDInteractionImpl: handleMessage 4
01-04 20:55:23.661  3953  3953 D CarSignalManager: handleOnChangeEvent ECarXCarPropertyValue{mPropertyId=0x71c5 propertyName ZZZAsdmSignalEnd, mValue=a13b}
01-04 20:55:23.661 11700 11700 D HUDInteractionImpl: onChangeEvent 70f8
01-04 20:55:23.661  3953  4069 D HUDInteractionImpl: updateDataInfo id 7173 value: 1611
01-04 20:55:23.661  3953  3953 D HUDInteractionImpl: onChangeEvent 71c5
01-04 20:55:23.661  3953  4069 D HUDInteractionImpl: handleMessage 4
01-04 20:55:23.661  3953  4069 D HUDInteractionImpl: updateDataInfo id 7183 value: 1611
01-04 20:55:23.661 11700 11700 D CarSignalManager: handleOnChangeEvent ECarXCarPropertyValue{mPropertyId=0x7173 propertyName AsyLineLePahPrmB, mValue=64b}
01-04 20:55:23.661  3953  4069 D HUDInteractionImpl: handleMessage 4
01-04 20:55:23.661 11700 11700 D HUDInteractionImpl: onChangeEvent 7173
01-04 20:55:23.661  3953  4069 D HUDInteractionImpl: updateDataInfo id 71c5 value: 41275
01-04 20:55:23.661  3953  4069 D HUDInteractionImpl: handleMessage 2
01-04 20:55:23.661 11700 11700 D CarSignalManager: handleOnChangeEvent ECarXCarPropertyValue{mPropertyId=0x7183 propertyName AsyLineRiPahPrmB, mValue=64b}
01-04 20:55:23.661 11700 11700 D HUDInteractionImpl: onChangeEvent 7183
01-04 20:55:23.661  3953  4069 D HUDInteractionImpl: notifyAdasInfo ADASDrivingAidSyncInfo 功能状态: 0 AEB已经制动 0 前方对象方向 0 前方对象类型 0 前方物件横向距离 1.7763568394002505E-15 前方物件纵向距离 0.0 FCW警告 0
01-04 20:55:23.662 11700 11700 D CarSignalManager: handleOnChangeEvent ECarXCarPropertyValue{mPropertyId=0x71c5 propertyName ZZZAsdmSignalEnd, mValue=a13b}
01-04 20:55:23.662 11700 11700 D HUDInteractionImpl: onChangeEvent 71c5
01-04 20:55:23.662  3953  4069 D HUDInteractionImpl: notifyAdasInfo ADASLaneSyncInfo 左一上段：1.4600000000000009 0.014999999999999902 -1.0000000000000286E-4 0.0 左一下段 1.4800000000000004 0.010999999999999899 2.999999999999947E-4 -1.0000000000000026E-5 右一上段 -1.2800000000000011 0.014999999999999902 -1.0000000000000286E-4 0.0 右一下段 -2.1799999999999997 0.010999999999999899 2.999999999999947E-4 -1.0000000000000026E-5 左一左起止点 0.0 12.0 左一右起止点 12.0 110.0 右一左起止点 0.0 88.0 右一右起止点 88.0 93.0 压线 0
01-04 20:55:23.662 11700 11735 D HUDInteractionImpl: handleMessage 4
01-04 20:55:23.662 11700 11735 D HUDInteractionImpl: updateDataInfo id 70f5 value: 42
01-04 20:55:23.662 11700 11735 D HUDInteractionImpl: handleMessage 4
01-04 20:55:23.662 11700 11735 D HUDInteractionImpl: updateDataInfo id 70f7 value: 140
01-04 20:55:23.662 11700 11735 D HUDInteractionImpl: handleMessage 4
01-04 20:55:23.662 11700 11735 D HUDInteractionImpl: updateDataInfo id 70f8 value: 42
01-04 20:55:23.662 11700 11735 D HUDInteractionImpl: handleMessage 4
01-04 20:55:23.662 11700 11735 D HUDInteractionImpl: updateDataInfo id 7173 value: 1611
01-04 20:55:23.662 11700 11735 D HUDInteractionImpl: handleMessage 4
01-04 20:55:23.662 11700 11735 D HUDInteractionImpl: updateDataInfo id 7183 value: 1611
01-04 20:55:23.662 11700 11735 D HUDInteractionImpl: handleMessage 4
01-04 20:55:23.662 11700 11735 D HUDInteractionImpl: updateDataInfo id 71c5 value: 41275
01-04 20:55:23.662 11700 11735 D HUDInteractionImpl: handleMessage 2
01-04 20:55:23.662  3953  4998 I ARHUDPresenter.java: [ (ARHUDPresenter.java:127)#Subscribe ] adasLaneInfoBeanInputADASObj{acc_status=0.0, pos_x=1.7763568394002505E-15, pos_z=0.0, direction=0.0, type=9.0, frontType=0.0, warning_status=0.0, aeb_status=0.0}
01-04 20:55:23.662  3953  5033 I ARHUDPresenter.java: [ (ARHUDPresenter.java:154)#Subscribe ] inputADASLDInputADASLD{l1_a=1.4600000000000009, l1_b=0.014999999999999902, l1_c=-1.0000000000000286E-4, l1_d=0.0, l2_a=1.4800000000000004, l2_b=0.010999999999999899, l2_c=2.999999999999947E-4, l2_d=-1.0000000000000026E-5, r1_a=-1.2800000000000011, r1_b=0.014999999999999902, r1_c=-1.0000000000000286E-4, r1_d=0.0, r2_a=-2.1799999999999997, r2_b=0.010999999999999899, r2_c=2.999999999999947E-4, r2_d=-1.0000000000000026E-5, warning_status=0, detect_start_l1=0.0, detect_end_l1=12.0, detect_start_l2=12.0, detect_end_l2=110.0, detect_start_r2=88.0, detect_end_r2=93.0, detect_start_r1=0.0, detect_end_r1=88.0}
01-04 20:55:23.662 11700 11735 D HUDInteractionImpl: notifyAdasInfo ADASDrivingAidSyncInfo 功能状态: 0 AEB已经制动 0 前方对象方向 0 前方对象类型 0 前方物件横向距离 1.7763568394002505E-15 前方物件纵向距离 0.0 FCW警告 0
01-04 20:55:23.662  3953  5033 D V2021010403 EZD Input Status: InputData_HUD = true
01-04 20:55:23.662  3953  5033 D V2021010403 EZD Input Status: HUD_button_absolute_pos = 15
01-04 20:55:23.662  3953  5033 D V2021010403 EZD Input Status: InputData_LD=true , warning_status=0
01-04 20:55:23.662  3953  4998 I ARHUDPresenter.java: [ (ARHUDPresenter.java:128)#Subscribe ] HUDHeight15
01-04 20:55:23.662 11700 11735 D HUDInteractionImpl: notifyAdasInfo ADASLaneSyncInfo 左一上段：1.4600000000000009 0.014999999999999902 -1.0000000000000286E-4 0.0 左一下段 1.4800000000000004 0.010999999999999899 2.999999999999947E-4 -1.0000000000000026E-5 右一上段 -1.2800000000000011 0.014999999999999902 -1.0000000000000286E-4 0.0 右一下段 -2.1799999999999997 0.010999999999999899 2.999999999999947E-4 -1.0000000000000026E-5 左一左起止点 0.0 12.0 左一右起止点 12.0 110.0 右一左起止点 0.0 88.0 右一右起止点 88.0 93.0 压线 0
01-04 20:55:23.662  3953  5033 D V2021010403 EZD Input Status: l1:(a,b,c,d)=(-1.460000,-0.015000,0.000100,-0.000000),(st,end)=(0,0); l2:(a,b,c,d)=(-1.480000,-0.011000,-0.000300,0.000010),(st,end)=(12,12);
01-04 20:55:23.662 11700 11735 I BasePreferenceFragment: sendUpdateUIMsg()
01-04 20:55:23.662  3953  5033 D V2021010403 EZD Input Status: r1:(a,b,c,d)=(1.280000,-0.015000,0.000100,-0.000000),(st,end)=(0,0); r2:(a,b,c,d)=(2.180000,-0.011000,-0.000300,0.000010),(st,end)=(88,88);
01-04 20:55:23.662  3953  4998 E JniUtils.java: [ (JniUtils.java:33)#InputDataAdasObj ] hudHeight高度15.0
01-04 20:55:23.662  3953  4998 D V2021010403 EZD Input Status: InputData_Vehicle=true , speed=6.709560, steering_wheel_angle=-0.013672, steering_wheel_angularVel=0.000000
01-04 20:55:23.662  3953  4998 D V2021010403 EZD Input Status: InputData_HUD = true
01-04 20:55:23.662  3953  5033 I JniUtils.java: [ (JniUtils.java:66)#InputADASLD ] 道路信息输出成功
01-04 20:55:23.662  3953  4998 D V2021010403 EZD Input Status: HUD_button_absolute_pos = 15
01-04 20:55:23.662  3953  4998 D V2021010403 EZD Input Status: InputData_Obj is true. pos_x=0.000000, pos_y=0.000000, frontType=0, direction=0, acc_status=0, type=9, warning_status=0, aeb_status=0
01-04 20:55:23.662  3953  4998 D V2021010403 EZD Input Status: InputData_Obj: acc_gap_set_status=0
01-04 20:55:23.662  3953  5033 D V2021010403 EZD Output Status: Output_ld=true , laneID=1, (start_x,start_y)=(102,14), (end_x,end_y)=(-82,231), (A,B,C,D)=(-0.000000,0.000159,-0.882069,115.452657), status=1
01-04 20:55:23.662  3953  4998 D V2021010403 EZD Input Status: InputData_LD=true , warning_status=0
01-04 20:55:23.662  3953  4998 D V2021010403 EZD Input Status: l1:(a,b,c,d)=(-1.460000,-0.015000,0.000100,-0.000000),(st,end)=(0,0); l2:(a,b,c,d)=(-1.480000,-0.011000,-0.000300,0.000010),(st,end)=(12,12);
01-04 20:55:23.662  3953  4998 D V2021010403 EZD Input Status: r1:(a,b,c,d)=(1.280000,-0.015000,0.000100,-0.000000),(st,end)=(0,0); r2:(a,b,c,d)=(2.180000,-0.011000,-0.000300,0.000010),(st,end)=(88,88);
01-04 20:55:23.662  3953  4998 I JniUtils.java: [ (JniUtils.java:46)#InputDataAdasObj ] 周边环境对象等输出成功
01-04 20:55:23.662  3953  4998 D V2021010403 EZD Output Status: Output_obj=false , aeb_status = 0 && collision_status == 0 && obj_status == 0 && accGapSet_status == 0 
01-04 20:55:23.662  3953  5033 I JniUtils.java: [ (JniUtils.java:68)#InputADASLD ] ADASLaneInfoBean{LaneID=1, x1=102, y1=14, x2=-82, y2=231, A=-2.1123837196312066E-7, B=1.5897311272100763E-4, C=-0.882069472749035, D=115.45265725207504, status=1}
01-04 20:55:23.662  3953  4998 I JniUtils.java: [ (JniUtils.java:48)#InputDataAdasObj ] ADASWarningInfoBean{objID=0, obj_x=0, obj_y=0, obj_status=0, obj_width=0, collisionID=0, conllision_x=0, conllision_y=0, collision_status=0, aebID=0, aeb_x=0, aeb_y=0, aeb_status=0, aebFrame_x=0, aebFrame_y=0, aebFrame_status=0, accGapSet_ID=0, accGapSet_x=0, accGapSet_y=0, accGapSet_width=0, accGapSet_flip=0, accGapSet_status=0}
01-04 20:55:23.662  3953  4998 I ARHUDPresenter.java: [ (ARHUDPresenter.java:132)#Subscribe ] adasWarningInfoBeanADASWarningInfoBean{objID=0, obj_x=0, obj_y=0, obj_status=0, obj_width=0, collisionID=0, conllision_x=0, conllision_y=0, collision_status=0, aebID=0, aeb_x=0, aeb_y=0, aeb_status=0, aebFrame_x=0, aebFrame_y=0, aebFrame_status=0, accGapSet_ID=0, accGapSet_x=0, accGapSet_y=0, accGapSet_width=0, accGapSet_flip=0, accGapSet_status=0}
01-04 20:55:23.662  3953  3953 I ARHUDPresenter.java: [ (ARHUDPresenter.java:166)#Accept ] ADASLaneInfoBeanADASLaneInfoBean{LaneID=1, x1=102, y1=14, x2=-82, y2=231, A=-2.1123837196312066E-7, B=1.5897311272100763E-4, C=-0.882069472749035, D=115.45265725207504, status=1}
01-04 20:55:23.662  3953  3953 E ADASLD  : [ (ARHUDPresenter.java:168)#Accept ] 压线了
01-04 20:55:23.670  4162  4162 D CarSignalManager: handleOnChangeEvent ECarXCarPropertyValue{mPropertyId=0x7899 propertyName VehSpdIndcdVehSpdIndcd, mValue=1a}
01-04 20:55:23.671   815  1103 D libipcp : socket_says_data_received: Sid: 0x1f, OpID: 0x51, Length: 0x10a, SendHandleId: 0x1f51050e, Version: 0x3, OpType: 0x5, NOTIFICATION, payloadType: 0x1
01-04 20:55:23.671   815  1103 I libipcp : checkOperaiondIdAvailable: checkOperaiondIdAvailable called service_id: 0x1f, OpId: 0x51
01-04 20:55:23.671   815  1103 I libipcp : checkOperaiondIdAvailable: checkOperaiondIdAvailable opid 0x51 is vaild
01-04 20:55:23.671  4162  4162 D mycar--VehicleImpl: onSensorValueChanged sensor = 1048832,value = 26.0
01-04 20:55:23.671   815  1089 D libipcp : build_ack_packet: build ACK for Service_id: 0x1f, Operation_Id: 0x51, senderHandleId: 0x1f51050e
01-04 20:55:23.671   815  1088 I libipcp : ipcp_transport_send: fire --> SenderHandleID: 0x1f51050e, OperType: ACK, peer.sk_type is 2, peer_ip : 198.18.34.1, peer_port: 50500, length :16
01-04 20:55:23.671   834   834 E DisplayDevice: map unknown ((deprecated) sRGB sRGB Full range)/(RenderIntent::COLORIMETRIC) to default color mode
01-04 20:55:23.671   834   834 I chatty  : uid=1000(system) /system/bin/surfaceflinger identical 2 lines
01-04 20:55:23.671   834   834 E DisplayDevice: map unknown ((deprecated) sRGB sRGB Full range)/(RenderIntent::COLORIMETRIC) to default color mode
01-04 20:55:23.671   815  1103 D libipcp : socket_says_data_received: Sid: 0x25, OpID: 0x20, Length: 0x89, SendHandleId: 0x252005d6, Version: 0x3, OpType: 0x5, NOTIFICATION, payloadType: 0x1
01-04 20:55:23.672   815  1103 I libipcp : checkOperaiondIdAvailable: checkOperaiondIdAvailable called service_id: 0x25, OpId: 0x20
01-04 20:55:23.672   815  1103 I libipcp : checkOperaiondIdAvailable: checkOperaiondIdAvailable opid 0x20 is vaild
01-04 20:55:23.672   815  1103 D libipcp : socket_says_data_received: Sid: 0x2c, OpID: 0x1d, Length: 0x129, SendHandleId: 0x2c1d0561, Version: 0x3, OpType: 0x5, NOTIFICATION, payloadType: 0x1
01-04 20:55:23.672   815  1103 I libipcp : checkOperaiondIdAvailable: checkOperaiondIdAvailable called service_id: 0x2c, OpId: 0x1d
01-04 20:55:23.672   815  1103 I libipcp : checkOperaiondIdAvailable: checkOperaiondIdAvailable opid 0x1d is vaild
01-04 20:55:23.672   815  1089 D libipcp : build_ack_packet: build ACK for Service_id: 0x25, Operation_Id: 0x20, senderHandleId: 0x252005d6
01-04 20:55:23.672   815  1089 D libipcp : build_ack_packet: build ACK for Service_id: 0x2c, Operation_Id: 0x1d, senderHandleId: 0x2c1d0561
01-04 20:55:23.672   815  1088 I libipcp : ipcp_transport_send: fire --> SenderHandleID: 0x2c1d0561, OperType: ACK, peer.sk_type is 2, peer_ip : 198.18.34.1, peer_port: 50500, length :16
01-04 20:55:23.672   815  1088 I libipcp : ipcp_transport_send: fire --> SenderHandleID: 0x252005d6, OperType: ACK, peer.sk_type is 2, peer_ip : 198.18.34.1, peer_port: 50500, length :16
01-04 20:55:23.673   815  1092 D vehiclehal::EcarxIpcpComm: funtion: received_cb , ip [198.18.34.1] , port = 50500, service = DIM, operation_id = 32
01-04 20:55:23.673   815  1091 D vehiclehal::EcarxIpcpComm: funtion: received_cb , ip [198.18.34.1] , port = 50500, service = ASDM, operation_id = 81
01-04 20:55:23.673   783 13727 F [ESIS][FATAL] ref-detecter.cc:347: GET_REF seq not match:4952 -1 0
01-04 20:55:23.674   783 13728 F [ESIS][FATAL] ref-detecter.cc:347: GET_REF seq not match:4952 -1 0
01-04 20:55:23.674   815  1099 D vehiclehal::EcarxIpcpComm: funtion: rxThread , service = ASDM, operation_id = 81
01-04 20:55:23.674   783 13727 E [EAKS][ERROR] aks-engine.cc:373: no keyword set yet.
01-04 20:55:23.674   815  1099 D IPCP2VV : convertIpcp2VehicleValues, [ASDMNotificationOpID] ap size 258, vp size 258
01-04 20:55:23.674   783 13728 E [EAKS][ERROR] aks-engine.cc:373: no keyword set yet.
01-04 20:55:23.676   815  1099 D vehiclehal::EcarxIpcpComm: funtion: rxThread , service = DIM, operation_id = 32
01-04 20:55:23.676   815  1099 D IPCP2VV : convertIpcp2VehicleValues, [DIMNotificationOpID] ap size 129, vp size 129
01-04 20:55:23.677   815  1091 D vehiclehal::EcarxIpcpComm: funtion: received_cb , ip [198.18.34.1] , port = 50500, service = VDDM, operation_id = 29
01-04 20:55:23.678   815  1099 D vehiclehal::EcarxIpcpComm: funtion: rxThread , service = VDDM, operation_id = 29
01-04 20:55:23.678   815  1099 D IPCP2VV : convertIpcp2VehicleValues, [VDDMNotificationOpID] ap size 289, vp size 289
01-04 20:55:23.680  2425  3612 D ecarx_daemon_VehicleHal: onPropertyEvent: Vehicle Property: 557873871, value: 1711
01-04 20:55:23.680  2425  3612 D ecarx_daemon_VehicleHal: propid 557873871, reqSignalPropertiesString VendorSignalProperty::VehSpdLgtA
01-04 20:55:23.681   815  1103 D libipcp : socket_says_data_received: Sid: 0x6e, OpID: 0xc8, Length: 0x2d0, SendHandleId: 0x6ec80578, Version: 0x3, OpType: 0x5, NOTIFICATION, payloadType: 0x1
01-04 20:55:23.681   815  1103 I libipcp : checkOperaiondIdAvailable: checkOperaiondIdAvailable called service_id: 0x6e, OpId: 0xc8
01-04 20:55:23.681   815  1103 I libipcp : checkOperaiondIdAvailable: checkOperaiondIdAvailable opid 0xc8 is vaild
01-04 20:55:23.681   815  1089 D libipcp : build_ack_packet: build ACK for Service_id: 0x6e, Operation_Id: 0xc8, senderHandleId: 0x6ec80578
01-04 20:55:23.681   815  1088 I libipcp : ipcp_transport_send: fire --> SenderHandleID: 0x6ec80578, OperType: ACK, peer.sk_type is 2, peer_ip : 198.18.34.1, peer_port: 50500, length :16
01-04 20:55:23.681  4162  4162 D CarSignalManager: handleOnChangeEvent ECarXCarPropertyValue{mPropertyId=0x7acf propertyName VehSpdLgtA, mValue=6af}
01-04 20:55:23.681  1794  1794 D CarSignalManager: handleOnChangeEvent ECarXCarPropertyValue{mPropertyId=0x7acf propertyName VehSpdLgtA, mValue=6af}
01-04 20:55:23.682  2990  2990 D CarSignalManager: handleOnChangeEvent ECarXCarPropertyValue{mPropertyId=0x7acf propertyName VehSpdLgtA, mValue=6af}
01-04 20:55:23.682  4077  4077 D CarSignalManager: handleOnChangeEvent ECarXCarPropertyValue{mPropertyId=0x7acf propertyName VehSpdLgtA, mValue=6af}
01-04 20:55:23.682  2549  2549 D CarSignalManager: handleOnChangeEvent ECarXCarPropertyValue{mPropertyId=0x7acf propertyName VehSpdLgtA, mValue=6af}
01-04 20:55:23.682  2023  2023 D CarSignalManager: handleOnChangeEvent ECarXCarPropertyValue{mPropertyId=0x7acf propertyName VehSpdLgtA, mValue=6af}
01-04 20:55:23.682   815  1092 D vehiclehal::EcarxIpcpComm: funtion: received_cb , ip [198.18.34.1] , port = 50500, service = PHEV, operation_id = 200
01-04 20:55:23.682  3048  3048 D CarSignalManager: handleOnChangeEvent ECarXCarPropertyValue{mPropertyId=0x7acf propertyName VehSpdLgtA, mValue=6af}
01-04 20:55:23.682  2887  2887 D CarSignalManager: handleOnChangeEvent ECarXCarPropertyValue{mPropertyId=0x7acf propertyName VehSpdLgtA, mValue=6af}
01-04 20:55:23.683  3953  3953 D CarSignalManager: handleOnChangeEvent ECarXCarPropertyValue{mPropertyId=0x7acf propertyName VehSpdLgtA, mValue=6af}
01-04 20:55:23.683  3953  3953 D HUDInteractionImpl: onChangeEvent 7acf
01-04 20:55:23.683  3953  3953 D CarSignalManager: handleOnChangeEvent ECarXCarPropertyValue{mPropertyId=0x7af1 propertyName ZZZVddmSignalEnd, mValue=a13d}
01-04 20:55:23.683  3953  3953 D HUDInteractionImpl: onChangeEvent 7af1
01-04 20:55:23.683  7234  7234 D CarSignalManager: handleOnChangeEvent ECarXCarPropertyValue{mPropertyId=0x7acf propertyName VehSpdLgtA, mValue=6af}
01-04 20:55:23.683  7234  7234 D CarSignalManager: handleOnChangeEvent ECarXCarPropertyValue{mPropertyId=0x7acf propertyName VehSpdLgtA, mValue=6af}
01-04 20:55:23.683  3953  4069 D HUDInteractionImpl: handleMessage 4
01-04 20:55:23.683  3953  4069 D HUDInteractionImpl: updateDataInfo id 7acf value: 1711
01-04 20:55:23.683  3953  4069 D HUDInteractionImpl: handleMessage 4
01-04 20:55:23.683  3953  4069 D HUDInteractionImpl: updateDataInfo id 7af1 value: 41277
01-04 20:55:23.683  3953  4069 D HUDInteractionImpl: handleMessage 5
01-04 20:55:23.683  3953  4069 D HUDInteractionImpl: onVehicleSyncInfo 6.690010000000001 -0.013671875 0.0
01-04 20:55:23.684   815  1099 D vehiclehal::EcarxIpcpComm: funtion: rxThread , service = PHEV, operation_id = 200
01-04 20:55:23.684   815  1099 D PAIPCP2VV: convertPAIpcp2VehicleValues, [PHEVOpID] ap size 712, vp size 712
01-04 20:55:23.692  4162  4162 D ECarXCarFuncManagerBase: onChangeEvent: 33701 [B@dded4c7
01-04 20:55:23.692  4162  4162 I chatty  : uid=10027(com.ecarx.mycar) identical 14 lines
01-04 20:55:23.692  4162  4162 D ECarXCarFuncManagerBase: onChangeEvent: 33701 [B@dded4c7
01-04 20:55:23.692  4162  4162 D CarPAEventCallback: onPAChanged propertyId: 33701
01-04 20:55:23.692  4162  4162 D CarPAEventCallback: PA_TS_EDT_time2 = PA_TS_EDT_time2{availability = Active, dataValue = 52837, statusValue = 0, formatValue = 0}
01-04 20:55:23.693  4162  4162 D ECarXCarFuncManagerBase: handleOnChangeEvent patsedttime2
01-04 20:55:23.702   815  1103 D libipcp : socket_says_data_received: Sid: 0x1f, OpID: 0x51, Length: 0x10a, SendHandleId: 0x1f51050f, Version: 0x3, OpType: 0x5, NOTIFICATION, payloadType: 0x1
01-04 20:55:23.702   815  1103 I libipcp : checkOperaiondIdAvailable: checkOperaiondIdAvailable called service_id: 0x1f, OpId: 0x51
01-04 20:55:23.702   815  1103 I libipcp : checkOperaiondIdAvailable: checkOperaiondIdAvailable opid 0x51 is vaild
01-04 20:55:23.702   815  1089 D libipcp : build_ack_packet: build ACK for Service_id: 0x1f, Operation_Id: 0x51, senderHandleId: 0x1f51050f
01-04 20:55:23.702   815  1088 I libipcp : ipcp_transport_send: fire --> SenderHandleID: 0x1f51050f, OperType: ACK, peer.sk_type is 2, peer_ip : 198.18.34.1, peer_port: 50500, length :16
01-04 20:55:23.702   815  1103 D libipcp : socket_says_data_received: Sid: 0x2c, OpID: 0x1d, Length: 0x129, SendHandleId: 0x2c1d0562, Version: 0x3, OpType: 0x5, NOTIFICATION, payloadType: 0x1
01-04 20:55:23.702   815  1103 I libipcp : checkOperaiondIdAvailable: checkOperaiondIdAvailable called service_id: 0x2c, OpId: 0x1d
01-04 20:55:23.702   815  1103 I libipcp : checkOperaiondIdAvailable: checkOperaiondIdAvailable opid 0x1d is vaild
01-04 20:55:23.702   815  1089 D libipcp : build_ack_packet: build ACK for Service_id: 0x2c, Operation_Id: 0x1d, senderHandleId: 0x2c1d0562
01-04 20:55:23.702   815  1088 I libipcp : ipcp_transport_send: fire --> SenderHandleID: 0x2c1d0562, OperType: ACK, peer.sk_type is 2, peer_ip : 198.18.34.1, peer_port: 50500, length :16
01-04 20:55:23.703   783 13727 F [ESIS][FATAL] ref-detecter.cc:347: GET_REF seq not match:4956 -1 0
01-04 20:55:23.703   783 13728 F [ESIS][FATAL] ref-detecter.cc:347: GET_REF seq not match:4956 -1 0
01-04 20:55:23.703   815  1092 D vehiclehal::EcarxIpcpComm: funtion: received_cb , ip [198.18.34.1] , port = 50500, service = ASDM, operation_id = 81
01-04 20:55:23.703   815  1091 D vehiclehal::EcarxIpcpComm: funtion: received_cb , ip [198.18.34.1] , port = 50500, service = VDDM, operation_id = 29
01-04 20:55:23.703   783 13728 E [EAKS][ERROR] aks-engine.cc:373: no keyword set yet.
01-04 20:55:23.703   783 13727 E [EAKS][ERROR] aks-engine.cc:373: no keyword set yet.
01-04 20:55:23.704   834   834 E DisplayDevice: map unknown ((deprecated) sRGB sRGB Full range)/(RenderIntent::COLORIMETRIC) to default color mode
01-04 20:55:23.704   834   834 I chatty  : uid=1000(system) /system/bin/surfaceflinger identical 2 lines
01-04 20:55:23.704   834   834 E DisplayDevice: map unknown ((deprecated) sRGB sRGB Full range)/(RenderIntent::COLORIMETRIC) to default color mode
01-04 20:55:23.704   815  1099 D vehiclehal::EcarxIpcpComm: funtion: rxThread , service = ASDM, operation_id = 81
01-04 20:55:23.704   815  1099 D IPCP2VV : convertIpcp2VehicleValues, [ASDMNotificationOpID] ap size 258, vp size 258
01-04 20:55:23.706   815  1099 D vehiclehal::EcarxIpcpComm: funtion: rxThread , service = VDDM, operation_id = 29
01-04 20:55:23.706   815  1099 D IPCP2VV : convertIpcp2VehicleValues, [VDDMNotificationOpID] ap size 289, vp size 289
01-04 20:55:23.711 11700 11700 D CarSignalManager: handleOnChangeEvent ECarXCarPropertyValue{mPropertyId=0x7acf propertyName VehSpdLgtA, mValue=6af}
01-04 20:55:23.711 11700 11700 D HUDInteractionImpl: onChangeEvent 7acf
01-04 20:55:23.711 11700 11700 D CarSignalManager: handleOnChangeEvent ECarXCarPropertyValue{mPropertyId=0x7af1 propertyName ZZZVddmSignalEnd, mValue=a13d}
01-04 20:55:23.711 11700 11700 D HUDInteractionImpl: onChangeEvent 7af1
01-04 20:55:23.711 11700 11735 D HUDInteractionImpl: handleMessage 4
01-04 20:55:23.711 11700 11735 D HUDInteractionImpl: updateDataInfo id 7acf value: 1711
01-04 20:55:23.711 11700 11735 D HUDInteractionImpl: handleMessage 4
01-04 20:55:23.711 11700 11735 D HUDInteractionImpl: updateDataInfo id 7af1 value: 41277
01-04 20:55:23.711 11700 11735 D HUDInteractionImpl: handleMessage 5
01-04 20:55:23.711 11700 11735 D HUDInteractionImpl: onVehicleSyncInfo 6.690010000000001 -0.013671875 0.0
01-04 20:55:23.711 11700 11735 I BasePreferenceFragment: sendUpdateUIMsg()
01-04 20:55:23.714 11700 11700 D CarSignalManager: handleOnChangeEvent ECarXCarPropertyValue{mPropertyId=0x70f5 propertyName AsyLeFirstEnd, mValue=2b}
01-04 20:55:23.714 11700 11700 D HUDInteractionImpl: onChangeEvent 70f5
01-04 20:55:23.714 11700 11700 D CarSignalManager: handleOnChangeEvent ECarXCarPropertyValue{mPropertyId=0x70f7 propertyName AsyLeSecEnd, mValue=95}
01-04 20:55:23.714 11700 11700 D HUDInteractionImpl: onChangeEvent 70f7
01-04 20:55:23.714 11700 11700 D CarSignalManager: handleOnChangeEvent ECarXCarPropertyValue{mPropertyId=0x70f8 propertyName AsyLeSecStrt, mValue=2b}
01-04 20:55:23.715 11700 11735 D HUDInteractionImpl: handleMessage 4
01-04 20:55:23.715 11700 11735 D HUDInteractionImpl: updateDataInfo id 70f5 value: 43
01-04 20:55:23.715  3953  3953 D CarSignalManager: handleOnChangeEvent ECarXCarPropertyValue{mPropertyId=0x70f5 propertyName AsyLeFirstEnd, mValue=2b}
01-04 20:55:23.715 11700 11735 D HUDInteractionImpl: handleMessage 4
01-04 20:55:23.715 11700 11735 D HUDInteractionImpl: updateDataInfo id 70f7 value: 149
01-04 20:55:23.714 11700 11700 D HUDInteractionImpl: onChangeEvent 70f8
01-04 20:55:23.715 11700 11700 D CarSignalManager: handleOnChangeEvent ECarXCarPropertyValue{mPropertyId=0x7100 propertyName AsyRiSecEnd, mValue=95}
01-04 20:55:23.715  3953  3953 D HUDInteractionImpl: onChangeEvent 70f5
01-04 20:55:23.715 11700 11700 D HUDInteractionImpl: onChangeEvent 7100
01-04 20:55:23.715 11700 11700 D CarSignalManager: handleOnChangeEvent ECarXCarPropertyValue{mPropertyId=0x7172 propertyName AsyLineLePahPrmA, mValue=c4d}
01-04 20:55:23.715 11700 11700 D HUDInteractionImpl: onChangeEvent 7172
01-04 20:55:23.715 11700 11700 D CarSignalManager: handleOnChangeEvent ECarXCarPropertyValue{mPropertyId=0x7173 propertyName AsyLineLePahPrmB, mValue=64a}
01-04 20:55:23.715  3953  3953 D CarSignalManager: handleOnChangeEvent ECarXCarPropertyValue{mPropertyId=0x70f7 propertyName AsyLeSecEnd, mValue=95}
01-04 20:55:23.715 11700 11700 D HUDInteractionImpl: onChangeEvent 7173
01-04 20:55:23.715  3953  3953 D HUDInteractionImpl: onChangeEvent 70f7
01-04 20:55:23.715 11700 11700 D CarSignalManager: handleOnChangeEvent ECarXCarPropertyValue{mPropertyId=0x7183 propertyName AsyLineRiPahPrmB, mValue=64c}
01-04 20:55:23.715  3953  4069 D HUDInteractionImpl: handleMessage 4
01-04 20:55:23.715  3953  3953 D CarSignalManager: handleOnChangeEvent ECarXCarPropertyValue{mPropertyId=0x70f8 propertyName AsyLeSecStrt, mValue=2b}
01-04 20:55:23.715 11700 11700 D HUDInteractionImpl: onChangeEvent 7183
01-04 20:55:23.715  3953  4069 D HUDInteractionImpl: updateDataInfo id 70f5 value: 43
01-04 20:55:23.715  3953  3953 D HUDInteractionImpl: onChangeEvent 70f8
01-04 20:55:23.715 11700 11700 D CarSignalManager: handleOnChangeEvent ECarXCarPropertyValue{mPropertyId=0x7184 propertyName AsyLineRiPahPrmC, mValue=3e7}
01-04 20:55:23.715 11700 11700 D HUDInteractionImpl: onChangeEvent 7184
01-04 20:55:23.715 11700 11700 D CarSignalManager: handleOnChangeEvent ECarXCarPropertyValue{mPropertyId=0x7185 propertyName AsyLineRiPahPrmD, mValue=3e8}
01-04 20:55:23.715 11700 11700 D HUDInteractionImpl: onChangeEvent 7185
01-04 20:55:23.715 11700 11700 D CarSignalManager: handleOnChangeEvent ECarXCarPropertyValue{mPropertyId=0x7186 propertyName AsyLineRiPah2PrmA, mValue=b3e}
01-04 20:55:23.715 11700 11700 D HUDInteractionImpl: onChangeEvent 7186
01-04 20:55:23.715 11700 11700 D CarSignalManager: handleOnChangeEvent ECarXCarPropertyValue{mPropertyId=0x7187 propertyName AsyLineRiPah2PrmB, mValue=62b}
01-04 20:55:23.715  3953  4069 D HUDInteractionImpl: handleMessage 4
01-04 20:55:23.715  3953  3953 D CarSignalManager: handleOnChangeEvent ECarXCarPropertyValue{mPropertyId=0x7100 propertyName AsyRiSecEnd, mValue=95}
01-04 20:55:23.715 11700 11700 D HUDInteractionImpl: onChangeEvent 7187
01-04 20:55:23.715  3953  4069 D HUDInteractionImpl: updateDataInfo id 70f7 value: 149
01-04 20:55:23.715  3953  3953 D HUDInteractionImpl: onChangeEvent 7100
01-04 20:55:23.715 11700 11700 D CarSignalManager: handleOnChangeEvent ECarXCarPropertyValue{mPropertyId=0x7188 propertyName AsyLineRiPah2PrmC, mValue=3eb}
01-04 20:55:23.715  3953  4069 D HUDInteractionImpl: handleMessage 4
01-04 20:55:23.715  3953  3953 D CarSignalManager: handleOnChangeEvent ECarXCarPropertyValue{mPropertyId=0x7172 propertyName AsyLineLePahPrmA, mValue=c4d}
01-04 20:55:23.715 11700 11700 D HUDInteractionImpl: onChangeEvent 7188
01-04 20:55:23.715  3953  4069 D HUDInteractionImpl: updateDataInfo id 70f8 value: 43
01-04 20:55:23.715  3953  3953 D HUDInteractionImpl: onChangeEvent 7172
01-04 20:55:23.715 11700 11700 D CarSignalManager: handleOnChangeEvent ECarXCarPropertyValue{mPropertyId=0x7189 propertyName AsyLineRiPah2PrmD, mValue=3e6}
01-04 20:55:23.715  3953  4069 D HUDInteractionImpl: handleMessage 4
01-04 20:55:23.715 11700 11700 D HUDInteractionImpl: onChangeEvent 7189
01-04 20:55:23.715  3953  3953 D CarSignalManager: handleOnChangeEvent ECarXCarPropertyValue{mPropertyId=0x7173 propertyName AsyLineLePahPrmB, mValue=64a}
01-04 20:55:23.715  3953  4069 D HUDInteractionImpl: updateDataInfo id 7100 value: 149
01-04 20:55:23.715 11700 11700 D CarSignalManager: handleOnChangeEvent ECarXCarPropertyValue{mPropertyId=0x71c5 propertyName ZZZAsdmSignalEnd, mValue=a13f}
01-04 20:55:23.715  3953  4069 D HUDInteractionImpl: handleMessage 4
01-04 20:55:23.715  3953  3953 D HUDInteractionImpl: onChangeEvent 7173
01-04 20:55:23.715 11700 11700 D HUDInteractionImpl: onChangeEvent 71c5
01-04 20:55:23.715  3953  4069 D HUDInteractionImpl: updateDataInfo id 7172 value: 3149
01-04 20:55:23.715  3953  3953 D CarSignalManager: handleOnChangeEvent ECarXCarPropertyValue{mPropertyId=0x7183 propertyName AsyLineRiPahPrmB, mValue=64c}
01-04 20:55:23.715  3953  4069 D HUDInteractionImpl: handleMessage 4
01-04 20:55:23.715 11700 11735 D HUDInteractionImpl: handleMessage 4
01-04 20:55:23.715  3953  3953 D HUDInteractionImpl: onChangeEvent 7183
01-04 20:55:23.715  3953  4069 D HUDInteractionImpl: updateDataInfo id 7173 value: 1610
01-04 20:55:23.715 11700 11735 D HUDInteractionImpl: updateDataInfo id 70f8 value: 43
01-04 20:55:23.715  3953  3953 D CarSignalManager: handleOnChangeEvent ECarXCarPropertyValue{mPropertyId=0x7184 propertyName AsyLineRiPahPrmC, mValue=3e7}
01-04 20:55:23.715  3953  4069 D HUDInteractionImpl: handleMessage 4
01-04 20:55:23.715 11700 11735 D HUDInteractionImpl: handleMessage 4
01-04 20:55:23.715  3953  3953 D HUDInteractionImpl: onChangeEvent 7184
01-04 20:55:23.715  3953  4069 D HUDInteractionImpl: updateDataInfo id 7183 value: 1612
01-04 20:55:23.715 11700 11735 D HUDInteractionImpl: updateDataInfo id 7100 value: 149
01-04 20:55:23.715  3953  4069 D HUDInteractionImpl: handleMessage 4
01-04 20:55:23.715 11700 11735 D HUDInteractionImpl: handleMessage 4
01-04 20:55:23.715  3953  4069 D HUDInteractionImpl: updateDataInfo id 7184 value: 999
01-04 20:55:23.715 11700 11735 D HUDInteractionImpl: updateDataInfo id 7172 value: 3149
01-04 20:55:23.715 11700 11735 D HUDInteractionImpl: handleMessage 4
01-04 20:55:23.715 11700 11735 D HUDInteractionImpl: updateDataInfo id 7173 value: 1610
01-04 20:55:23.715 11700 11735 D HUDInteractionImpl: handleMessage 4
01-04 20:55:23.715 11700 11735 D HUDInteractionImpl: updateDataInfo id 7183 value: 1612
01-04 20:55:23.715  3953  3953 D CarSignalManager: handleOnChangeEvent ECarXCarPropertyValue{mPropertyId=0x7185 propertyName AsyLineRiPahPrmD, mValue=3e8}
01-04 20:55:23.715 11700 11735 D HUDInteractionImpl: handleMessage 4
01-04 20:55:23.715  3953  3953 D HUDInteractionImpl: onChangeEvent 7185
01-04 20:55:23.715 11700 11735 D HUDInteractionImpl: updateDataInfo id 7184 value: 999
01-04 20:55:23.715 11700 11735 D HUDInteractionImpl: handleMessage 4
01-04 20:55:23.715 11700 11735 D HUDInteractionImpl: updateDataInfo id 7185 value: 1000
01-04 20:55:23.715 11700 11735 D HUDInteractionImpl: handleMessage 4
01-04 20:55:23.715  3953  3953 D CarSignalManager: handleOnChangeEvent ECarXCarPropertyValue{mPropertyId=0x7186 propertyName AsyLineRiPah2PrmA, mValue=b3e}
01-04 20:55:23.715 11700 11735 D HUDInteractionImpl: updateDataInfo id 7186 value: 2878
01-04 20:55:23.715  3953  3953 D HUDInteractionImpl: onChangeEvent 7186
01-04 20:55:23.715  3953  4069 D HUDInteractionImpl: handleMessage 4
01-04 20:55:23.715 11700 11735 D HUDInteractionImpl: handleMessage 4
01-04 20:55:23.715  3953  4069 D HUDInteractionImpl: updateDataInfo id 7185 value: 1000
