01-04 20:55:23.104  3953  4069 D HUDInteractionImpl: notifyAdasInfo ADASDrivingAidSyncInfo 功能状态: 0 AEB已经制动 0 前方对象方向 0 前方对象类型 0 前方物件横向距离 1.7763568394002505E-15 前方物件纵向距离 0.0 FCW警告 0
01-04 20:55:23.104   834   834 E DisplayDevice: map unknown ((deprecated) sRGB sRGB Full range)/(RenderIntent::COLORIMETRIC) to default color mode
01-04 20:55:23.104   834   834 E DisplayDevice: map unknown ((deprecated) sRGB sRGB Full range)/(RenderIntent::COLORIMETRIC) to default color mode
01-04 20:55:23.104  3953  4069 D HUDInteractionImpl: notifyAdasInfo ADASLaneSyncInfo 左一上段：1.4100000000000001 0.014999999999999902 -2.0000000000000573E-4 0.0 左一下段 1.4499999999999993 0.008999999999999897 2.0000000000000573E-4 -6.000000000000146E-6 右一上段 -2.1999999999999993 0.014999999999999902 -2.0000000000000573E-4 0.0 右一下段 -2.1999999999999993 0.008999999999999897 2.0000000000000573E-4 -6.000000000000146E-6 左一左起止点 0.0 17.0 左一右起止点 17.0 103.0 右一左起止点 0.0 0.0 右一右起止点 0.0 87.0 压线 0
01-04 20:55:23.104   834   834 E DisplayDevice: map unknown ((deprecated) sRGB sRGB Full range)/(RenderIntent::COLORIMETRIC) to default color mode
01-04 20:55:23.104   834   834 E DisplayDevice: map unknown ((deprecated) sRGB sRGB Full range)/(RenderIntent::COLORIMETRIC) to default color mode
01-04 20:55:23.104  3953  5190 I ARHUDPresenter.java: [ (ARHUDPresenter.java:127)#Subscribe ] adasLaneInfoBeanInputADASObj{acc_status=0.0, pos_x=1.7763568394002505E-15, pos_z=0.0, direction=0.0, type=9.0, frontType=0.0, warning_status=0.0, aeb_status=0.0}
01-04 20:55:23.104  3953  4999 I ARHUDPresenter.java: [ (ARHUDPresenter.java:154)#Subscribe ] inputADASLDInputADASLD{l1_a=1.4100000000000001, l1_b=0.014999999999999902, l1_c=-2.0000000000000573E-4, l1_d=0.0, l2_a=1.4499999999999993, l2_b=0.008999999999999897, l2_c=2.0000000000000573E-4, l2_d=-6.000000000000146E-6, r1_a=-2.1999999999999993, r1_b=0.014999999999999902, r1_c=-2.0000000000000573E-4, r1_d=0.0, r2_a=-2.1999999999999993, r2_b=0.008999999999999897, r2_c=2.0000000000000573E-4, r2_d=-6.000000000000146E-6, warning_status=0, detect_start_l1=0.0, detect_end_l1=17.0, detect_start_l2=17.0, detect_end_l2=103.0, detect_start_r2=0.0, detect_end_r2=87.0, detect_start_r1=0.0, detect_end_r1=0.0}
01-04 20:55:23.104  3953  4999 D V2021010403 EZD Input Status: InputData_HUD = true
01-04 20:55:23.104  3953  4999 D V2021010403 EZD Input Status: HUD_button_absolute_pos = 15
01-04 20:55:23.104  3953  5190 I ARHUDPresenter.java: [ (ARHUDPresenter.java:128)#Subscribe ] HUDHeight15
01-04 20:55:23.104  3953  4999 D V2021010403 EZD Input Status: InputData_LD=true , warning_status=0
01-04 20:55:23.104  3953  4999 D V2021010403 EZD Input Status: l1:(a,b,c,d)=(-1.410000,-0.015000,0.000200,-0.000000),(st,end)=(0,0); l2:(a,b,c,d)=(-1.450000,-0.009000,-0.000200,0.000006),(st,end)=(17,17);
01-04 20:55:23.104  3953  4999 D V2021010403 EZD Input Status: r1:(a,b,c,d)=(2.200000,-0.015000,0.000200,-0.000000),(st,end)=(0,0); r2:(a,b,c,d)=(2.200000,-0.009000,-0.000200,0.000006),(st,end)=(0,0);
01-04 20:55:23.104  3953  5190 E JniUtils.java: [ (JniUtils.java:33)#InputDataAdasObj ] hudHeight高度15.0
01-04 20:55:23.104  3953  5190 D V2021010403 EZD Input Status: InputData_Vehicle=true , speed=6.924610, steering_wheel_angle=-0.006836, steering_wheel_angularVel=-0.007812
01-04 20:55:23.104  3953  5190 D V2021010403 EZD Input Status: InputData_HUD = true
01-04 20:55:23.104  3953  5190 D V2021010403 EZD Input Status: HUD_button_absolute_pos = 15
01-04 20:55:23.104  3953  4999 I JniUtils.java: [ (JniUtils.java:66)#InputADASLD ] 道路信息输出成功
01-04 20:55:23.104  3953  5190 D V2021010403 EZD Input Status: InputData_Obj is true. pos_x=0.000000, pos_y=0.000000, frontType=0, direction=0, acc_status=0, type=9, warning_status=0, aeb_status=0
01-04 20:55:23.104  3953  5190 D V2021010403 EZD Input Status: InputData_Obj: acc_gap_set_status=0
01-04 20:55:23.104  3953  5190 D V2021010403 EZD Input Status: InputData_LD=true , warning_status=0
01-04 20:55:23.104  3953  4999 D V2021010403 EZD Output Status: Output_ld=true , laneID=1, (start_x,start_y)=(124,14), (end_x,end_y)=(-57,231), (A,B,C,D)=(-0.000000,0.000318,-0.897039,137.841360), status=1
01-04 20:55:23.104  3953  5190 D V2021010403 EZD Input Status: l1:(a,b,c,d)=(-1.410000,-0.015000,0.000200,-0.000000),(st,end)=(0,0); l2:(a,b,c,d)=(-1.450000,-0.009000,-0.000200,0.000006),(st,end)=(17,17);
01-04 20:55:23.104  3953  5190 D V2021010403 EZD Input Status: r1:(a,b,c,d)=(2.200000,-0.015000,0.000200,-0.000000),(st,end)=(0,0); r2:(a,b,c,d)=(2.200000,-0.009000,-0.000200,0.000006),(st,end)=(0,0);
01-04 20:55:23.104  3953  4999 I JniUtils.java: [ (JniUtils.java:68)#InputADASLD ] ADASLaneInfoBean{LaneID=1, x1=124, y1=14, x2=-57, y2=231, A=-4.225326985365848E-7, B=3.17990937488518E-4, C=-0.8970388109976609, D=137.84135964981664, status=1}
01-04 20:55:23.105  3953  5190 I JniUtils.java: [ (JniUtils.java:46)#InputDataAdasObj ] 周边环境对象等输出成功
01-04 20:55:23.105  3953  5190 D V2021010403 EZD Output Status: Output_obj=false , aeb_status = 0 && collision_status == 0 && obj_status == 0 && accGapSet_status == 0 
01-04 20:55:23.105   815  1099 D vehiclehal::EcarxIpcpComm: funtion: rxThread , service = VDDM, operation_id = 29
01-04 20:55:23.105   815  1099 D IPCP2VV : convertIpcp2VehicleValues, [VDDMNotificationOpID] ap size 289, vp size 289
01-04 20:55:23.105  3953  5190 I JniUtils.java: [ (JniUtils.java:48)#InputDataAdasObj ] ADASWarningInfoBean{objID=0, obj_x=0, obj_y=0, obj_status=0, obj_width=0, collisionID=0, conllision_x=0, conllision_y=0, collision_status=0, aebID=0, aeb_x=0, aeb_y=0, aeb_status=0, aebFrame_x=0, aebFrame_y=0, aebFrame_status=0, accGapSet_ID=0, accGapSet_x=0, accGapSet_y=0, accGapSet_width=0, accGapSet_flip=0, accGapSet_status=0}
01-04 20:55:23.105  3953  5190 I ARHUDPresenter.java: [ (ARHUDPresenter.java:132)#Subscribe ] adasWarningInfoBeanADASWarningInfoBean{objID=0, obj_x=0, obj_y=0, obj_status=0, obj_width=0, collisionID=0, conllision_x=0, conllision_y=0, collision_status=0, aebID=0, aeb_x=0, aeb_y=0, aeb_status=0, aebFrame_x=0, aebFrame_y=0, aebFrame_status=0, accGapSet_ID=0, accGapSet_x=0, accGapSet_y=0, accGapSet_width=0, accGapSet_flip=0, accGapSet_status=0}
01-04 20:55:23.105  3953  3953 I ARHUDPresenter.java: [ (ARHUDPresenter.java:166)#Accept ] ADASLaneInfoBeanADASLaneInfoBean{LaneID=1, x1=124, y1=14, x2=-57, y2=231, A=-4.225326985365848E-7, B=3.17990937488518E-4, C=-0.8970388109976609, D=137.84135964981664, status=1}
01-04 20:55:23.105  3953  3953 E ADASLD  : [ (ARHUDPresenter.java:168)#Accept ] 压线了
01-04 20:55:23.112  2425  3612 D ecarx_daemon_VehicleHal: onPropertyEvent: Vehicle Property: 557873871, value: 1768
01-04 20:55:23.112  2425  3612 D ecarx_daemon_VehicleHal: propid 557873871, reqSignalPropertiesString VendorSignalProperty::VehSpdLgtA
01-04 20:55:23.116  1794  1794 D CarSignalManager: handleOnChangeEvent ECarXCarPropertyValue{mPropertyId=0x7acf propertyName VehSpdLgtA, mValue=6e8}
01-04 20:55:23.116  3953  3953 D CarSignalManager: handleOnChangeEvent ECarXCarPropertyValue{mPropertyId=0x7acf propertyName VehSpdLgtA, mValue=6e8}
01-04 20:55:23.116  3953  3953 D HUDInteractionImpl: onChangeEvent 7acf
01-04 20:55:23.116  4162  4162 D CarSignalManager: handleOnChangeEvent ECarXCarPropertyValue{mPropertyId=0x7acf propertyName VehSpdLgtA, mValue=6e8}
01-04 20:55:23.116  3953  3953 D CarSignalManager: handleOnChangeEvent ECarXCarPropertyValue{mPropertyId=0x7af1 propertyName ZZZVddmSignalEnd, mValue=a10e}
01-04 20:55:23.116  3953  3953 D HUDInteractionImpl: onChangeEvent 7af1
01-04 20:55:23.116  2549  2549 D CarSignalManager: handleOnChangeEvent ECarXCarPropertyValue{mPropertyId=0x7acf propertyName VehSpdLgtA, mValue=6e8}
01-04 20:55:23.116  3048  3048 D CarSignalManager: handleOnChangeEvent ECarXCarPropertyValue{mPropertyId=0x7acf propertyName VehSpdLgtA, mValue=6e8}
01-04 20:55:23.116  2990  2990 D CarSignalManager: handleOnChangeEvent ECarXCarPropertyValue{mPropertyId=0x7acf propertyName VehSpdLgtA, mValue=6e8}
01-04 20:55:23.116  7234  7234 D CarSignalManager: handleOnChangeEvent ECarXCarPropertyValue{mPropertyId=0x7acf propertyName VehSpdLgtA, mValue=6e8}
01-04 20:55:23.116  4077  4077 D CarSignalManager: handleOnChangeEvent ECarXCarPropertyValue{mPropertyId=0x7acf propertyName VehSpdLgtA, mValue=6e8}
01-04 20:55:23.116  2887  2887 D CarSignalManager: handleOnChangeEvent ECarXCarPropertyValue{mPropertyId=0x7acf propertyName VehSpdLgtA, mValue=6e8}
01-04 20:55:23.116  2023  2023 D CarSignalManager: handleOnChangeEvent ECarXCarPropertyValue{mPropertyId=0x7acf propertyName VehSpdLgtA, mValue=6e8}
01-04 20:55:23.116  7234  7234 D CarSignalManager: handleOnChangeEvent ECarXCarPropertyValue{mPropertyId=0x7acf propertyName VehSpdLgtA, mValue=6e8}
01-04 20:55:23.116  3953  4069 D HUDInteractionImpl: handleMessage 4
01-04 20:55:23.116  3953  4069 D HUDInteractionImpl: updateDataInfo id 7acf value: 1768
01-04 20:55:23.116  3953  4069 D HUDInteractionImpl: handleMessage 4
01-04 20:55:23.116  3953  4069 D HUDInteractionImpl: updateDataInfo id 7af1 value: 41230
01-04 20:55:23.116  3953  4069 D HUDInteractionImpl: handleMessage 5
01-04 20:55:23.117  3953  4069 D HUDInteractionImpl: onVehicleSyncInfo 6.91288 -0.0068359375 -0.0078125
01-04 20:55:23.121 11700 11700 D CarSignalManager: handleOnChangeEvent ECarXCarPropertyValue{mPropertyId=0x70f7 propertyName AsyLeSecEnd, mValue=6d}
01-04 20:55:23.121 11700 11700 D HUDInteractionImpl: onChangeEvent 70f7
01-04 20:55:23.121 11700 11700 D CarSignalManager: handleOnChangeEvent ECarXCarPropertyValue{mPropertyId=0x70fe propertyName AsyRiFirstEnd, mValue=1e}
01-04 20:55:23.121 11700 11700 D HUDInteractionImpl: onChangeEvent 70fe
01-04 20:55:23.121 11700 11700 D CarSignalManager: handleOnChangeEvent ECarXCarPropertyValue{mPropertyId=0x7100 propertyName AsyRiSecEnd, mValue=6d}
01-04 20:55:23.122 11700 11700 D HUDInteractionImpl: onChangeEvent 7100
01-04 20:55:23.122 11700 11700 D CarSignalManager: handleOnChangeEvent ECarXCarPropertyValue{mPropertyId=0x7101 propertyName AsyRiSecStrt, mValue=1e}
01-04 20:55:23.122 11700 11700 D HUDInteractionImpl: onChangeEvent 7101
01-04 20:55:23.122 11700 11700 D CarSignalManager: handleOnChangeEvent ECarXCarPropertyValue{mPropertyId=0x7172 propertyName AsyLineLePahPrmA, mValue=c49}
01-04 20:55:23.122 11700 11700 D HUDInteractionImpl: onChangeEvent 7172
01-04 20:55:23.122 11700 11700 D CarSignalManager: handleOnChangeEvent ECarXCarPropertyValue{mPropertyId=0x7173 propertyName AsyLineLePahPrmB, mValue=649}
01-04 20:55:23.122 11700 11700 D HUDInteractionImpl: onChangeEvent 7173
01-04 20:55:23.122 11700 11735 D HUDInteractionImpl: handleMessage 4
01-04 20:55:23.122 11700 11700 D CarSignalManager: handleOnChangeEvent ECarXCarPropertyValue{mPropertyId=0x7174 propertyName AsyLineLePahPrmC, mValue=3ea}
01-04 20:55:23.122 11700 11700 D HUDInteractionImpl: onChangeEvent 7174
01-04 20:55:23.122 11700 11735 D HUDInteractionImpl: updateDataInfo id 70f7 value: 109
01-04 20:55:23.122 11700 11700 D CarSignalManager: handleOnChangeEvent ECarXCarPropertyValue{mPropertyId=0x7175 propertyName AsyLineLePahPrmD, mValue=3e2}
01-04 20:55:23.122 11700 11700 D HUDInteractionImpl: onChangeEvent 7175
01-04 20:55:23.122 11700 11735 D HUDInteractionImpl: handleMessage 4
01-04 20:55:23.122 11700 11735 D HUDInteractionImpl: updateDataInfo id 70fe value: 30
01-04 20:55:23.122 11700 11700 D CarSignalManager: handleOnChangeEvent ECarXCarPropertyValue{mPropertyId=0x7177 propertyName AsyLineLePah2PrmB, mValue=64f}
01-04 20:55:23.122 11700 11735 D HUDInteractionImpl: handleMessage 4
01-04 20:55:23.122 11700 11735 D HUDInteractionImpl: updateDataInfo id 7100 value: 109
01-04 20:55:23.122 11700 11735 D HUDInteractionImpl: handleMessage 4
01-04 20:55:23.122 11700 11735 D HUDInteractionImpl: updateDataInfo id 7101 value: 30
01-04 20:55:23.122 11700 11700 D HUDInteractionImpl: onChangeEvent 7177
01-04 20:55:23.122 11700 11735 D HUDInteractionImpl: handleMessage 4
01-04 20:55:23.122 11700 11735 D HUDInteractionImpl: updateDataInfo id 7172 value: 3145
01-04 20:55:23.122 11700 11700 D CarSignalManager: handleOnChangeEvent ECarXCarPropertyValue{mPropertyId=0x7178 propertyName AsyLineLePah2PrmC, mValue=3e7}
01-04 20:55:23.122 11700 11700 D HUDInteractionImpl: onChangeEvent 7178
01-04 20:55:23.122 11700 11735 D HUDInteractionImpl: handleMessage 4
01-04 20:55:23.122 11700 11735 D HUDInteractionImpl: updateDataInfo id 7173 value: 1609
01-04 20:55:23.122 11700 11735 D HUDInteractionImpl: handleMessage 4
01-04 20:55:23.122 11700 11735 D HUDInteractionImpl: updateDataInfo id 7174 value: 1002
01-04 20:55:23.122 11700 11735 D HUDInteractionImpl: handleMessage 4
01-04 20:55:23.122 11700 11735 D HUDInteractionImpl: updateDataInfo id 7175 value: 994
01-04 20:55:23.122 11700 11700 D CarSignalManager: handleOnChangeEvent ECarXCarPropertyValue{mPropertyId=0x7183 propertyName AsyLineRiPahPrmB, mValue=647}
01-04 20:55:23.122 11700 11735 D HUDInteractionImpl: handleMessage 4
01-04 20:55:23.122 11700 11700 D HUDInteractionImpl: onChangeEvent 7183
01-04 20:55:23.122 11700 11735 D HUDInteractionImpl: updateDataInfo id 7177 value: 1615
01-04 20:55:23.122 11700 11700 D CarSignalManager: handleOnChangeEvent ECarXCarPropertyValue{mPropertyId=0x7184 propertyName AsyLineRiPahPrmC, mValue=3ea}
01-04 20:55:23.122 11700 11735 D HUDInteractionImpl: handleMessage 4
01-04 20:55:23.122 11700 11735 D HUDInteractionImpl: updateDataInfo id 7178 value: 999
01-04 20:55:23.122 11700 11700 D HUDInteractionImpl: onChangeEvent 7184
01-04 20:55:23.122 11700 11735 D HUDInteractionImpl: handleMessage 4
01-04 20:55:23.122 11700 11700 D CarSignalManager: handleOnChangeEvent ECarXCarPropertyValue{mPropertyId=0x7186 propertyName AsyLineRiPah2PrmA, mValue=adc}
01-04 20:55:23.122 11700 11735 D HUDInteractionImpl: updateDataInfo id 7183 value: 1607
01-04 20:55:23.122 11700 11700 D HUDInteractionImpl: onChangeEvent 7186
01-04 20:55:23.122 11700 11735 D HUDInteractionImpl: handleMessage 4
01-04 20:55:23.122 11700 11700 D CarSignalManager: handleOnChangeEvent ECarXCarPropertyValue{mPropertyId=0x7187 propertyName AsyLineRiPah2PrmB, mValue=647}
01-04 20:55:23.122 11700 11700 D HUDInteractionImpl: onChangeEvent 7187
01-04 20:55:23.122 11700 11700 D CarSignalManager: handleOnChangeEvent ECarXCarPropertyValue{mPropertyId=0x7188 propertyName AsyLineRiPah2PrmC, mValue=3ea}
01-04 20:55:23.122 11700 11700 D HUDInteractionImpl: onChangeEvent 7188
01-04 20:55:23.122 11700 11700 D CarSignalManager: handleOnChangeEvent ECarXCarPropertyValue{mPropertyId=0x7189 propertyName AsyLineRiPah2PrmD, mValue=3e6}
01-04 20:55:23.122 11700 11735 D HUDInteractionImpl: updateDataInfo id 7184 value: 1002
01-04 20:55:23.122 11700 11700 D HUDInteractionImpl: onChangeEvent 7189
01-04 20:55:23.122 11700 11735 D HUDInteractionImpl: handleMessage 4
01-04 20:55:23.122 11700 11735 D HUDInteractionImpl: updateDataInfo id 7186 value: 2780
01-04 20:55:23.122 11700 11735 D HUDInteractionImpl: handleMessage 4
01-04 20:55:23.122 11700 11735 D HUDInteractionImpl: updateDataInfo id 7187 value: 1607
01-04 20:55:23.122 11700 11735 D HUDInteractionImpl: handleMessage 4
01-04 20:55:23.122 11700 11700 D CarSignalManager: handleOnChangeEvent ECarXCarPropertyValue{mPropertyId=0x71c5 propertyName ZZZAsdmSignalEnd, mValue=a10b}
01-04 20:55:23.122 11700 11735 D HUDInteractionImpl: updateDataInfo id 7188 value: 1002
01-04 20:55:23.122 11700 11700 D HUDInteractionImpl: onChangeEvent 71c5
01-04 20:55:23.122 11700 11735 D HUDInteractionImpl: handleMessage 4
01-04 20:55:23.122 11700 11700 D CarSignalManager: handleOnChangeEvent ECarXCarPropertyValue{mPropertyId=0x7ab6 propertyName SteerWhlSnsrAg, mValue=fff9}
01-04 20:55:23.122 11700 11735 D HUDInteractionImpl: updateDataInfo id 7189 value: 998
01-04 20:55:23.122 11700 11700 D HUDInteractionImpl: onChangeEvent 7ab6
01-04 20:55:23.123 11700 11700 D CarSignalManager: handleOnChangeEvent ECarXCarPropertyValue{mPropertyId=0x7ab7 propertyName SteerWhlSnsrAgSpd, mValue=ffff}
01-04 20:55:23.123 11700 11700 D HUDInteractionImpl: onChangeEvent 7ab7
01-04 20:55:23.123 11700 11700 D CarSignalManager: handleOnChangeEvent ECarXCarPropertyValue{mPropertyId=0x7acf propertyName VehSpdLgtA, mValue=6eb}
01-04 20:55:23.123 11700 11700 D HUDInteractionImpl: onChangeEvent 7acf
01-04 20:55:23.123 11700 11700 D CarSignalManager: handleOnChangeEvent ECarXCarPropertyValue{mPropertyId=0x7af1 propertyName ZZZVddmSignalEnd, mValue=a10c}
01-04 20:55:23.123 11700 11700 D HUDInteractionImpl: onChangeEvent 7af1
01-04 20:55:23.122 11700 11735 D HUDInteractionImpl: handleMessage 4
01-04 20:55:23.123 11700 11735 D HUDInteractionImpl: updateDataInfo id 71c5 value: 41227
01-04 20:55:23.123 11700 11700 D CarSignalManager: handleOnChangeEvent ECarXCarPropertyValue{mPropertyId=0x70f7 propertyName AsyLeSecEnd, mValue=85}
01-04 20:55:23.123   783 13727 F [ESIS][FATAL] ref-detecter.cc:347: GET_REF seq not match:4884 -1 0
01-04 20:55:23.123 11700 11735 D HUDInteractionImpl: handleMessage 4
01-04 20:55:23.123 11700 11735 D HUDInteractionImpl: updateDataInfo id 7ab6 value: 65529
01-04 20:55:23.123 11700 11735 D HUDInteractionImpl: handleMessage 4
01-04 20:55:23.123 11700 11735 D HUDInteractionImpl: updateDataInfo id 7ab7 value: 65535
01-04 20:55:23.123 11700 11735 D HUDInteractionImpl: handleMessage 4
01-04 20:55:23.123 11700 11735 D HUDInteractionImpl: updateDataInfo id 7acf value: 1771
01-04 20:55:23.123 11700 11735 D HUDInteractionImpl: handleMessage 4
01-04 20:55:23.123 11700 11735 D HUDInteractionImpl: updateDataInfo id 7af1 value: 41228
01-04 20:55:23.123 11700 11735 D HUDInteractionImpl: handleMessage 2
01-04 20:55:23.123 11700 11735 D HUDInteractionImpl: notifyAdasInfo ADASDrivingAidSyncInfo 功能状态: 0 AEB已经制动 0 前方对象方向 0 前方对象类型 0 前方物件横向距离 1.7763568394002505E-15 前方物件纵向距离 0.0 FCW警告 0
01-04 20:55:23.124 11700 11735 D HUDInteractionImpl: notifyAdasInfo ADASLaneSyncInfo 左一上段：1.4100000000000001 0.014999999999999902 -1.0000000000000286E-4 0.0 左一下段 1.4499999999999993 0.008999999999999897 2.0000000000000573E-4 -6.000000000000146E-6 右一上段 -2.1999999999999993 0.006999999999999895 2.0000000000000573E-4 -2.0000000000000486E-6 右一下段 -2.1999999999999993 0.006999999999999895 2.0000000000000573E-4 -2.0000000000000486E-6 左一左起止点 0.0 17.0 左一右起止点 17.0 79.0 右一左起止点 0.0 0.0 右一右起止点 0.0 79.0 压线 0
01-04 20:55:23.124 11700 11735 I BasePreferenceFragment: sendUpdateUIMsg()
01-04 20:55:23.124 11700 11735 D HUDInteractionImpl: handleMessage 5
01-04 20:55:23.124 11700 11735 D HUDInteractionImpl: onVehicleSyncInfo 6.92461 -0.0068359375 -0.0078125
01-04 20:55:23.124 11700 11735 I BasePreferenceFragment: sendUpdateUIMsg()
01-04 20:55:23.124   783 13728 F [ESIS][FATAL] ref-detecter.cc:347: GET_REF seq not match:4884 -1 0
01-04 20:55:23.124   783 13728 E [EAKS][ERROR] aks-engine.cc:373: no keyword set yet.
01-04 20:55:23.124   783 13727 E [EAKS][ERROR] aks-engine.cc:373: no keyword set yet.
01-04 20:55:23.123 11700 11700 D HUDInteractionImpl: onChangeEvent 70f7
01-04 20:55:23.124 11700 11700 D CarSignalManager: handleOnChangeEvent ECarXCarPropertyValue{mPropertyId=0x7100 propertyName AsyRiSecEnd, mValue=75}
01-04 20:55:23.124 11700 11700 D HUDInteractionImpl: onChangeEvent 7100
01-04 20:55:23.124 11700 11700 D CarSignalManager: handleOnChangeEvent ECarXCarPropertyValue{mPropertyId=0x7178 propertyName AsyLineLePah2PrmC, mValue=3e6}
01-04 20:55:23.124 11700 11700 D HUDInteractionImpl: onChangeEvent 7178
01-04 20:55:23.124 11700 11700 D CarSignalManager: handleOnChangeEvent ECarXCarPropertyValue{mPropertyId=0x7183 propertyName AsyLineRiPahPrmB, mValue=649}
01-04 20:55:23.124 11700 11700 D HUDInteractionImpl: onChangeEvent 7183
01-04 20:55:23.124 11700 11735 D HUDInteractionImpl: handleMessage 4
01-04 20:55:23.124 11700 11735 D HUDInteractionImpl: updateDataInfo id 70f7 value: 133
01-04 20:55:23.124 11700 11700 D CarSignalManager: handleOnChangeEvent ECarXCarPropertyValue{mPropertyId=0x7185 propertyName AsyLineRiPahPrmD, mValue=3e2}
01-04 20:55:23.124 11700 11700 D HUDInteractionImpl: onChangeEvent 7185
01-04 20:55:23.124 11700 11735 D HUDInteractionImpl: handleMessage 4
01-04 20:55:23.124 11700 11700 D CarSignalManager: handleOnChangeEvent ECarXCarPropertyValue{mPropertyId=0x7187 propertyName AsyLineRiPah2PrmB, mValue=64f}
01-04 20:55:23.124 11700 11735 D HUDInteractionImpl: updateDataInfo id 7100 value: 117
01-04 20:55:23.124 11700 11700 D HUDInteractionImpl: onChangeEvent 7187
01-04 20:55:23.124 11700 11735 D HUDInteractionImpl: handleMessage 4
01-04 20:55:23.124 11700 11700 D CarSignalManager: handleOnChangeEvent ECarXCarPropertyValue{mPropertyId=0x7188 propertyName AsyLineRiPah2PrmC, mValue=3e6}
01-04 20:55:23.124 11700 11735 D HUDInteractionImpl: updateDataInfo id 7178 value: 998
01-04 20:55:23.124 11700 11700 D HUDInteractionImpl: onChangeEvent 7188
01-04 20:55:23.124 11700 11735 D HUDInteractionImpl: handleMessage 4
01-04 20:55:23.124 11700 11700 D CarSignalManager: handleOnChangeEvent ECarXCarPropertyValue{mPropertyId=0x7189 propertyName AsyLineRiPah2PrmD, mValue=3e8}
01-04 20:55:23.124 11700 11735 D HUDInteractionImpl: updateDataInfo id 7183 value: 1609
01-04 20:55:23.124 11700 11700 D HUDInteractionImpl: onChangeEvent 7189
01-04 20:55:23.124 11700 11735 D HUDInteractionImpl: handleMessage 4
01-04 20:55:23.124 11700 11700 D CarSignalManager: handleOnChangeEvent ECarXCarPropertyValue{mPropertyId=0x71c5 propertyName ZZZAsdmSignalEnd, mValue=a10d}
01-04 20:55:23.124 11700 11735 D HUDInteractionImpl: updateDataInfo id 7185 value: 994
01-04 20:55:23.124 11700 11700 D HUDInteractionImpl: onChangeEvent 71c5
01-04 20:55:23.124 11700 11735 D HUDInteractionImpl: handleMessage 4
01-04 20:55:23.124 11700 11735 D HUDInteractionImpl: updateDataInfo id 7187 value: 1615
01-04 20:55:23.124 11700 11700 D CarSignalManager: handleOnChangeEvent ECarXCarPropertyValue{mPropertyId=0x7acf propertyName VehSpdLgtA, mValue=6e8}
01-04 20:55:23.124 11700 11735 D HUDInteractionImpl: handleMessage 4
01-04 20:55:23.124 11700 11700 D HUDInteractionImpl: onChangeEvent 7acf
01-04 20:55:23.124 11700 11735 D HUDInteractionImpl: updateDataInfo id 7188 value: 998
01-04 20:55:23.124 11700 11700 D CarSignalManager: handleOnChangeEvent ECarXCarPropertyValue{mPropertyId=0x7af1 propertyName ZZZVddmSignalEnd, mValue=a10e}
01-04 20:55:23.124 11700 11735 D HUDInteractionImpl: handleMessage 4
01-04 20:55:23.124 11700 11700 D HUDInteractionImpl: onChangeEvent 7af1
01-04 20:55:23.124 11700 11735 D HUDInteractionImpl: updateDataInfo id 7189 value: 1000
01-04 20:55:23.124 11700 11735 D HUDInteractionImpl: handleMessage 4
01-04 20:55:23.125 11700 11735 D HUDInteractionImpl: updateDataInfo id 71c5 value: 41229
01-04 20:55:23.125 11700 11735 D HUDInteractionImpl: handleMessage 4
01-04 20:55:23.125 11700 11735 D HUDInteractionImpl: updateDataInfo id 7acf value: 1768
01-04 20:55:23.125 11700 11735 D HUDInteractionImpl: handleMessage 4
01-04 20:55:23.125 11700 11735 D HUDInteractionImpl: updateDataInfo id 7af1 value: 41230
01-04 20:55:23.125 11700 11735 D HUDInteractionImpl: handleMessage 2
01-04 20:55:23.125 11700 11735 D HUDInteractionImpl: notifyAdasInfo ADASDrivingAidSyncInfo 功能状态: 0 AEB已经制动 0 前方对象方向 0 前方对象类型 0 前方物件横向距离 1.7763568394002505E-15 前方物件纵向距离 0.0 FCW警告 0
01-04 20:55:23.125 11700 11735 D HUDInteractionImpl: notifyAdasInfo ADASLaneSyncInfo 左一上段：1.4100000000000001 0.014999999999999902 -2.0000000000000573E-4 0.0 左一下段 1.4499999999999993 0.008999999999999897 2.0000000000000573E-4 -6.000000000000146E-6 右一上段 -2.1999999999999993 0.014999999999999902 -2.0000000000000573E-4 0.0 右一下段 -2.1999999999999993 0.008999999999999897 2.0000000000000573E-4 -6.000000000000146E-6 左一左起止点 0.0 17.0 左一右起止点 17.0 103.0 右一左起止点 0.0 0.0 右一右起止点 0.0 87.0 压线 0
01-04 20:55:23.125 11700 11735 I BasePreferenceFragment: sendUpdateUIMsg()
01-04 20:55:23.125 11700 11735 D HUDInteractionImpl: handleMessage 5
01-04 20:55:23.125 11700 11735 D HUDInteractionImpl: onVehicleSyncInfo 6.91288 -0.0068359375 -0.0078125
01-04 20:55:23.125 11700 11735 I BasePreferenceFragment: sendUpdateUIMsg()
01-04 20:55:23.127  3953  3953 D CarSignalManager: handleOnChangeEvent ECarXCarPropertyValue{mPropertyId=0x71c5 propertyName ZZZAsdmSignalEnd, mValue=a10f}
01-04 20:55:23.127  3953  3953 D HUDInteractionImpl: onChangeEvent 71c5
01-04 20:55:23.127  3953  4069 D HUDInteractionImpl: handleMessage 4
01-04 20:55:23.127  3953  4069 D HUDInteractionImpl: updateDataInfo id 71c5 value: 41231
01-04 20:55:23.127 11700 11700 D CarSignalManager: handleOnChangeEvent ECarXCarPropertyValue{mPropertyId=0x71c5 propertyName ZZZAsdmSignalEnd, mValue=a10f}
01-04 20:55:23.127 11700 11700 D HUDInteractionImpl: onChangeEvent 71c5
01-04 20:55:23.127 11700 11735 D HUDInteractionImpl: handleMessage 4
01-04 20:55:23.127 11700 11735 D HUDInteractionImpl: updateDataInfo id 71c5 value: 41231
01-04 20:55:23.133   815  1103 D libipcp : socket_says_data_received: Sid: 0x1f, OpID: 0x51, Length: 0x10a, SendHandleId: 0x1f5105fe, Version: 0x3, OpType: 0x5, NOTIFICATION, payloadType: 0x1
01-04 20:55:23.133   815  1103 I libipcp : checkOperaiondIdAvailable: checkOperaiondIdAvailable called service_id: 0x1f, OpId: 0x51
01-04 20:55:23.133   815  1103 I libipcp : checkOperaiondIdAvailable: checkOperaiondIdAvailable opid 0x51 is vaild
01-04 20:55:23.133   815  1089 D libipcp : build_ack_packet: build ACK for Service_id: 0x1f, Operation_Id: 0x51, senderHandleId: 0x1f5105fe
01-04 20:55:23.133   815  1088 I libipcp : ipcp_transport_send: fire --> SenderHandleID: 0x1f5105fe, OperType: ACK, peer.sk_type is 2, peer_ip : 198.18.34.1, peer_port: 50500, length :16
01-04 20:55:23.133   815  1091 D vehiclehal::EcarxIpcpComm: funtion: received_cb , ip [198.18.34.1] , port = 50500, service = ASDM, operation_id = 81
01-04 20:55:23.135   815  1099 D vehiclehal::EcarxIpcpComm: funtion: rxThread , service = ASDM, operation_id = 81
01-04 20:55:23.135   815  1099 D IPCP2VV : convertIpcp2VehicleValues, [ASDMNotificationOpID] ap size 258, vp size 258
01-04 20:55:23.136   834   834 E DisplayDevice: map unknown ((deprecated) sRGB sRGB Full range)/(RenderIntent::COLORIMETRIC) to default color mode
01-04 20:55:23.136   834   834 I chatty  : uid=1000(system) /system/bin/surfaceflinger identical 2 lines
01-04 20:55:23.136   834   834 E DisplayDevice: map unknown ((deprecated) sRGB sRGB Full range)/(RenderIntent::COLORIMETRIC) to default color mode
01-04 20:55:23.137   815  1103 D libipcp : socket_says_data_received: Sid: 0x25, OpID: 0x20, Length: 0x89, SendHandleId: 0x252005cd, Version: 0x3, OpType: 0x5, NOTIFICATION, payloadType: 0x1
01-04 20:55:23.137   815  1103 I libipcp : checkOperaiondIdAvailable: checkOperaiondIdAvailable called service_id: 0x25, OpId: 0x20
01-04 20:55:23.137   815  1103 I libipcp : checkOperaiondIdAvailable: checkOperaiondIdAvailable opid 0x20 is vaild
01-04 20:55:23.137   815  1089 D libipcp : build_ack_packet: build ACK for Service_id: 0x25, Operation_Id: 0x20, senderHandleId: 0x252005cd
01-04 20:55:23.138   815  1088 I libipcp : ipcp_transport_send: fire --> SenderHandleID: 0x252005cd, OperType: ACK, peer.sk_type is 2, peer_ip : 198.18.34.1, peer_port: 50500, length :16
01-04 20:55:23.138   815  1091 D vehiclehal::EcarxIpcpComm: funtion: received_cb , ip [198.18.34.1] , port = 50500, service = DIM, operation_id = 32
01-04 20:55:23.139   815  1103 D libipcp : socket_says_data_received: Sid: 0x2c, OpID: 0x1d, Length: 0x129, SendHandleId: 0x2c1d054f, Version: 0x3, OpType: 0x5, NOTIFICATION, payloadType: 0x1
01-04 20:55:23.139   815  1103 I libipcp : checkOperaiondIdAvailable: checkOperaiondIdAvailable called service_id: 0x2c, OpId: 0x1d
01-04 20:55:23.139   815  1103 I libipcp : checkOperaiondIdAvailable: checkOperaiondIdAvailable opid 0x1d is vaild
01-04 20:55:23.139   815  1099 D vehiclehal::EcarxIpcpComm: funtion: rxThread , service = DIM, operation_id = 32
01-04 20:55:23.139   815  1099 D IPCP2VV : convertIpcp2VehicleValues, [DIMNotificationOpID] ap size 129, vp size 129
01-04 20:55:23.139   815  1089 D libipcp : build_ack_packet: build ACK for Service_id: 0x2c, Operation_Id: 0x1d, senderHandleId: 0x2c1d054f
01-04 20:55:23.140   815  1088 I libipcp : ipcp_transport_send: fire --> SenderHandleID: 0x2c1d054f, OperType: ACK, peer.sk_type is 2, peer_ip : 198.18.34.1, peer_port: 50500, length :16
01-04 20:55:23.140   815  1092 D vehiclehal::EcarxIpcpComm: funtion: received_cb , ip [198.18.34.1] , port = 50500, service = VDDM, operation_id = 29
01-04 20:55:23.142   815  1099 D vehiclehal::EcarxIpcpComm: funtion: rxThread , service = VDDM, operation_id = 29
01-04 20:55:23.142   815  1099 D IPCP2VV : convertIpcp2VehicleValues, [VDDMNotificationOpID] ap size 289, vp size 289
01-04 20:55:23.147  2425  3612 D ecarx_daemon_VehicleHal: onPropertyEvent: Vehicle Property: 557873871, value: 1762
01-04 20:55:23.147  2425  3612 D ecarx_daemon_VehicleHal: propid 557873871, reqSignalPropertiesString VendorSignalProperty::VehSpdLgtA
01-04 20:55:23.149  4162  4162 D CarSignalManager: handleOnChangeEvent ECarXCarPropertyValue{mPropertyId=0x7acf propertyName VehSpdLgtA, mValue=6e2}
01-04 20:55:23.149  3953  3953 D CarSignalManager: handleOnChangeEvent ECarXCarPropertyValue{mPropertyId=0x7acf propertyName VehSpdLgtA, mValue=6e2}
01-04 20:55:23.149  3953  3953 D HUDInteractionImpl: onChangeEvent 7acf
01-04 20:55:23.149  3953  3953 D CarSignalManager: handleOnChangeEvent ECarXCarPropertyValue{mPropertyId=0x7af1 propertyName ZZZVddmSignalEnd, mValue=a111}
01-04 20:55:23.149  3953  3953 D HUDInteractionImpl: onChangeEvent 7af1
01-04 20:55:23.149  7234  7234 D CarSignalManager: handleOnChangeEvent ECarXCarPropertyValue{mPropertyId=0x7acf propertyName VehSpdLgtA, mValue=6e2}
01-04 20:55:23.149  3953  4069 D HUDInteractionImpl: handleMessage 4
01-04 20:55:23.149  3953  4069 D HUDInteractionImpl: updateDataInfo id 7acf value: 1762
01-04 20:55:23.149  3953  4069 D HUDInteractionImpl: handleMessage 4
01-04 20:55:23.149  3953  4069 D HUDInteractionImpl: updateDataInfo id 7af1 value: 41233
01-04 20:55:23.149  3953  4069 D HUDInteractionImpl: handleMessage 5
01-04 20:55:23.149  3953  4069 D HUDInteractionImpl: onVehicleSyncInfo 6.88942 -0.0068359375 -0.0078125
01-04 20:55:23.149  1794  1794 D CarSignalManager: handleOnChangeEvent ECarXCarPropertyValue{mPropertyId=0x7acf propertyName VehSpdLgtA, mValue=6e2}
01-04 20:55:23.149  2990  2990 D CarSignalManager: handleOnChangeEvent ECarXCarPropertyValue{mPropertyId=0x7acf propertyName VehSpdLgtA, mValue=6e2}
01-04 20:55:23.149  3048  3048 D CarSignalManager: handleOnChangeEvent ECarXCarPropertyValue{mPropertyId=0x7acf propertyName VehSpdLgtA, mValue=6e2}
01-04 20:55:23.150  2549  2549 D CarSignalManager: handleOnChangeEvent ECarXCarPropertyValue{mPropertyId=0x7acf propertyName VehSpdLgtA, mValue=6e2}
01-04 20:55:23.150  2887  2887 D CarSignalManager: handleOnChangeEvent ECarXCarPropertyValue{mPropertyId=0x7acf propertyName VehSpdLgtA, mValue=6e2}
01-04 20:55:23.150  7234  7234 D CarSignalManager: handleOnChangeEvent ECarXCarPropertyValue{mPropertyId=0x7acf propertyName VehSpdLgtA, mValue=6e2}
01-04 20:55:23.150  2023  2023 D CarSignalManager: handleOnChangeEvent ECarXCarPropertyValue{mPropertyId=0x7acf propertyName VehSpdLgtA, mValue=6e2}
01-04 20:55:23.150  4077  4077 D CarSignalManager: handleOnChangeEvent ECarXCarPropertyValue{mPropertyId=0x7acf propertyName VehSpdLgtA, mValue=6e2}
01-04 20:55:23.152  4162  4213 D mycar--VehicleImpl: onSensorValueChanged sensor = 1048832,value = 27.0
01-04 20:55:23.153   815  1103 D libipcp : socket_says_data_received: Sid: 0x78, OpID: 0xc8, Length: 0x18, SendHandleId: 0x78c80572, Version: 0x3, OpType: 0x5, NOTIFICATION, payloadType: 0x1
01-04 20:55:23.153   815  1103 I libipcp : checkOperaiondIdAvailable: checkOperaiondIdAvailable called service_id: 0x78, OpId: 0xc8
01-04 20:55:23.153   815  1103 I libipcp : checkOperaiondIdAvailable: checkOperaiondIdAvailable opid 0xc8 is vaild
01-04 20:55:23.153   815  1089 D libipcp : build_ack_packet: build ACK for Service_id: 0x78, Operation_Id: 0xc8, senderHandleId: 0x78c80572
01-04 20:55:23.153   815  1088 I libipcp : ipcp_transport_send: fire --> SenderHandleID: 0x78c80572, OperType: ACK, peer.sk_type is 2, peer_ip : 198.18.34.1, peer_port: 50500, length :16
01-04 20:55:23.153   815  1091 D vehiclehal::EcarxIpcpComm: funtion: received_cb , ip [198.18.34.1] , port = 50500, service = AUDIORADIO, operation_id = 200
01-04 20:55:23.155   815  1099 D vehiclehal::EcarxIpcpComm: funtion: rxThread , service = AUDIORADIO, operation_id = 200
01-04 20:55:23.155   815  1099 D PAIPCP2VV: convertPAIpcp2VehicleValues, [AudioRadioOpID] ap size 16, vp size 16
01-04 20:55:23.161  3953  3953 D CarSignalManager: handleOnChangeEvent ECarXCarPropertyValue{mPropertyId=0x70f7 propertyName AsyLeSecEnd, mValue=8f}
01-04 20:55:23.161  3953  3953 D HUDInteractionImpl: onChangeEvent 70f7
01-04 20:55:23.161  3953  3953 D CarSignalManager: handleOnChangeEvent ECarXCarPropertyValue{mPropertyId=0x7100 propertyName AsyRiSecEnd, mValue=73}
01-04 20:55:23.161  3953  3953 D HUDInteractionImpl: onChangeEvent 7100
01-04 20:55:23.161  3953  4069 D HUDInteractionImpl: handleMessage 4
01-04 20:55:23.161  3953  3953 D CarSignalManager: handleOnChangeEvent ECarXCarPropertyValue{mPropertyId=0x7172 propertyName AsyLineLePahPrmA, mValue=c4a}
01-04 20:55:23.161  3953  4069 D HUDInteractionImpl: updateDataInfo id 70f7 value: 143
01-04 20:55:23.161  3953  3953 D HUDInteractionImpl: onChangeEvent 7172
01-04 20:55:23.161  3953  3953 D CarSignalManager: handleOnChangeEvent ECarXCarPropertyValue{mPropertyId=0x7174 propertyName AsyLineLePahPrmC, mValue=3eb}
01-04 20:55:23.161  3953  3953 D HUDInteractionImpl: onChangeEvent 7174
01-04 20:55:23.161  3953  3953 D CarSignalManager: handleOnChangeEvent ECarXCarPropertyValue{mPropertyId=0x7175 propertyName AsyLineLePahPrmD, mValue=3e1}
01-04 20:55:23.161  3953  3953 D HUDInteractionImpl: onChangeEvent 7175
01-04 20:55:23.161  3953  3953 D CarSignalManager: handleOnChangeEvent ECarXCarPropertyValue{mPropertyId=0x7176 propertyName AsyLineLePah2PrmA, mValue=c46}
01-04 20:55:23.161  3953  3953 D HUDInteractionImpl: onChangeEvent 7176
01-04 20:55:23.161  3953  3953 D CarSignalManager: handleOnChangeEvent ECarXCarPropertyValue{mPropertyId=0x7177 propertyName AsyLineLePah2PrmB, mValue=650}
01-04 20:55:23.161  3953  3953 D HUDInteractionImpl: onChangeEvent 7177
01-04 20:55:23.161  3953  3953 D CarSignalManager: handleOnChangeEvent ECarXCarPropertyValue{mPropertyId=0x7178 propertyName AsyLineLePah2PrmC, mValue=3e7}
01-04 20:55:23.161  3953  3953 D HUDInteractionImpl: onChangeEvent 7178
01-04 20:55:23.162  3953  3953 D CarSignalManager: handleOnChangeEvent ECarXCarPropertyValue{mPropertyId=0x7184 propertyName AsyLineRiPahPrmC, mValue=3eb}
01-04 20:55:23.162  3953  3953 D HUDInteractionImpl: onChangeEvent 7184
01-04 20:55:23.162  3953  3953 D CarSignalManager: handleOnChangeEvent ECarXCarPropertyValue{mPropertyId=0x7185 propertyName AsyLineRiPahPrmD, mValue=3e1}
01-04 20:55:23.162  3953  3953 D HUDInteractionImpl: onChangeEvent 7185
01-04 20:55:23.162  3953  3953 D CarSignalManager: handleOnChangeEvent ECarXCarPropertyValue{mPropertyId=0x7187 propertyName AsyLineRiPah2PrmB, mValue=650}
01-04 20:55:23.162  3953  3953 D HUDInteractionImpl: onChangeEvent 7187
01-04 20:55:23.162  3953  3953 D CarSignalManager: handleOnChangeEvent ECarXCarPropertyValue{mPropertyId=0x7188 propertyName AsyLineRiPah2PrmC, mValue=3e7}
01-04 20:55:23.162  3953  3953 D HUDInteractionImpl: onChangeEvent 7188
01-04 20:55:23.162  3953  3953 D CarSignalManager: handleOnChangeEvent ECarXCarPropertyValue{mPropertyId=0x71c5 propertyName ZZZAsdmSignalEnd, mValue=a112}
01-04 20:55:23.162  3953  3953 D HUDInteractionImpl: onChangeEvent 71c5
01-04 20:55:23.162   783 13727 F [ESIS][FATAL] ref-detecter.cc:347: GET_REF seq not match:4888 -1 0
01-04 20:55:23.162  3953  4069 D HUDInteractionImpl: handleMessage 4
01-04 20:55:23.162  3953  4069 D HUDInteractionImpl: updateDataInfo id 7100 value: 115
01-04 20:55:23.162  3953  4069 D HUDInteractionImpl: handleMessage 4
01-04 20:55:23.163  3953  4069 D HUDInteractionImpl: updateDataInfo id 7172 value: 3146
01-04 20:55:23.163  3953  4069 D HUDInteractionImpl: handleMessage 4
01-04 20:55:23.163  3953  4069 D HUDInteractionImpl: updateDataInfo id 7174 value: 1003
01-04 20:55:23.163  3953  4069 D HUDInteractionImpl: handleMessage 4
01-04 20:55:23.163  3953  4069 D HUDInteractionImpl: updateDataInfo id 7175 value: 993
01-04 20:55:23.163  3953  4069 D HUDInteractionImpl: handleMessage 4
01-04 20:55:23.163  3953  4069 D HUDInteractionImpl: updateDataInfo id 7176 value: 3142
01-04 20:55:23.163  3953  4069 D HUDInteractionImpl: handleMessage 4
01-04 20:55:23.163  3953  4069 D HUDInteractionImpl: updateDataInfo id 7177 value: 1616
01-04 20:55:23.163  3953  4069 D HUDInteractionImpl: handleMessage 4
01-04 20:55:23.163  3953  4069 D HUDInteractionImpl: updateDataInfo id 7178 value: 999
01-04 20:55:23.163  3953  4069 D HUDInteractionImpl: handleMessage 4
01-04 20:55:23.163   783 13727 E [EAKS][ERROR] aks-engine.cc:373: no keyword set yet.
01-04 20:55:23.163  3953  4069 D HUDInteractionImpl: updateDataInfo id 7184 value: 1003
01-04 20:55:23.163  3953  4069 D HUDInteractionImpl: handleMessage 4
01-04 20:55:23.163   783 13728 F [ESIS][FATAL] ref-detecter.cc:347: GET_REF seq not match:4888 -1 0
01-04 20:55:23.163  3953  4069 D HUDInteractionImpl: updateDataInfo id 7185 value: 993
01-04 20:55:23.163  3953  4069 D HUDInteractionImpl: handleMessage 4
01-04 20:55:23.163  3953  4069 D HUDInteractionImpl: updateDataInfo id 7187 value: 1616
01-04 20:55:23.163  3953  4069 D HUDInteractionImpl: handleMessage 4
01-04 20:55:23.163  3953  4069 D HUDInteractionImpl: updateDataInfo id 7188 value: 999
01-04 20:55:23.163  3953  4069 D HUDInteractionImpl: handleMessage 4
01-04 20:55:23.163  3953  4069 D HUDInteractionImpl: updateDataInfo id 71c5 value: 41234
01-04 20:55:23.163  3953  4069 D HUDInteractionImpl: handleMessage 2
01-04 20:55:23.163   783 13728 E [EAKS][ERROR] aks-engine.cc:373: no keyword set yet.
01-04 20:55:23.163  3953  4069 D HUDInteractionImpl: notifyAdasInfo ADASDrivingAidSyncInfo 功能状态: 0 AEB已经制动 0 前方对象方向 0 前方对象类型 0 前方物件横向距离 1.7763568394002505E-15 前方物件纵向距离 0.0 FCW警告 0
01-04 20:55:23.163  3953  4069 D HUDInteractionImpl: notifyAdasInfo ADASLaneSyncInfo 左一上段：1.4200000000000017 0.016000000000000014 -1.0000000000000286E-4 0.0 左一下段 1.4600000000000009 0.008999999999999897 2.999999999999947E-4 -7.000000000000062E-6 右一上段 -2.1999999999999993 0.016000000000000014 -1.0000000000000286E-4 0.0 右一下段 -2.1999999999999993 0.008999999999999897 2.999999999999947E-4 -7.000000000000062E-6 左一左起止点 0.0 17.0 左一右起止点 17.0 113.0 右一左起止点 0.0 0.0 右一右起止点 0.0 85.0 压线 0
01-04 20:55:23.163  3953  5033 I ARHUDPresenter.java: [ (ARHUDPresenter.java:127)#Subscribe ] adasLaneInfoBeanInputADASObj{acc_status=0.0, pos_x=1.7763568394002505E-15, pos_z=0.0, direction=0.0, type=9.0, frontType=0.0, warning_status=0.0, aeb_status=0.0}
01-04 20:55:23.163  3953  4998 I ARHUDPresenter.java: [ (ARHUDPresenter.java:154)#Subscribe ] inputADASLDInputADASLD{l1_a=1.4200000000000017, l1_b=0.016000000000000014, l1_c=-1.0000000000000286E-4, l1_d=0.0, l2_a=1.4600000000000009, l2_b=0.008999999999999897, l2_c=2.999999999999947E-4, l2_d=-7.000000000000062E-6, r1_a=-2.1999999999999993, r1_b=0.016000000000000014, r1_c=-1.0000000000000286E-4, r1_d=0.0, r2_a=-2.1999999999999993, r2_b=0.008999999999999897, r2_c=2.999999999999947E-4, r2_d=-7.000000000000062E-6, warning_status=0, detect_start_l1=0.0, detect_end_l1=17.0, detect_start_l2=17.0, detect_end_l2=113.0, detect_start_r2=0.0, detect_end_r2=85.0, detect_start_r1=0.0, detect_end_r1=0.0}
01-04 20:55:23.163  3953  4998 D V2021010403 EZD Input Status: InputData_HUD = true
01-04 20:55:23.163  3953  4998 D V2021010403 EZD Input Status: HUD_button_absolute_pos = 15
01-04 20:55:23.163  3953  5033 I ARHUDPresenter.java: [ (ARHUDPresenter.java:128)#Subscribe ] HUDHeight15
01-04 20:55:23.163  3953  4998 D V2021010403 EZD Input Status: InputData_LD=true , warning_status=0
01-04 20:55:23.163  3953  4998 D V2021010403 EZD Input Status: l1:(a,b,c,d)=(-1.420000,-0.016000,0.000100,-0.000000),(st,end)=(0,0); l2:(a,b,c,d)=(-1.460000,-0.009000,-0.000300,0.000007),(st,end)=(17,17);
01-04 20:55:23.163  3953  4998 D V2021010403 EZD Input Status: r1:(a,b,c,d)=(2.200000,-0.016000,0.000100,-0.000000),(st,end)=(0,0); r2:(a,b,c,d)=(2.200000,-0.009000,-0.000300,0.000007),(st,end)=(0,0);
01-04 20:55:23.163  3953  5033 E JniUtils.java: [ (JniUtils.java:33)#InputDataAdasObj ] hudHeight高度15.0
01-04 20:55:23.163  3953  4998 I JniUtils.java: [ (JniUtils.java:66)#InputADASLD ] 道路信息输出成功
01-04 20:55:23.163  3953  5033 D V2021010403 EZD Input Status: InputData_Vehicle=true , speed=6.889420, steering_wheel_angle=-0.006836, steering_wheel_angularVel=-0.007812
01-04 20:55:23.163  3953  4998 D V2021010403 EZD Output Status: Output_ld=true , laneID=1, (start_x,start_y)=(105,14), (end_x,end_y)=(-73,231), (A,B,C,D)=(-0.000000,0.000159,-0.853494,117.473879), status=1
01-04 20:55:23.163  3953  5033 D V2021010403 EZD Input Status: InputData_HUD = true
01-04 20:55:23.163  3953  5033 D V2021010403 EZD Input Status: HUD_button_absolute_pos = 15
01-04 20:55:23.164  3953  5033 D V2021010403 EZD Input Status: InputData_Obj is true. pos_x=0.000000, pos_y=0.000000, frontType=0, direction=0, acc_status=0, type=9, warning_status=0, aeb_status=0
01-04 20:55:23.164  3953  5033 D V2021010403 EZD Input Status: InputData_Obj: acc_gap_set_status=0
01-04 20:55:23.164  3953  5033 D V2021010403 EZD Input Status: InputData_LD=true , warning_status=0
01-04 20:55:23.164  3953  5033 D V2021010403 EZD Input Status: l1:(a,b,c,d)=(-1.420000,-0.016000,0.000100,-0.000000),(st,end)=(0,0); l2:(a,b,c,d)=(-1.460000,-0.009000,-0.000300,0.000007),(st,end)=(17,17);
01-04 20:55:23.164  3953  5033 D V2021010403 EZD Input Status: r1:(a,b,c,d)=(2.200000,-0.016000,0.000100,-0.000000),(st,end)=(0,0); r2:(a,b,c,d)=(2.200000,-0.009000,-0.000300,0.000007),(st,end)=(0,0);
01-04 20:55:23.164  3953  4998 I JniUtils.java: [ (JniUtils.java:68)#InputADASLD ] ADASLaneInfoBean{LaneID=1, x1=105, y1=14, x2=-73, y2=231, A=-2.1121717353506407E-7, B=1.5896268854921798E-4, C=-0.853494216848525, D=117.473879202524, status=1}
01-04 20:55:23.164  3953  5033 I JniUtils.java: [ (JniUtils.java:46)#InputDataAdasObj ] 周边环境对象等输出成功
01-04 20:55:23.164  3953  5033 D V2021010403 EZD Output Status: Output_obj=false , aeb_status = 0 && collision_status == 0 && obj_status == 0 && accGapSet_status == 0 
01-04 20:55:23.164  3953  5033 I JniUtils.java: [ (JniUtils.java:48)#InputDataAdasObj ] ADASWarningInfoBean{objID=0, obj_x=0, obj_y=0, obj_status=0, obj_width=0, collisionID=0, conllision_x=0, conllision_y=0, collision_status=0, aebID=0, aeb_x=0, aeb_y=0, aeb_status=0, aebFrame_x=0, aebFrame_y=0, aebFrame_status=0, accGapSet_ID=0, accGapSet_x=0, accGapSet_y=0, accGapSet_width=0, accGapSet_flip=0, accGapSet_status=0}
01-04 20:55:23.164  3953  5033 I ARHUDPresenter.java: [ (ARHUDPresenter.java:132)#Subscribe ] adasWarningInfoBeanADASWarningInfoBean{objID=0, obj_x=0, obj_y=0, obj_status=0, obj_width=0, collisionID=0, conllision_x=0, conllision_y=0, collision_status=0, aebID=0, aeb_x=0, aeb_y=0, aeb_status=0, aebFrame_x=0, aebFrame_y=0, aebFrame_status=0, accGapSet_ID=0, accGapSet_x=0, accGapSet_y=0, accGapSet_width=0, accGapSet_flip=0, accGapSet_status=0}
01-04 20:55:23.164  3953  3953 I ARHUDPresenter.java: [ (ARHUDPresenter.java:166)#Accept ] ADASLaneInfoBeanADASLaneInfoBean{LaneID=1, x1=105, y1=14, x2=-73, y2=231, A=-2.1121717353506407E-7, B=1.5896268854921798E-4, C=-0.853494216848525, D=117.473879202524, status=1}
01-04 20:55:23.164  3953  3953 E ADASLD  : [ (ARHUDPresenter.java:168)#Accept ] 压线了
01-04 20:55:23.167   815  1103 D libipcp : socket_says_data_received: Sid: 0x2c, OpID: 0x1d, Length: 0x129, SendHandleId: 0x2c1d0550, Version: 0x3, OpType: 0x5, NOTIFICATION, payloadType: 0x1
01-04 20:55:23.167   815  1103 I libipcp : checkOperaiondIdAvailable: checkOperaiondIdAvailable called service_id: 0x2c, OpId: 0x1d
01-04 20:55:23.167   815  1103 I libipcp : checkOperaiondIdAvailable: checkOperaiondIdAvailable opid 0x1d is vaild
01-04 20:55:23.167   815  1089 D libipcp : build_ack_packet: build ACK for Service_id: 0x2c, Operation_Id: 0x1d, senderHandleId: 0x2c1d0550
01-04 20:55:23.167   815  1088 I libipcp : ipcp_transport_send: fire --> SenderHandleID: 0x2c1d0550, OperType: ACK, peer.sk_type is 2, peer_ip : 198.18.34.1, peer_port: 50500, length :16
01-04 20:55:23.167   815  1091 D vehiclehal::EcarxIpcpComm: funtion: received_cb , ip [198.18.34.1] , port = 50500, service = VDDM, operation_id = 29
01-04 20:55:23.169   815  1099 D vehiclehal::EcarxIpcpComm: funtion: rxThread , service = VDDM, operation_id = 29
01-04 20:55:23.169   815  1099 D IPCP2VV : convertIpcp2VehicleValues, [VDDMNotificationOpID] ap size 289, vp size 289
01-04 20:55:23.171   834   834 E DisplayDevice: map unknown ((deprecated) sRGB sRGB Full range)/(RenderIntent::COLORIMETRIC) to default color mode
01-04 20:55:23.171   834   834 I chatty  : uid=1000(system) /system/bin/surfaceflinger identical 2 lines
01-04 20:55:23.171   834   834 E DisplayDevice: map unknown ((deprecated) sRGB sRGB Full range)/(RenderIntent::COLORIMETRIC) to default color mode
01-04 20:55:23.174 11700 11700 D CarSignalManager: handleOnChangeEvent ECarXCarPropertyValue{mPropertyId=0x7acf propertyName VehSpdLgtA, mValue=6e2}
01-04 20:55:23.174 11700 11700 D HUDInteractionImpl: onChangeEvent 7acf
01-04 20:55:23.174 11700 11700 D CarSignalManager: handleOnChangeEvent ECarXCarPropertyValue{mPropertyId=0x7af1 propertyName ZZZVddmSignalEnd, mValue=a111}
01-04 20:55:23.174 11700 11700 D HUDInteractionImpl: onChangeEvent 7af1
01-04 20:55:23.174 11700 11735 D HUDInteractionImpl: handleMessage 4
01-04 20:55:23.174 11700 11700 D CarSignalManager: handleOnChangeEvent ECarXCarPropertyValue{mPropertyId=0x70f7 propertyName AsyLeSecEnd, mValue=8f}
01-04 20:55:23.174 11700 11700 D HUDInteractionImpl: onChangeEvent 70f7
01-04 20:55:23.174 11700 11735 D HUDInteractionImpl: updateDataInfo id 7acf value: 1762
01-04 20:55:23.174 11700 11700 D CarSignalManager: handleOnChangeEvent ECarXCarPropertyValue{mPropertyId=0x7100 propertyName AsyRiSecEnd, mValue=73}
01-04 20:55:23.174 11700 11700 D HUDInteractionImpl: onChangeEvent 7100
01-04 20:55:23.174 11700 11735 D HUDInteractionImpl: handleMessage 4
01-04 20:55:23.174 11700 11700 D CarSignalManager: handleOnChangeEvent ECarXCarPropertyValue{mPropertyId=0x7172 propertyName AsyLineLePahPrmA, mValue=c4a}
01-04 20:55:23.174 11700 11735 D HUDInteractionImpl: updateDataInfo id 7af1 value: 41233
01-04 20:55:23.174 11700 11700 D HUDInteractionImpl: onChangeEvent 7172
01-04 20:55:23.174 11700 11735 D HUDInteractionImpl: handleMessage 4
01-04 20:55:23.174 11700 11700 D CarSignalManager: handleOnChangeEvent ECarXCarPropertyValue{mPropertyId=0x7174 propertyName AsyLineLePahPrmC, mValue=3eb}
01-04 20:55:23.174 11700 11735 D HUDInteractionImpl: updateDataInfo id 70f7 value: 143
01-04 20:55:23.174 11700 11735 D HUDInteractionImpl: handleMessage 4
01-04 20:55:23.174 11700 11735 D HUDInteractionImpl: updateDataInfo id 7100 value: 115
01-04 20:55:23.174 11700 11735 D HUDInteractionImpl: handleMessage 5
01-04 20:55:23.174 11700 11735 D HUDInteractionImpl: onVehicleSyncInfo 6.88942 -0.0068359375 -0.0078125
01-04 20:55:23.174 11700 11735 I BasePreferenceFragment: sendUpdateUIMsg()
01-04 20:55:23.174 11700 11735 D HUDInteractionImpl: handleMessage 4
01-04 20:55:23.174 11700 11700 D HUDInteractionImpl: onChangeEvent 7174
01-04 20:55:23.174 11700 11735 D HUDInteractionImpl: updateDataInfo id 7172 value: 3146
01-04 20:55:23.174 11700 11735 D HUDInteractionImpl: handleMessage 4
01-04 20:55:23.174 11700 11700 D CarSignalManager: handleOnChangeEvent ECarXCarPropertyValue{mPropertyId=0x7175 propertyName AsyLineLePahPrmD, mValue=3e1}
01-04 20:55:23.174 11700 11735 D HUDInteractionImpl: updateDataInfo id 7174 value: 1003
01-04 20:55:23.174 11700 11700 D HUDInteractionImpl: onChangeEvent 7175
01-04 20:55:23.174 11700 11700 D CarSignalManager: handleOnChangeEvent ECarXCarPropertyValue{mPropertyId=0x7176 propertyName AsyLineLePah2PrmA, mValue=c46}
01-04 20:55:23.174 11700 11700 D HUDInteractionImpl: onChangeEvent 7176
01-04 20:55:23.174 11700 11700 D CarSignalManager: handleOnChangeEvent ECarXCarPropertyValue{mPropertyId=0x7177 propertyName AsyLineLePah2PrmB, mValue=650}
01-04 20:55:23.174 11700 11700 D HUDInteractionImpl: onChangeEvent 7177
01-04 20:55:23.174 11700 11700 D CarSignalManager: handleOnChangeEvent ECarXCarPropertyValue{mPropertyId=0x7178 propertyName AsyLineLePah2PrmC, mValue=3e7}
01-04 20:55:23.174 11700 11700 D HUDInteractionImpl: onChangeEvent 7178
01-04 20:55:23.174 11700 11700 D CarSignalManager: handleOnChangeEvent ECarXCarPropertyValue{mPropertyId=0x7184 propertyName AsyLineRiPahPrmC, mValue=3eb}
01-04 20:55:23.174 11700 11735 D HUDInteractionImpl: handleMessage 4
01-04 20:55:23.174 11700 11700 D HUDInteractionImpl: onChangeEvent 7184
01-04 20:55:23.174 11700 11735 D HUDInteractionImpl: updateDataInfo id 7175 value: 993
01-04 20:55:23.174 11700 11700 D CarSignalManager: handleOnChangeEvent ECarXCarPropertyValue{mPropertyId=0x7185 propertyName AsyLineRiPahPrmD, mValue=3e1}
01-04 20:55:23.174 11700 11735 D HUDInteractionImpl: handleMessage 4
01-04 20:55:23.174 11700 11700 D HUDInteractionImpl: onChangeEvent 7185
01-04 20:55:23.174 11700 11700 D CarSignalManager: handleOnChangeEvent ECarXCarPropertyValue{mPropertyId=0x7187 propertyName AsyLineRiPah2PrmB, mValue=650}
01-04 20:55:23.174 11700 11700 D HUDInteractionImpl: onChangeEvent 7187
01-04 20:55:23.174 11700 11700 D CarSignalManager: handleOnChangeEvent ECarXCarPropertyValue{mPropertyId=0x7188 propertyName AsyLineRiPah2PrmC, mValue=3e7}
01-04 20:55:23.174 11700 11700 D HUDInteractionImpl: onChangeEvent 7188
01-04 20:55:23.174 11700 11700 D CarSignalManager: handleOnChangeEvent ECarXCarPropertyValue{mPropertyId=0x71c5 propertyName ZZZAsdmSignalEnd, mValue=a112}
01-04 20:55:23.174 11700 11700 D HUDInteractionImpl: onChangeEvent 71c5
