01-04 20:55:23.490  2023  2023 D AbsVehicle: onFunctionValueChanged function:IHvac.HVAC_FUNC_BLOWING_TEMP_COLOR [0x10070600] zone:VehicleZone.ZONE_ALL [0x80000000] value: [0xff888888] -7829368 durationtime:0
01-04 20:55:23.490  2549  2549 D CarSignalManager: handleOnChangeEvent ECarXCarPropertyValue{mPropertyId=0x76e3 propertyName AirTFbFromClimaAirTFbFromClima, mValue=0}
01-04 20:55:23.490  2549  2549 I AdapterAPI_HVAC: ECarXCarPropertyValue{mPropertyId=0x76e3 propertyName AirTFbFromClimaAirTFbFromClima, mValue=0}
01-04 20:55:23.490  2549  2549 I FunctionManagerCarFunction: onFunctionChanged function == 268895744
01-04 20:55:23.490  7234  7234 D CarSignalManager: handleOnChangeEvent ECarXCarPropertyValue{mPropertyId=0x76e3 propertyName AirTFbFromClimaAirTFbFromClima, mValue=0}
01-04 20:55:23.490  7234  7234 I AdapterAPI_HVAC: ECarXCarPropertyValue{mPropertyId=0x76e3 propertyName AirTFbFromClimaAirTFbFromClima, mValue=0}
01-04 20:55:23.490  3026  3026 D CarSignalManager: handleOnChangeEvent ECarXCarPropertyValue{mPropertyId=0x76e3 propertyName AirTFbFromClimaAirTFbFromClima, mValue=0}
01-04 20:55:23.490  2549  2549 D AbsVehicle: onFunctionChanged:IHvac.HVAC_FUNC_BLOWING_TEMP_COLOR [0x10070600] durationtime:0
01-04 20:55:23.490  3026  3026 I AdapterAPI_HVAC: ECarXCarPropertyValue{mPropertyId=0x76e3 propertyName AirTFbFromClimaAirTFbFromClima, mValue=0}
01-04 20:55:23.490  7234  7234 D AbsVehicle: onFunctionChanged:IHvac.HVAC_FUNC_BLOWING_TEMP_COLOR [0x10070600] durationtime:0
01-04 20:55:23.490  3026  3026 D AbsVehicle: onFunctionChanged:IHvac.HVAC_FUNC_BLOWING_TEMP_COLOR [0x10070600] durationtime:0
01-04 20:55:23.490  7234  7234 D AbsVehicle: onFunctionValueChanged function:IHvac.HVAC_FUNC_BLOWING_TEMP_COLOR [0x10070600] zone:VehicleZone.ZONE_ALL [0x80000000] value: [0xff888888] -7829368 durationtime:0
01-04 20:55:23.490  2549  2549 I FunctionManagerCarFunction: onFunctionValueChanged function == 10070600   zone = -2147483648 value = -7829368
01-04 20:55:23.490  3026  3026 D AbsVehicle: onFunctionValueChanged function:IHvac.HVAC_FUNC_BLOWING_TEMP_COLOR [0x10070600] zone:VehicleZone.ZONE_ALL [0x80000000] value: [0xff888888] -7829368 durationtime:0
01-04 20:55:23.490  7234  7234 D CarSignalManager: handleOnChangeEvent ECarXCarPropertyValue{mPropertyId=0x76e3 propertyName AirTFbFromClimaAirTFbFromClima, mValue=0}
01-04 20:55:23.490  2549  2549 D HvacLiveDataPolicy: functionValueChange result:
01-04 20:55:23.490  2549  2549 D HvacLiveDataPolicy:    functionId:10070600
01-04 20:55:23.490  2549  2549 D HvacLiveDataPolicy:    zone:-2147483648
01-04 20:55:23.490  2549  2549 D HvacLiveDataPolicy:    operator:-7829368
01-04 20:55:23.490  2549  2549 D HvacLiveDataPolicy:    funcValues:null
01-04 20:55:23.490  2549  2549 D HvacLiveDataPolicy:    functionStatus:null
01-04 20:55:23.490  7234  7234 I AdapterAPI_HVAC: ECarXCarPropertyValue{mPropertyId=0x76e3 propertyName AirTFbFromClimaAirTFbFromClima, mValue=0}
01-04 20:55:23.490  7234  7234 D AbsVehicle: onFunctionChanged:IHvac.HVAC_FUNC_BLOWING_TEMP_COLOR [0x10070600] durationtime:0
01-04 20:55:23.490  7234  7234 D AbsVehicle: onFunctionValueChanged function:IHvac.HVAC_FUNC_BLOWING_TEMP_COLOR [0x10070600] zone:VehicleZone.ZONE_ALL [0x80000000] value: [0xff888888] -7829368 durationtime:0
01-04 20:55:23.490  6668  6668 D CarSignalManager: handleOnChangeEvent ECarXCarPropertyValue{mPropertyId=0x76e3 propertyName AirTFbFromClimaAirTFbFromClima, mValue=0}
01-04 20:55:23.491  6668  6668 I AdapterAPI_HVAC: ECarXCarPropertyValue{mPropertyId=0x76e3 propertyName AirTFbFromClimaAirTFbFromClima, mValue=0}
01-04 20:55:23.491  6668  6668 D AbsVehicle: onFunctionChanged:IHvac.HVAC_FUNC_BLOWING_TEMP_COLOR [0x10070600] durationtime:0
01-04 20:55:23.491  6668  6668 D AbsVehicle: onFunctionValueChanged function:IHvac.HVAC_FUNC_BLOWING_TEMP_COLOR [0x10070600] zone:VehicleZone.ZONE_ALL [0x80000000] value: [0xff888888] -7829368 durationtime:0
01-04 20:55:23.491  3953  3953 D CarSignalManager: handleOnChangeEvent ECarXCarPropertyValue{mPropertyId=0x76e3 propertyName AirTFbFromClimaAirTFbFromClima, mValue=0}
01-04 20:55:23.491  2549  2549 D FunctionManagerPolicy: getFunctionValue param:
01-04 20:55:23.491  2549  2549 D FunctionManagerPolicy:    functionId:10010100
01-04 20:55:23.491  2549  2549 D FunctionManagerPolicy:    zone:-2147483648
01-04 20:55:23.491  2549  2549 D FunctionManagerPolicy:    operator:null
01-04 20:55:23.491  2549  2549 D FunctionManagerPolicy:    type:2
01-04 20:55:23.491  2023  2023 D CarSignalManager: handleOnChangeEvent ECarXCarPropertyValue{mPropertyId=0x76e3 propertyName AirTFbFromClimaAirTFbFromClima, mValue=0}
01-04 20:55:23.491  1794  1794 D AbsVehicle: onFunctionChanged:IHvac.HVAC_FUNC_BLOWING_TEMP_COLOR [0x10070600] durationtime:2
01-04 20:55:23.491  4077  4077 D CarSignalManager: handleOnChangeEvent ECarXCarPropertyValue{mPropertyId=0x76e3 propertyName AirTFbFromClimaAirTFbFromClima, mValue=0}
01-04 20:55:23.492   815  1103 D libipcp : socket_says_data_received: Sid: 0x1f, OpID: 0x51, Length: 0x10a, SendHandleId: 0x1f510509, Version: 0x3, OpType: 0x5, NOTIFICATION, payloadType: 0x1
01-04 20:55:23.492  4077  4077 I AdapterAPI_HVAC: ECarXCarPropertyValue{mPropertyId=0x76e3 propertyName AirTFbFromClimaAirTFbFromClima, mValue=0}
01-04 20:55:23.492  4077  4077 D AbsVehicle: onFunctionChanged:IHvac.HVAC_FUNC_BLOWING_TEMP_COLOR [0x10070600] durationtime:0
01-04 20:55:23.492  4077  4077 D AbsVehicle: onFunctionValueChanged function:IHvac.HVAC_FUNC_BLOWING_TEMP_COLOR [0x10070600] zone:VehicleZone.ZONE_ALL [0x80000000] value: [0xff888888] -7829368 durationtime:0
01-04 20:55:23.492  3953  3953 I AdapterAPI_HVAC: ECarXCarPropertyValue{mPropertyId=0x76e3 propertyName AirTFbFromClimaAirTFbFromClima, mValue=0}
01-04 20:55:23.493  2549  2549 D FunctionManagerCarFunction: getFunctionValue param:
01-04 20:55:23.493  2549  2549 D FunctionManagerCarFunction:    functionId:10010100
01-04 20:55:23.493  2549  2549 D FunctionManagerCarFunction:    zone:-2147483648
01-04 20:55:23.493  2549  2549 D FunctionManagerCarFunction:    operator:null
01-04 20:55:23.493  2549  2549 D FunctionManagerCarFunction:    type:2
01-04 20:55:23.493  2549  2549 D VehicleHelper:Hvac: getFunctionValue: function:IHvac.HVAC_FUNC_POWER [0x10010100] zone:VehicleZone.ZONE_ALL [0x80000000] results:ICarFunction.COMMON_VALUE_ON [0x1] 1
01-04 20:55:23.493  3953  3953 D AbsVehicle: onFunctionChanged:IHvac.HVAC_FUNC_BLOWING_TEMP_COLOR [0x10070600] durationtime:0
01-04 20:55:23.493  2549  2549 I FunctionManagerCarFunction: getFunctionValue result = 
01-04 20:55:23.493  2549  2549 I FunctionManagerCarFunction:   isFunctionSupport:false
01-04 20:55:23.493  2549  2549 I FunctionManagerCarFunction:   functionStatus:null
01-04 20:55:23.493  2549  2549 I FunctionManagerCarFunction:   supportValues:null
01-04 20:55:23.493  2549  2549 I FunctionManagerCarFunction:   setFunctionSuccess:false
01-04 20:55:23.493  2549  2549 I FunctionManagerCarFunction:   value:1
01-04 20:55:23.493  2549  2549 I FunctionManagerCarFunction:   customValue:0.0
01-04 20:55:23.493  2549  2549 I FunctionManagerCarFunction:   functionName:null
01-04 20:55:23.493  2549  2549 I FunctionManagerCarFunction:   functionId:0
01-04 20:55:23.493  2549  2549 I FunctionManagerCarFunction:   prefix:null
01-04 20:55:23.493  2549  2549 I FunctionManagerCarFunction:   pcode:null
01-04 20:55:23.493  3953  3953 D AbsVehicle: onFunctionValueChanged function:IHvac.HVAC_FUNC_BLOWING_TEMP_COLOR [0x10070600] zone:VehicleZone.ZONE_ALL [0x80000000] value: [0xff888888] -7829368 durationtime:0
01-04 20:55:23.493  2549  2549 I HvacMainView: isACPower color= true
01-04 20:55:23.493  2549  2549 D FunctionManagerPolicy: getFunctionValue param:
01-04 20:55:23.493  2549  2549 D FunctionManagerPolicy:    functionId:10070100
01-04 20:55:23.493  2549  2549 D FunctionManagerPolicy:    zone:8
01-04 20:55:23.493  2549  2549 D FunctionManagerPolicy:    operator:null
01-04 20:55:23.493  2549  2549 D FunctionManagerPolicy:    type:2
01-04 20:55:23.493  2549  2549 D FunctionManagerCarFunction: getFunctionValue param:
01-04 20:55:23.493  2549  2549 D FunctionManagerCarFunction:    functionId:10070100
01-04 20:55:23.493  2549  2549 D FunctionManagerCarFunction:    zone:8
01-04 20:55:23.493  2549  2549 D FunctionManagerCarFunction:    operator:null
01-04 20:55:23.493  2549  2549 D FunctionManagerCarFunction:    type:2
01-04 20:55:23.493  2549  2549 D VehicleHelper:Hvac: getFunctionValue: function:IHvac.HVAC_FUNC_BLOWING_MODE [0x10070100] zone:VehicleZone.ZONE_ROW_1_ALL [0x8] results:IHvac.BLOWING_MODE_AUTO_SWITCH [0x10070108] 268894472
01-04 20:55:23.493  2549  2549 I FunctionManagerCarFunction: getFunctionValue result = 
01-04 20:55:23.493  2549  2549 I FunctionManagerCarFunction:   isFunctionSupport:false
01-04 20:55:23.493  2549  2549 I FunctionManagerCarFunction:   functionStatus:null
01-04 20:55:23.493  2549  2549 I FunctionManagerCarFunction:   supportValues:null
01-04 20:55:23.493  2549  2549 I FunctionManagerCarFunction:   setFunctionSuccess:false
01-04 20:55:23.493  2549  2549 I FunctionManagerCarFunction:   value:268894472
01-04 20:55:23.493  2549  2549 I FunctionManagerCarFunction:   customValue:0.0
01-04 20:55:23.493  2549  2549 I FunctionManagerCarFunction:   functionName:null
01-04 20:55:23.493  2549  2549 I FunctionManagerCarFunction:   functionId:0
01-04 20:55:23.493  2549  2549 I FunctionManagerCarFunction:   prefix:null
01-04 20:55:23.493  2549  2549 I FunctionManagerCarFunction:   pcode:null
01-04 20:55:23.493  2549  2549 D HvacMainView: updateBlowingBtnStatus wind:false face:false leg:false
01-04 20:55:23.493  2549  2549 D FunctionManagerPolicy: getFunctionValue param:
01-04 20:55:23.493  2549  2549 D FunctionManagerPolicy:    functionId:10100400
01-04 20:55:23.493  2549  2549 D FunctionManagerPolicy:    zone:-1
01-04 20:55:23.493  2549  2549 D FunctionManagerPolicy:    operator:null
01-04 20:55:23.493  2549  2549 D FunctionManagerPolicy:    type:2
01-04 20:55:23.493  2549  2549 D FunctionManagerCarFunction: getFunctionValue param:
01-04 20:55:23.493  2549  2549 D FunctionManagerCarFunction:    functionId:10100400
01-04 20:55:23.493  2549  2549 D FunctionManagerCarFunction:    zone:-1
01-04 20:55:23.493  2549  2549 D FunctionManagerCarFunction:    operator:null
01-04 20:55:23.493  2549  2549 D FunctionManagerCarFunction:    type:2
01-04 20:55:23.493  2549  2549 D VehicleHelper:Hvac: getFunctionValue: function:IHvac.HVAC_FUNC_G_CLEAN [0x10100400] result:ICarFunction.COMMON_VALUE_OFF [0x0] 0
01-04 20:55:23.493  2549  2549 I FunctionManagerCarFunction: getFunctionValue result = 
01-04 20:55:23.493  2549  2549 I FunctionManagerCarFunction:   isFunctionSupport:false
01-04 20:55:23.493  2549  2549 I FunctionManagerCarFunction:   functionStatus:null
01-04 20:55:23.493  2549  2549 I FunctionManagerCarFunction:   supportValues:null
01-04 20:55:23.493  2549  2549 I FunctionManagerCarFunction:   setFunctionSuccess:false
01-04 20:55:23.493  2549  2549 I FunctionManagerCarFunction:   value:0
01-04 20:55:23.493  2549  2549 I FunctionManagerCarFunction:   customValue:0.0
01-04 20:55:23.493  2549  2549 I FunctionManagerCarFunction:   functionName:null
01-04 20:55:23.493  2549  2549 I FunctionManagerCarFunction:   functionId:0
01-04 20:55:23.493  2549  2549 I FunctionManagerCarFunction:   prefix:null
01-04 20:55:23.493  2549  2549 I FunctionManagerCarFunction:   pcode:null
01-04 20:55:23.493  2549  2549 I HvacMainView: setFrontImgBgVisible = -7829368
01-04 20:55:23.493  2549  2549 D FunctionManagerPolicy: getFunctionValue param:
01-04 20:55:23.493  2549  2549 D FunctionManagerPolicy:    functionId:10070100
01-04 20:55:23.493  2549  2549 D FunctionManagerPolicy:    zone:128
01-04 20:55:23.493  2549  2549 D FunctionManagerPolicy:    operator:null
01-04 20:55:23.493  2549  2549 D FunctionManagerPolicy:    type:2
01-04 20:55:23.493  2549  2549 D FunctionManagerCarFunction: getFunctionValue param:
01-04 20:55:23.493  2549  2549 D FunctionManagerCarFunction:    functionId:10070100
01-04 20:55:23.493  2549  2549 D FunctionManagerCarFunction:    zone:128
01-04 20:55:23.493  2549  2549 D FunctionManagerCarFunction:    operator:null
01-04 20:55:23.493  2549  2549 D FunctionManagerCarFunction:    type:2
01-04 20:55:23.493  2549  2549 D VehicleHelper:Hvac: getFunctionValue: function:IHvac.HVAC_FUNC_BLOWING_MODE [0x10070100] zone:VehicleZone.ZONE_ROW_2_ALL [0x80] results:IHvac.BLOWING_MODE_AUTO_SWITCH [0x10070108] 268894472
01-04 20:55:23.493  2549  2549 I FunctionManagerCarFunction: getFunctionValue result = 
01-04 20:55:23.493  2549  2549 I FunctionManagerCarFunction:   isFunctionSupport:false
01-04 20:55:23.493  2549  2549 I FunctionManagerCarFunction:   functionStatus:null
01-04 20:55:23.493  2549  2549 I FunctionManagerCarFunction:   supportValues:null
01-04 20:55:23.493  2549  2549 I FunctionManagerCarFunction:   setFunctionSuccess:false
01-04 20:55:23.493  2549  2549 I FunctionManagerCarFunction:   value:268894472
01-04 20:55:23.493  2549  2549 I FunctionManagerCarFunction:   customValue:0.0
01-04 20:55:23.493  2549  2549 I FunctionManagerCarFunction:   functionName:null
01-04 20:55:23.493  2549  2549 I FunctionManagerCarFunction:   functionId:0
01-04 20:55:23.493  2549  2549 I FunctionManagerCarFunction:   prefix:null
01-04 20:55:23.493  2549  2549 I FunctionManagerCarFunction:   pcode:null
01-04 20:55:23.493  2549  2549 D FunctionSupportPolicy: isFunctionSupport param:
01-04 20:55:23.493  2549  2549 D FunctionSupportPolicy:    functionId:10070100
01-04 20:55:23.493  2549  2549 D FunctionSupportPolicy:    zone:128
01-04 20:55:23.493  2549  2549 D FunctionSupportPolicy:    operator:null
01-04 20:55:23.493  2549  2549 D FunctionSupportPolicy:    type:2
01-04 20:55:23.493  2549  2549 D FunctionSupportCarFunction: isFunctionSupported functionId: 10070100  zone:128
01-04 20:55:23.493  2549  2549 D VehicleHelper:Hvac: getSupportedFunctionValue:IHvac.HVAC_FUNC_BLOWING_MODE [0x10070100] [0, 268894465, 268894466, 268894467, 268894468, 268894469, 268894470, 268894471, 268894472]
01-04 20:55:23.494  2549  2549 D VehicleHelper:Hvac: isFunctionSupported function:IHvac.HVAC_FUNC_BLOWING_MODE [0x10070100] zone:VehicleZone.ZONE_ROW_2_ALL [0x80] status:active
01-04 20:55:23.494  2549  2549 I FunctionSupportCarFunction: functionId =  10070100   functionStatus = active
01-04 20:55:23.494  2549  2549 D FunctionSupportCarFunction: getBooleanByFunctionStatus functionStatus:active
01-04 20:55:23.494  2549  2549 D FunctionSupportPolicy: isFunctionSupport param:
01-04 20:55:23.494  2549  2549 D FunctionSupportPolicy:    functionId:10010100
01-04 20:55:23.494  2549  2549 D FunctionSupportPolicy:    zone:128
01-04 20:55:23.494  2549  2549 D FunctionSupportPolicy:    operator:null
01-04 20:55:23.494  2549  2549 D FunctionSupportPolicy:    type:2
01-04 20:55:23.494  2549  2549 D FunctionSupportCarFunction: isFunctionSupported functionId: 10010100  zone:128
01-04 20:55:23.494  2549  2549 D VehicleHelper:Hvac: getSupportedFunctionValue:IHvac.HVAC_FUNC_POWER [0x10010100] [0, 1]
01-04 20:55:23.494  2549  2549 D VehicleHelper:Hvac: isFunctionSupported function:IHvac.HVAC_FUNC_POWER [0x10010100] zone:VehicleZone.ZONE_ROW_2_ALL [0x80] status:active
01-04 20:55:23.494  2549  2549 I FunctionSupportCarFunction: functionId =  10010100   functionStatus = active
01-04 20:55:23.494  2549  2549 D FunctionSupportCarFunction: getBooleanByFunctionStatus functionStatus:active
01-04 20:55:23.494  2549  2549 D FunctionManagerPolicy: getFunctionValue param:
01-04 20:55:23.494  2549  2549 D FunctionManagerPolicy:    functionId:10100400
01-04 20:55:23.494  2549  2549 D FunctionManagerPolicy:    zone:-1
01-04 20:55:23.494  2549  2549 D FunctionManagerPolicy:    operator:null
01-04 20:55:23.494  2549  2549 D FunctionManagerPolicy:    type:2
01-04 20:55:23.494  2549  2549 D FunctionManagerCarFunction: getFunctionValue param:
01-04 20:55:23.494  2549  2549 D FunctionManagerCarFunction:    functionId:10100400
01-04 20:55:23.494  2549  2549 D FunctionManagerCarFunction:    zone:-1
01-04 20:55:23.494  2549  2549 D FunctionManagerCarFunction:    operator:null
01-04 20:55:23.494  2549  2549 D FunctionManagerCarFunction:    type:2
01-04 20:55:23.494  2549  2549 D VehicleHelper:Hvac: getFunctionValue: function:IHvac.HVAC_FUNC_G_CLEAN [0x10100400] result:ICarFunction.COMMON_VALUE_OFF [0x0] 0
01-04 20:55:23.494  2549  2549 I FunctionManagerCarFunction: getFunctionValue result = 
01-04 20:55:23.494  2549  2549 I FunctionManagerCarFunction:   isFunctionSupport:false
01-04 20:55:23.494  2549  2549 I FunctionManagerCarFunction:   functionStatus:null
01-04 20:55:23.494  2549  2549 I FunctionManagerCarFunction:   supportValues:null
01-04 20:55:23.494  2549  2549 I FunctionManagerCarFunction:   setFunctionSuccess:false
01-04 20:55:23.494  2549  2549 I FunctionManagerCarFunction:   value:0
01-04 20:55:23.494  2549  2549 I FunctionManagerCarFunction:   customValue:0.0
01-04 20:55:23.494  2549  2549 I FunctionManagerCarFunction:   functionName:null
01-04 20:55:23.494  2549  2549 I FunctionManagerCarFunction:   functionId:0
01-04 20:55:23.494  2549  2549 I FunctionManagerCarFunction:   prefix:null
01-04 20:55:23.494  2549  2549 I FunctionManagerCarFunction:   pcode:null
01-04 20:55:23.494  2549  2549 I HvacMainView: setRearImgVisible rearMiddleVisible = false  rearDownVisible = false
01-04 20:55:23.495  2549  2549 D AbsVehicle: onFunctionValueChanged function:IHvac.HVAC_FUNC_BLOWING_TEMP_COLOR [0x10070600] zone:VehicleZone.ZONE_ALL [0x80000000] value: [0xff888888] -7829368 durationtime:4
01-04 20:55:23.495  2023  2023 I AdapterAPI_HVAC: ECarXCarPropertyValue{mPropertyId=0x76e3 propertyName AirTFbFromClimaAirTFbFromClima, mValue=0}
01-04 20:55:23.495  2023  2023 D AbsVehicle: onFunctionChanged:IHvac.HVAC_FUNC_BLOWING_TEMP_COLOR [0x10070600] durationtime:0
01-04 20:55:23.495  2023  2023 D AbsVehicle: onFunctionValueChanged function:IHvac.HVAC_FUNC_BLOWING_TEMP_COLOR [0x10070600] zone:VehicleZone.ZONE_ALL [0x80000000] value: [0xff888888] -7829368 durationtime:0
01-04 20:55:23.495   815  1103 I libipcp : checkOperaiondIdAvailable: checkOperaiondIdAvailable called service_id: 0x1f, OpId: 0x51
01-04 20:55:23.495  1794  1794 D AbsVehicle: onFunctionValueChanged function:IHvac.HVAC_FUNC_BLOWING_TEMP_COLOR [0x10070600] zone:VehicleZone.ZONE_ALL [0x80000000] value: [0xff888888] -7829368 durationtime:0
01-04 20:55:23.496   815  1103 I libipcp : checkOperaiondIdAvailable: checkOperaiondIdAvailable opid 0x51 is vaild
01-04 20:55:23.496   815  1103 D libipcp : socket_says_data_received: Sid: 0x25, OpID: 0x20, Length: 0x89, SendHandleId: 0x252005d2, Version: 0x3, OpType: 0x5, NOTIFICATION, payloadType: 0x1
01-04 20:55:23.496   815  1103 I libipcp : checkOperaiondIdAvailable: checkOperaiondIdAvailable called service_id: 0x25, OpId: 0x20
01-04 20:55:23.496   815  1103 I libipcp : checkOperaiondIdAvailable: checkOperaiondIdAvailable opid 0x20 is vaild
01-04 20:55:23.496   815  1103 D libipcp : socket_says_data_received: Sid: 0x2c, OpID: 0x1d, Length: 0x129, SendHandleId: 0x2c1d055b, Version: 0x3, OpType: 0x5, NOTIFICATION, payloadType: 0x1
01-04 20:55:23.496   815  1103 I libipcp : checkOperaiondIdAvailable: checkOperaiondIdAvailable called service_id: 0x2c, OpId: 0x1d
01-04 20:55:23.496   815  1103 I libipcp : checkOperaiondIdAvailable: checkOperaiondIdAvailable opid 0x1d is vaild
01-04 20:55:23.496   815  1089 D libipcp : build_ack_packet: build ACK for Service_id: 0x1f, Operation_Id: 0x51, senderHandleId: 0x1f510509
01-04 20:55:23.496   815  1089 D libipcp : build_ack_packet: build ACK for Service_id: 0x25, Operation_Id: 0x20, senderHandleId: 0x252005d2
01-04 20:55:23.496   815  1089 D libipcp : build_ack_packet: build ACK for Service_id: 0x2c, Operation_Id: 0x1d, senderHandleId: 0x2c1d055b
01-04 20:55:23.496   815  1088 I libipcp : ipcp_transport_send: fire --> SenderHandleID: 0x2c1d055b, OperType: ACK, peer.sk_type is 2, peer_ip : 198.18.34.1, peer_port: 50500, length :16
01-04 20:55:23.496   815  1088 I libipcp : ipcp_transport_send: fire --> SenderHandleID: 0x252005d2, OperType: ACK, peer.sk_type is 2, peer_ip : 198.18.34.1, peer_port: 50500, length :16
01-04 20:55:23.496   815  1091 D vehiclehal::EcarxIpcpComm: funtion: received_cb , ip [198.18.34.1] , port = 50500, service = ASDM, operation_id = 81
01-04 20:55:23.496   815  1092 D vehiclehal::EcarxIpcpComm: funtion: received_cb , ip [198.18.34.1] , port = 50500, service = DIM, operation_id = 32
01-04 20:55:23.496   815  1088 I libipcp : ipcp_transport_send: fire --> SenderHandleID: 0x1f510509, OperType: ACK, peer.sk_type is 2, peer_ip : 198.18.34.1, peer_port: 50500, length :16
01-04 20:55:23.496   815  1091 D vehiclehal::EcarxIpcpComm: funtion: received_cb , ip [198.18.34.1] , port = 50500, service = VDDM, operation_id = 29
01-04 20:55:23.498   815  1099 D vehiclehal::EcarxIpcpComm: funtion: rxThread , service = ASDM, operation_id = 81
01-04 20:55:23.498   815  1099 D IPCP2VV : convertIpcp2VehicleValues, [ASDMNotificationOpID] ap size 258, vp size 258
01-04 20:55:23.500   815  1099 D vehiclehal::EcarxIpcpComm: funtion: rxThread , service = DIM, operation_id = 32
01-04 20:55:23.500   815  1099 D IPCP2VV : convertIpcp2VehicleValues, [DIMNotificationOpID] ap size 129, vp size 129
01-04 20:55:23.501  3953  3953 D CarSignalManager: handleOnChangeEvent ECarXCarPropertyValue{mPropertyId=0x7ab6 propertyName SteerWhlSnsrAg, mValue=fff2}
01-04 20:55:23.501   815  1099 D vehiclehal::EcarxIpcpComm: funtion: rxThread , service = VDDM, operation_id = 29
01-04 20:55:23.501   815  1099 D IPCP2VV : convertIpcp2VehicleValues, [VDDMNotificationOpID] ap size 289, vp size 289
01-04 20:55:23.501  3953  3953 D HUDInteractionImpl: onChangeEvent 7ab6
01-04 20:55:23.501  3953  3953 D CarSignalManager: handleOnChangeEvent ECarXCarPropertyValue{mPropertyId=0x7af1 propertyName ZZZVddmSignalEnd, mValue=a12e}
01-04 20:55:23.501  3953  3953 D HUDInteractionImpl: onChangeEvent 7af1
01-04 20:55:23.501  3953  4069 D HUDInteractionImpl: handleMessage 4
01-04 20:55:23.501  3953  4069 D HUDInteractionImpl: updateDataInfo id 7ab6 value: 65522
01-04 20:55:23.501  3953  4069 D HUDInteractionImpl: handleMessage 4
01-04 20:55:23.501  3953  4069 D HUDInteractionImpl: updateDataInfo id 7af1 value: 41262
01-04 20:55:23.501  3953  4069 D HUDInteractionImpl: handleMessage 5
01-04 20:55:23.501  3953  4069 D HUDInteractionImpl: onVehicleSyncInfo 6.77212 -0.013671875 -0.0390625
01-04 20:55:23.503   834   834 E DisplayDevice: map unknown ((deprecated) sRGB sRGB Full range)/(RenderIntent::COLORIMETRIC) to default color mode
01-04 20:55:23.503   834   834 I chatty  : uid=1000(system) /system/bin/surfaceflinger identical 2 lines
01-04 20:55:23.503   834   834 E DisplayDevice: map unknown ((deprecated) sRGB sRGB Full range)/(RenderIntent::COLORIMETRIC) to default color mode
01-04 20:55:23.506 11700 11700 D CarSignalManager: handleOnChangeEvent ECarXCarPropertyValue{mPropertyId=0x70f7 propertyName AsyLeSecEnd, mValue=95}
01-04 20:55:23.507 11700 11700 D HUDInteractionImpl: onChangeEvent 70f7
01-04 20:55:23.507 11700 11700 D CarSignalManager: handleOnChangeEvent ECarXCarPropertyValue{mPropertyId=0x7100 propertyName AsyRiSecEnd, mValue=95}
01-04 20:55:23.507 11700 11700 D HUDInteractionImpl: onChangeEvent 7100
01-04 20:55:23.507 11700 11700 D CarSignalManager: handleOnChangeEvent ECarXCarPropertyValue{mPropertyId=0x7186 propertyName AsyLineRiPah2PrmA, mValue=afa}
01-04 20:55:23.507 11700 11700 D HUDInteractionImpl: onChangeEvent 7186
01-04 20:55:23.507 11700 11700 D CarSignalManager: handleOnChangeEvent ECarXCarPropertyValue{mPropertyId=0x7187 propertyName AsyLineRiPah2PrmB, mValue=640}
01-04 20:55:23.507 11700 11700 D HUDInteractionImpl: onChangeEvent 7187
01-04 20:55:23.507 11700 11700 D CarSignalManager: handleOnChangeEvent ECarXCarPropertyValue{mPropertyId=0x71c5 propertyName ZZZAsdmSignalEnd, mValue=a12c}
01-04 20:55:23.507 11700 11700 D HUDInteractionImpl: onChangeEvent 71c5
01-04 20:55:23.507 11700 11700 D CarSignalManager: handleOnChangeEvent ECarXCarPropertyValue{mPropertyId=0x76e3 propertyName AirTFbFromClimaAirTFbFromClima, mValue=0}
01-04 20:55:23.507 11700 11700 I AdapterAPI_HVAC: ECarXCarPropertyValue{mPropertyId=0x76e3 propertyName AirTFbFromClimaAirTFbFromClima, mValue=0}
01-04 20:55:23.507 11700 11700 D AbsVehicle: onFunctionChanged:IHvac.HVAC_FUNC_BLOWING_TEMP_COLOR [0x10070600] durationtime:0
01-04 20:55:23.507 11700 11700 D AbsVehicle: onFunctionValueChanged function:IHvac.HVAC_FUNC_BLOWING_TEMP_COLOR [0x10070600] zone:VehicleZone.ZONE_ALL [0x80000000] value: [0xff888888] -7829368 durationtime:0
01-04 20:55:23.507 11700 11700 D CarSignalManager: handleOnChangeEvent ECarXCarPropertyValue{mPropertyId=0x7ab6 propertyName SteerWhlSnsrAg, mValue=fff2}
01-04 20:55:23.507 11700 11700 D HUDInteractionImpl: onChangeEvent 7ab6
01-04 20:55:23.507 11700 11700 D CarSignalManager: handleOnChangeEvent ECarXCarPropertyValue{mPropertyId=0x7af1 propertyName ZZZVddmSignalEnd, mValue=a12e}
01-04 20:55:23.507 11700 11700 D HUDInteractionImpl: onChangeEvent 7af1
01-04 20:55:23.507 11700 11735 D HUDInteractionImpl: handleMessage 4
01-04 20:55:23.507 11700 11735 D HUDInteractionImpl: updateDataInfo id 70f7 value: 149
01-04 20:55:23.507 11700 11735 D HUDInteractionImpl: handleMessage 4
01-04 20:55:23.507 11700 11735 D HUDInteractionImpl: updateDataInfo id 7100 value: 149
01-04 20:55:23.507 11700 11735 D HUDInteractionImpl: handleMessage 4
01-04 20:55:23.507 11700 11735 D HUDInteractionImpl: updateDataInfo id 7186 value: 2810
01-04 20:55:23.507 11700 11735 D HUDInteractionImpl: handleMessage 4
01-04 20:55:23.507 11700 11735 D HUDInteractionImpl: updateDataInfo id 7187 value: 1600
01-04 20:55:23.507 11700 11735 D HUDInteractionImpl: handleMessage 4
01-04 20:55:23.507 11700 11735 D HUDInteractionImpl: updateDataInfo id 71c5 value: 41260
01-04 20:55:23.507 11700 11735 D HUDInteractionImpl: handleMessage 4
01-04 20:55:23.507 11700 11735 D HUDInteractionImpl: updateDataInfo id 7ab6 value: 65522
01-04 20:55:23.507 11700 11735 D HUDInteractionImpl: handleMessage 4
01-04 20:55:23.507 11700 11735 D HUDInteractionImpl: updateDataInfo id 7af1 value: 41262
01-04 20:55:23.507 11700 11735 D HUDInteractionImpl: handleMessage 2
01-04 20:55:23.508 11700 11735 D HUDInteractionImpl: notifyAdasInfo ADASDrivingAidSyncInfo 功能状态: 0 AEB已经制动 0 前方对象方向 0 前方对象类型 0 前方物件横向距离 1.7763568394002505E-15 前方物件纵向距离 0.0 FCW警告 0
01-04 20:55:23.508 11700 11735 D HUDInteractionImpl: notifyAdasInfo ADASLaneSyncInfo 左一上段：1.4400000000000013 0.016000000000000014 -1.0000000000000286E-4 0.0 左一下段 1.4800000000000004 0.008999999999999897 2.999999999999947E-4 -1.0000000000000026E-5 右一上段 -1.8999999999999986 0.0 1.0000000000000286E-4 -1.0000000000001327E-6 右一下段 -2.1899999999999977 0.008999999999999897 0.0 -1.0000000000001327E-6 左一左起止点 0.0 15.0 左一右起止点 15.0 119.0 右一左起止点 0.0 89.0 右一右起止点 89.0 119.0 压线 0
01-04 20:55:23.508 11700 11735 I BasePreferenceFragment: sendUpdateUIMsg()
01-04 20:55:23.508 11700 11735 D HUDInteractionImpl: handleMessage 5
01-04 20:55:23.508 11700 11735 D HUDInteractionImpl: onVehicleSyncInfo 6.77212 -0.013671875 -0.0390625
01-04 20:55:23.508 11700 11735 I BasePreferenceFragment: sendUpdateUIMsg()
01-04 20:55:23.512 11700 11700 D CarSignalManager: handleOnChangeEvent ECarXCarPropertyValue{mPropertyId=0x71c5 propertyName ZZZAsdmSignalEnd, mValue=a12f}
01-04 20:55:23.512 11700 11700 D HUDInteractionImpl: onChangeEvent 71c5
01-04 20:55:23.512 11700 11735 D HUDInteractionImpl: handleMessage 4
01-04 20:55:23.512 11700 11735 D HUDInteractionImpl: updateDataInfo id 71c5 value: 41263
01-04 20:55:23.513   783 13727 F [ESIS][FATAL] ref-detecter.cc:347: GET_REF seq not match:4932 -1 0
01-04 20:55:23.513   783 13728 F [ESIS][FATAL] ref-detecter.cc:347: GET_REF seq not match:4932 -1 0
01-04 20:55:23.513  3953  3953 D CarSignalManager: handleOnChangeEvent ECarXCarPropertyValue{mPropertyId=0x71c5 propertyName ZZZAsdmSignalEnd, mValue=a12f}
01-04 20:55:23.513  3953  3953 D HUDInteractionImpl: onChangeEvent 71c5
01-04 20:55:23.513  3953  4069 D HUDInteractionImpl: handleMessage 4
01-04 20:55:23.513  3953  4069 D HUDInteractionImpl: updateDataInfo id 71c5 value: 41263
01-04 20:55:23.513   783 13728 E [EAKS][ERROR] aks-engine.cc:373: no keyword set yet.
01-04 20:55:23.513   783 13727 E [EAKS][ERROR] aks-engine.cc:373: no keyword set yet.
01-04 20:55:23.521   815  1103 D libipcp : socket_says_data_received: Sid: 0x1f, OpID: 0x51, Length: 0x10a, SendHandleId: 0x1f51050a, Version: 0x3, OpType: 0x5, NOTIFICATION, payloadType: 0x1
01-04 20:55:23.521   815  1103 I libipcp : checkOperaiondIdAvailable: checkOperaiondIdAvailable called service_id: 0x1f, OpId: 0x51
01-04 20:55:23.521   815  1103 I libipcp : checkOperaiondIdAvailable: checkOperaiondIdAvailable opid 0x51 is vaild
01-04 20:55:23.521   815  1089 D libipcp : build_ack_packet: build ACK for Service_id: 0x1f, Operation_Id: 0x51, senderHandleId: 0x1f51050a
01-04 20:55:23.521   815  1088 I libipcp : ipcp_transport_send: fire --> SenderHandleID: 0x1f51050a, OperType: ACK, peer.sk_type is 2, peer_ip : 198.18.34.1, peer_port: 50500, length :16
01-04 20:55:23.521   815  1091 D vehiclehal::EcarxIpcpComm: funtion: received_cb , ip [198.18.34.1] , port = 50500, service = ASDM, operation_id = 81
01-04 20:55:23.522   815  1103 D libipcp : socket_says_data_received: Sid: 0x25, OpID: 0x20, Length: 0x89, SendHandleId: 0x252005d3, Version: 0x3, OpType: 0x5, NOTIFICATION, payloadType: 0x1
01-04 20:55:23.522   815  1103 I libipcp : checkOperaiondIdAvailable: checkOperaiondIdAvailable called service_id: 0x25, OpId: 0x20
01-04 20:55:23.522   815  1103 I libipcp : checkOperaiondIdAvailable: checkOperaiondIdAvailable opid 0x20 is vaild
01-04 20:55:23.522   815  1103 D libipcp : socket_says_data_received: Sid: 0x2c, OpID: 0x1d, Length: 0x129, SendHandleId: 0x2c1d055c, Version: 0x3, OpType: 0x5, NOTIFICATION, payloadType: 0x1
01-04 20:55:23.522   815  1103 I libipcp : checkOperaiondIdAvailable: checkOperaiondIdAvailable called service_id: 0x2c, OpId: 0x1d
01-04 20:55:23.522   815  1103 I libipcp : checkOperaiondIdAvailable: checkOperaiondIdAvailable opid 0x1d is vaild
01-04 20:55:23.522   815  1089 D libipcp : build_ack_packet: build ACK for Service_id: 0x25, Operation_Id: 0x20, senderHandleId: 0x252005d3
01-04 20:55:23.522   815  1089 D libipcp : build_ack_packet: build ACK for Service_id: 0x2c, Operation_Id: 0x1d, senderHandleId: 0x2c1d055c
01-04 20:55:23.522   815  1088 I libipcp : ipcp_transport_send: fire --> SenderHandleID: 0x2c1d055c, OperType: ACK, peer.sk_type is 2, peer_ip : 198.18.34.1, peer_port: 50500, length :16
01-04 20:55:23.522   815  1088 I libipcp : ipcp_transport_send: fire --> SenderHandleID: 0x252005d3, OperType: ACK, peer.sk_type is 2, peer_ip : 198.18.34.1, peer_port: 50500, length :16
01-04 20:55:23.522   815  1091 D vehiclehal::EcarxIpcpComm: funtion: received_cb , ip [198.18.34.1] , port = 50500, service = DIM, operation_id = 32
01-04 20:55:23.522   815  1091 D vehiclehal::EcarxIpcpComm: funtion: received_cb , ip [198.18.34.1] , port = 50500, service = VDDM, operation_id = 29
01-04 20:55:23.522   815  1099 D vehiclehal::EcarxIpcpComm: funtion: rxThread , service = ASDM, operation_id = 81
01-04 20:55:23.522   815  1099 D IPCP2VV : convertIpcp2VehicleValues, [ASDMNotificationOpID] ap size 258, vp size 258
01-04 20:55:23.525   815  1099 D vehiclehal::EcarxIpcpComm: funtion: rxThread , service = DIM, operation_id = 32
01-04 20:55:23.526   815  1099 D IPCP2VV : convertIpcp2VehicleValues, [DIMNotificationOpID] ap size 129, vp size 129
01-04 20:55:23.529   815  1099 D vehiclehal::EcarxIpcpComm: funtion: rxThread , service = VDDM, operation_id = 29
01-04 20:55:23.529   815  1099 D IPCP2VV : convertIpcp2VehicleValues, [VDDMNotificationOpID] ap size 289, vp size 289
01-04 20:55:23.532   815  1103 D libipcp : socket_says_data_received: Sid: 0x6e, OpID: 0xc8, Length: 0x2d0, SendHandleId: 0x6ec80576, Version: 0x3, OpType: 0x5, NOTIFICATION, payloadType: 0x1
01-04 20:55:23.532   815  1103 I libipcp : checkOperaiondIdAvailable: checkOperaiondIdAvailable called service_id: 0x6e, OpId: 0xc8
01-04 20:55:23.532   815  1103 I libipcp : checkOperaiondIdAvailable: checkOperaiondIdAvailable opid 0xc8 is vaild
01-04 20:55:23.532   815  1089 D libipcp : build_ack_packet: build ACK for Service_id: 0x6e, Operation_Id: 0xc8, senderHandleId: 0x6ec80576
01-04 20:55:23.532   815  1088 I libipcp : ipcp_transport_send: fire --> SenderHandleID: 0x6ec80576, OperType: ACK, peer.sk_type is 2, peer_ip : 198.18.34.1, peer_port: 50500, length :16
01-04 20:55:23.532   815  1091 D vehiclehal::EcarxIpcpComm: funtion: received_cb , ip [198.18.34.1] , port = 50500, service = PHEV, operation_id = 200
01-04 20:55:23.533  2425  3612 D ecarx_daemon_VehicleHal: onPropertyEvent: Vehicle Property: 557873871, value: 1726
01-04 20:55:23.533  2425  3612 D ecarx_daemon_VehicleHal: propid 557873871, reqSignalPropertiesString VendorSignalProperty::VehSpdLgtA
01-04 20:55:23.534   815  1099 D vehiclehal::EcarxIpcpComm: funtion: rxThread , service = PHEV, operation_id = 200
01-04 20:55:23.534   815  1099 D PAIPCP2VV: convertPAIpcp2VehicleValues, [PHEVOpID] ap size 712, vp size 712
01-04 20:55:23.534  3048  3048 D CarSignalManager: handleOnChangeEvent ECarXCarPropertyValue{mPropertyId=0x7acf propertyName VehSpdLgtA, mValue=6be}
01-04 20:55:23.534  4162  4162 D CarSignalManager: handleOnChangeEvent ECarXCarPropertyValue{mPropertyId=0x7acf propertyName VehSpdLgtA, mValue=6be}
01-04 20:55:23.534  1794  1794 D CarSignalManager: handleOnChangeEvent ECarXCarPropertyValue{mPropertyId=0x7acf propertyName VehSpdLgtA, mValue=6be}
01-04 20:55:23.534  2990  2990 D CarSignalManager: handleOnChangeEvent ECarXCarPropertyValue{mPropertyId=0x7acf propertyName VehSpdLgtA, mValue=6be}
01-04 20:55:23.534  4077  4077 D CarSignalManager: handleOnChangeEvent ECarXCarPropertyValue{mPropertyId=0x7acf propertyName VehSpdLgtA, mValue=6be}
01-04 20:55:23.535  2549  2549 D CarSignalManager: handleOnChangeEvent ECarXCarPropertyValue{mPropertyId=0x7acf propertyName VehSpdLgtA, mValue=6be}
01-04 20:55:23.535  7234  7234 D CarSignalManager: handleOnChangeEvent ECarXCarPropertyValue{mPropertyId=0x7acf propertyName VehSpdLgtA, mValue=6be}
01-04 20:55:23.535  2023  2023 D CarSignalManager: handleOnChangeEvent ECarXCarPropertyValue{mPropertyId=0x7acf propertyName VehSpdLgtA, mValue=6be}
01-04 20:55:23.535  7234  7234 D CarSignalManager: handleOnChangeEvent ECarXCarPropertyValue{mPropertyId=0x7acf propertyName VehSpdLgtA, mValue=6be}
01-04 20:55:23.535  3953  3953 D CarSignalManager: handleOnChangeEvent ECarXCarPropertyValue{mPropertyId=0x7ab7 propertyName SteerWhlSnsrAgSpd, mValue=fffd}
01-04 20:55:23.535  3953  3953 D HUDInteractionImpl: onChangeEvent 7ab7
01-04 20:55:23.535  3953  3953 D CarSignalManager: handleOnChangeEvent ECarXCarPropertyValue{mPropertyId=0x7acf propertyName VehSpdLgtA, mValue=6be}
01-04 20:55:23.535  3953  3953 D HUDInteractionImpl: onChangeEvent 7acf
01-04 20:55:23.535  3953  4069 D HUDInteractionImpl: handleMessage 4
01-04 20:55:23.535  3953  3953 D CarSignalManager: handleOnChangeEvent ECarXCarPropertyValue{mPropertyId=0x7af1 propertyName ZZZVddmSignalEnd, mValue=a131}
01-04 20:55:23.535  3953  4069 D HUDInteractionImpl: updateDataInfo id 7ab7 value: 65533
01-04 20:55:23.535  3953  3953 D HUDInteractionImpl: onChangeEvent 7af1
01-04 20:55:23.535  3953  4069 D HUDInteractionImpl: handleMessage 4
01-04 20:55:23.535  3953  4069 D HUDInteractionImpl: updateDataInfo id 7acf value: 1726
01-04 20:55:23.535  3953  4069 D HUDInteractionImpl: handleMessage 4
01-04 20:55:23.535  3953  4069 D HUDInteractionImpl: updateDataInfo id 7af1 value: 41265
01-04 20:55:23.535  2887  2887 D CarSignalManager: handleOnChangeEvent ECarXCarPropertyValue{mPropertyId=0x7acf propertyName VehSpdLgtA, mValue=6be}
01-04 20:55:23.535  3953  4069 D HUDInteractionImpl: handleMessage 5
01-04 20:55:23.535  3953  4069 D HUDInteractionImpl: onVehicleSyncInfo 6.74866 -0.013671875 -0.0234375
01-04 20:55:23.537   834   834 E DisplayDevice: map unknown ((deprecated) sRGB sRGB Full range)/(RenderIntent::COLORIMETRIC) to default color mode
01-04 20:55:23.537   834   834 I chatty  : uid=1000(system) /system/bin/surfaceflinger identical 2 lines
01-04 20:55:23.537   834   834 E DisplayDevice: map unknown ((deprecated) sRGB sRGB Full range)/(RenderIntent::COLORIMETRIC) to default color mode
01-04 20:55:23.543   783 13727 F [ESIS][FATAL] ref-detecter.cc:347: GET_REF seq not match:4936 -1 0
01-04 20:55:23.543   783 13728 F [ESIS][FATAL] ref-detecter.cc:347: GET_REF seq not match:4936 -1 0
01-04 20:55:23.543   783 13727 E [EAKS][ERROR] aks-engine.cc:373: no keyword set yet.
01-04 20:55:23.543   783 13728 E [EAKS][ERROR] aks-engine.cc:373: no keyword set yet.
01-04 20:55:23.546  3953  3953 D CarSignalManager: handleOnChangeEvent ECarXCarPropertyValue{mPropertyId=0x70f5 propertyName AsyLeFirstEnd, mValue=2c}
01-04 20:55:23.546  3953  3953 D HUDInteractionImpl: onChangeEvent 70f5
01-04 20:55:23.546  3953  3953 D CarSignalManager: handleOnChangeEvent ECarXCarPropertyValue{mPropertyId=0x70f7 propertyName AsyLeSecEnd, mValue=96}
01-04 20:55:23.546  3953  3953 D HUDInteractionImpl: onChangeEvent 70f7
01-04 20:55:23.546  3953  4069 D HUDInteractionImpl: handleMessage 4
01-04 20:55:23.546  3953  3953 D CarSignalManager: handleOnChangeEvent ECarXCarPropertyValue{mPropertyId=0x70f8 propertyName AsyLeSecStrt, mValue=2c}
01-04 20:55:23.546  3953  4069 D HUDInteractionImpl: updateDataInfo id 70f5 value: 44
01-04 20:55:23.546  3953  3953 D HUDInteractionImpl: onChangeEvent 70f8
01-04 20:55:23.546  3953  4069 D HUDInteractionImpl: handleMessage 4
01-04 20:55:23.546  3953  3953 D CarSignalManager: handleOnChangeEvent ECarXCarPropertyValue{mPropertyId=0x7100 propertyName AsyRiSecEnd, mValue=97}
01-04 20:55:23.546  3953  4069 D HUDInteractionImpl: updateDataInfo id 70f7 value: 150
01-04 20:55:23.546  3953  3953 D HUDInteractionImpl: onChangeEvent 7100
01-04 20:55:23.546  3953  4069 D HUDInteractionImpl: handleMessage 4
01-04 20:55:23.546  3953  3953 D CarSignalManager: handleOnChangeEvent ECarXCarPropertyValue{mPropertyId=0x7173 propertyName AsyLineLePahPrmB, mValue=64a}
01-04 20:55:23.546  3953  4069 D HUDInteractionImpl: updateDataInfo id 70f8 value: 44
01-04 20:55:23.546  3953  3953 D HUDInteractionImpl: onChangeEvent 7173
01-04 20:55:23.546  3953  4069 D HUDInteractionImpl: handleMessage 4
01-04 20:55:23.546  3953  3953 D CarSignalManager: handleOnChangeEvent ECarXCarPropertyValue{mPropertyId=0x7174 propertyName AsyLineLePahPrmC, mValue=3e8}
01-04 20:55:23.546  3953  4069 D HUDInteractionImpl: updateDataInfo id 7100 value: 151
01-04 20:55:23.546  3953  3953 D HUDInteractionImpl: onChangeEvent 7174
01-04 20:55:23.546  3953  4069 D HUDInteractionImpl: handleMessage 4
01-04 20:55:23.546  3953  4069 D HUDInteractionImpl: updateDataInfo id 7173 value: 1610
01-04 20:55:23.546  3953  3953 D CarSignalManager: handleOnChangeEvent ECarXCarPropertyValue{mPropertyId=0x7175 propertyName AsyLineLePahPrmD, mValue=3e7}
01-04 20:55:23.546  3953  4069 D HUDInteractionImpl: handleMessage 4
01-04 20:55:23.546  3953  3953 D HUDInteractionImpl: onChangeEvent 7175
01-04 20:55:23.546  3953  4069 D HUDInteractionImpl: updateDataInfo id 7174 value: 1000
01-04 20:55:23.546  3953  3953 D CarSignalManager: handleOnChangeEvent ECarXCarPropertyValue{mPropertyId=0x7176 propertyName AsyLineLePah2PrmA, mValue=c49}
01-04 20:55:23.546  3953  4069 D HUDInteractionImpl: handleMessage 4
01-04 20:55:23.546  3953  3953 D HUDInteractionImpl: onChangeEvent 7176
01-04 20:55:23.546  3953  4069 D HUDInteractionImpl: updateDataInfo id 7175 value: 999
01-04 20:55:23.546  3953  4069 D HUDInteractionImpl: handleMessage 4
01-04 20:55:23.546  3953  4069 D HUDInteractionImpl: updateDataInfo id 7176 value: 3145
01-04 20:55:23.546  3953  3953 D CarSignalManager: handleOnChangeEvent ECarXCarPropertyValue{mPropertyId=0x7177 propertyName AsyLineLePah2PrmB, mValue=63a}
01-04 20:55:23.546  3953  3953 D HUDInteractionImpl: onChangeEvent 7177
01-04 20:55:23.546  3953  3953 D CarSignalManager: handleOnChangeEvent ECarXCarPropertyValue{mPropertyId=0x7178 propertyName AsyLineLePah2PrmC, mValue=3ea}
01-04 20:55:23.546  3953  3953 D HUDInteractionImpl: onChangeEvent 7178
01-04 20:55:23.546  3953  3953 D CarSignalManager: handleOnChangeEvent ECarXCarPropertyValue{mPropertyId=0x7179 propertyName AsyLineLePah2PrmD, mValue=3e7}
01-04 20:55:23.546  3953  3953 D HUDInteractionImpl: onChangeEvent 7179
01-04 20:55:23.546  3953  3953 D CarSignalManager: handleOnChangeEvent ECarXCarPropertyValue{mPropertyId=0x7183 propertyName AsyLineRiPahPrmB, mValue=64a}
01-04 20:55:23.546  3953  3953 D HUDInteractionImpl: onChangeEvent 7183
01-04 20:55:23.546  3953  3953 D CarSignalManager: handleOnChangeEvent ECarXCarPropertyValue{mPropertyId=0x7186 propertyName AsyLineRiPah2PrmA, mValue=b0f}
01-04 20:55:23.546  3953  3953 D HUDInteractionImpl: onChangeEvent 7186
01-04 20:55:23.546  3953  3953 D CarSignalManager: handleOnChangeEvent ECarXCarPropertyValue{mPropertyId=0x7187 propertyName AsyLineRiPah2PrmB, mValue=63a}
01-04 20:55:23.546  3953  3953 D HUDInteractionImpl: onChangeEvent 7187
01-04 20:55:23.547  3953  3953 D CarSignalManager: handleOnChangeEvent ECarXCarPropertyValue{mPropertyId=0x7188 propertyName AsyLineRiPah2PrmC, mValue=3ea}
01-04 20:55:23.547  3953  3953 D HUDInteractionImpl: onChangeEvent 7188
01-04 20:55:23.547  3953  3953 D CarSignalManager: handleOnChangeEvent ECarXCarPropertyValue{mPropertyId=0x71c5 propertyName ZZZAsdmSignalEnd, mValue=a132}
01-04 20:55:23.547  3953  3953 D HUDInteractionImpl: onChangeEvent 71c5
01-04 20:55:23.547  3953  4069 D HUDInteractionImpl: handleMessage 4
01-04 20:55:23.547  3953  4069 D HUDInteractionImpl: updateDataInfo id 7177 value: 1594
01-04 20:55:23.547  3953  4069 D HUDInteractionImpl: handleMessage 4
01-04 20:55:23.547  3953  4069 D HUDInteractionImpl: updateDataInfo id 7178 value: 1002
01-04 20:55:23.547  3953  4069 D HUDInteractionImpl: handleMessage 4
01-04 20:55:23.547  3953  4069 D HUDInteractionImpl: updateDataInfo id 7179 value: 999
01-04 20:55:23.547  3953  4069 D HUDInteractionImpl: handleMessage 4
01-04 20:55:23.547  3953  4069 D HUDInteractionImpl: updateDataInfo id 7183 value: 1610
01-04 20:55:23.547  3953  4069 D HUDInteractionImpl: handleMessage 4
01-04 20:55:23.547  3953  4069 D HUDInteractionImpl: updateDataInfo id 7186 value: 2831
01-04 20:55:23.547  3953  4069 D HUDInteractionImpl: handleMessage 4
01-04 20:55:23.547  3953  4069 D HUDInteractionImpl: updateDataInfo id 7187 value: 1594
01-04 20:55:23.547  3953  4069 D HUDInteractionImpl: handleMessage 4
01-04 20:55:23.547  3953  4069 D HUDInteractionImpl: updateDataInfo id 7188 value: 1002
01-04 20:55:23.547  3953  4069 D HUDInteractionImpl: handleMessage 4
01-04 20:55:23.547  3953  4069 D HUDInteractionImpl: updateDataInfo id 71c5 value: 41266
01-04 20:55:23.547  3953  4069 D HUDInteractionImpl: handleMessage 2
01-04 20:55:23.547  3953  4069 D HUDInteractionImpl: notifyAdasInfo ADASDrivingAidSyncInfo 功能状态: 0 AEB已经制动 0 前方对象方向 0 前方对象类型 0 前方物件横向距离 1.7763568394002505E-15 前方物件纵向距离 0.0 FCW警告 0
01-04 20:55:23.547  3953  4069 D HUDInteractionImpl: notifyAdasInfo ADASLaneSyncInfo 左一上段：1.4499999999999993 -0.006000000000000005 2.0000000000000573E-4 -1.0000000000001327E-6 左一下段 1.4800000000000004 0.010000000000000009 0.0 -1.0000000000001327E-6 右一上段 -1.6899999999999977 -0.006000000000000005 2.0000000000000573E-4 -1.0000000000001327E-6 右一下段 -2.1899999999999977 0.010000000000000009 0.0 -1.0000000000001327E-6 左一左起止点 0.0 14.0 左一右起止点 14.0 120.0 右一左起止点 0.0 89.0 右一右起止点 89.0 121.0 压线 0
01-04 20:55:23.548  3953  5190 I ARHUDPresenter.java: [ (ARHUDPresenter.java:154)#Subscribe ] inputADASLDInputADASLD{l1_a=1.4499999999999993, l1_b=-0.006000000000000005, l1_c=2.0000000000000573E-4, l1_d=-1.0000000000001327E-6, l2_a=1.4800000000000004, l2_b=0.010000000000000009, l2_c=0.0, l2_d=-1.0000000000001327E-6, r1_a=-1.6899999999999977, r1_b=-0.006000000000000005, r1_c=2.0000000000000573E-4, r1_d=-1.0000000000001327E-6, r2_a=-2.1899999999999977, r2_b=0.010000000000000009, r2_c=0.0, r2_d=-1.0000000000001327E-6, warning_status=0, detect_start_l1=0.0, detect_end_l1=14.0, detect_start_l2=14.0, detect_end_l2=120.0, detect_start_r2=89.0, detect_end_r2=121.0, detect_start_r1=0.0, detect_end_r1=89.0}
01-04 20:55:23.548  3953  5190 D V2021010403 EZD Input Status: InputData_HUD = true
01-04 20:55:23.548  3953  5190 D V2021010403 EZD Input Status: HUD_button_absolute_pos = 15
01-04 20:55:23.548  3953  5190 D V2021010403 EZD Input Status: InputData_LD=true , warning_status=0
01-04 20:55:23.548  3953  5190 D V2021010403 EZD Input Status: l1:(a,b,c,d)=(-1.450000,0.006000,-0.000200,0.000001),(st,end)=(0,0); l2:(a,b,c,d)=(-1.480000,-0.010000,-0.000000,0.000001),(st,end)=(14,14);
01-04 20:55:23.548  3953  5190 D V2021010403 EZD Input Status: r1:(a,b,c,d)=(1.690000,0.006000,-0.000200,0.000001),(st,end)=(0,0); r2:(a,b,c,d)=(2.190000,-0.010000,-0.000000,0.000001),(st,end)=(89,89);
01-04 20:55:23.548  3953  5190 I JniUtils.java: [ (JniUtils.java:66)#InputADASLD ] 道路信息输出成功
01-04 20:55:23.548  3953  5190 D V2021010403 EZD Output Status: Output_ld=true , laneID=1, (start_x,start_y)=(171,14), (end_x,end_y)=(6,231), (A,B,C,D)=(0.000000,-0.000201,-0.725654,182.073561), status=1
01-04 20:55:23.548  3953  5190 I JniUtils.java: [ (JniUtils.java:68)#InputADASLD ] ADASLaneInfoBean{LaneID=1, x1=171, y1=14, x2=6, y2=231, A=2.498457604627507E-7, B=-2.0119991558390925E-4, C=-0.7256544149581656, D=182.07356113357892, status=1}
01-04 20:55:23.548  3953  4999 I ARHUDPresenter.java: [ (ARHUDPresenter.java:127)#Subscribe ] adasLaneInfoBeanInputADASObj{acc_status=0.0, pos_x=1.7763568394002505E-15, pos_z=0.0, direction=0.0, type=9.0, frontType=0.0, warning_status=0.0, aeb_status=0.0}
01-04 20:55:23.548  3953  4999 I ARHUDPresenter.java: [ (ARHUDPresenter.java:128)#Subscribe ] HUDHeight15
01-04 20:55:23.548  3953  3953 I ARHUDPresenter.java: [ (ARHUDPresenter.java:166)#Accept ] ADASLaneInfoBeanADASLaneInfoBean{LaneID=1, x1=171, y1=14, x2=6, y2=231, A=2.498457604627507E-7, B=-2.0119991558390925E-4, C=-0.7256544149581656, D=182.07356113357892, status=1}
01-04 20:55:23.548  3953  4999 E JniUtils.java: [ (JniUtils.java:33)#InputDataAdasObj ] hudHeight高度15.0
01-04 20:55:23.548  3953  4999 D V2021010403 EZD Input Status: InputData_Vehicle=true , speed=6.748660, steering_wheel_angle=-0.013672, steering_wheel_angularVel=-0.023438
01-04 20:55:23.548  3953  4999 D V2021010403 EZD Input Status: InputData_HUD = true
01-04 20:55:23.548  3953  3953 E ADASLD  : [ (ARHUDPresenter.java:168)#Accept ] 压线了
01-04 20:55:23.548  3953  4999 D V2021010403 EZD Input Status: HUD_button_absolute_pos = 15
01-04 20:55:23.548  3953  4999 D V2021010403 EZD Input Status: InputData_Obj is true. pos_x=0.000000, pos_y=0.000000, frontType=0, direction=0, acc_status=0, type=9, warning_status=0, aeb_status=0
01-04 20:55:23.548  3953  4999 D V2021010403 EZD Input Status: InputData_Obj: acc_gap_set_status=0
01-04 20:55:23.548  3953  4999 D V2021010403 EZD Input Status: InputData_LD=true , warning_status=0
01-04 20:55:23.548  3953  4999 D V2021010403 EZD Input Status: l1:(a,b,c,d)=(-1.450000,0.006000,-0.000200,0.000001),(st,end)=(0,0); l2:(a,b,c,d)=(-1.480000,-0.010000,-0.000000,0.000001),(st,end)=(14,14);
01-04 20:55:23.548  3953  4999 D V2021010403 EZD Input Status: r1:(a,b,c,d)=(1.690000,0.006000,-0.000200,0.000001),(st,end)=(0,0); r2:(a,b,c,d)=(2.190000,-0.010000,-0.000000,0.000001),(st,end)=(89,89);
01-04 20:55:23.548  3953  4999 I JniUtils.java: [ (JniUtils.java:46)#InputDataAdasObj ] 周边环境对象等输出成功
01-04 20:55:23.548  3953  4999 D V2021010403 EZD Output Status: Output_obj=false , aeb_status = 0 && collision_status == 0 && obj_status == 0 && accGapSet_status == 0 
01-04 20:55:23.549  3953  4999 I JniUtils.java: [ (JniUtils.java:48)#InputDataAdasObj ] ADASWarningInfoBean{objID=0, obj_x=0, obj_y=0, obj_status=0, obj_width=0, collisionID=0, conllision_x=0, conllision_y=0, collision_status=0, aebID=0, aeb_x=0, aeb_y=0, aeb_status=0, aebFrame_x=0, aebFrame_y=0, aebFrame_status=0, accGapSet_ID=0, accGapSet_x=0, accGapSet_y=0, accGapSet_width=0, accGapSet_flip=0, accGapSet_status=0}
01-04 20:55:23.549  3953  4999 I ARHUDPresenter.java: [ (ARHUDPresenter.java:132)#Subscribe ] adasWarningInfoBeanADASWarningInfoBean{objID=0, obj_x=0, obj_y=0, obj_status=0, obj_width=0, collisionID=0, conllision_x=0, conllision_y=0, collision_status=0, aebID=0, aeb_x=0, aeb_y=0, aeb_status=0, aebFrame_x=0, aebFrame_y=0, aebFrame_status=0, accGapSet_ID=0, accGapSet_x=0, accGapSet_y=0, accGapSet_width=0, accGapSet_flip=0, accGapSet_status=0}
01-04 20:55:23.551   815  1103 D libipcp : socket_says_data_received: Sid: 0x2c, OpID: 0x1d, Length: 0x129, SendHandleId: 0x2c1d055d, Version: 0x3, OpType: 0x5, NOTIFICATION, payloadType: 0x1
01-04 20:55:23.551   815  1103 I libipcp : checkOperaiondIdAvailable: checkOperaiondIdAvailable called service_id: 0x2c, OpId: 0x1d
01-04 20:55:23.551   815  1103 I libipcp : checkOperaiondIdAvailable: checkOperaiondIdAvailable opid 0x1d is vaild
01-04 20:55:23.551   815  1089 D libipcp : build_ack_packet: build ACK for Service_id: 0x2c, Operation_Id: 0x1d, senderHandleId: 0x2c1d055d
01-04 20:55:23.552   815  1088 I libipcp : ipcp_transport_send: fire --> SenderHandleID: 0x2c1d055d, OperType: ACK, peer.sk_type is 2, peer_ip : 198.18.34.1, peer_port: 50500, length :16
01-04 20:55:23.552   815  1091 D vehiclehal::EcarxIpcpComm: funtion: received_cb , ip [198.18.34.1] , port = 50500, service = VDDM, operation_id = 29
01-04 20:55:23.553   815  1099 D vehiclehal::EcarxIpcpComm: funtion: rxThread , service = VDDM, operation_id = 29
01-04 20:55:23.553   815  1099 D IPCP2VV : convertIpcp2VehicleValues, [VDDMNotificationOpID] ap size 289, vp size 289
01-04 20:55:23.555  2425  3612 D ecarx_daemon_VehicleHal: onPropertyEvent: Vehicle Property: 557873871, value: 1719
