01-04 20:55:23.033   783 13727 E [EAKS][ERROR] aks-engine.cc:373: no keyword set yet.
01-04 20:55:23.033   783 13728 F [ESIS][FATAL] ref-detecter.cc:347: GET_REF seq not match:4872 -1 0
01-04 20:55:23.034   783 13728 E [EAKS][ERROR] aks-engine.cc:373: no keyword set yet.
01-04 20:55:23.034 11700 11700 D CarSignalManager: handleOnChangeEvent ECarXCarPropertyValue{mPropertyId=0x70f5 propertyName AsyLeFirstEnd, mValue=2f}
01-04 20:55:23.034 11700 11700 D HUDInteractionImpl: onChangeEvent 70f5
01-04 20:55:23.034 11700 11700 D CarSignalManager: handleOnChangeEvent ECarXCarPropertyValue{mPropertyId=0x70f7 propertyName AsyLeSecEnd, mValue=74}
01-04 20:55:23.034 11700 11700 D HUDInteractionImpl: onChangeEvent 70f7
01-04 20:55:23.034 11700 11700 D CarSignalManager: handleOnChangeEvent ECarXCarPropertyValue{mPropertyId=0x70f8 propertyName AsyLeSecStrt, mValue=2f}
01-04 20:55:23.034 11700 11700 D HUDInteractionImpl: onChangeEvent 70f8
01-04 20:55:23.034 11700 11700 D CarSignalManager: handleOnChangeEvent ECarXCarPropertyValue{mPropertyId=0x7100 propertyName AsyRiSecEnd, mValue=a8}
01-04 20:55:23.034 11700 11700 D HUDInteractionImpl: onChangeEvent 7100
01-04 20:55:23.034 11700 11735 D HUDInteractionImpl: handleMessage 4
01-04 20:55:23.034 11700 11700 D CarSignalManager: handleOnChangeEvent ECarXCarPropertyValue{mPropertyId=0x7172 propertyName AsyLineLePahPrmA, mValue=c48}
01-04 20:55:23.034 11700 11700 D HUDInteractionImpl: onChangeEvent 7172
01-04 20:55:23.034 11700 11735 D HUDInteractionImpl: updateDataInfo id 70f5 value: 47
01-04 20:55:23.034 11700 11700 D CarSignalManager: handleOnChangeEvent ECarXCarPropertyValue{mPropertyId=0x7173 propertyName AsyLineLePahPrmB, mValue=646}
01-04 20:55:23.034 11700 11735 D HUDInteractionImpl: handleMessage 4
01-04 20:55:23.034 11700 11700 D HUDInteractionImpl: onChangeEvent 7173
01-04 20:55:23.034 11700 11735 D HUDInteractionImpl: updateDataInfo id 70f7 value: 116
01-04 20:55:23.034 11700 11700 D CarSignalManager: handleOnChangeEvent ECarXCarPropertyValue{mPropertyId=0x7176 propertyName AsyLineLePah2PrmA, mValue=c45}
01-04 20:55:23.034 11700 11735 D HUDInteractionImpl: handleMessage 4
01-04 20:55:23.034 11700 11700 D HUDInteractionImpl: onChangeEvent 7176
01-04 20:55:23.034 11700 11735 D HUDInteractionImpl: updateDataInfo id 70f8 value: 47
01-04 20:55:23.034 11700 11735 D HUDInteractionImpl: handleMessage 4
01-04 20:55:23.034 11700 11735 D HUDInteractionImpl: updateDataInfo id 7100 value: 168
01-04 20:55:23.034 11700 11735 D HUDInteractionImpl: handleMessage 4
01-04 20:55:23.034 11700 11735 D HUDInteractionImpl: updateDataInfo id 7172 value: 3144
01-04 20:55:23.034 11700 11735 D HUDInteractionImpl: handleMessage 4
01-04 20:55:23.034 11700 11735 D HUDInteractionImpl: updateDataInfo id 7173 value: 1606
01-04 20:55:23.034 11700 11735 D HUDInteractionImpl: handleMessage 4
01-04 20:55:23.034 11700 11700 D CarSignalManager: handleOnChangeEvent ECarXCarPropertyValue{mPropertyId=0x7177 propertyName AsyLineLePah2PrmB, mValue=660}
01-04 20:55:23.034 11700 11735 D HUDInteractionImpl: updateDataInfo id 7176 value: 3141
01-04 20:55:23.034 11700 11700 D HUDInteractionImpl: onChangeEvent 7177
01-04 20:55:23.035 11700 11735 D HUDInteractionImpl: handleMessage 4
01-04 20:55:23.035 11700 11735 D HUDInteractionImpl: updateDataInfo id 7177 value: 1632
01-04 20:55:23.034 11700 11700 D CarSignalManager: handleOnChangeEvent ECarXCarPropertyValue{mPropertyId=0x7178 propertyName AsyLineLePah2PrmC, mValue=3e6}
01-04 20:55:23.035 11700 11700 D HUDInteractionImpl: onChangeEvent 7178
01-04 20:55:23.035 11700 11700 D CarSignalManager: handleOnChangeEvent ECarXCarPropertyValue{mPropertyId=0x7179 propertyName AsyLineLePah2PrmD, mValue=3e8}
01-04 20:55:23.035 11700 11700 D HUDInteractionImpl: onChangeEvent 7179
01-04 20:55:23.035 11700 11700 D CarSignalManager: handleOnChangeEvent ECarXCarPropertyValue{mPropertyId=0x7183 propertyName AsyLineRiPahPrmB, mValue=646}
01-04 20:55:23.035 11700 11700 D HUDInteractionImpl: onChangeEvent 7183
01-04 20:55:23.035 11700 11700 D CarSignalManager: handleOnChangeEvent ECarXCarPropertyValue{mPropertyId=0x7186 propertyName AsyLineRiPah2PrmA, mValue=a8d}
01-04 20:55:23.035 11700 11700 D HUDInteractionImpl: onChangeEvent 7186
01-04 20:55:23.035 11700 11735 D HUDInteractionImpl: handleMessage 4
01-04 20:55:23.035 11700 11700 D CarSignalManager: handleOnChangeEvent ECarXCarPropertyValue{mPropertyId=0x7187 propertyName AsyLineRiPah2PrmB, mValue=660}
01-04 20:55:23.035 11700 11700 D HUDInteractionImpl: onChangeEvent 7187
01-04 20:55:23.035 11700 11735 D HUDInteractionImpl: updateDataInfo id 7178 value: 998
01-04 20:55:23.035 11700 11735 D HUDInteractionImpl: handleMessage 4
01-04 20:55:23.035 11700 11735 D HUDInteractionImpl: updateDataInfo id 7179 value: 1000
01-04 20:55:23.035 11700 11735 D HUDInteractionImpl: handleMessage 4
01-04 20:55:23.035 11700 11735 D HUDInteractionImpl: updateDataInfo id 7183 value: 1606
01-04 20:55:23.035 11700 11735 D HUDInteractionImpl: handleMessage 4
01-04 20:55:23.035 11700 11735 D HUDInteractionImpl: updateDataInfo id 7186 value: 2701
01-04 20:55:23.035 11700 11735 D HUDInteractionImpl: handleMessage 4
01-04 20:55:23.035 11700 11735 D HUDInteractionImpl: updateDataInfo id 7187 value: 1632
01-04 20:55:23.035 11700 11700 D CarSignalManager: handleOnChangeEvent ECarXCarPropertyValue{mPropertyId=0x7188 propertyName AsyLineRiPah2PrmC, mValue=3e6}
01-04 20:55:23.035 11700 11700 D HUDInteractionImpl: onChangeEvent 7188
01-04 20:55:23.035 11700 11700 D CarSignalManager: handleOnChangeEvent ECarXCarPropertyValue{mPropertyId=0x7189 propertyName AsyLineRiPah2PrmD, mValue=3e8}
01-04 20:55:23.035 11700 11700 D HUDInteractionImpl: onChangeEvent 7189
01-04 20:55:23.035 11700 11700 D CarSignalManager: handleOnChangeEvent ECarXCarPropertyValue{mPropertyId=0x71c5 propertyName ZZZAsdmSignalEnd, mValue=a106}
01-04 20:55:23.035 11700 11700 D HUDInteractionImpl: onChangeEvent 71c5
01-04 20:55:23.035 11700 11735 D HUDInteractionImpl: handleMessage 4
01-04 20:55:23.035 11700 11735 D HUDInteractionImpl: updateDataInfo id 7188 value: 998
01-04 20:55:23.035 11700 11735 D HUDInteractionImpl: handleMessage 4
01-04 20:55:23.035 11700 11735 D HUDInteractionImpl: updateDataInfo id 7189 value: 1000
01-04 20:55:23.035 11700 11735 D HUDInteractionImpl: handleMessage 4
01-04 20:55:23.035 11700 11735 D HUDInteractionImpl: updateDataInfo id 71c5 value: 41222
01-04 20:55:23.035 11700 11735 D HUDInteractionImpl: handleMessage 2
01-04 20:55:23.035 11700 11735 D HUDInteractionImpl: notifyAdasInfo ADASDrivingAidSyncInfo 功能状态: 0 AEB已经制动 0 前方对象方向 0 前方对象类型 0 前方物件横向距离 1.7763568394002505E-15 前方物件纵向距离 0.0 FCW警告 0
01-04 20:55:23.035 11700 11735 D HUDInteractionImpl: notifyAdasInfo ADASLaneSyncInfo 左一上段：1.4100000000000001 0.03200000000000003 -2.0000000000000573E-4 0.0 左一下段 1.4400000000000013 0.006000000000000005 1.0000000000000286E-4 -2.0000000000000486E-6 右一上段 -2.9899999999999984 0.03200000000000003 -2.0000000000000573E-4 0.0 右一下段 -2.1999999999999993 0.006000000000000005 1.0000000000000286E-4 -2.0000000000000486E-6 左一左起止点 0.0 17.0 左一右起止点 17.0 86.0 右一左起止点 0.0 89.0 右一右起止点 89.0 138.0 压线 0
01-04 20:55:23.036   815  1100 I vehiclehal::EcarxIpcpComm: sendPulseMsg start asn version 2050264830
01-04 20:55:23.036 11700 11735 I BasePreferenceFragment: sendUpdateUIMsg()
01-04 20:55:23.036   815  1098 D vehiclehal::EcarxIpcpComm: txThread: service: APVPPULSE, opid: 1
01-04 20:55:23.036   815  1098 D libipcp : fill_header: seq num of service_id: 0xc7, oper_id: 0x1, seq: 18
01-04 20:55:23.037   815  1088 I libipcp : update_wfa_timer: For packet 0xc7010112, WFA retry count: 0, WFA Timeout: 500
01-04 20:55:23.037   815  1088 I libipcp : ipcp_transport_send: fire --> SenderHandleID: 0xc7010112, OperType: SETREQUEST_NORETURN, peer.sk_type is 2, peer_ip : 198.18.34.1, peer_port: 50500, length :24
01-04 20:55:23.037   834   834 E DisplayDevice: map unknown ((deprecated) sRGB sRGB Full range)/(RenderIntent::COLORIMETRIC) to default color mode
01-04 20:55:23.037   834   834 I chatty  : uid=1000(system) /system/bin/surfaceflinger identical 2 lines
01-04 20:55:23.037   834   834 E DisplayDevice: map unknown ((deprecated) sRGB sRGB Full range)/(RenderIntent::COLORIMETRIC) to default color mode
01-04 20:55:23.037  2425  3612 D ecarx_daemon_VehicleHal: onPropertyEvent: Vehicle Property: 557873871, value: 1775
01-04 20:55:23.037  2425  3612 D ecarx_daemon_VehicleHal: propid 557873871, reqSignalPropertiesString VendorSignalProperty::VehSpdLgtA
01-04 20:55:23.038 12399 12417 D eCarXDebugTools: [DebugLogManager] new log file is log_logcat@20210104_12-54-27-534.log
01-04 20:55:23.039  4162  4162 D CarSignalManager: handleOnChangeEvent ECarXCarPropertyValue{mPropertyId=0x7acf propertyName VehSpdLgtA, mValue=6ef}
01-04 20:55:23.039  3953  3953 D CarSignalManager: handleOnChangeEvent ECarXCarPropertyValue{mPropertyId=0x7acf propertyName VehSpdLgtA, mValue=6ef}
01-04 20:55:23.039  3953  3953 D HUDInteractionImpl: onChangeEvent 7acf
01-04 20:55:23.039  3953  3953 D CarSignalManager: handleOnChangeEvent ECarXCarPropertyValue{mPropertyId=0x7af1 propertyName ZZZVddmSignalEnd, mValue=a108}
01-04 20:55:23.039  3953  3953 D HUDInteractionImpl: onChangeEvent 7af1
01-04 20:55:23.039  7234  7234 D CarSignalManager: handleOnChangeEvent ECarXCarPropertyValue{mPropertyId=0x7acf propertyName VehSpdLgtA, mValue=6ef}
01-04 20:55:23.039  3953  4069 D HUDInteractionImpl: handleMessage 4
01-04 20:55:23.039  3953  4069 D HUDInteractionImpl: updateDataInfo id 7acf value: 1775
01-04 20:55:23.039  3953  4069 D HUDInteractionImpl: handleMessage 4
01-04 20:55:23.039  3953  4069 D HUDInteractionImpl: updateDataInfo id 7af1 value: 41224
01-04 20:55:23.039  3953  4069 D HUDInteractionImpl: handleMessage 5
01-04 20:55:23.039  3953  4069 D HUDInteractionImpl: onVehicleSyncInfo 6.940250000000001 -0.005859375 0.0
01-04 20:55:23.040  1794  1794 D CarSignalManager: handleOnChangeEvent ECarXCarPropertyValue{mPropertyId=0x7acf propertyName VehSpdLgtA, mValue=6ef}
01-04 20:55:23.040  3048  3048 D CarSignalManager: handleOnChangeEvent ECarXCarPropertyValue{mPropertyId=0x7acf propertyName VehSpdLgtA, mValue=6ef}
01-04 20:55:23.040  2990  2990 D CarSignalManager: handleOnChangeEvent ECarXCarPropertyValue{mPropertyId=0x7acf propertyName VehSpdLgtA, mValue=6ef}
01-04 20:55:23.041  2549  2549 D CarSignalManager: handleOnChangeEvent ECarXCarPropertyValue{mPropertyId=0x7acf propertyName VehSpdLgtA, mValue=6ef}
01-04 20:55:23.041  2887  2887 D CarSignalManager: handleOnChangeEvent ECarXCarPropertyValue{mPropertyId=0x7acf propertyName VehSpdLgtA, mValue=6ef}
01-04 20:55:23.042  2484  3402 E AutoStartManager: Communications error: java.io.IOException: No such file or directory
01-04 20:55:23.043  2484  3402 E AutoStartManager: Error2 in NativeDaemonConnector: java.io.IOException: No such file or directory
01-04 20:55:23.044   815  1103 D libipcp : socket_says_data_received: Sid: 0x1f, OpID: 0x51, Length: 0x10a, SendHandleId: 0x1f5105fb, Version: 0x3, OpType: 0x5, NOTIFICATION, payloadType: 0x1
01-04 20:55:23.044   815  1103 I libipcp : checkOperaiondIdAvailable: checkOperaiondIdAvailable called service_id: 0x1f, OpId: 0x51
01-04 20:55:23.044   815  1103 I libipcp : checkOperaiondIdAvailable: checkOperaiondIdAvailable opid 0x51 is vaild
01-04 20:55:23.044 11700 11700 D CarSignalManager: handleOnChangeEvent ECarXCarPropertyValue{mPropertyId=0x7acf propertyName VehSpdLgtA, mValue=6ef}
01-04 20:55:23.044 11700 11700 D HUDInteractionImpl: onChangeEvent 7acf
01-04 20:55:23.044   815  1103 D libipcp : socket_says_data_received: Sid: 0x25, OpID: 0x20, Length: 0x89, SendHandleId: 0x252005cc, Version: 0x3, OpType: 0x5, NOTIFICATION, payloadType: 0x1
01-04 20:55:23.044   815  1103 I libipcp : checkOperaiondIdAvailable: checkOperaiondIdAvailable called service_id: 0x25, OpId: 0x20
01-04 20:55:23.044   815  1103 I libipcp : checkOperaiondIdAvailable: checkOperaiondIdAvailable opid 0x20 is vaild
01-04 20:55:23.044 11700 11700 D CarSignalManager: handleOnChangeEvent ECarXCarPropertyValue{mPropertyId=0x7af1 propertyName ZZZVddmSignalEnd, mValue=a108}
01-04 20:55:23.044 11700 11700 D HUDInteractionImpl: onChangeEvent 7af1
01-04 20:55:23.044   815  1103 D libipcp : socket_says_data_received: Sid: 0x2c, OpID: 0x1d, Length: 0x129, SendHandleId: 0x2c1d054c, Version: 0x3, OpType: 0x5, NOTIFICATION, payloadType: 0x1
01-04 20:55:23.044 11700 11735 D HUDInteractionImpl: handleMessage 4
01-04 20:55:23.044   815  1103 I libipcp : checkOperaiondIdAvailable: checkOperaiondIdAvailable called service_id: 0x2c, OpId: 0x1d
01-04 20:55:23.044 11700 11735 D HUDInteractionImpl: updateDataInfo id 7acf value: 1775
01-04 20:55:23.044   815  1103 I libipcp : checkOperaiondIdAvailable: checkOperaiondIdAvailable opid 0x1d is vaild
01-04 20:55:23.044 11700 11735 D HUDInteractionImpl: handleMessage 4
01-04 20:55:23.044 11700 11735 D HUDInteractionImpl: updateDataInfo id 7af1 value: 41224
01-04 20:55:23.044 11700 11735 D HUDInteractionImpl: handleMessage 5
01-04 20:55:23.044   815  1103 D libipcp : socket_says_data_received: Sid: 0xc7, OpID: 0x1, Length: 0x8, SendHandleId: 0xc7010112, Version: 0x3, OpType: 0x70, ACK, payloadType: 0x1
01-04 20:55:23.044   815  1103 I libipcp : checkOperaiondIdAvailable: checkOperaiondIdAvailable called service_id: 0xc7, OpId: 0x1
01-04 20:55:23.044 11700 11735 D HUDInteractionImpl: onVehicleSyncInfo 6.940250000000001 -0.005859375 0.0
01-04 20:55:23.044   815  1103 I libipcp : checkOperaiondIdAvailable: checkOperaiondIdAvailable opid 0x1 is vaild
01-04 20:55:23.044 11700 11735 I BasePreferenceFragment: sendUpdateUIMsg()
01-04 20:55:23.044   815  1103 D libipcp : socket_says_data_received: Sid: 0xc7, OpID: 0xc8, Length: 0x18, SendHandleId: 0xc7c80510, Version: 0x3, OpType: 0x5, NOTIFICATION, payloadType: 0x1
01-04 20:55:23.044   815  1103 I libipcp : checkOperaiondIdAvailable: checkOperaiondIdAvailable called service_id: 0xc7, OpId: 0xc8
01-04 20:55:23.044   815  1103 I libipcp : checkOperaiondIdAvailable: checkOperaiondIdAvailable opid 0xc8 is vaild
01-04 20:55:23.044   815  1089 D libipcp : build_ack_packet: build ACK for Service_id: 0x1f, Operation_Id: 0x51, senderHandleId: 0x1f5105fb
01-04 20:55:23.045   815  1089 D libipcp : build_ack_packet: build ACK for Service_id: 0x25, Operation_Id: 0x20, senderHandleId: 0x252005cc
01-04 20:55:23.045   815  1089 D libipcp : build_ack_packet: build ACK for Service_id: 0x2c, Operation_Id: 0x1d, senderHandleId: 0x2c1d054c
01-04 20:55:23.045   815  1091 D vehiclehal::EcarxIpcpComm: funtion: received_cb , ip [198.18.34.1] , port = 50500, service = ASDM, operation_id = 81
01-04 20:55:23.045   815  1089 D libipcp : build_ack_packet: build ACK for Service_id: 0xc7, Operation_Id: 0xc8, senderHandleId: 0xc7c80510
01-04 20:55:23.045   815  1092 D vehiclehal::EcarxIpcpComm: funtion: received_cb , ip [198.18.34.1] , port = 50500, service = DIM, operation_id = 32
01-04 20:55:23.045   815  1091 D vehiclehal::EcarxIpcpComm: funtion: received_cb , ip [198.18.34.1] , port = 50500, service = VDDM, operation_id = 29
01-04 20:55:23.045  4077  4077 D CarSignalManager: handleOnChangeEvent ECarXCarPropertyValue{mPropertyId=0x7acf propertyName VehSpdLgtA, mValue=6ef}
01-04 20:55:23.045   815  1088 I libipcp : ipcp_transport_send: fire --> SenderHandleID: 0xc7c80510, OperType: ACK, peer.sk_type is 2, peer_ip : 198.18.34.1, peer_port: 50500, length :16
01-04 20:55:23.045   815  1092 D vehiclehal::EcarxIpcpComm: funtion: received_cb , ip [198.18.34.1] , port = 50500, service = APVPPULSE, operation_id = 200
01-04 20:55:23.045   815  1088 I libipcp : ipcp_transport_send: fire --> SenderHandleID: 0x2c1d054c, OperType: ACK, peer.sk_type is 2, peer_ip : 198.18.34.1, peer_port: 50500, length :16
01-04 20:55:23.045  7234  7234 D CarSignalManager: handleOnChangeEvent ECarXCarPropertyValue{mPropertyId=0x7acf propertyName VehSpdLgtA, mValue=6ef}
01-04 20:55:23.045   815  1088 I libipcp : ipcp_transport_send: fire --> SenderHandleID: 0x252005cc, OperType: ACK, peer.sk_type is 2, peer_ip : 198.18.34.1, peer_port: 50500, length :16
01-04 20:55:23.045   815  1088 I libipcp : ipcp_transport_send: fire --> SenderHandleID: 0x1f5105fb, OperType: ACK, peer.sk_type is 2, peer_ip : 198.18.34.1, peer_port: 50500, length :16
01-04 20:55:23.046  2023  2023 D CarSignalManager: handleOnChangeEvent ECarXCarPropertyValue{mPropertyId=0x7acf propertyName VehSpdLgtA, mValue=6ef}
01-04 20:55:23.046   815  1099 D vehiclehal::EcarxIpcpComm: funtion: rxThread , service = ASDM, operation_id = 81
01-04 20:55:23.046   815  1099 D IPCP2VV : convertIpcp2VehicleValues, [ASDMNotificationOpID] ap size 258, vp size 258
01-04 20:55:23.048   815  1099 D vehiclehal::EcarxIpcpComm: funtion: rxThread , service = DIM, operation_id = 32
01-04 20:55:23.048   815  1099 D IPCP2VV : convertIpcp2VehicleValues, [DIMNotificationOpID] ap size 129, vp size 129
01-04 20:55:23.049  4162  4162 D ECarXCarFuncManagerBase: onChangeEvent: 33703 [B@4c7db65
01-04 20:55:23.049  4162  4162 I chatty  : uid=10027(com.ecarx.mycar) identical 14 lines
01-04 20:55:23.049  4162  4162 D ECarXCarFuncManagerBase: onChangeEvent: 33703 [B@4c7db65
01-04 20:55:23.050  4162  4162 D CarPAEventCallback: onPAChanged propertyId: 33703
01-04 20:55:23.050   815  1099 D vehiclehal::EcarxIpcpComm: funtion: rxThread , service = VDDM, operation_id = 29
01-04 20:55:23.050   815  1099 D IPCP2VV : convertIpcp2VehicleValues, [VDDMNotificationOpID] ap size 289, vp size 289
01-04 20:55:23.050  4162  4162 D CarPAEventCallback: PA_TS_OdometerTripMeter2 = PA_TS_OdometerTripMeter2{availability = Active, dataValue = 151689, statusValue = 0, formatValue = 0}
01-04 20:55:23.050  4162  4162 D ECarXCarFuncManagerBase: handleOnChangeEvent patsodometertripmeter2
01-04 20:55:23.051   815  1099 D vehiclehal::EcarxIpcpComm: funtion: rxThread , service = APVPPULSE, operation_id = 200
01-04 20:55:23.052   815  1099 D PAIPCP2VV: convertPAIpcp2VehicleValues, [ApVpPulseOpID] ap size 16, vp size 16
01-04 20:55:23.060  2484  3406 E ShellManager: Communications error: java.io.IOException: No such file or directory
01-04 20:55:23.061  2484  3406 E ShellManager: Error2 in NativeDaemonConnector: java.io.IOException: No such file or directory
01-04 20:55:23.062   783 13727 F [ESIS][FATAL] ref-detecter.cc:347: GET_REF seq not match:4876 -1 0
01-04 20:55:23.063   783 13727 E [EAKS][ERROR] aks-engine.cc:373: no keyword set yet.
01-04 20:55:23.063   783 13728 F [ESIS][FATAL] ref-detecter.cc:347: GET_REF seq not match:4876 -1 0
01-04 20:55:23.063   783 13728 E [EAKS][ERROR] aks-engine.cc:373: no keyword set yet.
01-04 20:55:23.069  2425  3612 D ecarx_daemon_VehicleHal: onPropertyEvent: Vehicle Property: 557873871, value: 1779
01-04 20:55:23.069  2425  3612 D ecarx_daemon_VehicleHal: propid 557873871, reqSignalPropertiesString VendorSignalProperty::VehSpdLgtA
01-04 20:55:23.071  3953  3953 D CarSignalManager: handleOnChangeEvent ECarXCarPropertyValue{mPropertyId=0x7acf propertyName VehSpdLgtA, mValue=6f3}
01-04 20:55:23.071  3953  3953 D HUDInteractionImpl: onChangeEvent 7acf
01-04 20:55:23.071  3953  3953 D CarSignalManager: handleOnChangeEvent ECarXCarPropertyValue{mPropertyId=0x7af1 propertyName ZZZVddmSignalEnd, mValue=a10a}
01-04 20:55:23.071  3953  3953 D HUDInteractionImpl: onChangeEvent 7af1
01-04 20:55:23.071  2549  2549 D CarSignalManager: handleOnChangeEvent ECarXCarPropertyValue{mPropertyId=0x7acf propertyName VehSpdLgtA, mValue=6f3}
01-04 20:55:23.071  7234  7234 D CarSignalManager: handleOnChangeEvent ECarXCarPropertyValue{mPropertyId=0x7acf propertyName VehSpdLgtA, mValue=6f3}
01-04 20:55:23.071   815  1103 D libipcp : socket_says_data_received: Sid: 0x1f, OpID: 0x51, Length: 0x10a, SendHandleId: 0x1f5105fc, Version: 0x3, OpType: 0x5, NOTIFICATION, payloadType: 0x1
01-04 20:55:23.071  7234  7234 D CarSignalManager: handleOnChangeEvent ECarXCarPropertyValue{mPropertyId=0x7acf propertyName VehSpdLgtA, mValue=6f3}
01-04 20:55:23.071  2887  2887 D CarSignalManager: handleOnChangeEvent ECarXCarPropertyValue{mPropertyId=0x7acf propertyName VehSpdLgtA, mValue=6f3}
01-04 20:55:23.071   815  1103 I libipcp : checkOperaiondIdAvailable: checkOperaiondIdAvailable called service_id: 0x1f, OpId: 0x51
01-04 20:55:23.071   815  1103 I libipcp : checkOperaiondIdAvailable: checkOperaiondIdAvailable opid 0x51 is vaild
01-04 20:55:23.071  3953  4069 D HUDInteractionImpl: handleMessage 4
01-04 20:55:23.071  3953  4069 D HUDInteractionImpl: updateDataInfo id 7acf value: 1779
01-04 20:55:23.071  1794  1794 D CarSignalManager: handleOnChangeEvent ECarXCarPropertyValue{mPropertyId=0x7acf propertyName VehSpdLgtA, mValue=6f3}
01-04 20:55:23.071  3953  4069 D HUDInteractionImpl: handleMessage 4
01-04 20:55:23.071  2990  2990 D CarSignalManager: handleOnChangeEvent ECarXCarPropertyValue{mPropertyId=0x7acf propertyName VehSpdLgtA, mValue=6f3}
01-04 20:55:23.071  3953  4069 D HUDInteractionImpl: updateDataInfo id 7af1 value: 41226
01-04 20:55:23.071   815  1089 D libipcp : build_ack_packet: build ACK for Service_id: 0x1f, Operation_Id: 0x51, senderHandleId: 0x1f5105fc
01-04 20:55:23.071  3953  4069 D HUDInteractionImpl: handleMessage 5
01-04 20:55:23.071  3953  4069 D HUDInteractionImpl: onVehicleSyncInfo 6.95589 -0.005859375 0.0
01-04 20:55:23.071  3048  3048 D CarSignalManager: handleOnChangeEvent ECarXCarPropertyValue{mPropertyId=0x7acf propertyName VehSpdLgtA, mValue=6f3}
01-04 20:55:23.071 11700 11700 D CarSignalManager: handleOnChangeEvent ECarXCarPropertyValue{mPropertyId=0x7acf propertyName VehSpdLgtA, mValue=6f3}
01-04 20:55:23.071 11700 11700 D HUDInteractionImpl: onChangeEvent 7acf
01-04 20:55:23.071   815  1088 I libipcp : ipcp_transport_send: fire --> SenderHandleID: 0x1f5105fc, OperType: ACK, peer.sk_type is 2, peer_ip : 198.18.34.1, peer_port: 50500, length :16
01-04 20:55:23.071 11700 11700 D CarSignalManager: handleOnChangeEvent ECarXCarPropertyValue{mPropertyId=0x7af1 propertyName ZZZVddmSignalEnd, mValue=a10a}
01-04 20:55:23.071 11700 11700 D HUDInteractionImpl: onChangeEvent 7af1
01-04 20:55:23.071   834   834 E DisplayDevice: map unknown ((deprecated) sRGB sRGB Full range)/(RenderIntent::COLORIMETRIC) to default color mode
01-04 20:55:23.071   834   834 I chatty  : uid=1000(system) /system/bin/surfaceflinger identical 2 lines
01-04 20:55:23.071   834   834 E DisplayDevice: map unknown ((deprecated) sRGB sRGB Full range)/(RenderIntent::COLORIMETRIC) to default color mode
01-04 20:55:23.071  4077  4077 D CarSignalManager: handleOnChangeEvent ECarXCarPropertyValue{mPropertyId=0x7acf propertyName VehSpdLgtA, mValue=6f3}
01-04 20:55:23.072 11700 11735 D HUDInteractionImpl: handleMessage 4
01-04 20:55:23.072 11700 11735 D HUDInteractionImpl: updateDataInfo id 7acf value: 1779
01-04 20:55:23.072 11700 11735 D HUDInteractionImpl: handleMessage 4
01-04 20:55:23.072 11700 11735 D HUDInteractionImpl: updateDataInfo id 7af1 value: 41226
01-04 20:55:23.072  2023  2023 D CarSignalManager: handleOnChangeEvent ECarXCarPropertyValue{mPropertyId=0x7acf propertyName VehSpdLgtA, mValue=6f3}
01-04 20:55:23.072 11700 11735 D HUDInteractionImpl: handleMessage 5
01-04 20:55:23.072 11700 11735 D HUDInteractionImpl: onVehicleSyncInfo 6.95589 -0.005859375 0.0
01-04 20:55:23.072 11700 11735 I BasePreferenceFragment: sendUpdateUIMsg()
01-04 20:55:23.072  4162  4162 D CarSignalManager: handleOnChangeEvent ECarXCarPropertyValue{mPropertyId=0x7acf propertyName VehSpdLgtA, mValue=6f3}
01-04 20:55:23.072   815  1103 D libipcp : socket_says_data_received: Sid: 0x24, OpID: 0xd5, Length: 0x1bc, SendHandleId: 0x24d5054d, Version: 0x3, OpType: 0x5, NOTIFICATION, payloadType: 0x1
01-04 20:55:23.072   815  1103 I libipcp : checkOperaiondIdAvailable: checkOperaiondIdAvailable called service_id: 0x24, OpId: 0xd5
01-04 20:55:23.072   815  1092 D vehiclehal::EcarxIpcpComm: funtion: received_cb , ip [198.18.34.1] , port = 50500, service = ASDM, operation_id = 81
01-04 20:55:23.072   815  1103 I libipcp : checkOperaiondIdAvailable: checkOperaiondIdAvailable opid 0xd5 is vaild
01-04 20:55:23.073   815  1103 D libipcp : socket_says_data_received: Sid: 0x2c, OpID: 0x1d, Length: 0x129, SendHandleId: 0x2c1d054d, Version: 0x3, OpType: 0x5, NOTIFICATION, payloadType: 0x1
01-04 20:55:23.073   815  1103 I libipcp : checkOperaiondIdAvailable: checkOperaiondIdAvailable called service_id: 0x2c, OpId: 0x1d
01-04 20:55:23.073   815  1103 I libipcp : checkOperaiondIdAvailable: checkOperaiondIdAvailable opid 0x1d is vaild
01-04 20:55:23.073   815  1089 D libipcp : build_ack_packet: build ACK for Service_id: 0x24, Operation_Id: 0xd5, senderHandleId: 0x24d5054d
01-04 20:55:23.073   815  1091 D vehiclehal::EcarxIpcpComm: funtion: received_cb , ip [198.18.34.1] , port = 50500, service = CEM, operation_id = 213
01-04 20:55:23.073   815  1089 D libipcp : build_ack_packet: build ACK for Service_id: 0x2c, Operation_Id: 0x1d, senderHandleId: 0x2c1d054d
01-04 20:55:23.073   815  1088 I libipcp : ipcp_transport_send: fire --> SenderHandleID: 0x2c1d054d, OperType: ACK, peer.sk_type is 2, peer_ip : 198.18.34.1, peer_port: 50500, length :16
01-04 20:55:23.073   815  1088 I libipcp : ipcp_transport_send: fire --> SenderHandleID: 0x24d5054d, OperType: ACK, peer.sk_type is 2, peer_ip : 198.18.34.1, peer_port: 50500, length :16
01-04 20:55:23.073   815  1091 D vehiclehal::EcarxIpcpComm: funtion: received_cb , ip [198.18.34.1] , port = 50500, service = VDDM, operation_id = 29
01-04 20:55:23.074   815  1099 D vehiclehal::EcarxIpcpComm: funtion: rxThread , service = ASDM, operation_id = 81
01-04 20:55:23.074   815  1099 D IPCP2VV : convertIpcp2VehicleValues, [ASDMNotificationOpID] ap size 258, vp size 258
01-04 20:55:23.076   815  1099 D vehiclehal::EcarxIpcpComm: funtion: rxThread , service = CEM, operation_id = 213
01-04 20:55:23.076   815  1099 D IPCP2VV : convertIpcp2VehicleValues, [CEMNotificationOpID] ap size 436, vp size 436
01-04 20:55:23.078   815  1099 D vehiclehal::EcarxIpcpComm: funtion: rxThread , service = VDDM, operation_id = 29
01-04 20:55:23.078   815  1099 D IPCP2VV : convertIpcp2VehicleValues, [VDDMNotificationOpID] ap size 289, vp size 289
01-04 20:55:23.078 13592 13745 D XIAOKAVAL: [Heartbeat.cpp:175][onStatisticalInfoShow] Version: V3.1.0.201104 AppSndCount: 6 AppRcvCount: 21
01-04 20:55:23.078 13592 14192 D XIAOKAVAL: [Heartbeat.cpp:106][onHeartbeatSend] *** heartbeat send: {"id":14,"type":"heart"}
01-04 20:55:23.078 13592 14192 D XIAOKAVAL: 
01-04 20:55:23.079  3026  3045 D VRClientManager: onRecvData data: 25
01-04 20:55:23.079  3026  3045 D VRClientManager: json: {"id":14,"type":"heart"}
01-04 20:55:23.079  3026  3045 D VRClientManager: Heartbeat ok
01-04 20:55:23.079  3026  3045 D VRClientManager: sendMessageToNative data: 25
01-04 20:55:23.079 13592 13607 D XIAOKAVAL: [vrInit.cpp:103][Java_com_ecarx_xiaoka_service_voice_XKVrService_recvMessageFromJava]  recvMessageFromJava size = 25
01-04 20:55:23.080 13592 13607 D XIAOKAVAL: [apprcv.cc:173][recvMsgFromApp] recvMsgFromApp 27
01-04 20:55:23.080 13592 13607 D XIAOKAVAL: [Heartbeat.cpp:54][isHeartbeatMsg] *** heartbeat recv: {"id":14,"type":"heart"}
01-04 20:55:23.080 13592 13607 D XIAOKAVAL: 
01-04 20:55:23.081   815  1103 D libipcp : socket_says_data_received: Sid: 0x6e, OpID: 0xc8, Length: 0x2d0, SendHandleId: 0x6ec80573, Version: 0x3, OpType: 0x5, NOTIFICATION, payloadType: 0x1
01-04 20:55:23.081   815  1103 I libipcp : checkOperaiondIdAvailable: checkOperaiondIdAvailable called service_id: 0x6e, OpId: 0xc8
01-04 20:55:23.081  3953  3953 D CarSignalManager: handleOnChangeEvent ECarXCarPropertyValue{mPropertyId=0x70f7 propertyName AsyLeSecEnd, mValue=6d}
01-04 20:55:23.081  3953  3953 D HUDInteractionImpl: onChangeEvent 70f7
01-04 20:55:23.081   815  1103 I libipcp : checkOperaiondIdAvailable: checkOperaiondIdAvailable opid 0xc8 is vaild
01-04 20:55:23.081  3953  3953 D CarSignalManager: handleOnChangeEvent ECarXCarPropertyValue{mPropertyId=0x70fe propertyName AsyRiFirstEnd, mValue=1e}
01-04 20:55:23.081  3953  3953 D HUDInteractionImpl: onChangeEvent 70fe
01-04 20:55:23.081   815  1089 D libipcp : build_ack_packet: build ACK for Service_id: 0x6e, Operation_Id: 0xc8, senderHandleId: 0x6ec80573
01-04 20:55:23.081  3953  3953 D CarSignalManager: handleOnChangeEvent ECarXCarPropertyValue{mPropertyId=0x7100 propertyName AsyRiSecEnd, mValue=6d}
01-04 20:55:23.081  3953  3953 D HUDInteractionImpl: onChangeEvent 7100
01-04 20:55:23.081  3953  3953 D CarSignalManager: handleOnChangeEvent ECarXCarPropertyValue{mPropertyId=0x7101 propertyName AsyRiSecStrt, mValue=1e}
01-04 20:55:23.081  3953  3953 D HUDInteractionImpl: onChangeEvent 7101
01-04 20:55:23.081  3953  4069 D HUDInteractionImpl: handleMessage 4
01-04 20:55:23.081  3953  3953 D CarSignalManager: handleOnChangeEvent ECarXCarPropertyValue{mPropertyId=0x7172 propertyName AsyLineLePahPrmA, mValue=c49}
01-04 20:55:23.081   815  1088 I libipcp : ipcp_transport_send: fire --> SenderHandleID: 0x6ec80573, OperType: ACK, peer.sk_type is 2, peer_ip : 198.18.34.1, peer_port: 50500, length :16
01-04 20:55:23.081  3953  3953 D HUDInteractionImpl: onChangeEvent 7172
01-04 20:55:23.081  3953  3953 D CarSignalManager: handleOnChangeEvent ECarXCarPropertyValue{mPropertyId=0x7173 propertyName AsyLineLePahPrmB, mValue=649}
01-04 20:55:23.081  3953  3953 D HUDInteractionImpl: onChangeEvent 7173
01-04 20:55:23.081  3953  3953 D CarSignalManager: handleOnChangeEvent ECarXCarPropertyValue{mPropertyId=0x7174 propertyName AsyLineLePahPrmC, mValue=3ea}
01-04 20:55:23.081  3953  3953 D HUDInteractionImpl: onChangeEvent 7174
01-04 20:55:23.081  3953  3953 D CarSignalManager: handleOnChangeEvent ECarXCarPropertyValue{mPropertyId=0x7175 propertyName AsyLineLePahPrmD, mValue=3e2}
01-04 20:55:23.081  3953  3953 D HUDInteractionImpl: onChangeEvent 7175
01-04 20:55:23.081  3953  3953 D CarSignalManager: handleOnChangeEvent ECarXCarPropertyValue{mPropertyId=0x7177 propertyName AsyLineLePah2PrmB, mValue=64f}
01-04 20:55:23.081  3953  3953 D HUDInteractionImpl: onChangeEvent 7177
01-04 20:55:23.081  3953  3953 D CarSignalManager: handleOnChangeEvent ECarXCarPropertyValue{mPropertyId=0x7178 propertyName AsyLineLePah2PrmC, mValue=3e7}
01-04 20:55:23.081  3953  3953 D HUDInteractionImpl: onChangeEvent 7178
01-04 20:55:23.081  3953  3953 D CarSignalManager: handleOnChangeEvent ECarXCarPropertyValue{mPropertyId=0x7183 propertyName AsyLineRiPahPrmB, mValue=647}
01-04 20:55:23.081  3953  3953 D HUDInteractionImpl: onChangeEvent 7183
01-04 20:55:23.081  3953  3953 D CarSignalManager: handleOnChangeEvent ECarXCarPropertyValue{mPropertyId=0x7184 propertyName AsyLineRiPahPrmC, mValue=3ea}
01-04 20:55:23.081  3953  3953 D HUDInteractionImpl: onChangeEvent 7184
01-04 20:55:23.081  3953  3953 D CarSignalManager: handleOnChangeEvent ECarXCarPropertyValue{mPropertyId=0x7186 propertyName AsyLineRiPah2PrmA, mValue=adc}
01-04 20:55:23.081  3953  3953 D HUDInteractionImpl: onChangeEvent 7186
01-04 20:55:23.081  3953  3953 D CarSignalManager: handleOnChangeEvent ECarXCarPropertyValue{mPropertyId=0x7187 propertyName AsyLineRiPah2PrmB, mValue=647}
01-04 20:55:23.081  3953  3953 D HUDInteractionImpl: onChangeEvent 7187
01-04 20:55:23.081  3953  3953 D CarSignalManager: handleOnChangeEvent ECarXCarPropertyValue{mPropertyId=0x7188 propertyName AsyLineRiPah2PrmC, mValue=3ea}
01-04 20:55:23.081  3953  3953 D HUDInteractionImpl: onChangeEvent 7188
01-04 20:55:23.082  3953  3953 D CarSignalManager: handleOnChangeEvent ECarXCarPropertyValue{mPropertyId=0x7189 propertyName AsyLineRiPah2PrmD, mValue=3e6}
01-04 20:55:23.082  3953  3953 D HUDInteractionImpl: onChangeEvent 7189
01-04 20:55:23.082  3953  3953 D CarSignalManager: handleOnChangeEvent ECarXCarPropertyValue{mPropertyId=0x71c5 propertyName ZZZAsdmSignalEnd, mValue=a10b}
01-04 20:55:23.082  3953  3953 D HUDInteractionImpl: onChangeEvent 71c5
01-04 20:55:23.082   815  1091 D vehiclehal::EcarxIpcpComm: funtion: received_cb , ip [198.18.34.1] , port = 50500, service = PHEV, operation_id = 200
01-04 20:55:23.083  3953  4069 D HUDInteractionImpl: updateDataInfo id 70f7 value: 109
01-04 20:55:23.083  3953  4069 D HUDInteractionImpl: handleMessage 4
01-04 20:55:23.083  3953  4069 D HUDInteractionImpl: updateDataInfo id 70fe value: 30
01-04 20:55:23.083  3953  4069 D HUDInteractionImpl: handleMessage 4
01-04 20:55:23.083  3953  4069 D HUDInteractionImpl: updateDataInfo id 7100 value: 109
01-04 20:55:23.083  3953  4069 D HUDInteractionImpl: handleMessage 4
01-04 20:55:23.083  3953  4069 D HUDInteractionImpl: updateDataInfo id 7101 value: 30
01-04 20:55:23.083  3953  4069 D HUDInteractionImpl: handleMessage 4
01-04 20:55:23.083  3953  4069 D HUDInteractionImpl: updateDataInfo id 7172 value: 3145
01-04 20:55:23.083  3953  4069 D HUDInteractionImpl: handleMessage 4
01-04 20:55:23.083  3953  4069 D HUDInteractionImpl: updateDataInfo id 7173 value: 1609
01-04 20:55:23.083  3953  4069 D HUDInteractionImpl: handleMessage 4
01-04 20:55:23.083  3953  4069 D HUDInteractionImpl: updateDataInfo id 7174 value: 1002
01-04 20:55:23.083  3953  4069 D HUDInteractionImpl: handleMessage 4
01-04 20:55:23.083  3953  4069 D HUDInteractionImpl: updateDataInfo id 7175 value: 994
01-04 20:55:23.083  3953  4069 D HUDInteractionImpl: handleMessage 4
01-04 20:55:23.083  3953  4069 D HUDInteractionImpl: updateDataInfo id 7177 value: 1615
01-04 20:55:23.083  3953  4069 D HUDInteractionImpl: handleMessage 4
01-04 20:55:23.083  3953  4069 D HUDInteractionImpl: updateDataInfo id 7178 value: 999
01-04 20:55:23.083  3953  4069 D HUDInteractionImpl: handleMessage 4
01-04 20:55:23.083  3953  4069 D HUDInteractionImpl: updateDataInfo id 7183 value: 1607
01-04 20:55:23.083  3953  4069 D HUDInteractionImpl: handleMessage 4
01-04 20:55:23.083  3953  4069 D HUDInteractionImpl: updateDataInfo id 7184 value: 1002
01-04 20:55:23.083  3953  4069 D HUDInteractionImpl: handleMessage 4
01-04 20:55:23.083   815  1099 D vehiclehal::EcarxIpcpComm: funtion: rxThread , service = PHEV, operation_id = 200
01-04 20:55:23.083  3953  4069 D HUDInteractionImpl: updateDataInfo id 7186 value: 2780
01-04 20:55:23.083  3953  4069 D HUDInteractionImpl: handleMessage 4
01-04 20:55:23.083   815  1099 D PAIPCP2VV: convertPAIpcp2VehicleValues, [PHEVOpID] ap size 712, vp size 712
01-04 20:55:23.083  3953  4069 D HUDInteractionImpl: updateDataInfo id 7187 value: 1607
01-04 20:55:23.084  3953  4069 D HUDInteractionImpl: handleMessage 4
01-04 20:55:23.084  3953  4069 D HUDInteractionImpl: updateDataInfo id 7188 value: 1002
01-04 20:55:23.084  3953  4069 D HUDInteractionImpl: handleMessage 4
01-04 20:55:23.084  3953  4069 D HUDInteractionImpl: updateDataInfo id 7189 value: 998
01-04 20:55:23.084  3953  4069 D HUDInteractionImpl: handleMessage 4
01-04 20:55:23.084  3953  4069 D HUDInteractionImpl: updateDataInfo id 71c5 value: 41227
01-04 20:55:23.084  3953  4069 D HUDInteractionImpl: handleMessage 2
01-04 20:55:23.084  3953  4069 D HUDInteractionImpl: notifyAdasInfo ADASDrivingAidSyncInfo 功能状态: 0 AEB已经制动 0 前方对象方向 0 前方对象类型 0 前方物件横向距离 1.7763568394002505E-15 前方物件纵向距离 0.0 FCW警告 0
01-04 20:55:23.084  3953  4069 D HUDInteractionImpl: notifyAdasInfo ADASLaneSyncInfo 左一上段：1.4100000000000001 0.014999999999999902 -1.0000000000000286E-4 0.0 左一下段 1.4499999999999993 0.008999999999999897 2.0000000000000573E-4 -6.000000000000146E-6 右一上段 -2.1999999999999993 0.006999999999999895 2.0000000000000573E-4 -2.0000000000000486E-6 右一下段 -2.1999999999999993 0.006999999999999895 2.0000000000000573E-4 -2.0000000000000486E-6 左一左起止点 0.0 17.0 左一右起止点 17.0 79.0 右一左起止点 0.0 0.0 右一右起止点 0.0 79.0 压线 0
01-04 20:55:23.084  3953  5033 I ARHUDPresenter.java: [ (ARHUDPresenter.java:127)#Subscribe ] adasLaneInfoBeanInputADASObj{acc_status=0.0, pos_x=1.7763568394002505E-15, pos_z=0.0, direction=0.0, type=9.0, frontType=0.0, warning_status=0.0, aeb_status=0.0}
01-04 20:55:23.084  3953  4998 I ARHUDPresenter.java: [ (ARHUDPresenter.java:154)#Subscribe ] inputADASLDInputADASLD{l1_a=1.4100000000000001, l1_b=0.014999999999999902, l1_c=-1.0000000000000286E-4, l1_d=0.0, l2_a=1.4499999999999993, l2_b=0.008999999999999897, l2_c=2.0000000000000573E-4, l2_d=-6.000000000000146E-6, r1_a=-2.1999999999999993, r1_b=0.006999999999999895, r1_c=2.0000000000000573E-4, r1_d=-2.0000000000000486E-6, r2_a=-2.1999999999999993, r2_b=0.006999999999999895, r2_c=2.0000000000000573E-4, r2_d=-2.0000000000000486E-6, warning_status=0, detect_start_l1=0.0, detect_end_l1=17.0, detect_start_l2=17.0, detect_end_l2=79.0, detect_start_r2=0.0, detect_end_r2=79.0, detect_start_r1=0.0, detect_end_r1=0.0}
01-04 20:55:23.084  3953  4998 D V2021010403 EZD Input Status: InputData_HUD = true
01-04 20:55:23.084  3953  4998 D V2021010403 EZD Input Status: HUD_button_absolute_pos = 15
01-04 20:55:23.084  3953  4998 D V2021010403 EZD Input Status: InputData_LD=true , warning_status=0
01-04 20:55:23.084  3953  4998 D V2021010403 EZD Input Status: l1:(a,b,c,d)=(-1.410000,-0.015000,0.000100,-0.000000),(st,end)=(0,0); l2:(a,b,c,d)=(-1.450000,-0.009000,-0.000200,0.000006),(st,end)=(17,17);
01-04 20:55:23.084  3953  5033 I ARHUDPresenter.java: [ (ARHUDPresenter.java:128)#Subscribe ] HUDHeight15
01-04 20:55:23.084  3953  4998 D V2021010403 EZD Input Status: r1:(a,b,c,d)=(2.200000,-0.007000,-0.000200,0.000002),(st,end)=(0,0); r2:(a,b,c,d)=(2.200000,-0.007000,-0.000200,0.000002),(st,end)=(0,0);
01-04 20:55:23.084  3953  4998 I JniUtils.java: [ (JniUtils.java:66)#InputADASLD ] 道路信息输出成功
01-04 20:55:23.084  3953  5033 E JniUtils.java: [ (JniUtils.java:33)#InputDataAdasObj ] hudHeight高度15.0
01-04 20:55:23.084  3953  5033 D V2021010403 EZD Input Status: InputData_Vehicle=true , speed=6.955890, steering_wheel_angle=-0.005859, steering_wheel_angularVel=0.000000
01-04 20:55:23.084  3953  4998 D V2021010403 EZD Output Status: Output_ld=true , laneID=1, (start_x,start_y)=(111,14), (end_x,end_y)=(-65,231), (A,B,C,D)=(-0.000000,0.000159,-0.845006,124.069795), status=1
01-04 20:55:23.084  3953  5033 D V2021010403 EZD Input Status: InputData_HUD = true
01-04 20:55:23.084  3953  5033 D V2021010403 EZD Input Status: HUD_button_absolute_pos = 15
01-04 20:55:23.084  3953  5033 D V2021010403 EZD Input Status: InputData_Obj is true. pos_x=0.000000, pos_y=0.000000, frontType=0, direction=0, acc_status=0, type=9, warning_status=0, aeb_status=0
01-04 20:55:23.084  3953  5033 D V2021010403 EZD Input Status: InputData_Obj: acc_gap_set_status=0
01-04 20:55:23.084  3953  5033 D V2021010403 EZD Input Status: InputData_LD=true , warning_status=0
01-04 20:55:23.084  3953  5033 D V2021010403 EZD Input Status: l1:(a,b,c,d)=(-1.410000,-0.015000,0.000100,-0.000000),(st,end)=(0,0); l2:(a,b,c,d)=(-1.450000,-0.009000,-0.000200,0.000006),(st,end)=(17,17);
01-04 20:55:23.084  3953  5033 D V2021010403 EZD Input Status: r1:(a,b,c,d)=(2.200000,-0.007000,-0.000200,0.000002),(st,end)=(0,0); r2:(a,b,c,d)=(2.200000,-0.007000,-0.000200,0.000002),(st,end)=(0,0);
01-04 20:55:23.084  3953  4998 I JniUtils.java: [ (JniUtils.java:68)#InputADASLD ] ADASLaneInfoBean{LaneID=1, x1=111, y1=14, x2=-65, y2=231, A=-2.1123089521374425E-7, B=1.5897009707429438E-4, C=-0.8450063850040193, D=124.06979472215896, status=1}
01-04 20:55:23.084  3953  5033 I JniUtils.java: [ (JniUtils.java:46)#InputDataAdasObj ] 周边环境对象等输出成功
01-04 20:55:23.084  3953  5033 D V2021010403 EZD Output Status: Output_obj=false , aeb_status = 0 && collision_status == 0 && obj_status == 0 && accGapSet_status == 0 
01-04 20:55:23.084  3953  5033 I JniUtils.java: [ (JniUtils.java:48)#InputDataAdasObj ] ADASWarningInfoBean{objID=0, obj_x=0, obj_y=0, obj_status=0, obj_width=0, collisionID=0, conllision_x=0, conllision_y=0, collision_status=0, aebID=0, aeb_x=0, aeb_y=0, aeb_status=0, aebFrame_x=0, aebFrame_y=0, aebFrame_status=0, accGapSet_ID=0, accGapSet_x=0, accGapSet_y=0, accGapSet_width=0, accGapSet_flip=0, accGapSet_status=0}
01-04 20:55:23.084  3953  5033 I ARHUDPresenter.java: [ (ARHUDPresenter.java:132)#Subscribe ] adasWarningInfoBeanADASWarningInfoBean{objID=0, obj_x=0, obj_y=0, obj_status=0, obj_width=0, collisionID=0, conllision_x=0, conllision_y=0, collision_status=0, aebID=0, aeb_x=0, aeb_y=0, aeb_status=0, aebFrame_x=0, aebFrame_y=0, aebFrame_status=0, accGapSet_ID=0, accGapSet_x=0, accGapSet_y=0, accGapSet_width=0, accGapSet_flip=0, accGapSet_status=0}
01-04 20:55:23.084  3953  3953 I ARHUDPresenter.java: [ (ARHUDPresenter.java:166)#Accept ] ADASLaneInfoBeanADASLaneInfoBean{LaneID=1, x1=111, y1=14, x2=-65, y2=231, A=-2.1123089521374425E-7, B=1.5897009707429438E-4, C=-0.8450063850040193, D=124.06979472215896, status=1}
01-04 20:55:23.084  3953  3953 E ADASLD  : [ (ARHUDPresenter.java:168)#Accept ] 压线了
01-04 20:55:23.090  2425  3612 D ecarx_daemon_VehicleHal: onPropertyEvent: Vehicle Property: 557873871, value: 1771
01-04 20:55:23.090  2425  3612 D ecarx_daemon_VehicleHal: propid 557873871, reqSignalPropertiesString VendorSignalProperty::VehSpdLgtA
01-04 20:55:23.093   783 13727 F [ESIS][FATAL] ref-detecter.cc:347: GET_REF seq not match:4880 -1 0
01-04 20:55:23.093   783 13727 E [EAKS][ERROR] aks-engine.cc:373: no keyword set yet.
01-04 20:55:23.093   783 13728 F [ESIS][FATAL] ref-detecter.cc:347: GET_REF seq not match:4880 -1 0
01-04 20:55:23.093  3953  3953 D CarSignalManager: handleOnChangeEvent ECarXCarPropertyValue{mPropertyId=0x7ab6 propertyName SteerWhlSnsrAg, mValue=fff9}
01-04 20:55:23.093  3953  3953 D HUDInteractionImpl: onChangeEvent 7ab6
01-04 20:55:23.094  3953  3953 D CarSignalManager: handleOnChangeEvent ECarXCarPropertyValue{mPropertyId=0x7ab7 propertyName SteerWhlSnsrAgSpd, mValue=ffff}
01-04 20:55:23.094   783 13728 E [EAKS][ERROR] aks-engine.cc:373: no keyword set yet.
01-04 20:55:23.094  3953  3953 D HUDInteractionImpl: onChangeEvent 7ab7
01-04 20:55:23.094  3953  3953 D CarSignalManager: handleOnChangeEvent ECarXCarPropertyValue{mPropertyId=0x7acf propertyName VehSpdLgtA, mValue=6eb}
01-04 20:55:23.094  3953  3953 D HUDInteractionImpl: onChangeEvent 7acf
01-04 20:55:23.094  3953  3953 D CarSignalManager: handleOnChangeEvent ECarXCarPropertyValue{mPropertyId=0x7af1 propertyName ZZZVddmSignalEnd, mValue=a10c}
01-04 20:55:23.094  3953  3953 D HUDInteractionImpl: onChangeEvent 7af1
01-04 20:55:23.094  3953  4069 D HUDInteractionImpl: handleMessage 4
01-04 20:55:23.094  3953  4069 D HUDInteractionImpl: updateDataInfo id 7ab6 value: 65529
01-04 20:55:23.094  3953  4069 D HUDInteractionImpl: handleMessage 4
01-04 20:55:23.094  3953  4069 D HUDInteractionImpl: updateDataInfo id 7ab7 value: 65535
01-04 20:55:23.094  3953  4069 D HUDInteractionImpl: handleMessage 4
01-04 20:55:23.094  3953  4069 D HUDInteractionImpl: updateDataInfo id 7acf value: 1771
01-04 20:55:23.094  3953  4069 D HUDInteractionImpl: handleMessage 4
01-04 20:55:23.094  3953  4069 D HUDInteractionImpl: updateDataInfo id 7af1 value: 41228
01-04 20:55:23.094  3953  4069 D HUDInteractionImpl: handleMessage 5
01-04 20:55:23.094  3953  4069 D HUDInteractionImpl: onVehicleSyncInfo 6.92461 -0.0068359375 -0.0078125
01-04 20:55:23.094  2549  2549 D CarSignalManager: handleOnChangeEvent ECarXCarPropertyValue{mPropertyId=0x7acf propertyName VehSpdLgtA, mValue=6eb}
01-04 20:55:23.094  4077  4077 D CarSignalManager: handleOnChangeEvent ECarXCarPropertyValue{mPropertyId=0x7acf propertyName VehSpdLgtA, mValue=6eb}
01-04 20:55:23.094  2887  2887 D CarSignalManager: handleOnChangeEvent ECarXCarPropertyValue{mPropertyId=0x7acf propertyName VehSpdLgtA, mValue=6eb}
01-04 20:55:23.094  7234  7234 D CarSignalManager: handleOnChangeEvent ECarXCarPropertyValue{mPropertyId=0x7acf propertyName VehSpdLgtA, mValue=6eb}
01-04 20:55:23.094  7234  7234 D CarSignalManager: handleOnChangeEvent ECarXCarPropertyValue{mPropertyId=0x7acf propertyName VehSpdLgtA, mValue=6eb}
01-04 20:55:23.094  2023  2023 D CarSignalManager: handleOnChangeEvent ECarXCarPropertyValue{mPropertyId=0x7acf propertyName VehSpdLgtA, mValue=6eb}
01-04 20:55:23.094  4162  4162 D CarSignalManager: handleOnChangeEvent ECarXCarPropertyValue{mPropertyId=0x7acf propertyName VehSpdLgtA, mValue=6eb}
01-04 20:55:23.094  2990  2990 D CarSignalManager: handleOnChangeEvent ECarXCarPropertyValue{mPropertyId=0x7acf propertyName VehSpdLgtA, mValue=6eb}
01-04 20:55:23.094  1794  1794 D CarSignalManager: handleOnChangeEvent ECarXCarPropertyValue{mPropertyId=0x7acf propertyName VehSpdLgtA, mValue=6eb}
01-04 20:55:23.094  3048  3048 D CarSignalManager: handleOnChangeEvent ECarXCarPropertyValue{mPropertyId=0x7acf propertyName VehSpdLgtA, mValue=6eb}
01-04 20:55:23.101   815  1103 D libipcp : socket_says_data_received: Sid: 0x1f, OpID: 0x51, Length: 0x10a, SendHandleId: 0x1f5105fd, Version: 0x3, OpType: 0x5, NOTIFICATION, payloadType: 0x1
01-04 20:55:23.101   815  1103 I libipcp : checkOperaiondIdAvailable: checkOperaiondIdAvailable called service_id: 0x1f, OpId: 0x51
01-04 20:55:23.101   815  1103 I libipcp : checkOperaiondIdAvailable: checkOperaiondIdAvailable opid 0x51 is vaild
01-04 20:55:23.101   815  1089 D libipcp : build_ack_packet: build ACK for Service_id: 0x1f, Operation_Id: 0x51, senderHandleId: 0x1f5105fd
01-04 20:55:23.101   815  1088 I libipcp : ipcp_transport_send: fire --> SenderHandleID: 0x1f5105fd, OperType: ACK, peer.sk_type is 2, peer_ip : 198.18.34.1, peer_port: 50500, length :16
01-04 20:55:23.101   815  1091 D vehiclehal::EcarxIpcpComm: funtion: received_cb , ip [198.18.34.1] , port = 50500, service = ASDM, operation_id = 81
01-04 20:55:23.102   815  1103 D libipcp : socket_says_data_received: Sid: 0x2c, OpID: 0x1d, Length: 0x129, SendHandleId: 0x2c1d054e, Version: 0x3, OpType: 0x5, NOTIFICATION, payloadType: 0x1
01-04 20:55:23.102   815  1103 I libipcp : checkOperaiondIdAvailable: checkOperaiondIdAvailable called service_id: 0x2c, OpId: 0x1d
01-04 20:55:23.102   815  1103 I libipcp : checkOperaiondIdAvailable: checkOperaiondIdAvailable opid 0x1d is vaild
01-04 20:55:23.102   815  1089 D libipcp : build_ack_packet: build ACK for Service_id: 0x2c, Operation_Id: 0x1d, senderHandleId: 0x2c1d054e
01-04 20:55:23.102   815  1088 I libipcp : ipcp_transport_send: fire --> SenderHandleID: 0x2c1d054e, OperType: ACK, peer.sk_type is 2, peer_ip : 198.18.34.1, peer_port: 50500, length :16
01-04 20:55:23.102   815  1091 D vehiclehal::EcarxIpcpComm: funtion: received_cb , ip [198.18.34.1] , port = 50500, service = VDDM, operation_id = 29
01-04 20:55:23.103   815  1099 D vehiclehal::EcarxIpcpComm: funtion: rxThread , service = ASDM, operation_id = 81
01-04 20:55:23.103   815  1099 D IPCP2VV : convertIpcp2VehicleValues, [ASDMNotificationOpID] ap size 258, vp size 258
01-04 20:55:23.104  3953  3953 D CarSignalManager: handleOnChangeEvent ECarXCarPropertyValue{mPropertyId=0x70f7 propertyName AsyLeSecEnd, mValue=85}
01-04 20:55:23.104  3953  3953 D HUDInteractionImpl: onChangeEvent 70f7
01-04 20:55:23.104  3953  3953 D CarSignalManager: handleOnChangeEvent ECarXCarPropertyValue{mPropertyId=0x7100 propertyName AsyRiSecEnd, mValue=75}
01-04 20:55:23.104  3953  3953 D HUDInteractionImpl: onChangeEvent 7100
01-04 20:55:23.104  3953  4069 D HUDInteractionImpl: handleMessage 4
01-04 20:55:23.104  3953  3953 D CarSignalManager: handleOnChangeEvent ECarXCarPropertyValue{mPropertyId=0x7178 propertyName AsyLineLePah2PrmC, mValue=3e6}
01-04 20:55:23.104  3953  3953 D HUDInteractionImpl: onChangeEvent 7178
01-04 20:55:23.104  3953  4069 D HUDInteractionImpl: updateDataInfo id 70f7 value: 133
01-04 20:55:23.104  3953  4069 D HUDInteractionImpl: handleMessage 4
01-04 20:55:23.104  3953  3953 D CarSignalManager: handleOnChangeEvent ECarXCarPropertyValue{mPropertyId=0x7183 propertyName AsyLineRiPahPrmB, mValue=649}
01-04 20:55:23.104  3953  4069 D HUDInteractionImpl: updateDataInfo id 7100 value: 117
01-04 20:55:23.104  3953  3953 D HUDInteractionImpl: onChangeEvent 7183
01-04 20:55:23.104  3953  4069 D HUDInteractionImpl: handleMessage 4
01-04 20:55:23.104  3953  3953 D CarSignalManager: handleOnChangeEvent ECarXCarPropertyValue{mPropertyId=0x7185 propertyName AsyLineRiPahPrmD, mValue=3e2}
01-04 20:55:23.104  3953  4069 D HUDInteractionImpl: updateDataInfo id 7178 value: 998
01-04 20:55:23.104  3953  3953 D HUDInteractionImpl: onChangeEvent 7185
01-04 20:55:23.104  3953  4069 D HUDInteractionImpl: handleMessage 4
01-04 20:55:23.104  3953  3953 D CarSignalManager: handleOnChangeEvent ECarXCarPropertyValue{mPropertyId=0x7187 propertyName AsyLineRiPah2PrmB, mValue=64f}
01-04 20:55:23.104  3953  4069 D HUDInteractionImpl: updateDataInfo id 7183 value: 1609
01-04 20:55:23.104  3953  3953 D HUDInteractionImpl: onChangeEvent 7187
01-04 20:55:23.104  3953  4069 D HUDInteractionImpl: handleMessage 4
01-04 20:55:23.104  3953  3953 D CarSignalManager: handleOnChangeEvent ECarXCarPropertyValue{mPropertyId=0x7188 propertyName AsyLineRiPah2PrmC, mValue=3e6}
01-04 20:55:23.104  3953  4069 D HUDInteractionImpl: updateDataInfo id 7185 value: 994
01-04 20:55:23.104  3953  3953 D HUDInteractionImpl: onChangeEvent 7188
01-04 20:55:23.104  3953  4069 D HUDInteractionImpl: handleMessage 4
01-04 20:55:23.104  3953  3953 D CarSignalManager: handleOnChangeEvent ECarXCarPropertyValue{mPropertyId=0x7189 propertyName AsyLineRiPah2PrmD, mValue=3e8}
01-04 20:55:23.104  3953  4069 D HUDInteractionImpl: updateDataInfo id 7187 value: 1615
01-04 20:55:23.104  3953  3953 D HUDInteractionImpl: onChangeEvent 7189
01-04 20:55:23.104  3953  4069 D HUDInteractionImpl: handleMessage 4
01-04 20:55:23.104  3953  4069 D HUDInteractionImpl: updateDataInfo id 7188 value: 998
01-04 20:55:23.104  3953  3953 D CarSignalManager: handleOnChangeEvent ECarXCarPropertyValue{mPropertyId=0x71c5 propertyName ZZZAsdmSignalEnd, mValue=a10d}
01-04 20:55:23.104  3953  4069 D HUDInteractionImpl: handleMessage 4
01-04 20:55:23.104  3953  3953 D HUDInteractionImpl: onChangeEvent 71c5
01-04 20:55:23.104  3953  4069 D HUDInteractionImpl: updateDataInfo id 7189 value: 1000
01-04 20:55:23.104  3953  4069 D HUDInteractionImpl: handleMessage 4
01-04 20:55:23.104  3953  4069 D HUDInteractionImpl: updateDataInfo id 71c5 value: 41229
01-04 20:55:23.104  3953  4069 D HUDInteractionImpl: handleMessage 2
