01-07 18:59:56.485   764  1178 I libipcp : checkOperaiondIdAvailable: checkOperaiondIdAvailable called service_id: 0x2c, OpId: 0x1d
01-07 18:59:56.485   764  1178 I libipcp : checkOperaiondIdAvailable: checkOperaiondIdAvailable opid 0x1d is vaild
01-07 18:59:56.485   764  1164 D libipcp : build_ack_packet: build ACK for Service_id: 0x25, Operation_Id: 0x20, senderHandleId: 0x2520052b
01-07 18:59:56.485   764  1164 D libipcp : build_ack_packet: build ACK for Service_id: 0x2c, Operation_Id: 0x1d, senderHandleId: 0x2c1d057c
01-07 18:59:56.485   764  1162 I libipcp : ipcp_transport_send: fire --> SenderHandleID: 0x2c1d057c, OperType: ACK, peer.sk_type is 2, peer_ip : 198.18.34.1, peer_port: 50500, length :16
01-07 18:59:56.486   764  1162 I libipcp : ipcp_transport_send: fire --> SenderHandleID: 0x2520052b, OperType: ACK, peer.sk_type is 2, peer_ip : 198.18.34.1, peer_port: 50500, length :16
01-07 18:59:56.486   764  1166 D vehiclehal::EcarxIpcpComm: funtion: received_cb , ip [198.18.34.1] , port = 50500, service = ASDM, operation_id = 81
01-07 18:59:56.486   764  1166 D vehiclehal::EcarxIpcpComm: funtion: received_cb , ip [198.18.34.1] , port = 50500, service = DIM, operation_id = 32
01-07 18:59:56.486   764  1166 D vehiclehal::EcarxIpcpComm: funtion: received_cb , ip [198.18.34.1] , port = 50500, service = VDDM, operation_id = 29
01-07 18:59:56.488   764  1174 D vehiclehal::EcarxIpcpComm: funtion: rxThread , service = ASDM, operation_id = 81
01-07 18:59:56.488   764  1174 D IPCP2VV : convertIpcp2VehicleValues, [ASDMNotificationOpID] ap size 258, vp size 258
01-07 18:59:56.491   764  1174 D vehiclehal::EcarxIpcpComm: funtion: rxThread , service = DIM, operation_id = 32
01-07 18:59:56.491   764  1174 D IPCP2VV : convertIpcp2VehicleValues, [DIMNotificationOpID] ap size 129, vp size 129
01-07 18:59:56.493   764  1174 D vehiclehal::EcarxIpcpComm: funtion: rxThread , service = VDDM, operation_id = 29
01-07 18:59:56.493   764  1174 D IPCP2VV : convertIpcp2VehicleValues, [VDDMNotificationOpID] ap size 289, vp size 289
01-07 18:59:56.497   714  3875 F [ESIS][FATAL] ref-detecter.cc:347: GET_REF seq not match:24708 -1 0
01-07 18:59:56.497   714  3890 F [ESIS][FATAL] ref-detecter.cc:347: GET_REF seq not match:24708 -1 0
01-07 18:59:56.498   714  3875 E [EAKS][ERROR] aks-engine.cc:373: no keyword set yet.
01-07 18:59:56.498   714  3890 E [EAKS][ERROR] aks-engine.cc:373: no keyword set yet.
01-07 18:59:56.512   783   783 E DisplayDevice: map unknown ((deprecated) sRGB sRGB Full range)/(RenderIntent::COLORIMETRIC) to default color mode
01-07 18:59:56.512   783   783 I chatty  : uid=1000(system) /system/bin/surfaceflinger identical 2 lines
01-07 18:59:56.512   783   783 E DisplayDevice: map unknown ((deprecated) sRGB sRGB Full range)/(RenderIntent::COLORIMETRIC) to default color mode
01-07 18:59:56.512  4110  4110 D CarSignalManager: handleOnChangeEvent ECarXCarPropertyValue{mPropertyId=0x70f7 propertyName AsyLeSecEnd, mValue=75}
01-07 18:59:56.512  4110  4110 D HUDInteractionImpl: onChangeEvent 70f7
01-07 18:59:56.513  4110  4110 D CarSignalManager: handleOnChangeEvent ECarXCarPropertyValue{mPropertyId=0x71c5 propertyName ZZZAsdmSignalEnd, mValue=3b51}
01-07 18:59:56.513  4110  4177 D HUDInteractionImpl: handleMessage 4
01-07 18:59:56.513  4110  4110 D HUDInteractionImpl: onChangeEvent 71c5
01-07 18:59:56.513  4110  4177 D HUDInteractionImpl: updateDataInfo id 70f7 value: 117
01-07 18:59:56.513  4110  4177 D HUDInteractionImpl: handleMessage 4
01-07 18:59:56.513  4110  4177 D HUDInteractionImpl: updateDataInfo id 71c5 value: 15185
01-07 18:59:56.513  4110  4177 D HUDInteractionImpl: handleMessage 2
01-07 18:59:56.513  4110  4177 D HUDInteractionImpl: notifyAdasInfo ADASDrivingAidSyncInfo 功能状态: 0 AEB已经制动 0 前方对象方向 0 前方对象类型 0 前方物件横向距离 1.7763568394002505E-15 前方物件纵向距离 0.0 FCW警告 0
01-07 18:59:56.513  4110  4177 D HUDInteractionImpl: notifyAdasInfo ADASLaneSyncInfo 左一上段：1.990000000000002 -0.04700000000000015 0.009099999999999997 -1.0000000000001327E-6 左一下段 2.740000000000002 -0.29500000000000015 0.0363 -0.001 右一上段 0.0 0.0 0.0 0.0 右一下段 0.0 0.0 0.0 0.0 左一左起止点 0.0 9.0 左一右起止点 9.0 87.0 右一左起止点 0.0 0.0 右一右起止点 0.0 0.0 压线 0
01-07 18:59:56.513  4110  4110 D CarSignalManager: handleOnChangeEvent ECarXCarPropertyValue{mPropertyId=0x7af1 propertyName ZZZVddmSignalEnd, mValue=3b53}
01-07 18:59:56.513  4110  4110 D HUDInteractionImpl: onChangeEvent 7af1
01-07 18:59:56.513  4110  4177 D HUDInteractionImpl: handleMessage 4
01-07 18:59:56.513  4110  4177 D HUDInteractionImpl: updateDataInfo id 7af1 value: 15187
01-07 18:59:56.513  4110  7713 I ARHUDPresenter.java: [ (ARHUDPresenter.java:125)#Subscribe ] adasLaneInfoBeanInputADASObj{acc_status=0.0, pos_x=1.7763568394002505E-15, pos_z=0.0, direction=0.0, type=9.0, frontType=0.0, warning_status=0.0, aeb_status=0.0}
01-07 18:59:56.513  4110  7713 I ARHUDPresenter.java: [ (ARHUDPresenter.java:126)#Subscribe ] HUDHeight14
01-07 18:59:56.513  4110  4864 I ARHUDPresenter.java: [ (ARHUDPresenter.java:152)#Subscribe ] inputADASLDInputADASLD{l1_a=1.990000000000002, l1_b=-0.04700000000000015, l1_c=0.009099999999999997, l1_d=-1.0000000000001327E-6, l2_a=2.740000000000002, l2_b=-0.29500000000000015, l2_c=0.0363, l2_d=-0.001, r1_a=0.0, r1_b=0.0, r1_c=0.0, r1_d=0.0, r2_a=0.0, r2_b=0.0, r2_c=0.0, r2_d=0.0, warning_status=0, detect_start_l1=0.0, detect_end_l1=9.0, detect_start_l2=9.0, detect_end_l2=87.0, detect_start_r2=0.0, detect_end_r2=0.0, detect_start_r1=0.0, detect_end_r1=0.0}
01-07 18:59:56.513  4110  4864 D V2021010702 EZD Input Status: InputData_HUD = true
01-07 18:59:56.513  4110  4864 D V2021010702 EZD Input Status: HUD_button_absolute_pos = 14
01-07 18:59:56.513  4110  7713 E JniUtils.java: [ (JniUtils.java:33)#InputDataAdasObj ] hudHeight高度14.0
01-07 18:59:56.513  4110  7713 D V2021010702 EZD Input Status: InputData_Vehicle=true , speed=0.000000, steering_wheel_angle=-0.091797, steering_wheel_angularVel=0.000000
01-07 18:59:56.513  4110  4864 D V2021010702 EZD Input Status: InputData_LD=true , warning_status=0
01-07 18:59:56.513  4110  7713 D V2021010702 EZD Input Status: InputData_HUD = true
01-07 18:59:56.513  4110  7713 D V2021010702 EZD Input Status: HUD_button_absolute_pos = 14
01-07 18:59:56.513  4110  7713 D V2021010702 EZD Input Status: InputData_Obj is true. pos_x=0.000000, pos_y=0.000000, frontType=0, direction=0, acc_status=0, type=9, warning_status=0, aeb_status=0
01-07 18:59:56.513  4110  4864 D V2021010702 EZD Input Status: l1:(a,b,c,d)=(-1.990000,0.047000,-0.009100,0.000001),(st,end)=(0,0); l2:(a,b,c,d)=(-2.740000,0.295000,-0.036300,0.001000),(st,end)=(9,9);
01-07 18:59:56.513  4110  7713 D V2021010702 EZD Input Status: InputData_Obj: acc_gap_set_status=3
01-07 18:59:56.513  4110  7713 D V2021010702 EZD Input Status: InputData_LD=true , warning_status=0
01-07 18:59:56.513  4110  4864 D V2021010702 EZD Input Status: r1:(a,b,c,d)=(-0.000000,-0.000000,-0.000000,-0.000000),(st,end)=(0,0); r2:(a,b,c,d)=(-0.000000,-0.000000,-0.000000,-0.000000),(st,end)=(0,0);
01-07 18:59:56.513  4110  7713 D V2021010702 EZD Input Status: l1:(a,b,c,d)=(-1.990000,0.047000,-0.009100,0.000001),(st,end)=(0,0); l2:(a,b,c,d)=(-2.740000,0.295000,-0.036300,0.001000),(st,end)=(9,9);
01-07 18:59:56.513  4110  7713 D V2021010702 EZD Input Status: r1:(a,b,c,d)=(-0.000000,-0.000000,-0.000000,-0.000000),(st,end)=(0,0); r2:(a,b,c,d)=(-0.000000,-0.000000,-0.000000,-0.000000),(st,end)=(0,0);
01-07 18:59:56.513  4110  4864 I JniUtils.java: [ (JniUtils.java:66)#InputADASLD ] 道路信息输出成功
01-07 18:59:56.514  4110  4864 D V2021010702 EZD Output Status: Output_ld=true , laneID=1, (start_x,start_y)=(-250,13), (end_x,end_y)=(-81,228), (A,B,C,D)=(0.000011,-0.008238,2.147088,-277.614060), status=1
01-07 18:59:56.514  4110  4869 D V2021010702 EZD Input Status: InputData_Vehicle=true , speed=0.000000, steering_wheel_angle=-0.091797, steering_wheel_angularVel=0.000000
01-07 18:59:56.514  4110  4869 D V2021010702 EZD Input Status: InputData_HUD = true
01-07 18:59:56.514  4110  4869 D V2021010702 EZD Input Status: HUD_button_absolute_pos = 14
01-07 18:59:56.514  4110  7713 I JniUtils.java: [ (JniUtils.java:46)#InputDataAdasObj ] 周边环境对象等输出成功
01-07 18:59:56.514  4110  4869 D V2021010702 EZD Input Status: InputData_LD=true , warning_status=0
01-07 18:59:56.514  4110  4869 D V2021010702 EZD Input Status: l1:(a,b,c,d)=(-1.990000,0.047000,-0.009100,0.000001),(st,end)=(0,0); l2:(a,b,c,d)=(-2.740000,0.295000,-0.036300,0.001000),(st,end)=(9,9);
01-07 18:59:56.514  4110  7713 D V2021010702 EZD Output Status: Output_obj=false , aeb_status = 0 && collision_status == 0 && obj_status == 0 && accGapSet_status == 0 
01-07 18:59:56.514  4110  4869 D V2021010702 EZD Input Status: r1:(a,b,c,d)=(-0.000000,-0.000000,-0.000000,-0.000000),(st,end)=(0,0); r2:(a,b,c,d)=(-0.000000,-0.000000,-0.000000,-0.000000),(st,end)=(0,0);
01-07 18:59:56.514  4110  4869 D V2021010702 EZD Input Status: InputData_NAVI=true, turn_dist=2056.000000 , lane_direction_type=103
01-07 18:59:56.514  4110  4869 D V2021010702 EZD Output Status: Output_navi=true , naviID=3, (x,y)=(85,6), (W,H)=(315,180), flip=0, status=1
01-07 18:59:56.514  4110  4864 I JniUtils.java: [ (JniUtils.java:68)#InputADASLD ] ADASLaneInfoBean{LaneID=1, x1=-250, y1=13, x2=-81, y2=228, A=1.132494311066918E-5, B=-0.008238330349213601, C=2.147088181743742, D=-277.6140598199724, status=1}
01-07 18:59:56.514  4110  7713 I JniUtils.java: [ (JniUtils.java:48)#InputDataAdasObj ] ADASWarningInfoBean{objID=0, obj_x=0, obj_y=0, obj_status=0, obj_width=0, collisionID=0, conllision_x=0, conllision_y=0, collision_status=0, aebID=0, aeb_x=0, aeb_y=0, aeb_status=0, aebFrame_x=0, aebFrame_y=0, aebFrame_status=0, accGapSet_ID=0, accGapSet_x=0, accGapSet_y=0, accGapSet_width=0, accGapSet_flip=0, accGapSet_status=0}
01-07 18:59:56.514  4110  7713 I ARHUDPresenter.java: [ (ARHUDPresenter.java:130)#Subscribe ] adasWarningInfoBeanADASWarningInfoBean{objID=0, obj_x=0, obj_y=0, obj_status=0, obj_width=0, collisionID=0, conllision_x=0, conllision_y=0, collision_status=0, aebID=0, aeb_x=0, aeb_y=0, aeb_status=0, aebFrame_x=0, aebFrame_y=0, aebFrame_status=0, accGapSet_ID=0, accGapSet_x=0, accGapSet_y=0, accGapSet_width=0, accGapSet_flip=0, accGapSet_status=0}
01-07 18:59:56.515   764  1178 D libipcp : socket_says_data_received: Sid: 0x2c, OpID: 0x1d, Length: 0x129, SendHandleId: 0x2c1d057d, Version: 0x3, OpType: 0x5, NOTIFICATION, payloadType: 0x1
01-07 18:59:56.516   764  1178 I libipcp : checkOperaiondIdAvailable: checkOperaiondIdAvailable called service_id: 0x2c, OpId: 0x1d
01-07 18:59:56.516   764  1178 I libipcp : checkOperaiondIdAvailable: checkOperaiondIdAvailable opid 0x1d is vaild
01-07 18:59:56.516   764  1164 D libipcp : build_ack_packet: build ACK for Service_id: 0x2c, Operation_Id: 0x1d, senderHandleId: 0x2c1d057d
01-07 18:59:56.516   764  1162 I libipcp : ipcp_transport_send: fire --> SenderHandleID: 0x2c1d057d, OperType: ACK, peer.sk_type is 2, peer_ip : 198.18.34.1, peer_port: 50500, length :16
01-07 18:59:56.516   764  1166 D vehiclehal::EcarxIpcpComm: funtion: received_cb , ip [198.18.34.1] , port = 50500, service = VDDM, operation_id = 29
01-07 18:59:56.517   764  1174 D vehiclehal::EcarxIpcpComm: funtion: rxThread , service = VDDM, operation_id = 29
01-07 18:59:56.518   764  1174 D IPCP2VV : convertIpcp2VehicleValues, [VDDMNotificationOpID] ap size 289, vp size 289
01-07 18:59:56.526   714  3875 F [ESIS][FATAL] ref-detecter.cc:347: GET_REF seq not match:24712 -1 0
01-07 18:59:56.526   714  3890 F [ESIS][FATAL] ref-detecter.cc:347: GET_REF seq not match:24712 -1 0
01-07 18:59:56.526   714  3875 E [EAKS][ERROR] aks-engine.cc:373: no keyword set yet.
01-07 18:59:56.526   714  3890 E [EAKS][ERROR] aks-engine.cc:373: no keyword set yet.
01-07 18:59:56.527   755  1110 D GnssHAL_GnssIpcp: socket_says_data_received: Sid: 0xb0, OpID: 0x6, Length: 0x1cc, SendHandleId: 0xb00605ef, Version: 0x3, OpType: 0x5, NOTIFICATION, payloadType: 0
01-07 18:59:56.527   755  1110 I GnssHAL_GnssIpcp: checkOperaiondIdAvailable: checkOperaiondIdAvailable called service_id: 0xb0, OpId: 0x6
01-07 18:59:56.527   755  1110 I GnssHAL_GnssIpcp: checkOperaiondIdAvailable: checkOperaiondIdAvailable opid 0x6 is vaild
01-07 18:59:56.527   755  1103 D GnssHAL_GnssIpcp: build_ack_packet: build ACK for Service_id: 0xb0, Operation_Id: 0x6, senderHandleId: 0xb00605ef
01-07 18:59:56.527   755  1102 I GnssHAL_GnssIpcp: ipcp_transport_send: fire --> SenderHandleID: 0xb00605ef, OperType: ACK, peer.sk_type is 2, peer_ip : 198.18.32.17, peer_port: 50176, length :16
01-07 18:59:56.528   755  1105 D GnssHAL_GnssIpcp: frameKey = GGA, parts.size() = 15 [$GPGGA,105956.90,3020.520851,N,12115.992769,E,1,07,0.7,6.7,M,10.0,M,,*6D
01-07 18:59:56.528   755  1105 D GnssHAL_GnssIpcp: ]
01-07 18:59:56.529  1351  1657 I GnssLocationProvider: WakeLock acquired by sendMessage(REPORT_LOCATION, 1, Location[gps 30.342014,121.266546 hAcc=1 et=?!? alt=6.7 vel=0.0 bear=296.1 vAcc=??? sAcc=??? bAcc=???])
01-07 18:59:56.529   755  1105 D GnssHAL_GnssIpcp: utc_year = 2021, utc_mon = 1, utc_day = 7, utc_diff = -28800, flags = 31, latitude = 30.342014, longitude = 121.266546, altitude = 6.700000, speed = 0.000000, bearing = 296.100006, accuracy = 1.000000, timestamp = 1610017196000
01-07 18:59:56.529   755  1105 D GnssHAL_GnssIpcp: frameKey = VTG, parts.size() = 10 [$GPVTG,296.1,T,300.5,M,0.0,N,0.0,K,A*29
01-07 18:59:56.529   755  1105 D GnssHAL_GnssIpcp: ]
01-07 18:59:56.529  1351  1365 I GnssLocationProvider: WakeLock released by handleMessage(REPORT_LOCATION, 1, Location[gps 30.342014,121.266546 hAcc=1 et=+3m36s196ms alt=6.7 vel=0.0 bear=296.1 vAcc=??? sAcc=??? bAcc=??? {Bundle[{satellites=0, maxCn0=0, meanCn0=0}]}])
01-07 18:59:56.530  3176  3554 D XCNaviService: [debug_v9999_dimmenu]<NaviLocationManager [WidgetManager-208]> ====== updateLocation, LocationInfo{latLng=LatLng{latitude=30.342014183333337, longitude=121.26654615000001, coordType='wgs84'}, accuracy=1.0, altitude=6.7, speed=0.0, bearing=296.1, fixTime=1610017196530, lastGeoDecodeLatLng=null, country='', countryCode='null', province='浙江省', city='宁波市', cityCode='180', adcode='', address='在吉利杭州湾研究院附近', formatedAddress='浙江省宁波市在吉利杭州湾研究院附近', geoDecodeTime=0, adname='null'}
01-07 18:59:56.534  1351  1657 I GnssLocationProvider: WakeLock acquired by sendMessage(REPORT_LOCATION, 1, Location[gps 30.342014,121.266546 hAcc=1 et=?!? alt=6.7 vel=0.0 bear=296.1 vAcc=??? sAcc=??? bAcc=???])
01-07 18:59:56.534   755  1105 D GnssHAL_GnssIpcp: utc_year = 2021, utc_mon = 1, utc_day = 7, utc_diff = -28800, flags = 31, latitude = 30.342014, longitude = 121.266546, altitude = 6.700000, speed = 0.000000, bearing = 296.100006, accuracy = 1.000000, timestamp = 1610017196000
01-07 18:59:56.534   755  1105 D GnssHAL_GnssIpcp: frameKey = RMC, parts.size() = 14 [$GPRMC,105956.00,A,3020.520851,N,12115.992769,E,0.0,296.1,070121,4.4,W,A,V*5C
01-07 18:59:56.534   755  1105 D GnssHAL_GnssIpcp: ]
01-07 18:59:56.534  1351  1365 I GnssLocationProvider: WakeLock released by handleMessage(REPORT_LOCATION, 1, Location[gps 30.342014,121.266546 hAcc=1 et=+3m36s201ms alt=6.7 vel=0.0 bear=296.1 vAcc=??? sAcc=??? bAcc=??? {Bundle[{satellites=0, maxCn0=0, meanCn0=0}]}])
01-07 18:59:56.535  1351  1657 I GnssLocationProvider: WakeLock acquired by sendMessage(REPORT_LOCATION, 1, Location[gps 30.342014,121.266546 hAcc=1 et=?!? alt=6.7 vel=0.0 bear=296.1 vAcc=??? sAcc=??? bAcc=???])
01-07 18:59:56.535   755  1105 D GnssHAL_GnssIpcp: utc_year = 2021, utc_mon = 1, utc_day = 7, utc_diff = -28800, flags = 31, latitude = 30.342014, longitude = 121.266546, altitude = 6.700000, speed = 0.000000, bearing = 296.100006, accuracy = 1.000000, timestamp = 1610017196000
01-07 18:59:56.535   755  1105 D GnssHAL_GnssIpcp: frameKey = GSA, parts.size() = 19 [$GPGSA,A,2,01,07,08,16,21,26,27,30,,,,,1.0,0.7,0.7,1*27
01-07 18:59:56.535   755  1105 D GnssHAL_GnssIpcp: ]
01-07 18:59:56.536  1351  1657 I GnssLocationProvider: WakeLock acquired by sendMessage(REPORT_LOCATION, 1, Location[gps 30.342014,121.266546 hAcc=1 et=?!? alt=6.7 vel=0.0 bear=296.1 vAcc=??? sAcc=??? bAcc=???])
01-07 18:59:56.536   755  1105 D GnssHAL_GnssIpcp: utc_year = 2021, utc_mon = 1, utc_day = 7, utc_diff = -28800, flags = 31, latitude = 30.342014, longitude = 121.266546, altitude = 6.700000, speed = 0.000000, bearing = 296.100006, accuracy = 1.000000, timestamp = 1610017196000
01-07 18:59:56.536   755  1105 D GnssHAL_GnssIpcp: frameKey = GSV, parts.size() = 21 [$GPGSV,3,1,11,01,21,181,34,07,43,313,46,08,72,320,37,11,,,33,1*50
01-07 18:59:56.536   755  1105 D GnssHAL_GnssIpcp: ]
01-07 18:59:56.536   755  1105 D GnssHAL_GnssIpcp: frameKey = GSV, parts.size() = 21 [$GPGSV,3,2,11,16,30,071,42,21,45,161,42,26,08,094,40,27,45,033,41,1*67
01-07 18:59:56.536   755  1105 D GnssHAL_GnssIpcp: ]
01-07 18:59:56.536   755  1105 D GnssHAL_GnssIpcp: frameKey = GSV, parts.size() = 17 [$GPGSV,3,3,11,30,12,317,37,39,18,251,35,41,,,33,1*63
01-07 18:59:56.536   755  1105 D GnssHAL_GnssIpcp: ]
01-07 18:59:56.537  1351  1657 I GnssLocationProvider: WakeLock acquired by sendMessage(REPORT_SV_STATUS, 0, com.android.server.location.GnssLocationProvider$SvStatusInfo@f21168f)
01-07 18:59:56.537   764  1178 D libipcp : socket_says_data_received: Sid: 0x78, OpID: 0xc8, Length: 0x18, SendHandleId: 0x78c80586, Version: 0x3, OpType: 0x5, NOTIFICATION, payloadType: 0x1
01-07 18:59:56.537   764  1178 I libipcp : checkOperaiondIdAvailable: checkOperaiondIdAvailable called service_id: 0x78, OpId: 0xc8
01-07 18:59:56.537   764  1178 I libipcp : checkOperaiondIdAvailable: checkOperaiondIdAvailable opid 0xc8 is vaild
01-07 18:59:56.537   755  1105 D GnssHAL_GnssIpcp: sGnssSvStatus.num_svs = 11
01-07 18:59:56.537   764  1164 D libipcp : build_ack_packet: build ACK for Service_id: 0x78, Operation_Id: 0xc8, senderHandleId: 0x78c80586
01-07 18:59:56.537   755  1105 D GnssHAL_GnssIpcp: svid = 1, constellation = 1, c_n0_dbhz = 21.000000, elevation = 181.000000, azimuth = 34.000000
01-07 18:59:56.537   755  1105 D GnssHAL_GnssIpcp: svid = 7, constellation = 1, c_n0_dbhz = 43.000000, elevation = 313.000000, azimuth = 46.000000
01-07 18:59:56.537   764  1162 I libipcp : ipcp_transport_send: fire --> SenderHandleID: 0x78c80586, OperType: ACK, peer.sk_type is 2, peer_ip : 198.18.34.1, peer_port: 50500, length :16
01-07 18:59:56.537   755  1105 D GnssHAL_GnssIpcp: svid = 8, constellation = 1, c_n0_dbhz = 72.000000, elevation = 320.000000, azimuth = 37.000000
01-07 18:59:56.537   755  1105 D GnssHAL_GnssIpcp: svid = 11, constellation = 1, c_n0_dbhz = 0.000000, elevation = 0.000000, azimuth = 33.000000
01-07 18:59:56.537   755  1105 D GnssHAL_GnssIpcp: svid = 16, constellation = 1, c_n0_dbhz = 30.000000, elevation = 71.000000, azimuth = 42.000000
01-07 18:59:56.537   755  1105 D GnssHAL_GnssIpcp: svid = 21, constellation = 1, c_n0_dbhz = 45.000000, elevation = 161.000000, azimuth = 42.000000
01-07 18:59:56.537   755  1105 D GnssHAL_GnssIpcp: svid = 26, constellation = 1, c_n0_dbhz = 8.000000, elevation = 94.000000, azimuth = 40.000000
01-07 18:59:56.537   764  1166 D vehiclehal::EcarxIpcpComm: funtion: received_cb , ip [198.18.34.1] , port = 50500, service = AUDIORADIO, operation_id = 200
01-07 18:59:56.537   755  1105 D GnssHAL_GnssIpcp: svid = 27, constellation = 1, c_n0_dbhz = 45.000000, elevation = 33.000000, azimuth = 41.000000
01-07 18:59:56.537   755  1105 D GnssHAL_GnssIpcp: svid = 30, constellation = 1, c_n0_dbhz = 12.000000, elevation = 317.000000, azimuth = 37.000000
01-07 18:59:56.537   755  1105 D GnssHAL_GnssIpcp: svid = 126, constellation = 2, c_n0_dbhz = 18.000000, elevation = 251.000000, azimuth = 35.000000
01-07 18:59:56.537   755  1105 D GnssHAL_GnssIpcp: svid = 128, constellation = 2, c_n0_dbhz = 0.000000, elevation = 0.000000, azimuth = 33.000000
01-07 18:59:56.538  1351  1365 I GnssLocationProvider: WakeLock released by handleMessage(REPORT_LOCATION, 1, Location[gps 30.342014,121.266546 hAcc=1 et=+3m36s205ms alt=6.7 vel=0.0 bear=296.1 vAcc=??? sAcc=??? bAcc=??? {Bundle[{satellites=0, maxCn0=0, meanCn0=0}]}])
01-07 18:59:56.538   764  1174 D vehiclehal::EcarxIpcpComm: funtion: rxThread , service = AUDIORADIO, operation_id = 200
01-07 18:59:56.538   764  1174 D PAIPCP2VV: convertPAIpcp2VehicleValues, [AudioRadioOpID] ap size 16, vp size 16
01-07 18:59:56.539  1351  1365 I GnssLocationProvider: WakeLock released by handleMessage(REPORT_LOCATION, 1, Location[gps 30.342014,121.266546 hAcc=1 et=+3m36s206ms alt=6.7 vel=0.0 bear=296.1 vAcc=??? sAcc=??? bAcc=??? {Bundle[{satellites=0, maxCn0=0, meanCn0=0}]}])
01-07 18:59:56.544  1351  1365 I GnssLocationProvider: WakeLock released by handleMessage(REPORT_SV_STATUS, 0, com.android.server.location.GnssLocationProvider$SvStatusInfo@f21168f)
01-07 18:59:56.545   783   783 E DisplayDevice: map unknown ((deprecated) sRGB sRGB Full range)/(RenderIntent::COLORIMETRIC) to default color mode
01-07 18:59:56.545   783   783 I chatty  : uid=1000(system) /system/bin/surfaceflinger identical 2 lines
01-07 18:59:56.545   783   783 E DisplayDevice: map unknown ((deprecated) sRGB sRGB Full range)/(RenderIntent::COLORIMETRIC) to default color mode
01-07 18:59:56.545  4110  4110 D CarSignalManager: handleOnChangeEvent ECarXCarPropertyValue{mPropertyId=0x7173 propertyName AsyLineLePahPrmB, mValue=518}
01-07 18:59:56.545  4110  4110 D HUDInteractionImpl: onChangeEvent 7173
01-07 18:59:56.545  4110  4177 D HUDInteractionImpl: handleMessage 4
01-07 18:59:56.545  4110  4110 D CarSignalManager: handleOnChangeEvent ECarXCarPropertyValue{mPropertyId=0x7174 propertyName AsyLineLePahPrmC, mValue=554}
01-07 18:59:56.545  4110  4110 D HUDInteractionImpl: onChangeEvent 7174
01-07 18:59:56.545  4110  4177 D HUDInteractionImpl: updateDataInfo id 7173 value: 1304
01-07 18:59:56.545  4110  4110 D CarSignalManager: handleOnChangeEvent ECarXCarPropertyValue{mPropertyId=0x71c5 propertyName ZZZAsdmSignalEnd, mValue=3b54}
01-07 18:59:56.545  4110  4177 D HUDInteractionImpl: handleMessage 4
01-07 18:59:56.545  4110  4110 D HUDInteractionImpl: onChangeEvent 71c5
01-07 18:59:56.545  4110  4177 D HUDInteractionImpl: updateDataInfo id 7174 value: 1364
01-07 18:59:56.545  4110  4177 D HUDInteractionImpl: handleMessage 4
01-07 18:59:56.546  4110  4177 D HUDInteractionImpl: updateDataInfo id 71c5 value: 15188
01-07 18:59:56.546  4110  4177 D HUDInteractionImpl: handleMessage 2
01-07 18:59:56.546  4110  4177 D HUDInteractionImpl: notifyAdasInfo ADASDrivingAidSyncInfo 功能状态: 0 AEB已经制动 0 前方对象方向 0 前方对象类型 0 前方物件横向距离 1.7763568394002505E-15 前方物件纵向距离 0.0 FCW警告 0
01-07 18:59:56.546  4110  4177 D HUDInteractionImpl: notifyAdasInfo ADASLaneSyncInfo 左一上段：1.990000000000002 -0.04700000000000015 0.009099999999999997 -1.0000000000001327E-6 左一下段 2.740000000000002 -0.29600000000000004 0.03639999999999999 -0.001 右一上段 0.0 0.0 0.0 0.0 右一下段 0.0 0.0 0.0 0.0 左一左起止点 0.0 9.0 左一右起止点 9.0 87.0 右一左起止点 0.0 0.0 右一右起止点 0.0 0.0 压线 0
01-07 18:59:56.546  4110  7712 D V2021010702 EZD Input Status: InputData_Vehicle=true , speed=0.000000, steering_wheel_angle=-0.091797, steering_wheel_angularVel=0.000000
01-07 18:59:56.546  4110  7712 D V2021010702 EZD Input Status: InputData_HUD = true
01-07 18:59:56.546  4110  7712 D V2021010702 EZD Input Status: HUD_button_absolute_pos = 14
01-07 18:59:56.546  4110  7712 D V2021010702 EZD Input Status: InputData_LD=true , warning_status=0
01-07 18:59:56.546  4110  7712 D V2021010702 EZD Input Status: l1:(a,b,c,d)=(-1.990000,0.047000,-0.009100,0.000001),(st,end)=(0,0); l2:(a,b,c,d)=(-2.740000,0.296000,-0.036400,0.001000),(st,end)=(9,9);
01-07 18:59:56.546  4110  7712 D V2021010702 EZD Input Status: r1:(a,b,c,d)=(-0.000000,-0.000000,-0.000000,-0.000000),(st,end)=(0,0); r2:(a,b,c,d)=(-0.000000,-0.000000,-0.000000,-0.000000),(st,end)=(0,0);
01-07 18:59:56.546  4110  7712 D V2021010702 EZD Input Status: InputData_NAVI=true, turn_dist=2056.000000 , lane_direction_type=103
01-07 18:59:56.546  4110  7712 D V2021010702 EZD Output Status: Output_navi=true , naviID=3, (x,y)=(85,6), (W,H)=(315,180), flip=0, status=1
01-07 18:59:56.546  4110  4904 I ARHUDPresenter.java: [ (ARHUDPresenter.java:152)#Subscribe ] inputADASLDInputADASLD{l1_a=1.990000000000002, l1_b=-0.04700000000000015, l1_c=0.009099999999999997, l1_d=-1.0000000000001327E-6, l2_a=2.740000000000002, l2_b=-0.29600000000000004, l2_c=0.03639999999999999, l2_d=-0.001, r1_a=0.0, r1_b=0.0, r1_c=0.0, r1_d=0.0, r2_a=0.0, r2_b=0.0, r2_c=0.0, r2_d=0.0, warning_status=0, detect_start_l1=0.0, detect_end_l1=9.0, detect_start_l2=9.0, detect_end_l2=87.0, detect_start_r2=0.0, detect_end_r2=0.0, detect_start_r1=0.0, detect_end_r1=0.0}
01-07 18:59:56.546  4110  4110 D CarSignalManager: handleOnChangeEvent ECarXCarPropertyValue{mPropertyId=0x7af1 propertyName ZZZVddmSignalEnd, mValue=3b55}
01-07 18:59:56.546  4110  4904 D V2021010702 EZD Input Status: InputData_HUD = true
01-07 18:59:56.546  4110  4110 D HUDInteractionImpl: onChangeEvent 7af1
01-07 18:59:56.546  4110  4904 D V2021010702 EZD Input Status: HUD_button_absolute_pos = 14
01-07 18:59:56.546  4110  4904 D V2021010702 EZD Input Status: InputData_LD=true , warning_status=0
01-07 18:59:56.546  4110  4904 D V2021010702 EZD Input Status: l1:(a,b,c,d)=(-1.990000,0.047000,-0.009100,0.000001),(st,end)=(0,0); l2:(a,b,c,d)=(-2.740000,0.296000,-0.036400,0.001000),(st,end)=(9,9);
01-07 18:59:56.546  4110  4904 D V2021010702 EZD Input Status: r1:(a,b,c,d)=(-0.000000,-0.000000,-0.000000,-0.000000),(st,end)=(0,0); r2:(a,b,c,d)=(-0.000000,-0.000000,-0.000000,-0.000000),(st,end)=(0,0);
01-07 18:59:56.546  4110  4110 D CarSignalManager: handleOnChangeEvent ECarXCarPropertyValue{mPropertyId=0x70f7 propertyName AsyLeSecEnd, mValue=49}
01-07 18:59:56.546  4110  4904 I JniUtils.java: [ (JniUtils.java:66)#InputADASLD ] 道路信息输出成功
01-07 18:59:56.546  4110  4904 D V2021010702 EZD Output Status: Output_ld=true , laneID=1, (start_x,start_y)=(-250,13), (end_x,end_y)=(-81,228), (A,B,C,D)=(0.000011,-0.008238,2.147088,-277.614060), status=1
01-07 18:59:56.546  4110  4904 I JniUtils.java: [ (JniUtils.java:68)#InputADASLD ] ADASLaneInfoBean{LaneID=1, x1=-250, y1=13, x2=-81, y2=228, A=1.132494311066918E-5, B=-0.008238330349213601, C=2.147088181743742, D=-277.6140598199724, status=1}
01-07 18:59:56.546  4110  4177 D HUDInteractionImpl: handleMessage 4
01-07 18:59:56.546  4110  4177 D HUDInteractionImpl: updateDataInfo id 7af1 value: 15189
01-07 18:59:56.547  4110  4868 I ARHUDPresenter.java: [ (ARHUDPresenter.java:125)#Subscribe ] adasLaneInfoBeanInputADASObj{acc_status=0.0, pos_x=1.7763568394002505E-15, pos_z=0.0, direction=0.0, type=9.0, frontType=0.0, warning_status=0.0, aeb_status=0.0}
01-07 18:59:56.547  4110  4868 I ARHUDPresenter.java: [ (ARHUDPresenter.java:126)#Subscribe ] HUDHeight14
01-07 18:59:56.546  4110  4110 D HUDInteractionImpl: onChangeEvent 70f7
01-07 18:59:56.547  4110  4868 E JniUtils.java: [ (JniUtils.java:33)#InputDataAdasObj ] hudHeight高度14.0
01-07 18:59:56.547  4110  4868 D V2021010702 EZD Input Status: InputData_Vehicle=true , speed=0.000000, steering_wheel_angle=-0.091797, steering_wheel_angularVel=0.000000
01-07 18:59:56.547  4110  4177 D HUDInteractionImpl: handleMessage 4
01-07 18:59:56.547  4110  4177 D HUDInteractionImpl: updateDataInfo id 70f7 value: 73
01-07 18:59:56.547  4110  4868 D V2021010702 EZD Input Status: InputData_HUD = true
01-07 18:59:56.547  4110  4868 D V2021010702 EZD Input Status: HUD_button_absolute_pos = 14
01-07 18:59:56.547  4110  4868 D V2021010702 EZD Input Status: InputData_Obj is true. pos_x=0.000000, pos_y=0.000000, frontType=0, direction=0, acc_status=0, type=9, warning_status=0, aeb_status=0
01-07 18:59:56.547  4110  4868 D V2021010702 EZD Input Status: InputData_Obj: acc_gap_set_status=3
01-07 18:59:56.547  4110  4868 D V2021010702 EZD Input Status: InputData_LD=true , warning_status=0
01-07 18:59:56.547  4110  4868 D V2021010702 EZD Input Status: l1:(a,b,c,d)=(-1.990000,0.047000,-0.009100,0.000001),(st,end)=(0,0); l2:(a,b,c,d)=(-2.740000,0.296000,-0.036400,0.001000),(st,end)=(9,9);
01-07 18:59:56.547  4110  4868 D V2021010702 EZD Input Status: r1:(a,b,c,d)=(-0.000000,-0.000000,-0.000000,-0.000000),(st,end)=(0,0); r2:(a,b,c,d)=(-0.000000,-0.000000,-0.000000,-0.000000),(st,end)=(0,0);
01-07 18:59:56.547  4110  4868 I JniUtils.java: [ (JniUtils.java:46)#InputDataAdasObj ] 周边环境对象等输出成功
01-07 18:59:56.547  4110  4868 D V2021010702 EZD Output Status: Output_obj=false , aeb_status = 0 && collision_status == 0 && obj_status == 0 && accGapSet_status == 0 
01-07 18:59:56.547  4110  4110 D CarSignalManager: handleOnChangeEvent ECarXCarPropertyValue{mPropertyId=0x7173 propertyName AsyLineLePahPrmB, mValue=519}
01-07 18:59:56.548  4110  4110 D HUDInteractionImpl: onChangeEvent 7173
01-07 18:59:56.548  4110  4110 D CarSignalManager: handleOnChangeEvent ECarXCarPropertyValue{mPropertyId=0x71c5 propertyName ZZZAsdmSignalEnd, mValue=3b56}
01-07 18:59:56.548  4110  4868 I JniUtils.java: [ (JniUtils.java:48)#InputDataAdasObj ] ADASWarningInfoBean{objID=0, obj_x=0, obj_y=0, obj_status=0, obj_width=0, collisionID=0, conllision_x=0, conllision_y=0, collision_status=0, aebID=0, aeb_x=0, aeb_y=0, aeb_status=0, aebFrame_x=0, aebFrame_y=0, aebFrame_status=0, accGapSet_ID=0, accGapSet_x=0, accGapSet_y=0, accGapSet_width=0, accGapSet_flip=0, accGapSet_status=0}
01-07 18:59:56.548  4110  4110 D HUDInteractionImpl: onChangeEvent 71c5
01-07 18:59:56.548  4110  4177 D HUDInteractionImpl: handleMessage 4
01-07 18:59:56.548  4110  4868 I ARHUDPresenter.java: [ (ARHUDPresenter.java:130)#Subscribe ] adasWarningInfoBeanADASWarningInfoBean{objID=0, obj_x=0, obj_y=0, obj_status=0, obj_width=0, collisionID=0, conllision_x=0, conllision_y=0, collision_status=0, aebID=0, aeb_x=0, aeb_y=0, aeb_status=0, aebFrame_x=0, aebFrame_y=0, aebFrame_status=0, accGapSet_ID=0, accGapSet_x=0, accGapSet_y=0, accGapSet_width=0, accGapSet_flip=0, accGapSet_status=0}
01-07 18:59:56.548  4110  4177 D HUDInteractionImpl: updateDataInfo id 7173 value: 1305
01-07 18:59:56.548  4110  4177 D HUDInteractionImpl: handleMessage 4
01-07 18:59:56.548  4110  4177 D HUDInteractionImpl: updateDataInfo id 71c5 value: 15190
01-07 18:59:56.548  4110  4110 I ARHUDPresenter.java: [ (ARHUDPresenter.java:164)#Accept ] ADASLaneInfoBeanADASLaneInfoBean{LaneID=1, x1=-250, y1=13, x2=-81, y2=228, A=1.132494311066918E-5, B=-0.008238330349213601, C=2.147088181743742, D=-277.6140598199724, status=1}
01-07 18:59:56.548  4110  4177 D HUDInteractionImpl: handleMessage 2
01-07 18:59:56.548  4110  4177 D HUDInteractionImpl: notifyAdasInfo ADASDrivingAidSyncInfo 功能状态: 0 AEB已经制动 0 前方对象方向 0 前方对象类型 0 前方物件横向距离 1.7763568394002505E-15 前方物件纵向距离 0.0 FCW警告 0
01-07 18:59:56.548  4110  4110 E ADASLD  : [ (ARHUDPresenter.java:166)#Accept ] 压线了
01-07 18:59:56.548  4110  4177 D HUDInteractionImpl: notifyAdasInfo ADASLaneSyncInfo 左一上段：1.990000000000002 -0.04700000000000015 0.009099999999999997 -1.0000000000001327E-6 左一下段 2.740000000000002 -0.29500000000000015 0.03639999999999999 -0.001 右一上段 0.0 0.0 0.0 0.0 右一下段 0.0 0.0 0.0 0.0 左一左起止点 0.0 9.0 左一右起止点 9.0 43.0 右一左起止点 0.0 0.0 右一右起止点 0.0 0.0 压线 0
01-07 18:59:56.548  4110  4110 E ARHUDFragment.java: [ (ARHUDFragment.java:240)#DrawCrimpingWarning ] 绘制的线的坐标为ADASLaneInfoBean{LaneID=1, x1=-250, y1=13, x2=-81, y2=228, A=1.132494311066918E-5, B=-0.008238330349213601, C=2.147088181743742, D=-277.6140598199724, status=1}
01-07 18:59:56.548  4110  4110 E LanePressureLineView.java: [ (LanePressureLineView.java:73)#AddData ] 压线坐标点数据为0.0,136.73514,273.47028,136.73514,0.0,22.5,0.0,22.5,45.0,22.5,
01-07 18:59:56.548  4110  7713 I ARHUDPresenter.java: [ (ARHUDPresenter.java:125)#Subscribe ] adasLaneInfoBeanInputADASObj{acc_status=0.0, pos_x=1.7763568394002505E-15, pos_z=0.0, direction=0.0, type=9.0, frontType=0.0, warning_status=0.0, aeb_status=0.0}
01-07 18:59:56.548  4110  4110 E ARHUDFragment.java: [ (ARHUDFragment.java:255)#DrawCrimpingWarning ] 度数为：-51.83100594935153
01-07 18:59:56.548  4110  7713 I ARHUDPresenter.java: [ (ARHUDPresenter.java:126)#Subscribe ] HUDHeight14
01-07 18:59:56.548  4110  4864 I ARHUDPresenter.java: [ (ARHUDPresenter.java:152)#Subscribe ] inputADASLDInputADASLD{l1_a=1.990000000000002, l1_b=-0.04700000000000015, l1_c=0.009099999999999997, l1_d=-1.0000000000001327E-6, l2_a=2.740000000000002, l2_b=-0.29500000000000015, l2_c=0.03639999999999999, l2_d=-0.001, r1_a=0.0, r1_b=0.0, r1_c=0.0, r1_d=0.0, r2_a=0.0, r2_b=0.0, r2_c=0.0, r2_d=0.0, warning_status=0, detect_start_l1=0.0, detect_end_l1=9.0, detect_start_l2=9.0, detect_end_l2=43.0, detect_start_r2=0.0, detect_end_r2=0.0, detect_start_r1=0.0, detect_end_r1=0.0}
01-07 18:59:56.548  4110  7713 E JniUtils.java: [ (JniUtils.java:33)#InputDataAdasObj ] hudHeight高度14.0
01-07 18:59:56.548  4110  7713 D V2021010702 EZD Input Status: InputData_Vehicle=true , speed=0.000000, steering_wheel_angle=-0.091797, steering_wheel_angularVel=0.000000
01-07 18:59:56.548  4110  4864 D V2021010702 EZD Input Status: InputData_HUD = true
01-07 18:59:56.548  4110  7713 D V2021010702 EZD Input Status: InputData_HUD = true
01-07 18:59:56.548  4110  7713 D V2021010702 EZD Input Status: HUD_button_absolute_pos = 14
01-07 18:59:56.548  4110  7713 D V2021010702 EZD Input Status: InputData_Obj is true. pos_x=0.000000, pos_y=0.000000, frontType=0, direction=0, acc_status=0, type=9, warning_status=0, aeb_status=0
01-07 18:59:56.548  4110  7713 D V2021010702 EZD Input Status: InputData_Obj: acc_gap_set_status=3
01-07 18:59:56.548  4110  4864 D V2021010702 EZD Input Status: HUD_button_absolute_pos = 14
01-07 18:59:56.548  4110  7713 D V2021010702 EZD Input Status: InputData_LD=true , warning_status=0
01-07 18:59:56.548  4110  7713 D V2021010702 EZD Input Status: l1:(a,b,c,d)=(-1.990000,0.047000,-0.009100,0.000001),(st,end)=(0,0); l2:(a,b,c,d)=(-2.740000,0.295000,-0.036400,0.001000),(st,end)=(9,9);
01-07 18:59:56.548  4110  4864 D V2021010702 EZD Input Status: InputData_LD=true , warning_status=0
01-07 18:59:56.548  4110  7713 D V2021010702 EZD Input Status: r1:(a,b,c,d)=(-0.000000,-0.000000,-0.000000,-0.000000),(st,end)=(0,0); r2:(a,b,c,d)=(-0.000000,-0.000000,-0.000000,-0.000000),(st,end)=(0,0);
01-07 18:59:56.548  4110  4864 D V2021010702 EZD Input Status: l1:(a,b,c,d)=(-1.990000,0.047000,-0.009100,0.000001),(st,end)=(0,0); l2:(a,b,c,d)=(-2.740000,0.295000,-0.036400,0.001000),(st,end)=(9,9);
01-07 18:59:56.548  4110  4864 D V2021010702 EZD Input Status: r1:(a,b,c,d)=(-0.000000,-0.000000,-0.000000,-0.000000),(st,end)=(0,0); r2:(a,b,c,d)=(-0.000000,-0.000000,-0.000000,-0.000000),(st,end)=(0,0);
01-07 18:59:56.548  4110  7713 I JniUtils.java: [ (JniUtils.java:46)#InputDataAdasObj ] 周边环境对象等输出成功
01-07 18:59:56.548  4110  7713 D V2021010702 EZD Output Status: Output_obj=false , aeb_status = 0 && collision_status == 0 && obj_status == 0 && accGapSet_status == 0 
01-07 18:59:56.548  4110  7713 I JniUtils.java: [ (JniUtils.java:48)#InputDataAdasObj ] ADASWarningInfoBean{objID=0, obj_x=0, obj_y=0, obj_status=0, obj_width=0, collisionID=0, conllision_x=0, conllision_y=0, collision_status=0, aebID=0, aeb_x=0, aeb_y=0, aeb_status=0, aebFrame_x=0, aebFrame_y=0, aebFrame_status=0, accGapSet_ID=0, accGapSet_x=0, accGapSet_y=0, accGapSet_width=0, accGapSet_flip=0, accGapSet_status=0}
01-07 18:59:56.549  4110  4864 I JniUtils.java: [ (JniUtils.java:66)#InputADASLD ] 道路信息输出成功
01-07 18:59:56.549  4110  7713 I ARHUDPresenter.java: [ (ARHUDPresenter.java:130)#Subscribe ] adasWarningInfoBeanADASWarningInfoBean{objID=0, obj_x=0, obj_y=0, obj_status=0, obj_width=0, collisionID=0, conllision_x=0, conllision_y=0, collision_status=0, aebID=0, aeb_x=0, aeb_y=0, aeb_status=0, aebFrame_x=0, aebFrame_y=0, aebFrame_status=0, accGapSet_ID=0, accGapSet_x=0, accGapSet_y=0, accGapSet_width=0, accGapSet_flip=0, accGapSet_status=0}
01-07 18:59:56.549  4110  4864 D V2021010702 EZD Output Status: Output_ld=true , laneID=1, (start_x,start_y)=(-250,13), (end_x,end_y)=(-81,228), (A,B,C,D)=(0.000011,-0.008238,2.147088,-277.614060), status=1
01-07 18:59:56.549  4110  4864 I JniUtils.java: [ (JniUtils.java:68)#InputADASLD ] ADASLaneInfoBean{LaneID=1, x1=-250, y1=13, x2=-81, y2=228, A=1.132494311066918E-5, B=-0.008238330349213601, C=2.147088181743742, D=-277.6140598199724, status=1}
01-07 18:59:56.549  4110  4110 E LanePressureLineView.java: [ (LanePressureLineView.java:139)#OnDraw ] 我现在在绘制
01-07 18:59:56.549  4110  4110 E LanePressureLineView.java: [ (LanePressureLineView.java:141)#OnDraw ] 绘制完毕
01-07 18:59:56.549  4110  4869 D V2021010702 EZD Input Status: InputData_Vehicle=true , speed=0.000000, steering_wheel_angle=-0.091797, steering_wheel_angularVel=0.000000
01-07 18:59:56.550  4110  4869 D V2021010702 EZD Input Status: InputData_HUD = true
01-07 18:59:56.550  4110  4869 D V2021010702 EZD Input Status: HUD_button_absolute_pos = 14
01-07 18:59:56.550  4110  4869 D V2021010702 EZD Input Status: InputData_LD=true , warning_status=0
01-07 18:59:56.550  4110  4869 D V2021010702 EZD Input Status: l1:(a,b,c,d)=(-1.990000,0.047000,-0.009100,0.000001),(st,end)=(0,0); l2:(a,b,c,d)=(-2.740000,0.295000,-0.036400,0.001000),(st,end)=(9,9);
01-07 18:59:56.550  4110  4869 D V2021010702 EZD Input Status: r1:(a,b,c,d)=(-0.000000,-0.000000,-0.000000,-0.000000),(st,end)=(0,0); r2:(a,b,c,d)=(-0.000000,-0.000000,-0.000000,-0.000000),(st,end)=(0,0);
01-07 18:59:56.550  4110  4869 D V2021010702 EZD Input Status: InputData_NAVI=true, turn_dist=2056.000000 , lane_direction_type=103
01-07 18:59:56.550  4110  4869 D V2021010702 EZD Output Status: Output_navi=true , naviID=3, (x,y)=(85,6), (W,H)=(315,180), flip=0, status=1
01-07 18:59:56.550   764  1178 D libipcp : socket_says_data_received: Sid: 0x2c, OpID: 0x1d, Length: 0x129, SendHandleId: 0x2c1d057e, Version: 0x3, OpType: 0x5, NOTIFICATION, payloadType: 0x1
01-07 18:59:56.550   764  1178 I libipcp : checkOperaiondIdAvailable: checkOperaiondIdAvailable called service_id: 0x2c, OpId: 0x1d
01-07 18:59:56.550   764  1178 I libipcp : checkOperaiondIdAvailable: checkOperaiondIdAvailable opid 0x1d is vaild
01-07 18:59:56.550   764  1164 D libipcp : build_ack_packet: build ACK for Service_id: 0x2c, Operation_Id: 0x1d, senderHandleId: 0x2c1d057e
01-07 18:59:56.550   764  1162 I libipcp : ipcp_transport_send: fire --> SenderHandleID: 0x2c1d057e, OperType: ACK, peer.sk_type is 2, peer_ip : 198.18.34.1, peer_port: 50500, length :16
01-07 18:59:56.550   764  1166 D vehiclehal::EcarxIpcpComm: funtion: received_cb , ip [198.18.34.1] , port = 50500, service = VDDM, operation_id = 29
01-07 18:59:56.551  2637  3466 E ShellManager: Communications error: java.io.IOException: No such file or directory
01-07 18:59:56.551  2637  3466 E ShellManager: Error2 in NativeDaemonConnector: java.io.IOException: No such file or directory
01-07 18:59:56.552   764  1174 D vehiclehal::EcarxIpcpComm: funtion: rxThread , service = VDDM, operation_id = 29
01-07 18:59:56.552   764  1174 D IPCP2VV : convertIpcp2VehicleValues, [VDDMNotificationOpID] ap size 289, vp size 289
01-07 18:59:56.556   714  3875 F [ESIS][FATAL] ref-detecter.cc:347: GET_REF seq not match:24716 -1 0
01-07 18:59:56.556   714  3890 F [ESIS][FATAL] ref-detecter.cc:347: GET_REF seq not match:24716 -1 0
01-07 18:59:56.557   714  3890 E [EAKS][ERROR] aks-engine.cc:373: no keyword set yet.
01-07 18:59:56.557   714  3875 E [EAKS][ERROR] aks-engine.cc:373: no keyword set yet.
01-07 18:59:56.575   764  1178 D libipcp : socket_says_data_received: Sid: 0x1f, OpID: 0x51, Length: 0x10a, SendHandleId: 0x1f510521, Version: 0x3, OpType: 0x5, NOTIFICATION, payloadType: 0x1
01-07 18:59:56.575   764  1178 I libipcp : checkOperaiondIdAvailable: checkOperaiondIdAvailable called service_id: 0x1f, OpId: 0x51
01-07 18:59:56.575   764  1178 I libipcp : checkOperaiondIdAvailable: checkOperaiondIdAvailable opid 0x51 is vaild
01-07 18:59:56.575   764  1164 D libipcp : build_ack_packet: build ACK for Service_id: 0x1f, Operation_Id: 0x51, senderHandleId: 0x1f510521
01-07 18:59:56.576   764  1162 I libipcp : ipcp_transport_send: fire --> SenderHandleID: 0x1f510521, OperType: ACK, peer.sk_type is 2, peer_ip : 198.18.34.1, peer_port: 50500, length :16
01-07 18:59:56.576   764  1166 D vehiclehal::EcarxIpcpComm: funtion: received_cb , ip [198.18.34.1] , port = 50500, service = ASDM, operation_id = 81
01-07 18:59:56.577   764  1174 D vehiclehal::EcarxIpcpComm: funtion: rxThread , service = ASDM, operation_id = 81
01-07 18:59:56.577   764  1178 D libipcp : socket_says_data_received: Sid: 0x25, OpID: 0x20, Length: 0x89, SendHandleId: 0x2520052c, Version: 0x3, OpType: 0x5, NOTIFICATION, payloadType: 0x1
01-07 18:59:56.577   764  1174 D IPCP2VV : convertIpcp2VehicleValues, [ASDMNotificationOpID] ap size 258, vp size 258
01-07 18:59:56.577   764  1178 I libipcp : checkOperaiondIdAvailable: checkOperaiondIdAvailable called service_id: 0x25, OpId: 0x20
01-07 18:59:56.577   764  1178 I libipcp : checkOperaiondIdAvailable: checkOperaiondIdAvailable opid 0x20 is vaild
01-07 18:59:56.577   764  1164 D libipcp : build_ack_packet: build ACK for Service_id: 0x25, Operation_Id: 0x20, senderHandleId: 0x2520052c
01-07 18:59:56.577   764  1162 I libipcp : ipcp_transport_send: fire --> SenderHandleID: 0x2520052c, OperType: ACK, peer.sk_type is 2, peer_ip : 198.18.34.1, peer_port: 50500, length :16
01-07 18:59:56.577   764  1166 D vehiclehal::EcarxIpcpComm: funtion: received_cb , ip [198.18.34.1] , port = 50500, service = DIM, operation_id = 32
01-07 18:59:56.578  4110  4110 D CarSignalManager: handleOnChangeEvent ECarXCarPropertyValue{mPropertyId=0x7af1 propertyName ZZZVddmSignalEnd, mValue=3b58}
01-07 18:59:56.578  4110  4110 D HUDInteractionImpl: onChangeEvent 7af1
01-07 18:59:56.578  4110  4110 D CarSignalManager: handleOnChangeEvent ECarXCarPropertyValue{mPropertyId=0x7af1 propertyName ZZZVddmSignalEnd, mValue=3b59}
01-07 18:59:56.578  4110  4110 D HUDInteractionImpl: onChangeEvent 7af1
01-07 18:59:56.578  4110  4177 D HUDInteractionImpl: handleMessage 4
01-07 18:59:56.578   783   783 E DisplayDevice: map unknown ((deprecated) sRGB sRGB Full range)/(RenderIntent::COLORIMETRIC) to default color mode
01-07 18:59:56.578  4110  4177 D HUDInteractionImpl: updateDataInfo id 7af1 value: 15192
01-07 18:59:56.578   783   783 E DisplayDevice: map unknown ((deprecated) sRGB sRGB Full range)/(RenderIntent::COLORIMETRIC) to default color mode
01-07 18:59:56.578   783   783 I chatty  : uid=1000(system) /system/bin/surfaceflinger identical 1 line
01-07 18:59:56.578   783   783 E DisplayDevice: map unknown ((deprecated) sRGB sRGB Full range)/(RenderIntent::COLORIMETRIC) to default color mode
01-07 18:59:56.578  4110  4177 D HUDInteractionImpl: handleMessage 4
01-07 18:59:56.578  4110  4177 D HUDInteractionImpl: updateDataInfo id 7af1 value: 15193
01-07 18:59:56.580  4110  4110 I ARHUDPresenter.java: [ (ARHUDPresenter.java:164)#Accept ] ADASLaneInfoBeanADASLaneInfoBean{LaneID=1, x1=-250, y1=13, x2=-81, y2=228, A=1.132494311066918E-5, B=-0.008238330349213601, C=2.147088181743742, D=-277.6140598199724, status=1}
01-07 18:59:56.580  4110  4110 E ADASLD  : [ (ARHUDPresenter.java:166)#Accept ] 压线了
01-07 18:59:56.580  4110  4110 E ARHUDFragment.java: [ (ARHUDFragment.java:240)#DrawCrimpingWarning ] 绘制的线的坐标为ADASLaneInfoBean{LaneID=1, x1=-250, y1=13, x2=-81, y2=228, A=1.132494311066918E-5, B=-0.008238330349213601, C=2.147088181743742, D=-277.6140598199724, status=1}
01-07 18:59:56.580   764  1174 D vehiclehal::EcarxIpcpComm: funtion: rxThread , service = DIM, operation_id = 32
01-07 18:59:56.580   764  1174 D IPCP2VV : convertIpcp2VehicleValues, [DIMNotificationOpID] ap size 129, vp size 129
01-07 18:59:56.580  4110  4110 E LanePressureLineView.java: [ (LanePressureLineView.java:73)#AddData ] 压线坐标点数据为0.0,136.73514,273.47028,136.73514,0.0,22.5,0.0,22.5,45.0,22.5,
01-07 18:59:56.580  4110  4110 E ARHUDFragment.java: [ (ARHUDFragment.java:255)#DrawCrimpingWarning ] 度数为：-51.83100594935153
01-07 18:59:56.580  4110  4110 I ARHUDPresenter.java: [ (ARHUDPresenter.java:164)#Accept ] ADASLaneInfoBeanADASLaneInfoBean{LaneID=1, x1=-250, y1=13, x2=-81, y2=228, A=1.132494311066918E-5, B=-0.008238330349213601, C=2.147088181743742, D=-277.6140598199724, status=1}
01-07 18:59:56.580  4110  4110 E ADASLD  : [ (ARHUDPresenter.java:166)#Accept ] 压线了
01-07 18:59:56.580  4110  4110 E ARHUDFragment.java: [ (ARHUDFragment.java:240)#DrawCrimpingWarning ] 绘制的线的坐标为ADASLaneInfoBean{LaneID=1, x1=-250, y1=13, x2=-81, y2=228, A=1.132494311066918E-5, B=-0.008238330349213601, C=2.147088181743742, D=-277.6140598199724, status=1}
01-07 18:59:56.580  4110  4110 E LanePressureLineView.java: [ (LanePressureLineView.java:73)#AddData ] 压线坐标点数据为0.0,136.73514,273.47028,136.73514,0.0,22.5,0.0,22.5,45.0,22.5,
01-07 18:59:56.580  4110  4110 E ARHUDFragment.java: [ (ARHUDFragment.java:255)#DrawCrimpingWarning ] 度数为：-51.83100594935153
01-07 18:59:56.581   764  1178 D libipcp : socket_says_data_received: Sid: 0x2c, OpID: 0x1d, Length: 0x129, SendHandleId: 0x2c1d057f, Version: 0x3, OpType: 0x5, NOTIFICATION, payloadType: 0x1
01-07 18:59:56.582   764  1178 I libipcp : checkOperaiondIdAvailable: checkOperaiondIdAvailable called service_id: 0x2c, OpId: 0x1d
01-07 18:59:56.582   764  1178 I libipcp : checkOperaiondIdAvailable: checkOperaiondIdAvailable opid 0x1d is vaild
01-07 18:59:56.582  4110  4110 E LanePressureLineView.java: [ (LanePressureLineView.java:139)#OnDraw ] 我现在在绘制
01-07 18:59:56.582   764  1164 D libipcp : build_ack_packet: build ACK for Service_id: 0x2c, Operation_Id: 0x1d, senderHandleId: 0x2c1d057f
01-07 18:59:56.582   764  1162 I libipcp : ipcp_transport_send: fire --> SenderHandleID: 0x2c1d057f, OperType: ACK, peer.sk_type is 2, peer_ip : 198.18.34.1, peer_port: 50500, length :16
01-07 18:59:56.582   764  1166 D vehiclehal::EcarxIpcpComm: funtion: received_cb , ip [198.18.34.1] , port = 50500, service = VDDM, operation_id = 29
01-07 18:59:56.582   764  1178 D libipcp : socket_says_data_received: Sid: 0x6e, OpID: 0xc8, Length: 0x2d0, SendHandleId: 0x6ec805dc, Version: 0x3, OpType: 0x5, NOTIFICATION, payloadType: 0x1
01-07 18:59:56.582   764  1178 I libipcp : checkOperaiondIdAvailable: checkOperaiondIdAvailable called service_id: 0x6e, OpId: 0xc8
01-07 18:59:56.582   764  1178 I libipcp : checkOperaiondIdAvailable: checkOperaiondIdAvailable opid 0xc8 is vaild
01-07 18:59:56.582   764  1164 D libipcp : build_ack_packet: build ACK for Service_id: 0x6e, Operation_Id: 0xc8, senderHandleId: 0x6ec805dc
01-07 18:59:56.582   764  1162 I libipcp : ipcp_transport_send: fire --> SenderHandleID: 0x6ec805dc, OperType: ACK, peer.sk_type is 2, peer_ip : 198.18.34.1, peer_port: 50500, length :16
01-07 18:59:56.582  4110  4110 E LanePressureLineView.java: [ (LanePressureLineView.java:141)#OnDraw ] 绘制完毕
01-07 18:59:56.582   764  1167 D vehiclehal::EcarxIpcpComm: funtion: received_cb , ip [198.18.34.1] , port = 50500, service = PHEV, operation_id = 200
01-07 18:59:56.583   764  1174 D vehiclehal::EcarxIpcpComm: funtion: rxThread , service = VDDM, operation_id = 29
01-07 18:59:56.583   764  1174 D IPCP2VV : convertIpcp2VehicleValues, [VDDMNotificationOpID] ap size 289, vp size 289
01-07 18:59:56.585   764  1174 D vehiclehal::EcarxIpcpComm: funtion: rxThread , service = PHEV, operation_id = 200
01-07 18:59:56.585   764  1174 D PAIPCP2VV: convertPAIpcp2VehicleValues, [PHEVOpID] ap size 712, vp size 712
01-07 18:59:56.586   714  3875 F [ESIS][FATAL] ref-detecter.cc:347: GET_REF seq not match:24720 -1 0
01-07 18:59:56.586   714  3890 F [ESIS][FATAL] ref-detecter.cc:347: GET_REF seq not match:24720 -1 0
01-07 18:59:56.586   714  3890 E [EAKS][ERROR] aks-engine.cc:373: no keyword set yet.
01-07 18:59:56.586   714  3875 E [EAKS][ERROR] aks-engine.cc:373: no keyword set yet.
01-07 18:59:56.598  3526 10306 D AlarmPingSender: Unregister alarmreceiver to MqttServiceT56205_Ecarx
01-07 18:59:56.599  3526  3526 E QLog    : MQTTTask$3: connectionLost() [0] - Connection lost (32109) - java.io.EOFException
01-07 18:59:56.600  3526  3526 I QLog    : MQTTTask: gy() [45] - MQTT当前网络名称：Ethernet
01-07 18:59:56.605   764  1178 D libipcp : socket_says_data_received: Sid: 0x2c, OpID: 0x1d, Length: 0x129, SendHandleId: 0x2c1d0580, Version: 0x3, OpType: 0x5, NOTIFICATION, payloadType: 0x1
01-07 18:59:56.605   764  1178 I libipcp : checkOperaiondIdAvailable: checkOperaiondIdAvailable called service_id: 0x2c, OpId: 0x1d
01-07 18:59:56.605   764  1178 I libipcp : checkOperaiondIdAvailable: checkOperaiondIdAvailable opid 0x1d is vaild
01-07 18:59:56.605   764  1164 D libipcp : build_ack_packet: build ACK for Service_id: 0x2c, Operation_Id: 0x1d, senderHandleId: 0x2c1d0580
01-07 18:59:56.605   764  1162 I libipcp : ipcp_transport_send: fire --> SenderHandleID: 0x2c1d0580, OperType: ACK, peer.sk_type is 2, peer_ip : 198.18.34.1, peer_port: 50500, length :16
01-07 18:59:56.606   764  1166 D vehiclehal::EcarxIpcpComm: funtion: received_cb , ip [198.18.34.1] , port = 50500, service = VDDM, operation_id = 29
01-07 18:59:56.608   764  1174 D vehiclehal::EcarxIpcpComm: funtion: rxThread , service = VDDM, operation_id = 29
01-07 18:59:56.608   764  1174 D IPCP2VV : convertIpcp2VehicleValues, [VDDMNotificationOpID] ap size 289, vp size 289
01-07 18:59:56.611   783   783 E DisplayDevice: map unknown ((deprecated) sRGB sRGB Full range)/(RenderIntent::COLORIMETRIC) to default color mode
01-07 18:59:56.611  4110  4110 D CarSignalManager: handleOnChangeEvent ECarXCarPropertyValue{mPropertyId=0x7af1 propertyName ZZZVddmSignalEnd, mValue=3b5a}
01-07 18:59:56.611  4110  4110 D HUDInteractionImpl: onChangeEvent 7af1
01-07 18:59:56.611   783   783 E DisplayDevice: map unknown ((deprecated) sRGB sRGB Full range)/(RenderIntent::COLORIMETRIC) to default color mode
01-07 18:59:56.611   783   783 I chatty  : uid=1000(system) /system/bin/surfaceflinger identical 1 line
01-07 18:59:56.611   783   783 E DisplayDevice: map unknown ((deprecated) sRGB sRGB Full range)/(RenderIntent::COLORIMETRIC) to default color mode
01-07 18:59:56.611  4110  4177 D HUDInteractionImpl: handleMessage 4
01-07 18:59:56.611  4110  4177 D HUDInteractionImpl: updateDataInfo id 7af1 value: 15194
