01-07 18:59:56.011  4110  4177 D HUDInteractionImpl: handleMessage 4
01-07 18:59:56.011  4110  4110 D CarSignalManager: handleOnChangeEvent ECarXCarPropertyValue{mPropertyId=0x7af1 propertyName ZZZVddmSignalEnd, mValue=3b33}
01-07 18:59:56.011  4110  4177 D HUDInteractionImpl: updateDataInfo id 71c5 value: 15154
01-07 18:59:56.011  4110  4110 D HUDInteractionImpl: onChangeEvent 7af1
01-07 18:59:56.011  4110  4177 D HUDInteractionImpl: handleMessage 2
01-07 18:59:56.011  4110  4177 D HUDInteractionImpl: notifyAdasInfo ADASDrivingAidSyncInfo 功能状态: 0 AEB已经制动 0 前方对象方向 0 前方对象类型 0 前方物件横向距离 1.7763568394002505E-15 前方物件纵向距离 0.0 FCW警告 0
01-07 18:59:56.011  4110  4177 D HUDInteractionImpl: notifyAdasInfo ADASLaneSyncInfo 左一上段：1.990000000000002 -0.04700000000000015 0.008999999999999994 -1.0000000000001327E-6 左一下段 2.740000000000002 -0.29500000000000015 0.0363 -0.001 右一上段 0.0 0.0 0.0 0.0 右一下段 0.0 0.0 0.0 0.0 左一左起止点 0.0 9.0 左一右起止点 9.0 67.0 右一左起止点 0.0 0.0 右一右起止点 0.0 0.0 压线 0
01-07 18:59:56.012  4110  4177 D HUDInteractionImpl: handleMessage 4
01-07 18:59:56.012  4110  4177 D HUDInteractionImpl: updateDataInfo id 7af1 value: 15155
01-07 18:59:56.012  4110  7712 D V2021010702 EZD Input Status: InputData_Vehicle=true , speed=0.000000, steering_wheel_angle=-0.091797, steering_wheel_angularVel=0.000000
01-07 18:59:56.012  4110  7712 D V2021010702 EZD Input Status: InputData_HUD = true
01-07 18:59:56.012  4110  7712 D V2021010702 EZD Input Status: HUD_button_absolute_pos = 14
01-07 18:59:56.012  4110  7712 D V2021010702 EZD Input Status: InputData_LD=true , warning_status=0
01-07 18:59:56.012  4110  7712 D V2021010702 EZD Input Status: l1:(a,b,c,d)=(-1.990000,0.047000,-0.009000,0.000001),(st,end)=(0,0); l2:(a,b,c,d)=(-2.740000,0.295000,-0.036300,0.001000),(st,end)=(9,9);
01-07 18:59:56.012  4110  7712 D V2021010702 EZD Input Status: r1:(a,b,c,d)=(-0.000000,-0.000000,-0.000000,-0.000000),(st,end)=(0,0); r2:(a,b,c,d)=(-0.000000,-0.000000,-0.000000,-0.000000),(st,end)=(0,0);
01-07 18:59:56.012  4110  7712 D V2021010702 EZD Input Status: InputData_NAVI=true, turn_dist=2056.000000 , lane_direction_type=103
01-07 18:59:56.012  4110  7712 D V2021010702 EZD Output Status: Output_navi=true , naviID=3, (x,y)=(85,6), (W,H)=(315,180), flip=0, status=1
01-07 18:59:56.012  4110  4904 I ARHUDPresenter.java: [ (ARHUDPresenter.java:152)#Subscribe ] inputADASLDInputADASLD{l1_a=1.990000000000002, l1_b=-0.04700000000000015, l1_c=0.008999999999999994, l1_d=-1.0000000000001327E-6, l2_a=2.740000000000002, l2_b=-0.29500000000000015, l2_c=0.0363, l2_d=-0.001, r1_a=0.0, r1_b=0.0, r1_c=0.0, r1_d=0.0, r2_a=0.0, r2_b=0.0, r2_c=0.0, r2_d=0.0, warning_status=0, detect_start_l1=0.0, detect_end_l1=9.0, detect_start_l2=9.0, detect_end_l2=67.0, detect_start_r2=0.0, detect_end_r2=0.0, detect_start_r1=0.0, detect_end_r1=0.0}
01-07 18:59:56.012  4110  4904 D V2021010702 EZD Input Status: InputData_HUD = true
01-07 18:59:56.012  4110  4904 D V2021010702 EZD Input Status: HUD_button_absolute_pos = 14
01-07 18:59:56.012  4110  4904 D V2021010702 EZD Input Status: InputData_LD=true , warning_status=0
01-07 18:59:56.012  4110  4904 D V2021010702 EZD Input Status: l1:(a,b,c,d)=(-1.990000,0.047000,-0.009000,0.000001),(st,end)=(0,0); l2:(a,b,c,d)=(-2.740000,0.295000,-0.036300,0.001000),(st,end)=(9,9);
01-07 18:59:56.012  4110  4904 D V2021010702 EZD Input Status: r1:(a,b,c,d)=(-0.000000,-0.000000,-0.000000,-0.000000),(st,end)=(0,0); r2:(a,b,c,d)=(-0.000000,-0.000000,-0.000000,-0.000000),(st,end)=(0,0);
01-07 18:59:56.012  4110  4904 I JniUtils.java: [ (JniUtils.java:66)#InputADASLD ] 道路信息输出成功
01-07 18:59:56.012  4110  4904 D V2021010702 EZD Output Status: Output_ld=true , laneID=1, (start_x,start_y)=(-243,13), (end_x,end_y)=(-78,228), (A,B,C,D)=(0.000011,-0.008147,2.118408,-270.427874), status=1
01-07 18:59:56.013  4110  4904 I JniUtils.java: [ (JniUtils.java:68)#InputADASLD ] ADASLaneInfoBean{LaneID=1, x1=-243, y1=13, x2=-78, y2=228, A=1.1199298738047326E-5, B=-0.00814702033722865, C=2.1184082809467597, D=-270.42787396180006, status=1}
01-07 18:59:56.014  4110  4868 I ARHUDPresenter.java: [ (ARHUDPresenter.java:125)#Subscribe ] adasLaneInfoBeanInputADASObj{acc_status=0.0, pos_x=1.7763568394002505E-15, pos_z=0.0, direction=0.0, type=9.0, frontType=0.0, warning_status=0.0, aeb_status=0.0}
01-07 18:59:56.014  4110  4868 I ARHUDPresenter.java: [ (ARHUDPresenter.java:126)#Subscribe ] HUDHeight14
01-07 18:59:56.014  4110  4868 E JniUtils.java: [ (JniUtils.java:33)#InputDataAdasObj ] hudHeight高度14.0
01-07 18:59:56.014  4110  4868 D V2021010702 EZD Input Status: InputData_Vehicle=true , speed=0.000000, steering_wheel_angle=-0.091797, steering_wheel_angularVel=0.000000
01-07 18:59:56.014  4110  4868 D V2021010702 EZD Input Status: InputData_HUD = true
01-07 18:59:56.014  4110  4868 D V2021010702 EZD Input Status: HUD_button_absolute_pos = 14
01-07 18:59:56.014  4110  4868 D V2021010702 EZD Input Status: InputData_Obj is true. pos_x=0.000000, pos_y=0.000000, frontType=0, direction=0, acc_status=0, type=9, warning_status=0, aeb_status=0
01-07 18:59:56.014  4110  4868 D V2021010702 EZD Input Status: InputData_Obj: acc_gap_set_status=3
01-07 18:59:56.014  4110  4868 D V2021010702 EZD Input Status: InputData_LD=true , warning_status=0
01-07 18:59:56.014  4110  4868 D V2021010702 EZD Input Status: l1:(a,b,c,d)=(-1.990000,0.047000,-0.009000,0.000001),(st,end)=(0,0); l2:(a,b,c,d)=(-2.740000,0.295000,-0.036300,0.001000),(st,end)=(9,9);
01-07 18:59:56.014  4110  4868 D V2021010702 EZD Input Status: r1:(a,b,c,d)=(-0.000000,-0.000000,-0.000000,-0.000000),(st,end)=(0,0); r2:(a,b,c,d)=(-0.000000,-0.000000,-0.000000,-0.000000),(st,end)=(0,0);
01-07 18:59:56.014  4110  4868 I JniUtils.java: [ (JniUtils.java:46)#InputDataAdasObj ] 周边环境对象等输出成功
01-07 18:59:56.014  4110  4868 D V2021010702 EZD Output Status: Output_obj=false , aeb_status = 0 && collision_status == 0 && obj_status == 0 && accGapSet_status == 0 
01-07 18:59:56.014  4110  4868 I JniUtils.java: [ (JniUtils.java:48)#InputDataAdasObj ] ADASWarningInfoBean{objID=0, obj_x=0, obj_y=0, obj_status=0, obj_width=0, collisionID=0, conllision_x=0, conllision_y=0, collision_status=0, aebID=0, aeb_x=0, aeb_y=0, aeb_status=0, aebFrame_x=0, aebFrame_y=0, aebFrame_status=0, accGapSet_ID=0, accGapSet_x=0, accGapSet_y=0, accGapSet_width=0, accGapSet_flip=0, accGapSet_status=0}
01-07 18:59:56.014  4110  4868 I ARHUDPresenter.java: [ (ARHUDPresenter.java:130)#Subscribe ] adasWarningInfoBeanADASWarningInfoBean{objID=0, obj_x=0, obj_y=0, obj_status=0, obj_width=0, collisionID=0, conllision_x=0, conllision_y=0, collision_status=0, aebID=0, aeb_x=0, aeb_y=0, aeb_status=0, aebFrame_x=0, aebFrame_y=0, aebFrame_status=0, accGapSet_ID=0, accGapSet_x=0, accGapSet_y=0, accGapSet_width=0, accGapSet_flip=0, accGapSet_status=0}
01-07 18:59:56.014  8817  8835 D eCarXDebugTools: [DebugLogManager] new log file is log_logcat@20210107_10-58-49-503.log
01-07 18:59:56.016   714  3875 F [ESIS][FATAL] ref-detecter.cc:347: GET_REF seq not match:24648 -1 0
01-07 18:59:56.016   714  3890 F [ESIS][FATAL] ref-detecter.cc:347: GET_REF seq not match:24648 -1 0
01-07 18:59:56.017   714  3890 E [EAKS][ERROR] aks-engine.cc:373: no keyword set yet.
01-07 18:59:56.017   714  3875 E [EAKS][ERROR] aks-engine.cc:373: no keyword set yet.
01-07 18:59:56.035   764  1178 D libipcp : socket_says_data_received: Sid: 0x1f, OpID: 0x51, Length: 0x10a, SendHandleId: 0x1f510517, Version: 0x3, OpType: 0x5, NOTIFICATION, payloadType: 0x1
01-07 18:59:56.035   764  1178 I libipcp : checkOperaiondIdAvailable: checkOperaiondIdAvailable called service_id: 0x1f, OpId: 0x51
01-07 18:59:56.035   764  1178 I libipcp : checkOperaiondIdAvailable: checkOperaiondIdAvailable opid 0x51 is vaild
01-07 18:59:56.035   764  1164 D libipcp : build_ack_packet: build ACK for Service_id: 0x1f, Operation_Id: 0x51, senderHandleId: 0x1f510517
01-07 18:59:56.035   764  1162 I libipcp : ipcp_transport_send: fire --> SenderHandleID: 0x1f510517, OperType: ACK, peer.sk_type is 2, peer_ip : 198.18.34.1, peer_port: 50500, length :16
01-07 18:59:56.036   764  1166 D vehiclehal::EcarxIpcpComm: funtion: received_cb , ip [198.18.34.1] , port = 50500, service = ASDM, operation_id = 81
01-07 18:59:56.036   764  1178 D libipcp : socket_says_data_received: Sid: 0x2c, OpID: 0x1d, Length: 0x129, SendHandleId: 0x2c1d056d, Version: 0x3, OpType: 0x5, NOTIFICATION, payloadType: 0x1
01-07 18:59:56.036   764  1178 I libipcp : checkOperaiondIdAvailable: checkOperaiondIdAvailable called service_id: 0x2c, OpId: 0x1d
01-07 18:59:56.036   764  1178 I libipcp : checkOperaiondIdAvailable: checkOperaiondIdAvailable opid 0x1d is vaild
01-07 18:59:56.036   764  1164 D libipcp : build_ack_packet: build ACK for Service_id: 0x2c, Operation_Id: 0x1d, senderHandleId: 0x2c1d056d
01-07 18:59:56.036   764  1162 I libipcp : ipcp_transport_send: fire --> SenderHandleID: 0x2c1d056d, OperType: ACK, peer.sk_type is 2, peer_ip : 198.18.34.1, peer_port: 50500, length :16
01-07 18:59:56.036   764  1166 D vehiclehal::EcarxIpcpComm: funtion: received_cb , ip [198.18.34.1] , port = 50500, service = VDDM, operation_id = 29
01-07 18:59:56.037   764  1174 D vehiclehal::EcarxIpcpComm: funtion: rxThread , service = ASDM, operation_id = 81
01-07 18:59:56.037   764  1174 D IPCP2VV : convertIpcp2VehicleValues, [ASDMNotificationOpID] ap size 258, vp size 258
01-07 18:59:56.039   764  1174 D vehiclehal::EcarxIpcpComm: funtion: rxThread , service = VDDM, operation_id = 29
01-07 18:59:56.039   764  1174 D IPCP2VV : convertIpcp2VehicleValues, [VDDMNotificationOpID] ap size 289, vp size 289
01-07 18:59:56.045   783   783 E DisplayDevice: map unknown ((deprecated) sRGB sRGB Full range)/(RenderIntent::COLORIMETRIC) to default color mode
01-07 18:59:56.045   783   783 I chatty  : uid=1000(system) /system/bin/surfaceflinger identical 2 lines
01-07 18:59:56.045   783   783 E DisplayDevice: map unknown ((deprecated) sRGB sRGB Full range)/(RenderIntent::COLORIMETRIC) to default color mode
01-07 18:59:56.045  4110  4110 D CarSignalManager: handleOnChangeEvent ECarXCarPropertyValue{mPropertyId=0x70f7 propertyName AsyLeSecEnd, mValue=5a}
01-07 18:59:56.045  4110  4110 D HUDInteractionImpl: onChangeEvent 70f7
01-07 18:59:56.045  4110  4110 D CarSignalManager: handleOnChangeEvent ECarXCarPropertyValue{mPropertyId=0x7179 propertyName AsyLineLePah2PrmD, mValue=3e6}
01-07 18:59:56.045  4110  4110 D HUDInteractionImpl: onChangeEvent 7179
01-07 18:59:56.046  4110  4177 D HUDInteractionImpl: handleMessage 4
01-07 18:59:56.046  4110  4177 D HUDInteractionImpl: updateDataInfo id 70f7 value: 90
01-07 18:59:56.046  4110  4177 D HUDInteractionImpl: handleMessage 4
01-07 18:59:56.045  4110  4110 D CarSignalManager: handleOnChangeEvent ECarXCarPropertyValue{mPropertyId=0x71c5 propertyName ZZZAsdmSignalEnd, mValue=3b34}
01-07 18:59:56.046  4110  4177 D HUDInteractionImpl: updateDataInfo id 7179 value: 998
01-07 18:59:56.046  4110  4110 D HUDInteractionImpl: onChangeEvent 71c5
01-07 18:59:56.046   756  1227 D IPLM_HAL: doReceive, recevied ip activity from ECU [VGM], ip 198.18.32.1
01-07 18:59:56.046   756  1227 I IPLM_HAL: convertToLittleEndian, [sid 0xffff], [op_id 0xff01], [len 0xc], [sendHandlerId 0xff0106da], [op_type 0x6], [payload_type 0x1]
01-07 18:59:56.046   756  1227 I IPLM_HAL: handleActiveRequest, node: [VGM], action: 0xb, priority: 0
01-07 18:59:56.046  4110  4110 D CarSignalManager: handleOnChangeEvent ECarXCarPropertyValue{mPropertyId=0x7af1 propertyName ZZZVddmSignalEnd, mValue=3b35}
01-07 18:59:56.046   756  1227 D IPLM_HAL: handleActiveRequest, [IPLM Request] Active Request Session is triggerd for Resource Group 0x2 [RG_1], by Node [VGM]
01-07 18:59:56.046   756  1227 I IPLM_HAL: handleActiveRequest, ARS is set by node [VGM]
01-07 18:59:56.046  4110  4177 D HUDInteractionImpl: handleMessage 4
01-07 18:59:56.046  4110  4177 D HUDInteractionImpl: updateDataInfo id 71c5 value: 15156
01-07 18:59:56.046  4110  4177 D HUDInteractionImpl: handleMessage 2
01-07 18:59:56.046  4110  4177 D HUDInteractionImpl: notifyAdasInfo ADASDrivingAidSyncInfo 功能状态: 0 AEB已经制动 0 前方对象方向 0 前方对象类型 0 前方物件横向距离 1.7763568394002505E-15 前方物件纵向距离 0.0 FCW警告 0
01-07 18:59:56.046  4110  4110 D HUDInteractionImpl: onChangeEvent 7af1
01-07 18:59:56.046  4110  4177 D HUDInteractionImpl: notifyAdasInfo ADASLaneSyncInfo 左一上段：1.990000000000002 -0.04700000000000015 0.008999999999999994 -2.0000000000000486E-6 左一下段 2.740000000000002 -0.29500000000000015 0.0363 -0.001 右一上段 0.0 0.0 0.0 0.0 右一下段 0.0 0.0 0.0 0.0 左一左起止点 0.0 9.0 左一右起止点 9.0 60.0 右一左起止点 0.0 0.0 右一右起止点 0.0 0.0 压线 0
01-07 18:59:56.046  4110  4177 D HUDInteractionImpl: handleMessage 4
01-07 18:59:56.046  4110  4177 D HUDInteractionImpl: updateDataInfo id 7af1 value: 15157
01-07 18:59:56.046   714  3875 F [ESIS][FATAL] ref-detecter.cc:347: GET_REF seq not match:24652 -1 0
01-07 18:59:56.046  4110  4864 D V2021010702 EZD Input Status: InputData_Vehicle=true , speed=0.000000, steering_wheel_angle=-0.091797, steering_wheel_angularVel=0.000000
01-07 18:59:56.046  4110  4864 D V2021010702 EZD Input Status: InputData_HUD = true
01-07 18:59:56.046  4110  4864 D V2021010702 EZD Input Status: HUD_button_absolute_pos = 14
01-07 18:59:56.046  4110  4864 D V2021010702 EZD Input Status: InputData_LD=true , warning_status=0
01-07 18:59:56.046  4110  4864 D V2021010702 EZD Input Status: l1:(a,b,c,d)=(-1.990000,0.047000,-0.009000,0.000002),(st,end)=(0,0); l2:(a,b,c,d)=(-2.740000,0.295000,-0.036300,0.001000),(st,end)=(9,9);
01-07 18:59:56.046  4110  4864 D V2021010702 EZD Input Status: r1:(a,b,c,d)=(-0.000000,-0.000000,-0.000000,-0.000000),(st,end)=(0,0); r2:(a,b,c,d)=(-0.000000,-0.000000,-0.000000,-0.000000),(st,end)=(0,0);
01-07 18:59:56.046  4110  4864 D V2021010702 EZD Input Status: InputData_NAVI=true, turn_dist=2056.000000 , lane_direction_type=103
01-07 18:59:56.046  4110  4864 D V2021010702 EZD Output Status: Output_navi=true , naviID=3, (x,y)=(85,6), (W,H)=(315,180), flip=0, status=1
01-07 18:59:56.046  4110  7713 I ARHUDPresenter.java: [ (ARHUDPresenter.java:125)#Subscribe ] adasLaneInfoBeanInputADASObj{acc_status=0.0, pos_x=1.7763568394002505E-15, pos_z=0.0, direction=0.0, type=9.0, frontType=0.0, warning_status=0.0, aeb_status=0.0}
01-07 18:59:56.046  4110  7713 I ARHUDPresenter.java: [ (ARHUDPresenter.java:126)#Subscribe ] HUDHeight14
01-07 18:59:56.046  4110  4869 I ARHUDPresenter.java: [ (ARHUDPresenter.java:152)#Subscribe ] inputADASLDInputADASLD{l1_a=1.990000000000002, l1_b=-0.04700000000000015, l1_c=0.008999999999999994, l1_d=-2.0000000000000486E-6, l2_a=2.740000000000002, l2_b=-0.29500000000000015, l2_c=0.0363, l2_d=-0.001, r1_a=0.0, r1_b=0.0, r1_c=0.0, r1_d=0.0, r2_a=0.0, r2_b=0.0, r2_c=0.0, r2_d=0.0, warning_status=0, detect_start_l1=0.0, detect_end_l1=9.0, detect_start_l2=9.0, detect_end_l2=60.0, detect_start_r2=0.0, detect_end_r2=0.0, detect_start_r1=0.0, detect_end_r1=0.0}
01-07 18:59:56.046  4110  4869 D V2021010702 EZD Input Status: InputData_HUD = true
01-07 18:59:56.046  4110  4869 D V2021010702 EZD Input Status: HUD_button_absolute_pos = 14
01-07 18:59:56.046  4110  7713 E JniUtils.java: [ (JniUtils.java:33)#InputDataAdasObj ] hudHeight高度14.0
01-07 18:59:56.047  4110  4869 D V2021010702 EZD Input Status: InputData_LD=true , warning_status=0
01-07 18:59:56.047  4110  7713 D V2021010702 EZD Input Status: InputData_Vehicle=true , speed=0.000000, steering_wheel_angle=-0.091797, steering_wheel_angularVel=0.000000
01-07 18:59:56.047  4110  4869 D V2021010702 EZD Input Status: l1:(a,b,c,d)=(-1.990000,0.047000,-0.009000,0.000002),(st,end)=(0,0); l2:(a,b,c,d)=(-2.740000,0.295000,-0.036300,0.001000),(st,end)=(9,9);
01-07 18:59:56.047  4110  4869 D V2021010702 EZD Input Status: r1:(a,b,c,d)=(-0.000000,-0.000000,-0.000000,-0.000000),(st,end)=(0,0); r2:(a,b,c,d)=(-0.000000,-0.000000,-0.000000,-0.000000),(st,end)=(0,0);
01-07 18:59:56.047  4110  7713 D V2021010702 EZD Input Status: InputData_HUD = true
01-07 18:59:56.047  4110  7713 D V2021010702 EZD Input Status: HUD_button_absolute_pos = 14
01-07 18:59:56.047  4110  7713 D V2021010702 EZD Input Status: InputData_Obj is true. pos_x=0.000000, pos_y=0.000000, frontType=0, direction=0, acc_status=0, type=9, warning_status=0, aeb_status=0
01-07 18:59:56.047  4110  7713 D V2021010702 EZD Input Status: InputData_Obj: acc_gap_set_status=3
01-07 18:59:56.047  4110  7713 D V2021010702 EZD Input Status: InputData_LD=true , warning_status=0
01-07 18:59:56.047  4110  7713 D V2021010702 EZD Input Status: l1:(a,b,c,d)=(-1.990000,0.047000,-0.009000,0.000002),(st,end)=(0,0); l2:(a,b,c,d)=(-2.740000,0.295000,-0.036300,0.001000),(st,end)=(9,9);
01-07 18:59:56.047  4110  4869 I JniUtils.java: [ (JniUtils.java:66)#InputADASLD ] 道路信息输出成功
01-07 18:59:56.047  4110  7713 D V2021010702 EZD Input Status: r1:(a,b,c,d)=(-0.000000,-0.000000,-0.000000,-0.000000),(st,end)=(0,0); r2:(a,b,c,d)=(-0.000000,-0.000000,-0.000000,-0.000000),(st,end)=(0,0);
01-07 18:59:56.047  4110  4869 D V2021010702 EZD Output Status: Output_ld=true , laneID=1, (start_x,start_y)=(-242,13), (end_x,end_y)=(-77,228), (A,B,C,D)=(0.000011,-0.008077,2.101345,-268.304556), status=1
01-07 18:59:56.047  4110  4869 I JniUtils.java: [ (JniUtils.java:68)#InputADASLD ] ADASLaneInfoBean{LaneID=1, x1=-242, y1=13, x2=-77, y2=228, A=1.1092528813113702E-5, B=-0.008077203858603568, C=2.101345372356463, D=-268.3045557306454, status=1}
01-07 18:59:56.047   714  3890 F [ESIS][FATAL] ref-detecter.cc:347: GET_REF seq not match:24652 -1 0
01-07 18:59:56.048   714  3890 E [EAKS][ERROR] aks-engine.cc:373: no keyword set yet.
01-07 18:59:56.048   714  3875 E [EAKS][ERROR] aks-engine.cc:373: no keyword set yet.
01-07 18:59:56.048  4110  7713 I JniUtils.java: [ (JniUtils.java:46)#InputDataAdasObj ] 周边环境对象等输出成功
01-07 18:59:56.048  4110  7713 D V2021010702 EZD Output Status: Output_obj=false , aeb_status = 0 && collision_status == 0 && obj_status == 0 && accGapSet_status == 0 
01-07 18:59:56.048  4110  7713 I JniUtils.java: [ (JniUtils.java:48)#InputDataAdasObj ] ADASWarningInfoBean{objID=0, obj_x=0, obj_y=0, obj_status=0, obj_width=0, collisionID=0, conllision_x=0, conllision_y=0, collision_status=0, aebID=0, aeb_x=0, aeb_y=0, aeb_status=0, aebFrame_x=0, aebFrame_y=0, aebFrame_status=0, accGapSet_ID=0, accGapSet_x=0, accGapSet_y=0, accGapSet_width=0, accGapSet_flip=0, accGapSet_status=0}
01-07 18:59:56.048  4110  7713 I ARHUDPresenter.java: [ (ARHUDPresenter.java:130)#Subscribe ] adasWarningInfoBeanADASWarningInfoBean{objID=0, obj_x=0, obj_y=0, obj_status=0, obj_width=0, collisionID=0, conllision_x=0, conllision_y=0, collision_status=0, aebID=0, aeb_x=0, aeb_y=0, aeb_status=0, aebFrame_x=0, aebFrame_y=0, aebFrame_status=0, accGapSet_ID=0, accGapSet_x=0, accGapSet_y=0, accGapSet_width=0, accGapSet_flip=0, accGapSet_status=0}
01-07 18:59:56.065   764  1178 D libipcp : socket_says_data_received: Sid: 0x1f, OpID: 0x51, Length: 0x10a, SendHandleId: 0x1f510518, Version: 0x3, OpType: 0x5, NOTIFICATION, payloadType: 0x1
01-07 18:59:56.065   764  1178 I libipcp : checkOperaiondIdAvailable: checkOperaiondIdAvailable called service_id: 0x1f, OpId: 0x51
01-07 18:59:56.065   764  1178 I libipcp : checkOperaiondIdAvailable: checkOperaiondIdAvailable opid 0x51 is vaild
01-07 18:59:56.065   764  1164 D libipcp : build_ack_packet: build ACK for Service_id: 0x1f, Operation_Id: 0x51, senderHandleId: 0x1f510518
01-07 18:59:56.065   764  1162 I libipcp : ipcp_transport_send: fire --> SenderHandleID: 0x1f510518, OperType: ACK, peer.sk_type is 2, peer_ip : 198.18.34.1, peer_port: 50500, length :16
01-07 18:59:56.066   764  1166 D vehiclehal::EcarxIpcpComm: funtion: received_cb , ip [198.18.34.1] , port = 50500, service = ASDM, operation_id = 81
01-07 18:59:56.066   764  1178 D libipcp : socket_says_data_received: Sid: 0x2c, OpID: 0x1d, Length: 0x129, SendHandleId: 0x2c1d056e, Version: 0x3, OpType: 0x5, NOTIFICATION, payloadType: 0x1
01-07 18:59:56.066   764  1178 I libipcp : checkOperaiondIdAvailable: checkOperaiondIdAvailable called service_id: 0x2c, OpId: 0x1d
01-07 18:59:56.066   764  1178 I libipcp : checkOperaiondIdAvailable: checkOperaiondIdAvailable opid 0x1d is vaild
01-07 18:59:56.066   764  1164 D libipcp : build_ack_packet: build ACK for Service_id: 0x2c, Operation_Id: 0x1d, senderHandleId: 0x2c1d056e
01-07 18:59:56.066   764  1162 I libipcp : ipcp_transport_send: fire --> SenderHandleID: 0x2c1d056e, OperType: ACK, peer.sk_type is 2, peer_ip : 198.18.34.1, peer_port: 50500, length :16
01-07 18:59:56.066   764  1166 D vehiclehal::EcarxIpcpComm: funtion: received_cb , ip [198.18.34.1] , port = 50500, service = VDDM, operation_id = 29
01-07 18:59:56.067   764  1174 D vehiclehal::EcarxIpcpComm: funtion: rxThread , service = ASDM, operation_id = 81
01-07 18:59:56.067   764  1174 D IPCP2VV : convertIpcp2VehicleValues, [ASDMNotificationOpID] ap size 258, vp size 258
01-07 18:59:56.068   764  1174 D vehiclehal::EcarxIpcpComm: funtion: rxThread , service = VDDM, operation_id = 29
01-07 18:59:56.068   764  1174 D IPCP2VV : convertIpcp2VehicleValues, [VDDMNotificationOpID] ap size 289, vp size 289
01-07 18:59:56.076   714  3890 F [ESIS][FATAL] ref-detecter.cc:347: GET_REF seq not match:24656 -1 0
01-07 18:59:56.076   714  3875 F [ESIS][FATAL] ref-detecter.cc:347: GET_REF seq not match:24656 -1 0
01-07 18:59:56.077   714  3875 E [EAKS][ERROR] aks-engine.cc:373: no keyword set yet.
01-07 18:59:56.077   714  3890 E [EAKS][ERROR] aks-engine.cc:373: no keyword set yet.
01-07 18:59:56.078   783   783 E DisplayDevice: map unknown ((deprecated) sRGB sRGB Full range)/(RenderIntent::COLORIMETRIC) to default color mode
01-07 18:59:56.078   783   783 I chatty  : uid=1000(system) /system/bin/surfaceflinger identical 2 lines
01-07 18:59:56.078   783   783 E DisplayDevice: map unknown ((deprecated) sRGB sRGB Full range)/(RenderIntent::COLORIMETRIC) to default color mode
01-07 18:59:56.078  4110  4110 I ARHUDPresenter.java: [ (ARHUDPresenter.java:164)#Accept ] ADASLaneInfoBeanADASLaneInfoBean{LaneID=1, x1=-243, y1=13, x2=-78, y2=228, A=1.1199298738047326E-5, B=-0.00814702033722865, C=2.1184082809467597, D=-270.42787396180006, status=1}
01-07 18:59:56.078  4110  4110 E ADASLD  : [ (ARHUDPresenter.java:166)#Accept ] 压线了
01-07 18:59:56.078  4110  4110 E ARHUDFragment.java: [ (ARHUDFragment.java:240)#DrawCrimpingWarning ] 绘制的线的坐标为ADASLaneInfoBean{LaneID=1, x1=-243, y1=13, x2=-78, y2=228, A=1.1199298738047326E-5, B=-0.00814702033722865, C=2.1184082809467597, D=-270.42787396180006, status=1}
01-07 18:59:56.078  4110  4110 E LanePressureLineView.java: [ (LanePressureLineView.java:73)#AddData ] 压线坐标点数据为0.0,135.5083,271.0166,135.5083,0.0,22.5,0.0,22.5,45.0,22.5,
01-07 18:59:56.079  4110  4110 E ARHUDFragment.java: [ (ARHUDFragment.java:255)#DrawCrimpingWarning ] 度数为：-52.495857639729856
01-07 18:59:56.079  4110  4110 D CarSignalManager: handleOnChangeEvent ECarXCarPropertyValue{mPropertyId=0x7af1 propertyName ZZZVddmSignalEnd, mValue=3b37}
01-07 18:59:56.079  4110  4110 D HUDInteractionImpl: onChangeEvent 7af1
01-07 18:59:56.079  4110  4177 D HUDInteractionImpl: handleMessage 4
01-07 18:59:56.079  4110  4177 D HUDInteractionImpl: updateDataInfo id 7af1 value: 15159
01-07 18:59:56.080  4110  4110 E LanePressureLineView.java: [ (LanePressureLineView.java:139)#OnDraw ] 我现在在绘制
01-07 18:59:56.080  4110  4110 E LanePressureLineView.java: [ (LanePressureLineView.java:141)#OnDraw ] 绘制完毕
01-07 18:59:56.092   764  1178 D libipcp : socket_says_data_received: Sid: 0x1f, OpID: 0x51, Length: 0x10a, SendHandleId: 0x1f510519, Version: 0x3, OpType: 0x5, NOTIFICATION, payloadType: 0x1
01-07 18:59:56.093   764  1178 I libipcp : checkOperaiondIdAvailable: checkOperaiondIdAvailable called service_id: 0x1f, OpId: 0x51
01-07 18:59:56.093   764  1178 I libipcp : checkOperaiondIdAvailable: checkOperaiondIdAvailable opid 0x51 is vaild
01-07 18:59:56.093   764  1164 D libipcp : build_ack_packet: build ACK for Service_id: 0x1f, Operation_Id: 0x51, senderHandleId: 0x1f510519
01-07 18:59:56.094   764  1162 I libipcp : ipcp_transport_send: fire --> SenderHandleID: 0x1f510519, OperType: ACK, peer.sk_type is 2, peer_ip : 198.18.34.1, peer_port: 50500, length :16
01-07 18:59:56.094   764  1166 D vehiclehal::EcarxIpcpComm: funtion: received_cb , ip [198.18.34.1] , port = 50500, service = ASDM, operation_id = 81
01-07 18:59:56.094   764  1178 D libipcp : socket_says_data_received: Sid: 0x25, OpID: 0x20, Length: 0x89, SendHandleId: 0x25200526, Version: 0x3, OpType: 0x5, NOTIFICATION, payloadType: 0x1
01-07 18:59:56.094   764  1178 I libipcp : checkOperaiondIdAvailable: checkOperaiondIdAvailable called service_id: 0x25, OpId: 0x20
01-07 18:59:56.094   764  1178 I libipcp : checkOperaiondIdAvailable: checkOperaiondIdAvailable opid 0x20 is vaild
01-07 18:59:56.094   764  1164 D libipcp : build_ack_packet: build ACK for Service_id: 0x25, Operation_Id: 0x20, senderHandleId: 0x25200526
01-07 18:59:56.094   764  1162 I libipcp : ipcp_transport_send: fire --> SenderHandleID: 0x25200526, OperType: ACK, peer.sk_type is 2, peer_ip : 198.18.34.1, peer_port: 50500, length :16
01-07 18:59:56.094   764  1166 D vehiclehal::EcarxIpcpComm: funtion: received_cb , ip [198.18.34.1] , port = 50500, service = DIM, operation_id = 32
01-07 18:59:56.095   764  1174 D vehiclehal::EcarxIpcpComm: funtion: rxThread , service = ASDM, operation_id = 81
01-07 18:59:56.095   764  1174 D IPCP2VV : convertIpcp2VehicleValues, [ASDMNotificationOpID] ap size 258, vp size 258
01-07 18:59:56.095   764  1178 D libipcp : socket_says_data_received: Sid: 0x2c, OpID: 0x1d, Length: 0x129, SendHandleId: 0x2c1d056f, Version: 0x3, OpType: 0x5, NOTIFICATION, payloadType: 0x1
01-07 18:59:56.095   764  1178 I libipcp : checkOperaiondIdAvailable: checkOperaiondIdAvailable called service_id: 0x2c, OpId: 0x1d
01-07 18:59:56.095   764  1178 I libipcp : checkOperaiondIdAvailable: checkOperaiondIdAvailable opid 0x1d is vaild
01-07 18:59:56.095   764  1164 D libipcp : build_ack_packet: build ACK for Service_id: 0x2c, Operation_Id: 0x1d, senderHandleId: 0x2c1d056f
01-07 18:59:56.095   764  1162 I libipcp : ipcp_transport_send: fire --> SenderHandleID: 0x2c1d056f, OperType: ACK, peer.sk_type is 2, peer_ip : 198.18.34.1, peer_port: 50500, length :16
01-07 18:59:56.095   764  1166 D vehiclehal::EcarxIpcpComm: funtion: received_cb , ip [198.18.34.1] , port = 50500, service = VDDM, operation_id = 29
01-07 18:59:56.096   764  1174 D vehiclehal::EcarxIpcpComm: funtion: rxThread , service = DIM, operation_id = 32
01-07 18:59:56.096   764  1174 D IPCP2VV : convertIpcp2VehicleValues, [DIMNotificationOpID] ap size 129, vp size 129
01-07 18:59:56.097   764  1174 D vehiclehal::EcarxIpcpComm: funtion: rxThread , service = VDDM, operation_id = 29
01-07 18:59:56.097   764  1174 D IPCP2VV : convertIpcp2VehicleValues, [VDDMNotificationOpID] ap size 289, vp size 289
01-07 18:59:56.106   714  3890 F [ESIS][FATAL] ref-detecter.cc:347: GET_REF seq not match:24660 -1 0
01-07 18:59:56.106   714  3875 F [ESIS][FATAL] ref-detecter.cc:347: GET_REF seq not match:24660 -1 0
01-07 18:59:56.106   714  3875 E [EAKS][ERROR] aks-engine.cc:373: no keyword set yet.
01-07 18:59:56.106   714  3890 E [EAKS][ERROR] aks-engine.cc:373: no keyword set yet.
01-07 18:59:56.108   714  3890 E AudioWrap: set_vad_couple: c0[24560], c1[-1]
01-07 18:59:56.108   714  3890 E AudioWrap: [2021-01-07 18:59:56.108] Sent VAD begin
01-07 18:59:56.108   714  3890 E AudioWrap: VAD begin[24560] at zone[1], cur_mark[24660], vad_ret[25]
01-07 18:59:56.111   783   783 E DisplayDevice: map unknown ((deprecated) sRGB sRGB Full range)/(RenderIntent::COLORIMETRIC) to default color mode
01-07 18:59:56.112   783   783 I chatty  : uid=1000(system) /system/bin/surfaceflinger identical 2 lines
01-07 18:59:56.112   783   783 E DisplayDevice: map unknown ((deprecated) sRGB sRGB Full range)/(RenderIntent::COLORIMETRIC) to default color mode
01-07 18:59:56.112  4110  4110 I ARHUDPresenter.java: [ (ARHUDPresenter.java:164)#Accept ] ADASLaneInfoBeanADASLaneInfoBean{LaneID=1, x1=-242, y1=13, x2=-77, y2=228, A=1.1092528813113702E-5, B=-0.008077203858603568, C=2.101345372356463, D=-268.3045557306454, status=1}
01-07 18:59:56.112  4110  4110 E ADASLD  : [ (ARHUDPresenter.java:166)#Accept ] 压线了
01-07 18:59:56.113  4110  4110 E ARHUDFragment.java: [ (ARHUDFragment.java:240)#DrawCrimpingWarning ] 绘制的线的坐标为ADASLaneInfoBean{LaneID=1, x1=-242, y1=13, x2=-77, y2=228, A=1.1092528813113702E-5, B=-0.008077203858603568, C=2.101345372356463, D=-268.3045557306454, status=1}
01-07 18:59:56.113  4110  4110 E LanePressureLineView.java: [ (LanePressureLineView.java:73)#AddData ] 压线坐标点数据为0.0,135.5083,271.0166,135.5083,0.0,22.5,0.0,22.5,45.0,22.5,
01-07 18:59:56.113  4110  4110 E ARHUDFragment.java: [ (ARHUDFragment.java:255)#DrawCrimpingWarning ] 度数为：-52.495857639729856
01-07 18:59:56.113  4110  4110 D CarSignalManager: handleOnChangeEvent ECarXCarPropertyValue{mPropertyId=0x70f7 propertyName AsyLeSecEnd, mValue=50}
01-07 18:59:56.113  4110  4110 D HUDInteractionImpl: onChangeEvent 70f7
01-07 18:59:56.113  4110  4110 D CarSignalManager: handleOnChangeEvent ECarXCarPropertyValue{mPropertyId=0x71c5 propertyName ZZZAsdmSignalEnd, mValue=3b38}
01-07 18:59:56.113  4110  4110 D HUDInteractionImpl: onChangeEvent 71c5
01-07 18:59:56.113  4110  4110 D CarSignalManager: handleOnChangeEvent ECarXCarPropertyValue{mPropertyId=0x7af1 propertyName ZZZVddmSignalEnd, mValue=3b39}
01-07 18:59:56.113  4110  4110 D HUDInteractionImpl: onChangeEvent 7af1
01-07 18:59:56.113  4110  4177 D HUDInteractionImpl: handleMessage 4
01-07 18:59:56.113  4110  4177 D HUDInteractionImpl: updateDataInfo id 70f7 value: 80
01-07 18:59:56.113  4110  4177 D HUDInteractionImpl: handleMessage 4
01-07 18:59:56.113  4110  4177 D HUDInteractionImpl: updateDataInfo id 71c5 value: 15160
01-07 18:59:56.113  4110  4177 D HUDInteractionImpl: handleMessage 4
01-07 18:59:56.113  4110  4177 D HUDInteractionImpl: updateDataInfo id 7af1 value: 15161
01-07 18:59:56.113  4110  4177 D HUDInteractionImpl: handleMessage 2
01-07 18:59:56.113  4110  4177 D HUDInteractionImpl: notifyAdasInfo ADASDrivingAidSyncInfo 功能状态: 0 AEB已经制动 0 前方对象方向 0 前方对象类型 0 前方物件横向距离 1.7763568394002505E-15 前方物件纵向距离 0.0 FCW警告 0
01-07 18:59:56.113  4110  4177 D HUDInteractionImpl: notifyAdasInfo ADASLaneSyncInfo 左一上段：1.990000000000002 -0.04700000000000015 0.008999999999999994 -2.0000000000000486E-6 左一下段 2.740000000000002 -0.29500000000000015 0.0363 -0.001 右一上段 0.0 0.0 0.0 0.0 右一下段 0.0 0.0 0.0 0.0 左一左起止点 0.0 9.0 左一右起止点 9.0 50.0 右一左起止点 0.0 0.0 右一右起止点 0.0 0.0 压线 0
01-07 18:59:56.114  4110  4868 I ARHUDPresenter.java: [ (ARHUDPresenter.java:125)#Subscribe ] adasLaneInfoBeanInputADASObj{acc_status=0.0, pos_x=1.7763568394002505E-15, pos_z=0.0, direction=0.0, type=9.0, frontType=0.0, warning_status=0.0, aeb_status=0.0}
01-07 18:59:56.114  4110  4110 E LanePressureLineView.java: [ (LanePressureLineView.java:139)#OnDraw ] 我现在在绘制
01-07 18:59:56.114  4110  4868 I ARHUDPresenter.java: [ (ARHUDPresenter.java:126)#Subscribe ] HUDHeight14
01-07 18:59:56.114  4110  7712 I ARHUDPresenter.java: [ (ARHUDPresenter.java:152)#Subscribe ] inputADASLDInputADASLD{l1_a=1.990000000000002, l1_b=-0.04700000000000015, l1_c=0.008999999999999994, l1_d=-2.0000000000000486E-6, l2_a=2.740000000000002, l2_b=-0.29500000000000015, l2_c=0.0363, l2_d=-0.001, r1_a=0.0, r1_b=0.0, r1_c=0.0, r1_d=0.0, r2_a=0.0, r2_b=0.0, r2_c=0.0, r2_d=0.0, warning_status=0, detect_start_l1=0.0, detect_end_l1=9.0, detect_start_l2=9.0, detect_end_l2=50.0, detect_start_r2=0.0, detect_end_r2=0.0, detect_start_r1=0.0, detect_end_r1=0.0}
01-07 18:59:56.113  4110  4904 D V2021010702 EZD Input Status: InputData_Vehicle=true , speed=0.000000, steering_wheel_angle=-0.091797, steering_wheel_angularVel=0.000000
01-07 18:59:56.114  4110  4868 E JniUtils.java: [ (JniUtils.java:33)#InputDataAdasObj ] hudHeight高度14.0
01-07 18:59:56.114  4110  4110 E LanePressureLineView.java: [ (LanePressureLineView.java:141)#OnDraw ] 绘制完毕
01-07 18:59:56.114  4110  7712 D V2021010702 EZD Input Status: InputData_HUD = true
01-07 18:59:56.114  4110  7712 D V2021010702 EZD Input Status: HUD_button_absolute_pos = 14
01-07 18:59:56.114  4110  7712 D V2021010702 EZD Input Status: InputData_LD=true , warning_status=0
01-07 18:59:56.114  4110  7712 D V2021010702 EZD Input Status: l1:(a,b,c,d)=(-1.990000,0.047000,-0.009000,0.000002),(st,end)=(0,0); l2:(a,b,c,d)=(-2.740000,0.295000,-0.036300,0.001000),(st,end)=(9,9);
01-07 18:59:56.114  4110  7712 D V2021010702 EZD Input Status: r1:(a,b,c,d)=(-0.000000,-0.000000,-0.000000,-0.000000),(st,end)=(0,0); r2:(a,b,c,d)=(-0.000000,-0.000000,-0.000000,-0.000000),(st,end)=(0,0);
01-07 18:59:56.114  4110  4868 D V2021010702 EZD Input Status: InputData_Vehicle=true , speed=0.000000, steering_wheel_angle=-0.091797, steering_wheel_angularVel=0.000000
01-07 18:59:56.114  4110  4868 D V2021010702 EZD Input Status: InputData_HUD = true
01-07 18:59:56.114  4110  4868 D V2021010702 EZD Input Status: HUD_button_absolute_pos = 14
01-07 18:59:56.114  4110  4868 D V2021010702 EZD Input Status: InputData_Obj is true. pos_x=0.000000, pos_y=0.000000, frontType=0, direction=0, acc_status=0, type=9, warning_status=0, aeb_status=0
01-07 18:59:56.114  4110  4868 D V2021010702 EZD Input Status: InputData_Obj: acc_gap_set_status=3
01-07 18:59:56.114  4110  4868 D V2021010702 EZD Input Status: InputData_LD=true , warning_status=0
01-07 18:59:56.114  4110  4868 D V2021010702 EZD Input Status: l1:(a,b,c,d)=(-1.990000,0.047000,-0.009000,0.000002),(st,end)=(0,0); l2:(a,b,c,d)=(-2.740000,0.295000,-0.036300,0.001000),(st,end)=(9,9);
01-07 18:59:56.114  4110  4868 D V2021010702 EZD Input Status: r1:(a,b,c,d)=(-0.000000,-0.000000,-0.000000,-0.000000),(st,end)=(0,0); r2:(a,b,c,d)=(-0.000000,-0.000000,-0.000000,-0.000000),(st,end)=(0,0);
01-07 18:59:56.114  4110  7712 I JniUtils.java: [ (JniUtils.java:66)#InputADASLD ] 道路信息输出成功
01-07 18:59:56.114  4110  7712 D V2021010702 EZD Output Status: Output_ld=true , laneID=1, (start_x,start_y)=(-242,13), (end_x,end_y)=(-77,228), (A,B,C,D)=(0.000011,-0.008077,2.101345,-268.304556), status=1
01-07 18:59:56.114  4110  4904 D V2021010702 EZD Input Status: InputData_HUD = true
01-07 18:59:56.114  4110  4904 D V2021010702 EZD Input Status: HUD_button_absolute_pos = 14
01-07 18:59:56.114  4110  4904 D V2021010702 EZD Input Status: InputData_LD=true , warning_status=0
01-07 18:59:56.114  4110  4904 D V2021010702 EZD Input Status: l1:(a,b,c,d)=(-1.990000,0.047000,-0.009000,0.000002),(st,end)=(0,0); l2:(a,b,c,d)=(-2.740000,0.295000,-0.036300,0.001000),(st,end)=(9,9);
01-07 18:59:56.114  4110  4904 D V2021010702 EZD Input Status: r1:(a,b,c,d)=(-0.000000,-0.000000,-0.000000,-0.000000),(st,end)=(0,0); r2:(a,b,c,d)=(-0.000000,-0.000000,-0.000000,-0.000000),(st,end)=(0,0);
01-07 18:59:56.114  4110  4904 D V2021010702 EZD Input Status: InputData_NAVI=true, turn_dist=2056.000000 , lane_direction_type=103
01-07 18:59:56.114  4110  7712 I JniUtils.java: [ (JniUtils.java:68)#InputADASLD ] ADASLaneInfoBean{LaneID=1, x1=-242, y1=13, x2=-77, y2=228, A=1.1092528813113702E-5, B=-0.008077203858603568, C=2.101345372356463, D=-268.3045557306454, status=1}
01-07 18:59:56.115  4110  4904 D V2021010702 EZD Output Status: Output_navi=true , naviID=3, (x,y)=(85,6), (W,H)=(315,180), flip=0, status=1
01-07 18:59:56.114  4110  4868 I JniUtils.java: [ (JniUtils.java:46)#InputDataAdasObj ] 周边环境对象等输出成功
01-07 18:59:56.115  4110  4868 D V2021010702 EZD Output Status: Output_obj=false , aeb_status = 0 && collision_status == 0 && obj_status == 0 && accGapSet_status == 0 
01-07 18:59:56.115  4110  4868 I JniUtils.java: [ (JniUtils.java:48)#InputDataAdasObj ] ADASWarningInfoBean{objID=0, obj_x=0, obj_y=0, obj_status=0, obj_width=0, collisionID=0, conllision_x=0, conllision_y=0, collision_status=0, aebID=0, aeb_x=0, aeb_y=0, aeb_status=0, aebFrame_x=0, aebFrame_y=0, aebFrame_status=0, accGapSet_ID=0, accGapSet_x=0, accGapSet_y=0, accGapSet_width=0, accGapSet_flip=0, accGapSet_status=0}
01-07 18:59:56.115  4110  4868 I ARHUDPresenter.java: [ (ARHUDPresenter.java:130)#Subscribe ] adasWarningInfoBeanADASWarningInfoBean{objID=0, obj_x=0, obj_y=0, obj_status=0, obj_width=0, collisionID=0, conllision_x=0, conllision_y=0, collision_status=0, aebID=0, aeb_x=0, aeb_y=0, aeb_status=0, aebFrame_x=0, aebFrame_y=0, aebFrame_status=0, accGapSet_ID=0, accGapSet_x=0, accGapSet_y=0, accGapSet_width=0, accGapSet_flip=0, accGapSet_status=0}
01-07 18:59:56.126   764  1178 D libipcp : socket_says_data_received: Sid: 0x2c, OpID: 0x1d, Length: 0x129, SendHandleId: 0x2c1d0570, Version: 0x3, OpType: 0x5, NOTIFICATION, payloadType: 0x1
01-07 18:59:56.126   764  1178 I libipcp : checkOperaiondIdAvailable: checkOperaiondIdAvailable called service_id: 0x2c, OpId: 0x1d
01-07 18:59:56.126   764  1178 I libipcp : checkOperaiondIdAvailable: checkOperaiondIdAvailable opid 0x1d is vaild
01-07 18:59:56.126   764  1164 D libipcp : build_ack_packet: build ACK for Service_id: 0x2c, Operation_Id: 0x1d, senderHandleId: 0x2c1d0570
01-07 18:59:56.126   764  1162 I libipcp : ipcp_transport_send: fire --> SenderHandleID: 0x2c1d0570, OperType: ACK, peer.sk_type is 2, peer_ip : 198.18.34.1, peer_port: 50500, length :16
01-07 18:59:56.126   764  1166 D vehiclehal::EcarxIpcpComm: funtion: received_cb , ip [198.18.34.1] , port = 50500, service = VDDM, operation_id = 29
01-07 18:59:56.128   764  1174 D vehiclehal::EcarxIpcpComm: funtion: rxThread , service = VDDM, operation_id = 29
01-07 18:59:56.128   764  1174 D IPCP2VV : convertIpcp2VehicleValues, [VDDMNotificationOpID] ap size 289, vp size 289
01-07 18:59:56.145   783   783 E DisplayDevice: map unknown ((deprecated) sRGB sRGB Full range)/(RenderIntent::COLORIMETRIC) to default color mode
01-07 18:59:56.145   783   783 I chatty  : uid=1000(system) /system/bin/surfaceflinger identical 2 lines
01-07 18:59:56.145   783   783 E DisplayDevice: map unknown ((deprecated) sRGB sRGB Full range)/(RenderIntent::COLORIMETRIC) to default color mode
01-07 18:59:56.146   714  3875 F [ESIS][FATAL] ref-detecter.cc:347: GET_REF seq not match:24664 -1 0
01-07 18:59:56.147   714  3890 F [ESIS][FATAL] ref-detecter.cc:347: GET_REF seq not match:24664 -1 0
01-07 18:59:56.148   714  3875 E [EAKS][ERROR] aks-engine.cc:373: no keyword set yet.
01-07 18:59:56.148   714  3890 E [EAKS][ERROR] aks-engine.cc:373: no keyword set yet.
01-07 18:59:56.148  4110  4110 D CarSignalManager: handleOnChangeEvent ECarXCarPropertyValue{mPropertyId=0x70f7 propertyName AsyLeSecEnd, mValue=75}
01-07 18:59:56.148  4110  4110 D HUDInteractionImpl: onChangeEvent 70f7
01-07 18:59:56.148  4110  4110 D CarSignalManager: handleOnChangeEvent ECarXCarPropertyValue{mPropertyId=0x71c5 propertyName ZZZAsdmSignalEnd, mValue=3b3a}
01-07 18:59:56.149  4110  4110 D HUDInteractionImpl: onChangeEvent 71c5
01-07 18:59:56.149  4110  4177 D HUDInteractionImpl: handleMessage 4
01-07 18:59:56.149  4110  4177 D HUDInteractionImpl: updateDataInfo id 70f7 value: 117
01-07 18:59:56.149  4110  4110 D CarSignalManager: handleOnChangeEvent ECarXCarPropertyValue{mPropertyId=0x7af1 propertyName ZZZVddmSignalEnd, mValue=3b3b}
01-07 18:59:56.149  4110  4177 D HUDInteractionImpl: handleMessage 4
01-07 18:59:56.149  4110  4110 D HUDInteractionImpl: onChangeEvent 7af1
01-07 18:59:56.149  4110  4177 D HUDInteractionImpl: updateDataInfo id 71c5 value: 15162
01-07 18:59:56.149  4110  4177 D HUDInteractionImpl: handleMessage 4
01-07 18:59:56.149  4110  4110 D CarSignalManager: handleOnChangeEvent ECarXCarPropertyValue{mPropertyId=0x70f7 propertyName AsyLeSecEnd, mValue=65}
01-07 18:59:56.149  4110  4177 D HUDInteractionImpl: updateDataInfo id 7af1 value: 15163
01-07 18:59:56.149  4110  4110 D HUDInteractionImpl: onChangeEvent 70f7
01-07 18:59:56.149  4110  4177 D HUDInteractionImpl: handleMessage 2
01-07 18:59:56.149  4110  4110 D CarSignalManager: handleOnChangeEvent ECarXCarPropertyValue{mPropertyId=0x7178 propertyName AsyLineLePah2PrmC, mValue=443}
01-07 18:59:56.149  4110  4177 D HUDInteractionImpl: notifyAdasInfo ADASDrivingAidSyncInfo 功能状态: 0 AEB已经制动 0 前方对象方向 0 前方对象类型 0 前方物件横向距离 1.7763568394002505E-15 前方物件纵向距离 0.0 FCW警告 0
01-07 18:59:56.149  4110  4110 D HUDInteractionImpl: onChangeEvent 7178
01-07 18:59:56.149  4110  4110 D CarSignalManager: handleOnChangeEvent ECarXCarPropertyValue{mPropertyId=0x7179 propertyName AsyLineLePah2PrmD, mValue=3e7}
01-07 18:59:56.149  4110  4177 D HUDInteractionImpl: notifyAdasInfo ADASLaneSyncInfo 左一上段：1.990000000000002 -0.04700000000000015 0.008999999999999994 -2.0000000000000486E-6 左一下段 2.740000000000002 -0.29500000000000015 0.0363 -0.001 右一上段 0.0 0.0 0.0 0.0 右一下段 0.0 0.0 0.0 0.0 左一左起止点 0.0 9.0 左一右起止点 9.0 87.0 右一左起止点 0.0 0.0 右一右起止点 0.0 0.0 压线 0
01-07 18:59:56.149  4110  4110 D HUDInteractionImpl: onChangeEvent 7179
01-07 18:59:56.149  4110  4177 D HUDInteractionImpl: handleMessage 4
01-07 18:59:56.149  4110  4177 D HUDInteractionImpl: updateDataInfo id 70f7 value: 101
01-07 18:59:56.149  4110  4177 D HUDInteractionImpl: handleMessage 4
01-07 18:59:56.149  4110  4177 D HUDInteractionImpl: updateDataInfo id 7178 value: 1091
01-07 18:59:56.149  4110  7713 I ARHUDPresenter.java: [ (ARHUDPresenter.java:125)#Subscribe ] adasLaneInfoBeanInputADASObj{acc_status=0.0, pos_x=1.7763568394002505E-15, pos_z=0.0, direction=0.0, type=9.0, frontType=0.0, warning_status=0.0, aeb_status=0.0}
01-07 18:59:56.149  4110  4869 D V2021010702 EZD Input Status: InputData_Vehicle=true , speed=0.000000, steering_wheel_angle=-0.091797, steering_wheel_angularVel=0.000000
01-07 18:59:56.149  4110  4864 I ARHUDPresenter.java: [ (ARHUDPresenter.java:152)#Subscribe ] inputADASLDInputADASLD{l1_a=1.990000000000002, l1_b=-0.04700000000000015, l1_c=0.008999999999999994, l1_d=-2.0000000000000486E-6, l2_a=2.740000000000002, l2_b=-0.29500000000000015, l2_c=0.0363, l2_d=-0.001, r1_a=0.0, r1_b=0.0, r1_c=0.0, r1_d=0.0, r2_a=0.0, r2_b=0.0, r2_c=0.0, r2_d=0.0, warning_status=0, detect_start_l1=0.0, detect_end_l1=9.0, detect_start_l2=9.0, detect_end_l2=87.0, detect_start_r2=0.0, detect_end_r2=0.0, detect_start_r1=0.0, detect_end_r1=0.0}
01-07 18:59:56.149  4110  4869 D V2021010702 EZD Input Status: InputData_HUD = true
01-07 18:59:56.149  4110  4864 D V2021010702 EZD Input Status: InputData_HUD = true
01-07 18:59:56.149  4110  4869 D V2021010702 EZD Input Status: HUD_button_absolute_pos = 14
01-07 18:59:56.149  4110  4864 D V2021010702 EZD Input Status: HUD_button_absolute_pos = 14
01-07 18:59:56.149  4110  4869 D V2021010702 EZD Input Status: InputData_LD=true , warning_status=0
01-07 18:59:56.149  4110  4864 D V2021010702 EZD Input Status: InputData_LD=true , warning_status=0
01-07 18:59:56.149  4110  7713 I ARHUDPresenter.java: [ (ARHUDPresenter.java:126)#Subscribe ] HUDHeight14
01-07 18:59:56.149  4110  4869 D V2021010702 EZD Input Status: l1:(a,b,c,d)=(-1.990000,0.047000,-0.009000,0.000002),(st,end)=(0,0); l2:(a,b,c,d)=(-2.740000,0.295000,-0.036300,0.001000),(st,end)=(9,9);
01-07 18:59:56.149  4110  4864 D V2021010702 EZD Input Status: l1:(a,b,c,d)=(-1.990000,0.047000,-0.009000,0.000002),(st,end)=(0,0); l2:(a,b,c,d)=(-2.740000,0.295000,-0.036300,0.001000),(st,end)=(9,9);
01-07 18:59:56.149  4110  4869 D V2021010702 EZD Input Status: r1:(a,b,c,d)=(-0.000000,-0.000000,-0.000000,-0.000000),(st,end)=(0,0); r2:(a,b,c,d)=(-0.000000,-0.000000,-0.000000,-0.000000),(st,end)=(0,0);
01-07 18:59:56.149  4110  4864 D V2021010702 EZD Input Status: r1:(a,b,c,d)=(-0.000000,-0.000000,-0.000000,-0.000000),(st,end)=(0,0); r2:(a,b,c,d)=(-0.000000,-0.000000,-0.000000,-0.000000),(st,end)=(0,0);
01-07 18:59:56.149  4110  4869 D V2021010702 EZD Input Status: InputData_NAVI=true, turn_dist=2056.000000 , lane_direction_type=103
01-07 18:59:56.149  4110  4869 D V2021010702 EZD Output Status: Output_navi=true , naviID=3, (x,y)=(85,6), (W,H)=(315,180), flip=0, status=1
01-07 18:59:56.149  4110  7713 E JniUtils.java: [ (JniUtils.java:33)#InputDataAdasObj ] hudHeight高度14.0
01-07 18:59:56.149  4110  4864 I JniUtils.java: [ (JniUtils.java:66)#InputADASLD ] 道路信息输出成功
01-07 18:59:56.149  4110  7713 D V2021010702 EZD Input Status: InputData_Vehicle=true , speed=0.000000, steering_wheel_angle=-0.091797, steering_wheel_angularVel=0.000000
01-07 18:59:56.149  4110  7713 D V2021010702 EZD Input Status: InputData_HUD = true
01-07 18:59:56.149  4110  4864 D V2021010702 EZD Output Status: Output_ld=true , laneID=1, (start_x,start_y)=(-242,13), (end_x,end_y)=(-77,228), (A,B,C,D)=(0.000011,-0.008077,2.101345,-268.304556), status=1
01-07 18:59:56.149  4110  7713 D V2021010702 EZD Input Status: HUD_button_absolute_pos = 14
01-07 18:59:56.149  4110  7713 D V2021010702 EZD Input Status: InputData_Obj is true. pos_x=0.000000, pos_y=0.000000, frontType=0, direction=0, acc_status=0, type=9, warning_status=0, aeb_status=0
01-07 18:59:56.149  4110  7713 D V2021010702 EZD Input Status: InputData_Obj: acc_gap_set_status=3
01-07 18:59:56.149  4110  7713 D V2021010702 EZD Input Status: InputData_LD=true , warning_status=0
01-07 18:59:56.149  4110  7713 D V2021010702 EZD Input Status: l1:(a,b,c,d)=(-1.990000,0.047000,-0.009000,0.000002),(st,end)=(0,0); l2:(a,b,c,d)=(-2.740000,0.295000,-0.036300,0.001000),(st,end)=(9,9);
01-07 18:59:56.149  4110  7713 D V2021010702 EZD Input Status: r1:(a,b,c,d)=(-0.000000,-0.000000,-0.000000,-0.000000),(st,end)=(0,0); r2:(a,b,c,d)=(-0.000000,-0.000000,-0.000000,-0.000000),(st,end)=(0,0);
01-07 18:59:56.149  4110  4864 I JniUtils.java: [ (JniUtils.java:68)#InputADASLD ] ADASLaneInfoBean{LaneID=1, x1=-242, y1=13, x2=-77, y2=228, A=1.1092528813113702E-5, B=-0.008077203858603568, C=2.101345372356463, D=-268.3045557306454, status=1}
01-07 18:59:56.149  4110  7713 I JniUtils.java: [ (JniUtils.java:46)#InputDataAdasObj ] 周边环境对象等输出成功
01-07 18:59:56.149  4110  7713 D V2021010702 EZD Output Status: Output_obj=false , aeb_status = 0 && collision_status == 0 && obj_status == 0 && accGapSet_status == 0 
01-07 18:59:56.150  4110  7713 I JniUtils.java: [ (JniUtils.java:48)#InputDataAdasObj ] ADASWarningInfoBean{objID=0, obj_x=0, obj_y=0, obj_status=0, obj_width=0, collisionID=0, conllision_x=0, conllision_y=0, collision_status=0, aebID=0, aeb_x=0, aeb_y=0, aeb_status=0, aebFrame_x=0, aebFrame_y=0, aebFrame_status=0, accGapSet_ID=0, accGapSet_x=0, accGapSet_y=0, accGapSet_width=0, accGapSet_flip=0, accGapSet_status=0}
01-07 18:59:56.150  4110  7713 I ARHUDPresenter.java: [ (ARHUDPresenter.java:130)#Subscribe ] adasWarningInfoBeanADASWarningInfoBean{objID=0, obj_x=0, obj_y=0, obj_status=0, obj_width=0, collisionID=0, conllision_x=0, conllision_y=0, collision_status=0, aebID=0, aeb_x=0, aeb_y=0, aeb_status=0, aebFrame_x=0, aebFrame_y=0, aebFrame_status=0, accGapSet_ID=0, accGapSet_x=0, accGapSet_y=0, accGapSet_width=0, accGapSet_flip=0, accGapSet_status=0}
01-07 18:59:56.150  4110  4110 D CarSignalManager: handleOnChangeEvent ECarXCarPropertyValue{mPropertyId=0x71c5 propertyName ZZZAsdmSignalEnd, mValue=3b3c}
01-07 18:59:56.150  4110  4110 D HUDInteractionImpl: onChangeEvent 71c5
01-07 18:59:56.150  4110  4177 D HUDInteractionImpl: handleMessage 4
01-07 18:59:56.150  4110  4177 D HUDInteractionImpl: updateDataInfo id 7179 value: 999
01-07 18:59:56.150  4110  4177 D HUDInteractionImpl: handleMessage 4
01-07 18:59:56.150  4110  4177 D HUDInteractionImpl: updateDataInfo id 71c5 value: 15164
01-07 18:59:56.150  4110  4177 D HUDInteractionImpl: handleMessage 2
01-07 18:59:56.150  4110  4177 D HUDInteractionImpl: notifyAdasInfo ADASDrivingAidSyncInfo 功能状态: 0 AEB已经制动 0 前方对象方向 0 前方对象类型 0 前方物件横向距离 1.7763568394002505E-15 前方物件纵向距离 0.0 FCW警告 0
01-07 18:59:56.150  4110  4177 D HUDInteractionImpl: notifyAdasInfo ADASLaneSyncInfo 左一上段：1.990000000000002 -0.04700000000000015 0.009099999999999997 -1.0000000000001327E-6 左一下段 2.740000000000002 -0.29500000000000015 0.0363 -0.001 右一上段 0.0 0.0 0.0 0.0 右一下段 0.0 0.0 0.0 0.0 左一左起止点 0.0 9.0 左一右起止点 9.0 71.0 右一左起止点 0.0 0.0 右一右起止点 0.0 0.0 压线 0
01-07 18:59:56.150  4110  4904 D V2021010702 EZD Input Status: InputData_Vehicle=true , speed=0.000000, steering_wheel_angle=-0.091797, steering_wheel_angularVel=0.000000
01-07 18:59:56.150  4110  4904 D V2021010702 EZD Input Status: InputData_HUD = true
01-07 18:59:56.150  4110  4904 D V2021010702 EZD Input Status: HUD_button_absolute_pos = 14
01-07 18:59:56.150  4110  4904 D V2021010702 EZD Input Status: InputData_LD=true , warning_status=0
01-07 18:59:56.150  4110  4904 D V2021010702 EZD Input Status: l1:(a,b,c,d)=(-1.990000,0.047000,-0.009100,0.000001),(st,end)=(0,0); l2:(a,b,c,d)=(-2.740000,0.295000,-0.036300,0.001000),(st,end)=(9,9);
01-07 18:59:56.150  4110  4904 D V2021010702 EZD Input Status: r1:(a,b,c,d)=(-0.000000,-0.000000,-0.000000,-0.000000),(st,end)=(0,0); r2:(a,b,c,d)=(-0.000000,-0.000000,-0.000000,-0.000000),(st,end)=(0,0);
01-07 18:59:56.150  4110  4904 D V2021010702 EZD Input Status: InputData_NAVI=true, turn_dist=2056.000000 , lane_direction_type=103
01-07 18:59:56.150  4110  4904 D V2021010702 EZD Output Status: Output_navi=true , naviID=3, (x,y)=(85,6), (W,H)=(315,180), flip=0, status=1
01-07 18:59:56.150  4110  7712 I ARHUDPresenter.java: [ (ARHUDPresenter.java:152)#Subscribe ] inputADASLDInputADASLD{l1_a=1.990000000000002, l1_b=-0.04700000000000015, l1_c=0.009099999999999997, l1_d=-1.0000000000001327E-6, l2_a=2.740000000000002, l2_b=-0.29500000000000015, l2_c=0.0363, l2_d=-0.001, r1_a=0.0, r1_b=0.0, r1_c=0.0, r1_d=0.0, r2_a=0.0, r2_b=0.0, r2_c=0.0, r2_d=0.0, warning_status=0, detect_start_l1=0.0, detect_end_l1=9.0, detect_start_l2=9.0, detect_end_l2=71.0, detect_start_r2=0.0, detect_end_r2=0.0, detect_start_r1=0.0, detect_end_r1=0.0}
01-07 18:59:56.150  4110  7712 D V2021010702 EZD Input Status: InputData_HUD = true
01-07 18:59:56.150  4110  7712 D V2021010702 EZD Input Status: HUD_button_absolute_pos = 14
01-07 18:59:56.150  4110  7712 D V2021010702 EZD Input Status: InputData_LD=true , warning_status=0
01-07 18:59:56.150  4110  7712 D V2021010702 EZD Input Status: l1:(a,b,c,d)=(-1.990000,0.047000,-0.009100,0.000001),(st,end)=(0,0); l2:(a,b,c,d)=(-2.740000,0.295000,-0.036300,0.001000),(st,end)=(9,9);
