01-07 18:59:56.620  2637  3458 E AutoStartManager: Communications error: java.io.IOException: No such file or directory
01-07 18:59:56.620  2637  3458 E AutoStartManager: Error2 in NativeDaemonConnector: java.io.IOException: No such file or directory
01-07 18:59:56.626   714  3875 F [ESIS][FATAL] ref-detecter.cc:347: GET_REF seq not match:24724 -1 0
01-07 18:59:56.626   714  3890 F [ESIS][FATAL] ref-detecter.cc:347: GET_REF seq not match:24724 -1 0
01-07 18:59:56.626   714  3890 E [EAKS][ERROR] aks-engine.cc:373: no keyword set yet.
01-07 18:59:56.626   714  3875 E [EAKS][ERROR] aks-engine.cc:373: no keyword set yet.
01-07 18:59:56.630  4277  4277 D ECarXCarFuncManagerBase: onChangeEvent: 33701 [B@c5f773f
01-07 18:59:56.631  4277  4277 I chatty  : uid=10027(com.ecarx.mycar) identical 14 lines
01-07 18:59:56.632  4277  4277 D ECarXCarFuncManagerBase: onChangeEvent: 33701 [B@c5f773f
01-07 18:59:56.632  4277  4277 D CarPAEventCallback: onPAChanged propertyId: 33701
01-07 18:59:56.632  4277  4277 D CarPAEventCallback: PA_TS_EDT_time2 = PA_TS_EDT_time2{availability = Active, dataValue = 62030, statusValue = 0, formatValue = 0}
01-07 18:59:56.632  4277  4277 D ECarXCarFuncManagerBase: handleOnChangeEvent patsedttime2
01-07 18:59:56.635   764  1178 D libipcp : socket_says_data_received: Sid: 0x1f, OpID: 0x51, Length: 0x10a, SendHandleId: 0x1f510522, Version: 0x3, OpType: 0x5, NOTIFICATION, payloadType: 0x1
01-07 18:59:56.635   764  1178 I libipcp : checkOperaiondIdAvailable: checkOperaiondIdAvailable called service_id: 0x1f, OpId: 0x51
01-07 18:59:56.635   764  1178 I libipcp : checkOperaiondIdAvailable: checkOperaiondIdAvailable opid 0x51 is vaild
01-07 18:59:56.635   764  1164 D libipcp : build_ack_packet: build ACK for Service_id: 0x1f, Operation_Id: 0x51, senderHandleId: 0x1f510522
01-07 18:59:56.636   764  1162 I libipcp : ipcp_transport_send: fire --> SenderHandleID: 0x1f510522, OperType: ACK, peer.sk_type is 2, peer_ip : 198.18.34.1, peer_port: 50500, length :16
01-07 18:59:56.636   764  1166 D vehiclehal::EcarxIpcpComm: funtion: received_cb , ip [198.18.34.1] , port = 50500, service = ASDM, operation_id = 81
01-07 18:59:56.636   764  1178 D libipcp : socket_says_data_received: Sid: 0x25, OpID: 0x20, Length: 0x89, SendHandleId: 0x2520052d, Version: 0x3, OpType: 0x5, NOTIFICATION, payloadType: 0x1
01-07 18:59:56.636   764  1178 I libipcp : checkOperaiondIdAvailable: checkOperaiondIdAvailable called service_id: 0x25, OpId: 0x20
01-07 18:59:56.636   764  1178 I libipcp : checkOperaiondIdAvailable: checkOperaiondIdAvailable opid 0x20 is vaild
01-07 18:59:56.636   764  1178 D libipcp : socket_says_data_received: Sid: 0x2c, OpID: 0x1d, Length: 0x129, SendHandleId: 0x2c1d0581, Version: 0x3, OpType: 0x5, NOTIFICATION, payloadType: 0x1
01-07 18:59:56.636   764  1178 I libipcp : checkOperaiondIdAvailable: checkOperaiondIdAvailable called service_id: 0x2c, OpId: 0x1d
01-07 18:59:56.637   764  1178 I libipcp : checkOperaiondIdAvailable: checkOperaiondIdAvailable opid 0x1d is vaild
01-07 18:59:56.637   764  1164 D libipcp : build_ack_packet: build ACK for Service_id: 0x25, Operation_Id: 0x20, senderHandleId: 0x2520052d
01-07 18:59:56.637   764  1164 D libipcp : build_ack_packet: build ACK for Service_id: 0x2c, Operation_Id: 0x1d, senderHandleId: 0x2c1d0581
01-07 18:59:56.637   764  1162 I libipcp : ipcp_transport_send: fire --> SenderHandleID: 0x2c1d0581, OperType: ACK, peer.sk_type is 2, peer_ip : 198.18.34.1, peer_port: 50500, length :16
01-07 18:59:56.637   764  1162 I libipcp : ipcp_transport_send: fire --> SenderHandleID: 0x2520052d, OperType: ACK, peer.sk_type is 2, peer_ip : 198.18.34.1, peer_port: 50500, length :16
01-07 18:59:56.637   764  1166 D vehiclehal::EcarxIpcpComm: funtion: received_cb , ip [198.18.34.1] , port = 50500, service = DIM, operation_id = 32
01-07 18:59:56.637   764  1166 D vehiclehal::EcarxIpcpComm: funtion: received_cb , ip [198.18.34.1] , port = 50500, service = VDDM, operation_id = 29
01-07 18:59:56.637   764  1174 D vehiclehal::EcarxIpcpComm: funtion: rxThread , service = ASDM, operation_id = 81
01-07 18:59:56.637   764  1174 D IPCP2VV : convertIpcp2VehicleValues, [ASDMNotificationOpID] ap size 258, vp size 258
01-07 18:59:56.640   764  1174 D vehiclehal::EcarxIpcpComm: funtion: rxThread , service = DIM, operation_id = 32
01-07 18:59:56.640   764  1174 D IPCP2VV : convertIpcp2VehicleValues, [DIMNotificationOpID] ap size 129, vp size 129
01-07 18:59:56.642   764  1174 D vehiclehal::EcarxIpcpComm: funtion: rxThread , service = VDDM, operation_id = 29
01-07 18:59:56.642   764  1174 D IPCP2VV : convertIpcp2VehicleValues, [VDDMNotificationOpID] ap size 289, vp size 289
01-07 18:59:56.645  4110  4110 D CarSignalManager: handleOnChangeEvent ECarXCarPropertyValue{mPropertyId=0x70f7 propertyName AsyLeSecEnd, mValue=74}
01-07 18:59:56.645   783   783 E DisplayDevice: map unknown ((deprecated) sRGB sRGB Full range)/(RenderIntent::COLORIMETRIC) to default color mode
01-07 18:59:56.645   783   783 I chatty  : uid=1000(system) /system/bin/surfaceflinger identical 1 line
01-07 18:59:56.645   783   783 E DisplayDevice: map unknown ((deprecated) sRGB sRGB Full range)/(RenderIntent::COLORIMETRIC) to default color mode
01-07 18:59:56.645  4110  4110 D HUDInteractionImpl: onChangeEvent 70f7
01-07 18:59:56.645   783   783 E DisplayDevice: map unknown ((deprecated) sRGB sRGB Full range)/(RenderIntent::COLORIMETRIC) to default color mode
01-07 18:59:56.645  4110  4110 D CarSignalManager: handleOnChangeEvent ECarXCarPropertyValue{mPropertyId=0x71c5 propertyName ZZZAsdmSignalEnd, mValue=3b5b}
01-07 18:59:56.645  4110  4177 D HUDInteractionImpl: handleMessage 4
01-07 18:59:56.645  4110  4177 D HUDInteractionImpl: updateDataInfo id 70f7 value: 116
01-07 18:59:56.645  4110  4110 D HUDInteractionImpl: onChangeEvent 71c5
01-07 18:59:56.645  4110  4177 D HUDInteractionImpl: handleMessage 4
01-07 18:59:56.645  4110  4177 D HUDInteractionImpl: updateDataInfo id 71c5 value: 15195
01-07 18:59:56.646  4110  4177 D HUDInteractionImpl: handleMessage 2
01-07 18:59:56.646  4110  4177 D HUDInteractionImpl: notifyAdasInfo ADASDrivingAidSyncInfo 功能状态: 0 AEB已经制动 0 前方对象方向 0 前方对象类型 0 前方物件横向距离 1.7763568394002505E-15 前方物件纵向距离 0.0 FCW警告 0
01-07 18:59:56.646  4110  4177 D HUDInteractionImpl: notifyAdasInfo ADASLaneSyncInfo 左一上段：1.990000000000002 -0.04700000000000015 0.009099999999999997 -1.0000000000001327E-6 左一下段 2.740000000000002 -0.29500000000000015 0.03639999999999999 -0.001 右一上段 0.0 0.0 0.0 0.0 右一下段 0.0 0.0 0.0 0.0 左一左起止点 0.0 9.0 左一右起止点 9.0 86.0 右一左起止点 0.0 0.0 右一右起止点 0.0 0.0 压线 0
01-07 18:59:56.646  4110  4904 D V2021010702 EZD Input Status: InputData_Vehicle=true , speed=0.000000, steering_wheel_angle=-0.091797, steering_wheel_angularVel=0.000000
01-07 18:59:56.646  4110  7712 I ARHUDPresenter.java: [ (ARHUDPresenter.java:152)#Subscribe ] inputADASLDInputADASLD{l1_a=1.990000000000002, l1_b=-0.04700000000000015, l1_c=0.009099999999999997, l1_d=-1.0000000000001327E-6, l2_a=2.740000000000002, l2_b=-0.29500000000000015, l2_c=0.03639999999999999, l2_d=-0.001, r1_a=0.0, r1_b=0.0, r1_c=0.0, r1_d=0.0, r2_a=0.0, r2_b=0.0, r2_c=0.0, r2_d=0.0, warning_status=0, detect_start_l1=0.0, detect_end_l1=9.0, detect_start_l2=9.0, detect_end_l2=86.0, detect_start_r2=0.0, detect_end_r2=0.0, detect_start_r1=0.0, detect_end_r1=0.0}
01-07 18:59:56.646  4110  7712 D V2021010702 EZD Input Status: InputData_HUD = true
01-07 18:59:56.646  4110  7712 D V2021010702 EZD Input Status: HUD_button_absolute_pos = 14
01-07 18:59:56.646  4110  7712 D V2021010702 EZD Input Status: InputData_LD=true , warning_status=0
01-07 18:59:56.646  4110  7712 D V2021010702 EZD Input Status: l1:(a,b,c,d)=(-1.990000,0.047000,-0.009100,0.000001),(st,end)=(0,0); l2:(a,b,c,d)=(-2.740000,0.295000,-0.036400,0.001000),(st,end)=(9,9);
01-07 18:59:56.646  4110  7712 D V2021010702 EZD Input Status: r1:(a,b,c,d)=(-0.000000,-0.000000,-0.000000,-0.000000),(st,end)=(0,0); r2:(a,b,c,d)=(-0.000000,-0.000000,-0.000000,-0.000000),(st,end)=(0,0);
01-07 18:59:56.646  4110  4868 I ARHUDPresenter.java: [ (ARHUDPresenter.java:125)#Subscribe ] adasLaneInfoBeanInputADASObj{acc_status=0.0, pos_x=1.7763568394002505E-15, pos_z=0.0, direction=0.0, type=9.0, frontType=0.0, warning_status=0.0, aeb_status=0.0}
01-07 18:59:56.646  4110  7712 I JniUtils.java: [ (JniUtils.java:66)#InputADASLD ] 道路信息输出成功
01-07 18:59:56.646  4110  7712 D V2021010702 EZD Output Status: Output_ld=true , laneID=1, (start_x,start_y)=(-250,13), (end_x,end_y)=(-81,228), (A,B,C,D)=(0.000011,-0.008238,2.147088,-277.614060), status=1
01-07 18:59:56.646  4110  4868 I ARHUDPresenter.java: [ (ARHUDPresenter.java:126)#Subscribe ] HUDHeight14
01-07 18:59:56.646  4110  7712 I JniUtils.java: [ (JniUtils.java:68)#InputADASLD ] ADASLaneInfoBean{LaneID=1, x1=-250, y1=13, x2=-81, y2=228, A=1.132494311066918E-5, B=-0.008238330349213601, C=2.147088181743742, D=-277.6140598199724, status=1}
01-07 18:59:56.646  4110  4868 E JniUtils.java: [ (JniUtils.java:33)#InputDataAdasObj ] hudHeight高度14.0
01-07 18:59:56.646  4110  4868 D V2021010702 EZD Input Status: InputData_Vehicle=true , speed=0.000000, steering_wheel_angle=-0.091797, steering_wheel_angularVel=0.000000
01-07 18:59:56.646  4110  4868 D V2021010702 EZD Input Status: InputData_HUD = true
01-07 18:59:56.646  4110  4868 D V2021010702 EZD Input Status: HUD_button_absolute_pos = 14
01-07 18:59:56.646  4110  4868 D V2021010702 EZD Input Status: InputData_Obj is true. pos_x=0.000000, pos_y=0.000000, frontType=0, direction=0, acc_status=0, type=9, warning_status=0, aeb_status=0
01-07 18:59:56.646  4110  4904 D V2021010702 EZD Input Status: InputData_HUD = true
01-07 18:59:56.646  4110  4868 D V2021010702 EZD Input Status: InputData_Obj: acc_gap_set_status=3
01-07 18:59:56.646  4110  4904 D V2021010702 EZD Input Status: HUD_button_absolute_pos = 14
01-07 18:59:56.646  4110  4904 D V2021010702 EZD Input Status: InputData_LD=true , warning_status=0
01-07 18:59:56.646  4110  4868 D V2021010702 EZD Input Status: InputData_LD=true , warning_status=0
01-07 18:59:56.646  4110  4904 D V2021010702 EZD Input Status: l1:(a,b,c,d)=(-1.990000,0.047000,-0.009100,0.000001),(st,end)=(0,0); l2:(a,b,c,d)=(-2.740000,0.295000,-0.036400,0.001000),(st,end)=(9,9);
01-07 18:59:56.647  4110  4868 D V2021010702 EZD Input Status: l1:(a,b,c,d)=(-1.990000,0.047000,-0.009100,0.000001),(st,end)=(0,0); l2:(a,b,c,d)=(-2.740000,0.295000,-0.036400,0.001000),(st,end)=(9,9);
01-07 18:59:56.647  4110  4868 D V2021010702 EZD Input Status: r1:(a,b,c,d)=(-0.000000,-0.000000,-0.000000,-0.000000),(st,end)=(0,0); r2:(a,b,c,d)=(-0.000000,-0.000000,-0.000000,-0.000000),(st,end)=(0,0);
01-07 18:59:56.647  4110  4868 I JniUtils.java: [ (JniUtils.java:46)#InputDataAdasObj ] 周边环境对象等输出成功
01-07 18:59:56.647  4110  4868 D V2021010702 EZD Output Status: Output_obj=false , aeb_status = 0 && collision_status == 0 && obj_status == 0 && accGapSet_status == 0 
01-07 18:59:56.647  4110  4868 I JniUtils.java: [ (JniUtils.java:48)#InputDataAdasObj ] ADASWarningInfoBean{objID=0, obj_x=0, obj_y=0, obj_status=0, obj_width=0, collisionID=0, conllision_x=0, conllision_y=0, collision_status=0, aebID=0, aeb_x=0, aeb_y=0, aeb_status=0, aebFrame_x=0, aebFrame_y=0, aebFrame_status=0, accGapSet_ID=0, accGapSet_x=0, accGapSet_y=0, accGapSet_width=0, accGapSet_flip=0, accGapSet_status=0}
01-07 18:59:56.647  4110  4904 D V2021010702 EZD Input Status: r1:(a,b,c,d)=(-0.000000,-0.000000,-0.000000,-0.000000),(st,end)=(0,0); r2:(a,b,c,d)=(-0.000000,-0.000000,-0.000000,-0.000000),(st,end)=(0,0);
01-07 18:59:56.647  4110  4868 I ARHUDPresenter.java: [ (ARHUDPresenter.java:130)#Subscribe ] adasWarningInfoBeanADASWarningInfoBean{objID=0, obj_x=0, obj_y=0, obj_status=0, obj_width=0, collisionID=0, conllision_x=0, conllision_y=0, collision_status=0, aebID=0, aeb_x=0, aeb_y=0, aeb_status=0, aebFrame_x=0, aebFrame_y=0, aebFrame_status=0, accGapSet_ID=0, accGapSet_x=0, accGapSet_y=0, accGapSet_width=0, accGapSet_flip=0, accGapSet_status=0}
01-07 18:59:56.647  4110  4904 D V2021010702 EZD Input Status: InputData_NAVI=true, turn_dist=2056.000000 , lane_direction_type=103
01-07 18:59:56.647  4110  4904 D V2021010702 EZD Output Status: Output_navi=true , naviID=3, (x,y)=(85,6), (W,H)=(315,180), flip=0, status=1
01-07 18:59:56.656   714  3875 F [ESIS][FATAL] ref-detecter.cc:347: GET_REF seq not match:24728 -1 0
01-07 18:59:56.656   714  3890 F [ESIS][FATAL] ref-detecter.cc:347: GET_REF seq not match:24728 -1 0
01-07 18:59:56.656   714  3875 E [EAKS][ERROR] aks-engine.cc:373: no keyword set yet.
01-07 18:59:56.656   714  3890 E [EAKS][ERROR] aks-engine.cc:373: no keyword set yet.
01-07 18:59:56.665   764  1178 D libipcp : socket_says_data_received: Sid: 0x1f, OpID: 0x51, Length: 0x10a, SendHandleId: 0x1f510523, Version: 0x3, OpType: 0x5, NOTIFICATION, payloadType: 0x1
01-07 18:59:56.665   764  1178 I libipcp : checkOperaiondIdAvailable: checkOperaiondIdAvailable called service_id: 0x1f, OpId: 0x51
01-07 18:59:56.665   764  1178 I libipcp : checkOperaiondIdAvailable: checkOperaiondIdAvailable opid 0x51 is vaild
01-07 18:59:56.665   764  1164 D libipcp : build_ack_packet: build ACK for Service_id: 0x1f, Operation_Id: 0x51, senderHandleId: 0x1f510523
01-07 18:59:56.666   764  1162 I libipcp : ipcp_transport_send: fire --> SenderHandleID: 0x1f510523, OperType: ACK, peer.sk_type is 2, peer_ip : 198.18.34.1, peer_port: 50500, length :16
01-07 18:59:56.666   764  1166 D vehiclehal::EcarxIpcpComm: funtion: received_cb , ip [198.18.34.1] , port = 50500, service = ASDM, operation_id = 81
01-07 18:59:56.666   764  1178 D libipcp : socket_says_data_received: Sid: 0x2c, OpID: 0x1d, Length: 0x129, SendHandleId: 0x2c1d0582, Version: 0x3, OpType: 0x5, NOTIFICATION, payloadType: 0x1
01-07 18:59:56.666   764  1178 I libipcp : checkOperaiondIdAvailable: checkOperaiondIdAvailable called service_id: 0x2c, OpId: 0x1d
01-07 18:59:56.666   764  1178 I libipcp : checkOperaiondIdAvailable: checkOperaiondIdAvailable opid 0x1d is vaild
01-07 18:59:56.666   764  1164 D libipcp : build_ack_packet: build ACK for Service_id: 0x2c, Operation_Id: 0x1d, senderHandleId: 0x2c1d0582
01-07 18:59:56.666   764  1162 I libipcp : ipcp_transport_send: fire --> SenderHandleID: 0x2c1d0582, OperType: ACK, peer.sk_type is 2, peer_ip : 198.18.34.1, peer_port: 50500, length :16
01-07 18:59:56.667   764  1166 D vehiclehal::EcarxIpcpComm: funtion: received_cb , ip [198.18.34.1] , port = 50500, service = VDDM, operation_id = 29
01-07 18:59:56.668   764  1174 D vehiclehal::EcarxIpcpComm: funtion: rxThread , service = ASDM, operation_id = 81
01-07 18:59:56.668   764  1174 D IPCP2VV : convertIpcp2VehicleValues, [ASDMNotificationOpID] ap size 258, vp size 258
01-07 18:59:56.670   764  1174 D vehiclehal::EcarxIpcpComm: funtion: rxThread , service = VDDM, operation_id = 29
01-07 18:59:56.670   764  1174 D IPCP2VV : convertIpcp2VehicleValues, [VDDMNotificationOpID] ap size 289, vp size 289
01-07 18:59:56.678  4110  4110 D CarSignalManager: handleOnChangeEvent ECarXCarPropertyValue{mPropertyId=0x7af1 propertyName ZZZVddmSignalEnd, mValue=3b5d}
01-07 18:59:56.678  4110  4110 D HUDInteractionImpl: onChangeEvent 7af1
01-07 18:59:56.678  4110  4110 D CarSignalManager: handleOnChangeEvent ECarXCarPropertyValue{mPropertyId=0x7af1 propertyName ZZZVddmSignalEnd, mValue=3b5e}
01-07 18:59:56.678  4110  4110 D HUDInteractionImpl: onChangeEvent 7af1
01-07 18:59:56.678  4110  4177 D HUDInteractionImpl: handleMessage 4
01-07 18:59:56.678  4110  4177 D HUDInteractionImpl: updateDataInfo id 7af1 value: 15197
01-07 18:59:56.678  4110  4177 D HUDInteractionImpl: handleMessage 4
01-07 18:59:56.678  4110  4177 D HUDInteractionImpl: updateDataInfo id 7af1 value: 15198
01-07 18:59:56.678   783   783 E DisplayDevice: map unknown ((deprecated) sRGB sRGB Full range)/(RenderIntent::COLORIMETRIC) to default color mode
01-07 18:59:56.678   783   783 I chatty  : uid=1000(system) /system/bin/surfaceflinger identical 2 lines
01-07 18:59:56.678   783   783 E DisplayDevice: map unknown ((deprecated) sRGB sRGB Full range)/(RenderIntent::COLORIMETRIC) to default color mode
01-07 18:59:56.682   756  1227 D IPLM_HAL: doReceive, recevied ip activity from ECU [DVR], ip 198.18.37.20
01-07 18:59:56.682   756  1227 I IPLM_HAL: convertToLittleEndian, [sid 0xffff], [op_id 0xff01], [len 0xc], [sendHandlerId 0xff0106ce], [op_type 0x6], [payload_type 0x1]
01-07 18:59:56.682   756  1227 I IPLM_HAL: handleActiveRequest, node: [DVR], action: 0x11, priority: 0
01-07 18:59:56.682   756  1227 D IPLM_HAL: handleActiveRequest, [IPLM Request] Active Request Session is triggerd for Resource Group 0x10 [RG_4], by Node [DVR]
01-07 18:59:56.682   756  1227 I IPLM_HAL: handleActiveRequest, ARS is set by node [DVR]
01-07 18:59:56.686   714  3875 F [ESIS][FATAL] ref-detecter.cc:347: GET_REF seq not match:24732 -1 0
01-07 18:59:56.686   714  3890 F [ESIS][FATAL] ref-detecter.cc:347: GET_REF seq not match:24732 -1 0
01-07 18:59:56.687   714  3875 E [EAKS][ERROR] aks-engine.cc:373: no keyword set yet.
01-07 18:59:56.687   714  3890 E [EAKS][ERROR] aks-engine.cc:373: no keyword set yet.
01-07 18:59:56.695   764  1178 D libipcp : socket_says_data_received: Sid: 0x1f, OpID: 0x51, Length: 0x10a, SendHandleId: 0x1f510524, Version: 0x3, OpType: 0x5, NOTIFICATION, payloadType: 0x1
01-07 18:59:56.695   764  1178 I libipcp : checkOperaiondIdAvailable: checkOperaiondIdAvailable called service_id: 0x1f, OpId: 0x51
01-07 18:59:56.695   764  1178 I libipcp : checkOperaiondIdAvailable: checkOperaiondIdAvailable opid 0x51 is vaild
01-07 18:59:56.695   764  1164 D libipcp : build_ack_packet: build ACK for Service_id: 0x1f, Operation_Id: 0x51, senderHandleId: 0x1f510524
01-07 18:59:56.695   764  1162 I libipcp : ipcp_transport_send: fire --> SenderHandleID: 0x1f510524, OperType: ACK, peer.sk_type is 2, peer_ip : 198.18.34.1, peer_port: 50500, length :16
01-07 18:59:56.695   764  1166 D vehiclehal::EcarxIpcpComm: funtion: received_cb , ip [198.18.34.1] , port = 50500, service = ASDM, operation_id = 81
01-07 18:59:56.696   764  1178 D libipcp : socket_says_data_received: Sid: 0x2c, OpID: 0x1d, Length: 0x129, SendHandleId: 0x2c1d0583, Version: 0x3, OpType: 0x5, NOTIFICATION, payloadType: 0x1
01-07 18:59:56.696   764  1178 I libipcp : checkOperaiondIdAvailable: checkOperaiondIdAvailable called service_id: 0x2c, OpId: 0x1d
01-07 18:59:56.696   764  1178 I libipcp : checkOperaiondIdAvailable: checkOperaiondIdAvailable opid 0x1d is vaild
01-07 18:59:56.696   764  1164 D libipcp : build_ack_packet: build ACK for Service_id: 0x2c, Operation_Id: 0x1d, senderHandleId: 0x2c1d0583
01-07 18:59:56.696   764  1162 I libipcp : ipcp_transport_send: fire --> SenderHandleID: 0x2c1d0583, OperType: ACK, peer.sk_type is 2, peer_ip : 198.18.34.1, peer_port: 50500, length :16
01-07 18:59:56.696   764  1166 D vehiclehal::EcarxIpcpComm: funtion: received_cb , ip [198.18.34.1] , port = 50500, service = VDDM, operation_id = 29
01-07 18:59:56.698   764  1174 D vehiclehal::EcarxIpcpComm: funtion: rxThread , service = ASDM, operation_id = 81
01-07 18:59:56.698   764  1174 D IPCP2VV : convertIpcp2VehicleValues, [ASDMNotificationOpID] ap size 258, vp size 258
01-07 18:59:56.701   764  1174 D vehiclehal::EcarxIpcpComm: funtion: rxThread , service = VDDM, operation_id = 29
01-07 18:59:56.701   764  1174 D IPCP2VV : convertIpcp2VehicleValues, [VDDMNotificationOpID] ap size 289, vp size 289
01-07 18:59:56.711   783   783 E DisplayDevice: map unknown ((deprecated) sRGB sRGB Full range)/(RenderIntent::COLORIMETRIC) to default color mode
01-07 18:59:56.711   783   783 I chatty  : uid=1000(system) /system/bin/surfaceflinger identical 2 lines
01-07 18:59:56.711   783   783 E DisplayDevice: map unknown ((deprecated) sRGB sRGB Full range)/(RenderIntent::COLORIMETRIC) to default color mode
01-07 18:59:56.712  4110  4110 I ARHUDPresenter.java: [ (ARHUDPresenter.java:164)#Accept ] ADASLaneInfoBeanADASLaneInfoBean{LaneID=1, x1=-250, y1=13, x2=-81, y2=228, A=1.132494311066918E-5, B=-0.008238330349213601, C=2.147088181743742, D=-277.6140598199724, status=1}
01-07 18:59:56.713  4110  4110 E ADASLD  : [ (ARHUDPresenter.java:166)#Accept ] 压线了
01-07 18:59:56.713  4110  4110 E ARHUDFragment.java: [ (ARHUDFragment.java:240)#DrawCrimpingWarning ] 绘制的线的坐标为ADASLaneInfoBean{LaneID=1, x1=-250, y1=13, x2=-81, y2=228, A=1.132494311066918E-5, B=-0.008238330349213601, C=2.147088181743742, D=-277.6140598199724, status=1}
01-07 18:59:56.713  4110  4110 E LanePressureLineView.java: [ (LanePressureLineView.java:73)#AddData ] 压线坐标点数据为0.0,136.73514,273.47028,136.73514,0.0,22.5,0.0,22.5,45.0,22.5,
01-07 18:59:56.713  4110  4110 E ARHUDFragment.java: [ (ARHUDFragment.java:255)#DrawCrimpingWarning ] 度数为：-51.83100594935153
01-07 18:59:56.714  4110  4110 D CarSignalManager: handleOnChangeEvent ECarXCarPropertyValue{mPropertyId=0x70f7 propertyName AsyLeSecEnd, mValue=4e}
01-07 18:59:56.714  4110  4110 D HUDInteractionImpl: onChangeEvent 70f7
01-07 18:59:56.714  4110  4110 D CarSignalManager: handleOnChangeEvent ECarXCarPropertyValue{mPropertyId=0x71c5 propertyName ZZZAsdmSignalEnd, mValue=3b5f}
01-07 18:59:56.714  4110  4110 D HUDInteractionImpl: onChangeEvent 71c5
01-07 18:59:56.714  4110  4110 D CarSignalManager: handleOnChangeEvent ECarXCarPropertyValue{mPropertyId=0x7af1 propertyName ZZZVddmSignalEnd, mValue=3b61}
01-07 18:59:56.714  4110  4110 D HUDInteractionImpl: onChangeEvent 7af1
01-07 18:59:56.714  4110  4177 D HUDInteractionImpl: handleMessage 4
01-07 18:59:56.714  4110  4177 D HUDInteractionImpl: updateDataInfo id 70f7 value: 78
01-07 18:59:56.714  4110  4177 D HUDInteractionImpl: handleMessage 4
01-07 18:59:56.714  4110  4177 D HUDInteractionImpl: updateDataInfo id 71c5 value: 15199
01-07 18:59:56.714  4110  4177 D HUDInteractionImpl: handleMessage 4
01-07 18:59:56.714  4110  4177 D HUDInteractionImpl: updateDataInfo id 7af1 value: 15201
01-07 18:59:56.714  4110  4177 D HUDInteractionImpl: handleMessage 2
01-07 18:59:56.715  4110  4177 D HUDInteractionImpl: notifyAdasInfo ADASDrivingAidSyncInfo 功能状态: 0 AEB已经制动 0 前方对象方向 0 前方对象类型 0 前方物件横向距离 1.7763568394002505E-15 前方物件纵向距离 0.0 FCW警告 0
01-07 18:59:56.715  4110  4177 D HUDInteractionImpl: notifyAdasInfo ADASLaneSyncInfo 左一上段：1.990000000000002 -0.04700000000000015 0.009099999999999997 -1.0000000000001327E-6 左一下段 2.740000000000002 -0.29500000000000015 0.03639999999999999 -0.001 右一上段 0.0 0.0 0.0 0.0 右一下段 0.0 0.0 0.0 0.0 左一左起止点 0.0 9.0 左一右起止点 9.0 48.0 右一左起止点 0.0 0.0 右一右起止点 0.0 0.0 压线 0
01-07 18:59:56.715  4110  7713 I ARHUDPresenter.java: [ (ARHUDPresenter.java:152)#Subscribe ] inputADASLDInputADASLD{l1_a=1.990000000000002, l1_b=-0.04700000000000015, l1_c=0.009099999999999997, l1_d=-1.0000000000001327E-6, l2_a=2.740000000000002, l2_b=-0.29500000000000015, l2_c=0.03639999999999999, l2_d=-0.001, r1_a=0.0, r1_b=0.0, r1_c=0.0, r1_d=0.0, r2_a=0.0, r2_b=0.0, r2_c=0.0, r2_d=0.0, warning_status=0, detect_start_l1=0.0, detect_end_l1=9.0, detect_start_l2=9.0, detect_end_l2=48.0, detect_start_r2=0.0, detect_end_r2=0.0, detect_start_r1=0.0, detect_end_r1=0.0}
01-07 18:59:56.715  4110  4869 I ARHUDPresenter.java: [ (ARHUDPresenter.java:125)#Subscribe ] adasLaneInfoBeanInputADASObj{acc_status=0.0, pos_x=1.7763568394002505E-15, pos_z=0.0, direction=0.0, type=9.0, frontType=0.0, warning_status=0.0, aeb_status=0.0}
01-07 18:59:56.715  4110  7713 D V2021010702 EZD Input Status: InputData_HUD = true
01-07 18:59:56.715  4110  7713 D V2021010702 EZD Input Status: HUD_button_absolute_pos = 14
01-07 18:59:56.715  4110  7713 D V2021010702 EZD Input Status: InputData_LD=true , warning_status=0
01-07 18:59:56.715  4110  7713 D V2021010702 EZD Input Status: l1:(a,b,c,d)=(-1.990000,0.047000,-0.009100,0.000001),(st,end)=(0,0); l2:(a,b,c,d)=(-2.740000,0.295000,-0.036400,0.001000),(st,end)=(9,9);
01-07 18:59:56.715  4110  7713 D V2021010702 EZD Input Status: r1:(a,b,c,d)=(-0.000000,-0.000000,-0.000000,-0.000000),(st,end)=(0,0); r2:(a,b,c,d)=(-0.000000,-0.000000,-0.000000,-0.000000),(st,end)=(0,0);
01-07 18:59:56.715  4110  4869 I ARHUDPresenter.java: [ (ARHUDPresenter.java:126)#Subscribe ] HUDHeight14
01-07 18:59:56.715  4110  4869 E JniUtils.java: [ (JniUtils.java:33)#InputDataAdasObj ] hudHeight高度14.0
01-07 18:59:56.715  4110  7713 I JniUtils.java: [ (JniUtils.java:66)#InputADASLD ] 道路信息输出成功
01-07 18:59:56.715  4110  4869 D V2021010702 EZD Input Status: InputData_Vehicle=true , speed=0.000000, steering_wheel_angle=-0.091797, steering_wheel_angularVel=0.000000
01-07 18:59:56.715  4110  4869 D V2021010702 EZD Input Status: InputData_HUD = true
01-07 18:59:56.715  4110  7713 D V2021010702 EZD Output Status: Output_ld=true , laneID=1, (start_x,start_y)=(-250,13), (end_x,end_y)=(-81,228), (A,B,C,D)=(0.000011,-0.008238,2.147088,-277.614060), status=1
01-07 18:59:56.715  4110  4869 D V2021010702 EZD Input Status: HUD_button_absolute_pos = 14
01-07 18:59:56.715  4110  4869 D V2021010702 EZD Input Status: InputData_Obj is true. pos_x=0.000000, pos_y=0.000000, frontType=0, direction=0, acc_status=0, type=9, warning_status=0, aeb_status=0
01-07 18:59:56.715  4110  4869 D V2021010702 EZD Input Status: InputData_Obj: acc_gap_set_status=3
01-07 18:59:56.715  4110  4869 D V2021010702 EZD Input Status: InputData_LD=true , warning_status=0
01-07 18:59:56.715  4110  7713 I JniUtils.java: [ (JniUtils.java:68)#InputADASLD ] ADASLaneInfoBean{LaneID=1, x1=-250, y1=13, x2=-81, y2=228, A=1.132494311066918E-5, B=-0.008238330349213601, C=2.147088181743742, D=-277.6140598199724, status=1}
01-07 18:59:56.715  4110  4869 D V2021010702 EZD Input Status: l1:(a,b,c,d)=(-1.990000,0.047000,-0.009100,0.000001),(st,end)=(0,0); l2:(a,b,c,d)=(-2.740000,0.295000,-0.036400,0.001000),(st,end)=(9,9);
01-07 18:59:56.715  4110  4869 D V2021010702 EZD Input Status: r1:(a,b,c,d)=(-0.000000,-0.000000,-0.000000,-0.000000),(st,end)=(0,0); r2:(a,b,c,d)=(-0.000000,-0.000000,-0.000000,-0.000000),(st,end)=(0,0);
01-07 18:59:56.715  4110  4869 I JniUtils.java: [ (JniUtils.java:46)#InputDataAdasObj ] 周边环境对象等输出成功
01-07 18:59:56.715  4110  4869 D V2021010702 EZD Output Status: Output_obj=false , aeb_status = 0 && collision_status == 0 && obj_status == 0 && accGapSet_status == 0 
01-07 18:59:56.715  4110  4869 I JniUtils.java: [ (JniUtils.java:48)#InputDataAdasObj ] ADASWarningInfoBean{objID=0, obj_x=0, obj_y=0, obj_status=0, obj_width=0, collisionID=0, conllision_x=0, conllision_y=0, collision_status=0, aebID=0, aeb_x=0, aeb_y=0, aeb_status=0, aebFrame_x=0, aebFrame_y=0, aebFrame_status=0, accGapSet_ID=0, accGapSet_x=0, accGapSet_y=0, accGapSet_width=0, accGapSet_flip=0, accGapSet_status=0}
01-07 18:59:56.715  4110  4869 I ARHUDPresenter.java: [ (ARHUDPresenter.java:130)#Subscribe ] adasWarningInfoBeanADASWarningInfoBean{objID=0, obj_x=0, obj_y=0, obj_status=0, obj_width=0, collisionID=0, conllision_x=0, conllision_y=0, collision_status=0, aebID=0, aeb_x=0, aeb_y=0, aeb_status=0, aebFrame_x=0, aebFrame_y=0, aebFrame_status=0, accGapSet_ID=0, accGapSet_x=0, accGapSet_y=0, accGapSet_width=0, accGapSet_flip=0, accGapSet_status=0}
01-07 18:59:56.716   714  3875 F [ESIS][FATAL] ref-detecter.cc:347: GET_REF seq not match:24736 -1 0
01-07 18:59:56.716   714  3890 F [ESIS][FATAL] ref-detecter.cc:347: GET_REF seq not match:24736 -1 0
01-07 18:59:56.717   714  3875 E [EAKS][ERROR] aks-engine.cc:373: no keyword set yet.
01-07 18:59:56.717   714  3890 E [EAKS][ERROR] aks-engine.cc:373: no keyword set yet.
01-07 18:59:56.717  4110  4864 D V2021010702 EZD Input Status: InputData_Vehicle=true , speed=0.000000, steering_wheel_angle=-0.091797, steering_wheel_angularVel=0.000000
01-07 18:59:56.717  4110  4864 D V2021010702 EZD Input Status: InputData_HUD = true
01-07 18:59:56.717  4110  4864 D V2021010702 EZD Input Status: HUD_button_absolute_pos = 14
01-07 18:59:56.717  4110  4864 D V2021010702 EZD Input Status: InputData_LD=true , warning_status=0
01-07 18:59:56.717  4110  4864 D V2021010702 EZD Input Status: l1:(a,b,c,d)=(-1.990000,0.047000,-0.009100,0.000001),(st,end)=(0,0); l2:(a,b,c,d)=(-2.740000,0.295000,-0.036400,0.001000),(st,end)=(9,9);
01-07 18:59:56.717  4110  4864 D V2021010702 EZD Input Status: r1:(a,b,c,d)=(-0.000000,-0.000000,-0.000000,-0.000000),(st,end)=(0,0); r2:(a,b,c,d)=(-0.000000,-0.000000,-0.000000,-0.000000),(st,end)=(0,0);
01-07 18:59:56.717  4110  4864 D V2021010702 EZD Input Status: InputData_NAVI=true, turn_dist=2056.000000 , lane_direction_type=103
01-07 18:59:56.717  4110  4864 D V2021010702 EZD Output Status: Output_navi=true , naviID=3, (x,y)=(85,6), (W,H)=(315,180), flip=0, status=1
01-07 18:59:56.718  4110  4110 E LanePressureLineView.java: [ (LanePressureLineView.java:139)#OnDraw ] 我现在在绘制
01-07 18:59:56.718  4110  4110 E LanePressureLineView.java: [ (LanePressureLineView.java:141)#OnDraw ] 绘制完毕
01-07 18:59:56.719   764  1178 D libipcp : socket_says_data_received: Sid: 0x87, OpID: 0xc8, Length: 0x1a7, SendHandleId: 0x87c8056a, Version: 0x3, OpType: 0x5, NOTIFICATION, payloadType: 0x1
01-07 18:59:56.720   764  1178 I libipcp : checkOperaiondIdAvailable: checkOperaiondIdAvailable called service_id: 0x87, OpId: 0xc8
01-07 18:59:56.720   764  1178 I libipcp : checkOperaiondIdAvailable: checkOperaiondIdAvailable opid 0xc8 is vaild
01-07 18:59:56.720   764  1164 D libipcp : build_ack_packet: build ACK for Service_id: 0x87, Operation_Id: 0xc8, senderHandleId: 0x87c8056a
01-07 18:59:56.720   764  1162 I libipcp : ipcp_transport_send: fire --> SenderHandleID: 0x87c8056a, OperType: ACK, peer.sk_type is 2, peer_ip : 198.18.34.1, peer_port: 50500, length :16
01-07 18:59:56.720   764  1166 D vehiclehal::EcarxIpcpComm: funtion: received_cb , ip [198.18.34.1] , port = 50500, service = CARCONFIG, operation_id = 200
01-07 18:59:56.723   764  1174 D vehiclehal::EcarxIpcpComm: funtion: rxThread , service = CARCONFIG, operation_id = 200
01-07 18:59:56.723   764  1174 D IPCP2VV : convertIpcp2VehicleValues, [CARCONFIGNotificationOpID] ap size 415, vp size 415
01-07 18:59:56.730   764  1178 D libipcp : socket_says_data_received: Sid: 0x25, OpID: 0x20, Length: 0x89, SendHandleId: 0x2520052e, Version: 0x3, OpType: 0x5, NOTIFICATION, payloadType: 0x1
01-07 18:59:56.730   764  1178 I libipcp : checkOperaiondIdAvailable: checkOperaiondIdAvailable called service_id: 0x25, OpId: 0x20
01-07 18:59:56.730   764  1178 I libipcp : checkOperaiondIdAvailable: checkOperaiondIdAvailable opid 0x20 is vaild
01-07 18:59:56.730   764  1164 D libipcp : build_ack_packet: build ACK for Service_id: 0x25, Operation_Id: 0x20, senderHandleId: 0x2520052e
01-07 18:59:56.730   764  1162 I libipcp : ipcp_transport_send: fire --> SenderHandleID: 0x2520052e, OperType: ACK, peer.sk_type is 2, peer_ip : 198.18.34.1, peer_port: 50500, length :16
01-07 18:59:56.730   764  1166 D vehiclehal::EcarxIpcpComm: funtion: received_cb , ip [198.18.34.1] , port = 50500, service = DIM, operation_id = 32
01-07 18:59:56.731   764  1178 D libipcp : socket_says_data_received: Sid: 0x2c, OpID: 0x1d, Length: 0x129, SendHandleId: 0x2c1d0584, Version: 0x3, OpType: 0x5, NOTIFICATION, payloadType: 0x1
01-07 18:59:56.731   764  1178 I libipcp : checkOperaiondIdAvailable: checkOperaiondIdAvailable called service_id: 0x2c, OpId: 0x1d
01-07 18:59:56.731   764  1178 I libipcp : checkOperaiondIdAvailable: checkOperaiondIdAvailable opid 0x1d is vaild
01-07 18:59:56.731   764  1164 D libipcp : build_ack_packet: build ACK for Service_id: 0x2c, Operation_Id: 0x1d, senderHandleId: 0x2c1d0584
01-07 18:59:56.731   764  1162 I libipcp : ipcp_transport_send: fire --> SenderHandleID: 0x2c1d0584, OperType: ACK, peer.sk_type is 2, peer_ip : 198.18.34.1, peer_port: 50500, length :16
01-07 18:59:56.731   764  1167 D vehiclehal::EcarxIpcpComm: funtion: received_cb , ip [198.18.34.1] , port = 50500, service = VDDM, operation_id = 29
01-07 18:59:56.732   764  1174 D vehiclehal::EcarxIpcpComm: funtion: rxThread , service = DIM, operation_id = 32
01-07 18:59:56.732   764  1174 D IPCP2VV : convertIpcp2VehicleValues, [DIMNotificationOpID] ap size 129, vp size 129
01-07 18:59:56.733   764  1174 D vehiclehal::EcarxIpcpComm: funtion: rxThread , service = VDDM, operation_id = 29
01-07 18:59:56.733   764  1174 D IPCP2VV : convertIpcp2VehicleValues, [VDDMNotificationOpID] ap size 289, vp size 289
01-07 18:59:56.737  5103  5531 I AD_NAVI : EcarxGuideResponse onGuidingRoutDetailForwardCamerasUpdated
01-07 18:59:56.737  5103  5531 I AD_NAVI : EcarxGuideResponse onGuidingRouteDetailShapeIdxUpdated
01-07 18:59:56.727 10316 10316 I ping    : type=1400 audit(0.0:21508): avc: denied { create } for scontext=u:r:platform_app:s0:c512,c768 tcontext=u:r:platform_app:s0:c512,c768 tclass=icmp_socket permissive=1
01-07 18:59:56.745   783   783 E DisplayDevice: map unknown ((deprecated) sRGB sRGB Full range)/(RenderIntent::COLORIMETRIC) to default color mode
01-07 18:59:56.745  4110  4110 D CarSignalManager: handleOnChangeEvent ECarXCarPropertyValue{mPropertyId=0x70f7 propertyName AsyLeSecEnd, mValue=49}
01-07 18:59:56.745   783   783 E DisplayDevice: map unknown ((deprecated) sRGB sRGB Full range)/(RenderIntent::COLORIMETRIC) to default color mode
01-07 18:59:56.745  4110  4110 D HUDInteractionImpl: onChangeEvent 70f7
01-07 18:59:56.745   783   783 E DisplayDevice: map unknown ((deprecated) sRGB sRGB Full range)/(RenderIntent::COLORIMETRIC) to default color mode
01-07 18:59:56.745   783   783 E DisplayDevice: map unknown ((deprecated) sRGB sRGB Full range)/(RenderIntent::COLORIMETRIC) to default color mode
01-07 18:59:56.745  4110  4110 D CarSignalManager: handleOnChangeEvent ECarXCarPropertyValue{mPropertyId=0x7174 propertyName AsyLineLePahPrmC, mValue=553}
01-07 18:59:56.745  4110  4110 D HUDInteractionImpl: onChangeEvent 7174
01-07 18:59:56.745  4110  4177 D HUDInteractionImpl: handleMessage 4
01-07 18:59:56.745  4110  4110 D CarSignalManager: handleOnChangeEvent ECarXCarPropertyValue{mPropertyId=0x71c5 propertyName ZZZAsdmSignalEnd, mValue=3b62}
01-07 18:59:56.745  4110  4177 D HUDInteractionImpl: updateDataInfo id 70f7 value: 73
01-07 18:59:56.745  4110  4110 D HUDInteractionImpl: onChangeEvent 71c5
01-07 18:59:56.745  4110  4177 D HUDInteractionImpl: handleMessage 4
01-07 18:59:56.745  4110  4177 D HUDInteractionImpl: updateDataInfo id 7174 value: 1363
01-07 18:59:56.745  4110  4110 D CarSignalManager: handleOnChangeEvent ECarXCarPropertyValue{mPropertyId=0x7af1 propertyName ZZZVddmSignalEnd, mValue=3b63}
01-07 18:59:56.745  4110  4110 D HUDInteractionImpl: onChangeEvent 7af1
01-07 18:59:56.745  4110  4177 D HUDInteractionImpl: handleMessage 4
01-07 18:59:56.745  4110  4177 D HUDInteractionImpl: updateDataInfo id 71c5 value: 15202
01-07 18:59:56.745  4110  4110 D CarSignalManager: handleOnChangeEvent ECarXCarPropertyValue{mPropertyId=0x70f7 propertyName AsyLeSecEnd, mValue=50}
01-07 18:59:56.745  4110  4110 D HUDInteractionImpl: onChangeEvent 70f7
01-07 18:59:56.745  4110  4110 D CarSignalManager: handleOnChangeEvent ECarXCarPropertyValue{mPropertyId=0x7174 propertyName AsyLineLePahPrmC, mValue=554}
01-07 18:59:56.745  4110  4177 D HUDInteractionImpl: handleMessage 4
01-07 18:59:56.745  4110  4110 D HUDInteractionImpl: onChangeEvent 7174
01-07 18:59:56.745  4110  4177 D HUDInteractionImpl: updateDataInfo id 7af1 value: 15203
01-07 18:59:56.745  4110  4110 D CarSignalManager: handleOnChangeEvent ECarXCarPropertyValue{mPropertyId=0x7179 propertyName AsyLineLePah2PrmD, mValue=3e6}
01-07 18:59:56.745  4110  4177 D HUDInteractionImpl: handleMessage 4
01-07 18:59:56.745  4110  4110 D HUDInteractionImpl: onChangeEvent 7179
01-07 18:59:56.745  4110  4177 D HUDInteractionImpl: updateDataInfo id 70f7 value: 80
01-07 18:59:56.745  4110  4110 D CarSignalManager: handleOnChangeEvent ECarXCarPropertyValue{mPropertyId=0x71c5 propertyName ZZZAsdmSignalEnd, mValue=3b64}
01-07 18:59:56.745  4110  4177 D HUDInteractionImpl: handleMessage 2
01-07 18:59:56.745  4110  4110 D HUDInteractionImpl: onChangeEvent 71c5
01-07 18:59:56.745  4110  4177 D HUDInteractionImpl: notifyAdasInfo ADASDrivingAidSyncInfo 功能状态: 0 AEB已经制动 0 前方对象方向 0 前方对象类型 0 前方物件横向距离 1.7763568394002505E-15 前方物件纵向距离 0.0 FCW警告 0
01-07 18:59:56.745  4110  4177 D HUDInteractionImpl: notifyAdasInfo ADASLaneSyncInfo 左一上段：1.990000000000002 -0.04700000000000015 0.009099999999999997 -1.0000000000001327E-6 左一下段 2.740000000000002 -0.29500000000000015 0.0363 -0.001 右一上段 0.0 0.0 0.0 0.0 右一下段 0.0 0.0 0.0 0.0 左一左起止点 0.0 9.0 左一右起止点 9.0 50.0 右一左起止点 0.0 0.0 右一右起止点 0.0 0.0 压线 0
01-07 18:59:56.745  4110  4177 D HUDInteractionImpl: handleMessage 4
01-07 18:59:56.745  4110  4110 I ARHUDPresenter.java: [ (ARHUDPresenter.java:164)#Accept ] ADASLaneInfoBeanADASLaneInfoBean{LaneID=1, x1=-250, y1=13, x2=-81, y2=228, A=1.132494311066918E-5, B=-0.008238330349213601, C=2.147088181743742, D=-277.6140598199724, status=1}
01-07 18:59:56.745  4110  4177 D HUDInteractionImpl: updateDataInfo id 7174 value: 1364
01-07 18:59:56.745  4110  4177 D HUDInteractionImpl: handleMessage 4
01-07 18:59:56.745  4110  4177 D HUDInteractionImpl: updateDataInfo id 7179 value: 998
01-07 18:59:56.745  4110  4110 E ADASLD  : [ (ARHUDPresenter.java:166)#Accept ] 压线了
01-07 18:59:56.745  4110  4177 D HUDInteractionImpl: handleMessage 4
01-07 18:59:56.745  4110  4177 D HUDInteractionImpl: updateDataInfo id 71c5 value: 15204
01-07 18:59:56.745  4110  4177 D HUDInteractionImpl: handleMessage 2
01-07 18:59:56.745  4110  4177 D HUDInteractionImpl: notifyAdasInfo ADASDrivingAidSyncInfo 功能状态: 0 AEB已经制动 0 前方对象方向 0 前方对象类型 0 前方物件横向距离 1.7763568394002505E-15 前方物件纵向距离 0.0 FCW警告 0
01-07 18:59:56.745  4110  4110 E ARHUDFragment.java: [ (ARHUDFragment.java:240)#DrawCrimpingWarning ] 绘制的线的坐标为ADASLaneInfoBean{LaneID=1, x1=-250, y1=13, x2=-81, y2=228, A=1.132494311066918E-5, B=-0.008238330349213601, C=2.147088181743742, D=-277.6140598199724, status=1}
01-07 18:59:56.745  4110  4177 D HUDInteractionImpl: notifyAdasInfo ADASLaneSyncInfo 左一上段：1.990000000000002 -0.04700000000000015 0.009099999999999997 -2.0000000000000486E-6 左一下段 2.740000000000002 -0.29500000000000015 0.03639999999999999 -0.001 右一上段 0.0 0.0 0.0 0.0 右一下段 0.0 0.0 0.0 0.0 左一左起止点 0.0 9.0 左一右起止点 9.0 50.0 右一左起止点 0.0 0.0 右一右起止点 0.0 0.0 压线 0
01-07 18:59:56.746  4110  4904 I ARHUDPresenter.java: [ (ARHUDPresenter.java:125)#Subscribe ] adasLaneInfoBeanInputADASObj{acc_status=0.0, pos_x=1.7763568394002505E-15, pos_z=0.0, direction=0.0, type=9.0, frontType=0.0, warning_status=0.0, aeb_status=0.0}
01-07 18:59:56.746  4110  4904 I ARHUDPresenter.java: [ (ARHUDPresenter.java:126)#Subscribe ] HUDHeight14
01-07 18:59:56.746  4110  7712 I ARHUDPresenter.java: [ (ARHUDPresenter.java:152)#Subscribe ] inputADASLDInputADASLD{l1_a=1.990000000000002, l1_b=-0.04700000000000015, l1_c=0.009099999999999997, l1_d=-2.0000000000000486E-6, l2_a=2.740000000000002, l2_b=-0.29500000000000015, l2_c=0.03639999999999999, l2_d=-0.001, r1_a=0.0, r1_b=0.0, r1_c=0.0, r1_d=0.0, r2_a=0.0, r2_b=0.0, r2_c=0.0, r2_d=0.0, warning_status=0, detect_start_l1=0.0, detect_end_l1=9.0, detect_start_l2=9.0, detect_end_l2=50.0, detect_start_r2=0.0, detect_end_r2=0.0, detect_start_r1=0.0, detect_end_r1=0.0}
01-07 18:59:56.746  4110  7712 D V2021010702 EZD Input Status: InputData_HUD = true
01-07 18:59:56.746  4110  7712 D V2021010702 EZD Input Status: HUD_button_absolute_pos = 14
01-07 18:59:56.746  4110  7712 D V2021010702 EZD Input Status: InputData_LD=true , warning_status=0
01-07 18:59:56.746  4110  7712 D V2021010702 EZD Input Status: l1:(a,b,c,d)=(-1.990000,0.047000,-0.009100,0.000002),(st,end)=(0,0); l2:(a,b,c,d)=(-2.740000,0.295000,-0.036400,0.001000),(st,end)=(9,9);
01-07 18:59:56.746  4110  7712 D V2021010702 EZD Input Status: r1:(a,b,c,d)=(-0.000000,-0.000000,-0.000000,-0.000000),(st,end)=(0,0); r2:(a,b,c,d)=(-0.000000,-0.000000,-0.000000,-0.000000),(st,end)=(0,0);
01-07 18:59:56.746  4110  4904 E JniUtils.java: [ (JniUtils.java:33)#InputDataAdasObj ] hudHeight高度14.0
01-07 18:59:56.746  4110  4904 D V2021010702 EZD Input Status: InputData_Vehicle=true , speed=0.000000, steering_wheel_angle=-0.091797, steering_wheel_angularVel=0.000000
01-07 18:59:56.746  4110  4904 D V2021010702 EZD Input Status: InputData_HUD = true
01-07 18:59:56.746  4110  4904 D V2021010702 EZD Input Status: HUD_button_absolute_pos = 14
01-07 18:59:56.746  4110  4904 D V2021010702 EZD Input Status: InputData_Obj is true. pos_x=0.000000, pos_y=0.000000, frontType=0, direction=0, acc_status=0, type=9, warning_status=0, aeb_status=0
01-07 18:59:56.746  4110  7712 I JniUtils.java: [ (JniUtils.java:66)#InputADASLD ] 道路信息输出成功
01-07 18:59:56.746  4110  7712 D V2021010702 EZD Output Status: Output_ld=true , laneID=1, (start_x,start_y)=(-248,13), (end_x,end_y)=(-81,228), (A,B,C,D)=(0.000011,-0.008168,2.130015,-275.490686), status=1
01-07 18:59:56.746  4110  7713 I ARHUDPresenter.java: [ (ARHUDPresenter.java:152)#Subscribe ] inputADASLDInputADASLD{l1_a=1.990000000000002, l1_b=-0.04700000000000015, l1_c=0.009099999999999997, l1_d=-2.0000000000000486E-6, l2_a=2.740000000000002, l2_b=-0.29500000000000015, l2_c=0.03639999999999999, l2_d=-0.001, r1_a=0.0, r1_b=0.0, r1_c=0.0, r1_d=0.0, r2_a=0.0, r2_b=0.0, r2_c=0.0, r2_d=0.0, warning_status=0, detect_start_l1=0.0, detect_end_l1=9.0, detect_start_l2=9.0, detect_end_l2=50.0, detect_start_r2=0.0, detect_end_r2=0.0, detect_start_r1=0.0, detect_end_r1=0.0}
01-07 18:59:56.746  4110  7713 D V2021010702 EZD Input Status: InputData_HUD = true
01-07 18:59:56.746  4110  7713 D V2021010702 EZD Input Status: HUD_button_absolute_pos = 14
01-07 18:59:56.746  4110  7713 D V2021010702 EZD Input Status: InputData_LD=true , warning_status=0
01-07 18:59:56.746  4110  4869 D V2021010702 EZD Input Status: InputData_Vehicle=true , speed=0.000000, steering_wheel_angle=-0.091797, steering_wheel_angularVel=0.000000
01-07 18:59:56.746  4110  7713 D V2021010702 EZD Input Status: l1:(a,b,c,d)=(-1.990000,0.047000,-0.009100,0.000002),(st,end)=(0,0); l2:(a,b,c,d)=(-2.740000,0.295000,-0.036400,0.001000),(st,end)=(9,9);
01-07 18:59:56.746  4110  4869 D V2021010702 EZD Input Status: InputData_HUD = true
01-07 18:59:56.746  4110  7713 D V2021010702 EZD Input Status: r1:(a,b,c,d)=(-0.000000,-0.000000,-0.000000,-0.000000),(st,end)=(0,0); r2:(a,b,c,d)=(-0.000000,-0.000000,-0.000000,-0.000000),(st,end)=(0,0);
01-07 18:59:56.746  4110  4869 D V2021010702 EZD Input Status: HUD_button_absolute_pos = 14
01-07 18:59:56.746  4110  4869 D V2021010702 EZD Input Status: InputData_LD=true , warning_status=0
01-07 18:59:56.746  4110  4869 D V2021010702 EZD Input Status: l1:(a,b,c,d)=(-1.990000,0.047000,-0.009100,0.000002),(st,end)=(0,0); l2:(a,b,c,d)=(-2.740000,0.295000,-0.036400,0.001000),(st,end)=(9,9);
01-07 18:59:56.746  4110  7712 I JniUtils.java: [ (JniUtils.java:68)#InputADASLD ] ADASLaneInfoBean{LaneID=1, x1=-248, y1=13, x2=-81, y2=228, A=1.1218034320526842E-5, B=-0.00816844028579054, C=2.130015464607903, D=-275.4906861669969, status=1}
01-07 18:59:56.746  4110  4869 D V2021010702 EZD Input Status: r1:(a,b,c,d)=(-0.000000,-0.000000,-0.000000,-0.000000),(st,end)=(0,0); r2:(a,b,c,d)=(-0.000000,-0.000000,-0.000000,-0.000000),(st,end)=(0,0);
01-07 18:59:56.746  4110  4869 D V2021010702 EZD Input Status: InputData_NAVI=true, turn_dist=2056.000000 , lane_direction_type=103
01-07 18:59:56.746  4110  7713 I JniUtils.java: [ (JniUtils.java:66)#InputADASLD ] 道路信息输出成功
01-07 18:59:56.746  4110  4110 E LanePressureLineView.java: [ (LanePressureLineView.java:73)#AddData ] 压线坐标点数据为0.0,136.73514,273.47028,136.73514,0.0,22.5,0.0,22.5,45.0,22.5,
01-07 18:59:56.746  4110  4869 D V2021010702 EZD Output Status: Output_navi=true , naviID=3, (x,y)=(85,6), (W,H)=(315,180), flip=0, status=1
01-07 18:59:56.746   714  3875 F [ESIS][FATAL] ref-detecter.cc:347: GET_REF seq not match:24740 -1 0
01-07 18:59:56.746   714  3890 F [ESIS][FATAL] ref-detecter.cc:347: GET_REF seq not match:24740 -1 0
01-07 18:59:56.746   714  3890 E [EAKS][ERROR] aks-engine.cc:373: no keyword set yet.
01-07 18:59:56.747  4110  4904 D V2021010702 EZD Input Status: InputData_Obj: acc_gap_set_status=3
01-07 18:59:56.747  4110  4868 D V2021010702 EZD Input Status: InputData_Vehicle=true , speed=0.000000, steering_wheel_angle=-0.091797, steering_wheel_angularVel=0.000000
01-07 18:59:56.747   714  3875 E [EAKS][ERROR] aks-engine.cc:373: no keyword set yet.
01-07 18:59:56.748  4110  7713 D V2021010702 EZD Output Status: Output_ld=true , laneID=1, (start_x,start_y)=(-248,13), (end_x,end_y)=(-81,228), (A,B,C,D)=(0.000011,-0.008168,2.130015,-275.490686), status=1
01-07 18:59:56.748  5103  5215 E TRACE   : BUILD.LINK.  (match,link)  type,(0,4), ring(0,0), cnt(0) send(0) 
01-07 18:59:56.748  4110  7713 I JniUtils.java: [ (JniUtils.java:68)#InputADASLD ] ADASLaneInfoBean{LaneID=1, x1=-248, y1=13, x2=-81, y2=228, A=1.1218034320526842E-5, B=-0.00816844028579054, C=2.130015464607903, D=-275.4906861669969, status=1}
01-07 18:59:56.748  4110  4904 D V2021010702 EZD Input Status: InputData_LD=true , warning_status=0
01-07 18:59:56.748  4110  4904 D V2021010702 EZD Input Status: l1:(a,b,c,d)=(-1.990000,0.047000,-0.009100,0.000002),(st,end)=(0,0); l2:(a,b,c,d)=(-2.740000,0.295000,-0.036400,0.001000),(st,end)=(9,9);
01-07 18:59:56.748  4110  4904 D V2021010702 EZD Input Status: r1:(a,b,c,d)=(-0.000000,-0.000000,-0.000000,-0.000000),(st,end)=(0,0); r2:(a,b,c,d)=(-0.000000,-0.000000,-0.000000,-0.000000),(st,end)=(0,0);
01-07 18:59:56.748  4110  4868 D V2021010702 EZD Input Status: InputData_HUD = true
01-07 18:59:56.748  4110  4868 D V2021010702 EZD Input Status: HUD_button_absolute_pos = 14
01-07 18:59:56.748  4110  4868 D V2021010702 EZD Input Status: InputData_LD=true , warning_status=0
01-07 18:59:56.748  4110  4110 E ARHUDFragment.java: [ (ARHUDFragment.java:255)#DrawCrimpingWarning ] 度数为：-51.83100594935153
01-07 18:59:56.748  4110  4904 I JniUtils.java: [ (JniUtils.java:46)#InputDataAdasObj ] 周边环境对象等输出成功
01-07 18:59:56.748  4110  4868 D V2021010702 EZD Input Status: l1:(a,b,c,d)=(-1.990000,0.047000,-0.009100,0.000002),(st,end)=(0,0); l2:(a,b,c,d)=(-2.740000,0.295000,-0.036400,0.001000),(st,end)=(9,9);
01-07 18:59:56.748  4110  4904 D V2021010702 EZD Output Status: Output_obj=false , aeb_status = 0 && collision_status == 0 && obj_status == 0 && accGapSet_status == 0 
01-07 18:59:56.748  4110  4868 D V2021010702 EZD Input Status: r1:(a,b,c,d)=(-0.000000,-0.000000,-0.000000,-0.000000),(st,end)=(0,0); r2:(a,b,c,d)=(-0.000000,-0.000000,-0.000000,-0.000000),(st,end)=(0,0);
01-07 18:59:56.748  4110  4868 D V2021010702 EZD Input Status: InputData_NAVI=true, turn_dist=2056.000000 , lane_direction_type=103
01-07 18:59:56.748  4110  4868 D V2021010702 EZD Output Status: Output_navi=true , naviID=3, (x,y)=(85,6), (W,H)=(315,180), flip=0, status=1
01-07 18:59:56.748  4110  4904 I JniUtils.java: [ (JniUtils.java:48)#InputDataAdasObj ] ADASWarningInfoBean{objID=0, obj_x=0, obj_y=0, obj_status=0, obj_width=0, collisionID=0, conllision_x=0, conllision_y=0, collision_status=0, aebID=0, aeb_x=0, aeb_y=0, aeb_status=0, aebFrame_x=0, aebFrame_y=0, aebFrame_status=0, accGapSet_ID=0, accGapSet_x=0, accGapSet_y=0, accGapSet_width=0, accGapSet_flip=0, accGapSet_status=0}
01-07 18:59:56.748  4110  4904 I ARHUDPresenter.java: [ (ARHUDPresenter.java:130)#Subscribe ] adasWarningInfoBeanADASWarningInfoBean{objID=0, obj_x=0, obj_y=0, obj_status=0, obj_width=0, collisionID=0, conllision_x=0, conllision_y=0, collision_status=0, aebID=0, aeb_x=0, aeb_y=0, aeb_status=0, aebFrame_x=0, aebFrame_y=0, aebFrame_status=0, accGapSet_ID=0, accGapSet_x=0, accGapSet_y=0, accGapSet_width=0, accGapSet_flip=0, accGapSet_status=0}
01-07 18:59:56.748  4110  4864 I ARHUDPresenter.java: [ (ARHUDPresenter.java:125)#Subscribe ] adasLaneInfoBeanInputADASObj{acc_status=0.0, pos_x=1.7763568394002505E-15, pos_z=0.0, direction=0.0, type=9.0, frontType=0.0, warning_status=0.0, aeb_status=0.0}
01-07 18:59:56.748  4110  4864 I ARHUDPresenter.java: [ (ARHUDPresenter.java:126)#Subscribe ] HUDHeight14
01-07 18:59:56.748  4110  4110 E LanePressureLineView.java: [ (LanePressureLineView.java:139)#OnDraw ] 我现在在绘制
01-07 18:59:56.749  4110  4864 E JniUtils.java: [ (JniUtils.java:33)#InputDataAdasObj ] hudHeight高度14.0
01-07 18:59:56.749  4110  4864 D V2021010702 EZD Input Status: InputData_Vehicle=true , speed=0.000000, steering_wheel_angle=-0.091797, steering_wheel_angularVel=0.000000
01-07 18:59:56.749  4110  4110 E LanePressureLineView.java: [ (LanePressureLineView.java:141)#OnDraw ] 绘制完毕
01-07 18:59:56.749  4110  4864 D V2021010702 EZD Input Status: InputData_HUD = true
01-07 18:59:56.749  4110  4864 D V2021010702 EZD Input Status: HUD_button_absolute_pos = 14
01-07 18:59:56.749  4110  4864 D V2021010702 EZD Input Status: InputData_Obj is true. pos_x=0.000000, pos_y=0.000000, frontType=0, direction=0, acc_status=0, type=9, warning_status=0, aeb_status=0
01-07 18:59:56.749  4110  4864 D V2021010702 EZD Input Status: InputData_Obj: acc_gap_set_status=3
01-07 18:59:56.749  4110  4864 D V2021010702 EZD Input Status: InputData_LD=true , warning_status=0
01-07 18:59:56.749  4110  4864 D V2021010702 EZD Input Status: l1:(a,b,c,d)=(-1.990000,0.047000,-0.009100,0.000002),(st,end)=(0,0); l2:(a,b,c,d)=(-2.740000,0.295000,-0.036400,0.001000),(st,end)=(9,9);
01-07 18:59:56.749  4110  4864 D V2021010702 EZD Input Status: r1:(a,b,c,d)=(-0.000000,-0.000000,-0.000000,-0.000000),(st,end)=(0,0); r2:(a,b,c,d)=(-0.000000,-0.000000,-0.000000,-0.000000),(st,end)=(0,0);
01-07 18:59:56.749  4110  4864 I JniUtils.java: [ (JniUtils.java:46)#InputDataAdasObj ] 周边环境对象等输出成功
01-07 18:59:56.749  4110  4864 D V2021010702 EZD Output Status: Output_obj=false , aeb_status = 0 && collision_status == 0 && obj_status == 0 && accGapSet_status == 0 
01-07 18:59:56.750  4110  4864 I JniUtils.java: [ (JniUtils.java:48)#InputDataAdasObj ] ADASWarningInfoBean{objID=0, obj_x=0, obj_y=0, obj_status=0, obj_width=0, collisionID=0, conllision_x=0, conllision_y=0, collision_status=0, aebID=0, aeb_x=0, aeb_y=0, aeb_status=0, aebFrame_x=0, aebFrame_y=0, aebFrame_status=0, accGapSet_ID=0, accGapSet_x=0, accGapSet_y=0, accGapSet_width=0, accGapSet_flip=0, accGapSet_status=0}
