01-07 18:59:56.345  4110  4177 D HUDInteractionImpl: updateDataInfo id 70f7 value: 120
01-07 18:59:56.345  4110  4110 D CarSignalManager: handleOnChangeEvent ECarXCarPropertyValue{mPropertyId=0x7178 propertyName AsyLineLePah2PrmC, mValue=442}
01-07 18:59:56.345  4110  4110 D HUDInteractionImpl: onChangeEvent 7178
01-07 18:59:56.345  4110  4177 D HUDInteractionImpl: handleMessage 4
01-07 18:59:56.345  4110  4177 D HUDInteractionImpl: updateDataInfo id 7177 value: 1554
01-07 18:59:56.345  4110  4110 D CarSignalManager: handleOnChangeEvent ECarXCarPropertyValue{mPropertyId=0x7179 propertyName AsyLineLePah2PrmD, mValue=3e7}
01-07 18:59:56.345  4110  4177 D HUDInteractionImpl: handleMessage 4
01-07 18:59:56.345  4110  4177 D HUDInteractionImpl: updateDataInfo id 7178 value: 1090
01-07 18:59:56.345  4110  4110 D HUDInteractionImpl: onChangeEvent 7179
01-07 18:59:56.345  4110  4110 D CarSignalManager: handleOnChangeEvent ECarXCarPropertyValue{mPropertyId=0x71c5 propertyName ZZZAsdmSignalEnd, mValue=3b47}
01-07 18:59:56.345  4110  4110 D HUDInteractionImpl: onChangeEvent 71c5
01-07 18:59:56.345  4110  4177 D HUDInteractionImpl: handleMessage 4
01-07 18:59:56.345  4110  4177 D HUDInteractionImpl: updateDataInfo id 7179 value: 999
01-07 18:59:56.345  4110  4110 D CarSignalManager: handleOnChangeEvent ECarXCarPropertyValue{mPropertyId=0x7af1 propertyName ZZZVddmSignalEnd, mValue=3b48}
01-07 18:59:56.345  4110  4110 D HUDInteractionImpl: onChangeEvent 7af1
01-07 18:59:56.345  4110  4177 D HUDInteractionImpl: handleMessage 4
01-07 18:59:56.345  4110  4177 D HUDInteractionImpl: updateDataInfo id 71c5 value: 15175
01-07 18:59:56.346  4110  4177 D HUDInteractionImpl: handleMessage 4
01-07 18:59:56.346  4110  4177 D HUDInteractionImpl: updateDataInfo id 7af1 value: 15176
01-07 18:59:56.346  4110  4177 D HUDInteractionImpl: handleMessage 2
01-07 18:59:56.346  4110  4177 D HUDInteractionImpl: notifyAdasInfo ADASDrivingAidSyncInfo 功能状态: 0 AEB已经制动 0 前方对象方向 0 前方对象类型 0 前方物件横向距离 1.7763568394002505E-15 前方物件纵向距离 0.0 FCW警告 0
01-07 18:59:56.346  4110  4177 D HUDInteractionImpl: notifyAdasInfo ADASLaneSyncInfo 左一上段：1.990000000000002 -0.04600000000000004 0.008999999999999994 -1.0000000000001327E-6 左一下段 2.740000000000002 -0.29500000000000015 0.0363 -0.001 右一上段 0.0 0.0 0.0 0.0 右一下段 0.0 0.0 0.0 0.0 左一左起止点 0.0 9.0 左一右起止点 9.0 90.0 右一左起止点 0.0 0.0 右一右起止点 0.0 0.0 压线 0
01-07 18:59:56.346  4110  7712 D V2021010702 EZD Input Status: InputData_Vehicle=true , speed=0.000000, steering_wheel_angle=-0.091797, steering_wheel_angularVel=0.000000
01-07 18:59:56.346  4110  7712 D V2021010702 EZD Input Status: InputData_HUD = true
01-07 18:59:56.346  4110  7712 D V2021010702 EZD Input Status: HUD_button_absolute_pos = 14
01-07 18:59:56.346  4110  7712 D V2021010702 EZD Input Status: InputData_LD=true , warning_status=0
01-07 18:59:56.346  4110  7712 D V2021010702 EZD Input Status: l1:(a,b,c,d)=(-1.990000,0.046000,-0.009000,0.000001),(st,end)=(0,0); l2:(a,b,c,d)=(-2.740000,0.295000,-0.036300,0.001000),(st,end)=(9,9);
01-07 18:59:56.346  4110  7712 D V2021010702 EZD Input Status: r1:(a,b,c,d)=(-0.000000,-0.000000,-0.000000,-0.000000),(st,end)=(0,0); r2:(a,b,c,d)=(-0.000000,-0.000000,-0.000000,-0.000000),(st,end)=(0,0);
01-07 18:59:56.346  4110  7712 D V2021010702 EZD Input Status: InputData_NAVI=true, turn_dist=2056.000000 , lane_direction_type=103
01-07 18:59:56.346  4110  7712 D V2021010702 EZD Output Status: Output_navi=true , naviID=3, (x,y)=(85,6), (W,H)=(315,180), flip=0, status=1
01-07 18:59:56.346  4110  4904 I ARHUDPresenter.java: [ (ARHUDPresenter.java:152)#Subscribe ] inputADASLDInputADASLD{l1_a=1.990000000000002, l1_b=-0.04600000000000004, l1_c=0.008999999999999994, l1_d=-1.0000000000001327E-6, l2_a=2.740000000000002, l2_b=-0.29500000000000015, l2_c=0.0363, l2_d=-0.001, r1_a=0.0, r1_b=0.0, r1_c=0.0, r1_d=0.0, r2_a=0.0, r2_b=0.0, r2_c=0.0, r2_d=0.0, warning_status=0, detect_start_l1=0.0, detect_end_l1=9.0, detect_start_l2=9.0, detect_end_l2=90.0, detect_start_r2=0.0, detect_end_r2=0.0, detect_start_r1=0.0, detect_end_r1=0.0}
01-07 18:59:56.346  4110  4904 D V2021010702 EZD Input Status: InputData_HUD = true
01-07 18:59:56.346  4110  4904 D V2021010702 EZD Input Status: HUD_button_absolute_pos = 14
01-07 18:59:56.346  4110  4904 D V2021010702 EZD Input Status: InputData_LD=true , warning_status=0
01-07 18:59:56.346  4110  4904 D V2021010702 EZD Input Status: l1:(a,b,c,d)=(-1.990000,0.046000,-0.009000,0.000001),(st,end)=(0,0); l2:(a,b,c,d)=(-2.740000,0.295000,-0.036300,0.001000),(st,end)=(9,9);
01-07 18:59:56.346  4110  4904 D V2021010702 EZD Input Status: r1:(a,b,c,d)=(-0.000000,-0.000000,-0.000000,-0.000000),(st,end)=(0,0); r2:(a,b,c,d)=(-0.000000,-0.000000,-0.000000,-0.000000),(st,end)=(0,0);
01-07 18:59:56.346  4110  4904 I JniUtils.java: [ (JniUtils.java:66)#InputADASLD ] 道路信息输出成功
01-07 18:59:56.346  4110  4904 D V2021010702 EZD Output Status: Output_ld=true , laneID=1, (start_x,start_y)=(-246,13), (end_x,end_y)=(-80,228), (A,B,C,D)=(0.000011,-0.008147,2.117858,-272.858156), status=1
01-07 18:59:56.346  4110  4904 I JniUtils.java: [ (JniUtils.java:68)#InputADASLD ] ADASLaneInfoBean{LaneID=1, x1=-246, y1=13, x2=-80, y2=228, A=1.1199141828986705E-5, B=-0.00814694175755026, C=2.117857791690307, D=-272.85815631482404, status=1}
01-07 18:59:56.346  4110  4868 I ARHUDPresenter.java: [ (ARHUDPresenter.java:125)#Subscribe ] adasLaneInfoBeanInputADASObj{acc_status=0.0, pos_x=1.7763568394002505E-15, pos_z=0.0, direction=0.0, type=9.0, frontType=0.0, warning_status=0.0, aeb_status=0.0}
01-07 18:59:56.346  4110  4868 I ARHUDPresenter.java: [ (ARHUDPresenter.java:126)#Subscribe ] HUDHeight14
01-07 18:59:56.346  4110  4868 E JniUtils.java: [ (JniUtils.java:33)#InputDataAdasObj ] hudHeight高度14.0
01-07 18:59:56.347  4110  4868 D V2021010702 EZD Input Status: InputData_Vehicle=true , speed=0.000000, steering_wheel_angle=-0.091797, steering_wheel_angularVel=0.000000
01-07 18:59:56.347  4110  4868 D V2021010702 EZD Input Status: InputData_HUD = true
01-07 18:59:56.347  4110  4868 D V2021010702 EZD Input Status: HUD_button_absolute_pos = 14
01-07 18:59:56.347  4110  4868 D V2021010702 EZD Input Status: InputData_Obj is true. pos_x=0.000000, pos_y=0.000000, frontType=0, direction=0, acc_status=0, type=9, warning_status=0, aeb_status=0
01-07 18:59:56.347  4110  4868 D V2021010702 EZD Input Status: InputData_Obj: acc_gap_set_status=3
01-07 18:59:56.347  4110  4868 D V2021010702 EZD Input Status: InputData_LD=true , warning_status=0
01-07 18:59:56.347  4110  4868 D V2021010702 EZD Input Status: l1:(a,b,c,d)=(-1.990000,0.046000,-0.009000,0.000001),(st,end)=(0,0); l2:(a,b,c,d)=(-2.740000,0.295000,-0.036300,0.001000),(st,end)=(9,9);
01-07 18:59:56.347  4110  4868 D V2021010702 EZD Input Status: r1:(a,b,c,d)=(-0.000000,-0.000000,-0.000000,-0.000000),(st,end)=(0,0); r2:(a,b,c,d)=(-0.000000,-0.000000,-0.000000,-0.000000),(st,end)=(0,0);
01-07 18:59:56.347  4110  4868 I JniUtils.java: [ (JniUtils.java:46)#InputDataAdasObj ] 周边环境对象等输出成功
01-07 18:59:56.347  4110  4868 D V2021010702 EZD Output Status: Output_obj=false , aeb_status = 0 && collision_status == 0 && obj_status == 0 && accGapSet_status == 0 
01-07 18:59:56.347  4110  4868 I JniUtils.java: [ (JniUtils.java:48)#InputDataAdasObj ] ADASWarningInfoBean{objID=0, obj_x=0, obj_y=0, obj_status=0, obj_width=0, collisionID=0, conllision_x=0, conllision_y=0, collision_status=0, aebID=0, aeb_x=0, aeb_y=0, aeb_status=0, aebFrame_x=0, aebFrame_y=0, aebFrame_status=0, accGapSet_ID=0, accGapSet_x=0, accGapSet_y=0, accGapSet_width=0, accGapSet_flip=0, accGapSet_status=0}
01-07 18:59:56.347  4110  4868 I ARHUDPresenter.java: [ (ARHUDPresenter.java:130)#Subscribe ] adasWarningInfoBeanADASWarningInfoBean{objID=0, obj_x=0, obj_y=0, obj_status=0, obj_width=0, collisionID=0, conllision_x=0, conllision_y=0, collision_status=0, aebID=0, aeb_x=0, aeb_y=0, aeb_status=0, aebFrame_x=0, aebFrame_y=0, aebFrame_status=0, accGapSet_ID=0, accGapSet_x=0, accGapSet_y=0, accGapSet_width=0, accGapSet_flip=0, accGapSet_status=0}
01-07 18:59:56.364   764  1178 D libipcp : socket_says_data_received: Sid: 0x1f, OpID: 0x51, Length: 0x10a, SendHandleId: 0x1f51051d, Version: 0x3, OpType: 0x5, NOTIFICATION, payloadType: 0x1
01-07 18:59:56.365   764  1178 I libipcp : checkOperaiondIdAvailable: checkOperaiondIdAvailable called service_id: 0x1f, OpId: 0x51
01-07 18:59:56.365   764  1178 I libipcp : checkOperaiondIdAvailable: checkOperaiondIdAvailable opid 0x51 is vaild
01-07 18:59:56.365   764  1164 D libipcp : build_ack_packet: build ACK for Service_id: 0x1f, Operation_Id: 0x51, senderHandleId: 0x1f51051d
01-07 18:59:56.365   764  1162 I libipcp : ipcp_transport_send: fire --> SenderHandleID: 0x1f51051d, OperType: ACK, peer.sk_type is 2, peer_ip : 198.18.34.1, peer_port: 50500, length :16
01-07 18:59:56.365   764  1167 D vehiclehal::EcarxIpcpComm: funtion: received_cb , ip [198.18.34.1] , port = 50500, service = ASDM, operation_id = 81
01-07 18:59:56.365   764  1178 D libipcp : socket_says_data_received: Sid: 0x2c, OpID: 0x1d, Length: 0x129, SendHandleId: 0x2c1d0578, Version: 0x3, OpType: 0x5, NOTIFICATION, payloadType: 0x1
01-07 18:59:56.365   764  1178 I libipcp : checkOperaiondIdAvailable: checkOperaiondIdAvailable called service_id: 0x2c, OpId: 0x1d
01-07 18:59:56.365   764  1178 I libipcp : checkOperaiondIdAvailable: checkOperaiondIdAvailable opid 0x1d is vaild
01-07 18:59:56.365   764  1164 D libipcp : build_ack_packet: build ACK for Service_id: 0x2c, Operation_Id: 0x1d, senderHandleId: 0x2c1d0578
01-07 18:59:56.365   764  1162 I libipcp : ipcp_transport_send: fire --> SenderHandleID: 0x2c1d0578, OperType: ACK, peer.sk_type is 2, peer_ip : 198.18.34.1, peer_port: 50500, length :16
01-07 18:59:56.366   764  1167 D vehiclehal::EcarxIpcpComm: funtion: received_cb , ip [198.18.34.1] , port = 50500, service = VDDM, operation_id = 29
01-07 18:59:56.366   714  3875 F [ESIS][FATAL] ref-detecter.cc:347: GET_REF seq not match:24692 -1 0
01-07 18:59:56.366   764  1174 D vehiclehal::EcarxIpcpComm: funtion: rxThread , service = ASDM, operation_id = 81
01-07 18:59:56.366   764  1174 D IPCP2VV : convertIpcp2VehicleValues, [ASDMNotificationOpID] ap size 258, vp size 258
01-07 18:59:56.366   714  3890 F [ESIS][FATAL] ref-detecter.cc:347: GET_REF seq not match:24692 -1 0
01-07 18:59:56.366   756  1227 D IPLM_HAL: doReceive, recevied ip activity from ECU [TCAM], ip 198.18.32.17
01-07 18:59:56.366   756  1227 I IPLM_HAL: convertToLittleEndian, [sid 0xffff], [op_id 0xff01], [len 0xc], [sendHandlerId 0xff010697], [op_type 0x6], [payload_type 0x1]
01-07 18:59:56.366   756  1227 I IPLM_HAL: handleActiveRequest, node: [TCAM], action: 0x3, priority: 0
01-07 18:59:56.366   756  1227 D IPLM_HAL: handleActiveRequest, [IPLM Request] Active Request Session is triggerd for Resource Group 0x2 [RG_1], by Node [TCAM]
01-07 18:59:56.366   756  1227 I IPLM_HAL: handleActiveRequest, ARS is set by node [TCAM]
01-07 18:59:56.367   714  3875 E [EAKS][ERROR] aks-engine.cc:373: no keyword set yet.
01-07 18:59:56.367   714  3890 E [EAKS][ERROR] aks-engine.cc:373: no keyword set yet.
01-07 18:59:56.370   764  1174 D vehiclehal::EcarxIpcpComm: funtion: rxThread , service = VDDM, operation_id = 29
01-07 18:59:56.370   764  1174 D IPCP2VV : convertIpcp2VehicleValues, [VDDMNotificationOpID] ap size 289, vp size 289
01-07 18:59:56.374  3526 10306 D AlarmPingSender: Register alarmreceiver to MqttServiceMqttService.pingSender.T56205_Ecarx
01-07 18:59:56.377  3526 10306 D AlarmPingSender: Schedule next alarm at 1610017216377
01-07 18:59:56.377  3526 10306 D AlarmPingSender: Alarm scheule using setExactAndAllowWhileIdle, next: 20000
01-07 18:59:56.378   783   783 E DisplayDevice: map unknown ((deprecated) sRGB sRGB Full range)/(RenderIntent::COLORIMETRIC) to default color mode
01-07 18:59:56.378   783   783 I chatty  : uid=1000(system) /system/bin/surfaceflinger identical 2 lines
01-07 18:59:56.378   783   783 E DisplayDevice: map unknown ((deprecated) sRGB sRGB Full range)/(RenderIntent::COLORIMETRIC) to default color mode
01-07 18:59:56.379  4110  4110 D CarSignalManager: handleOnChangeEvent ECarXCarPropertyValue{mPropertyId=0x7af1 propertyName ZZZVddmSignalEnd, mValue=3b49}
01-07 18:59:56.379  4110  4110 D HUDInteractionImpl: onChangeEvent 7af1
01-07 18:59:56.379  4110  4177 D HUDInteractionImpl: handleMessage 4
01-07 18:59:56.379  4110  4177 D HUDInteractionImpl: updateDataInfo id 7af1 value: 15177
01-07 18:59:56.379  4110  4110 I ARHUDPresenter.java: [ (ARHUDPresenter.java:164)#Accept ] ADASLaneInfoBeanADASLaneInfoBean{LaneID=1, x1=-246, y1=13, x2=-80, y2=228, A=1.1199141828986705E-5, B=-0.00814694175755026, C=2.117857791690307, D=-272.85815631482404, status=1}
01-07 18:59:56.379  4110  4110 E ADASLD  : [ (ARHUDPresenter.java:166)#Accept ] 压线了
01-07 18:59:56.379  4110  4110 E ARHUDFragment.java: [ (ARHUDFragment.java:240)#DrawCrimpingWarning ] 绘制的线的坐标为ADASLaneInfoBean{LaneID=1, x1=-246, y1=13, x2=-80, y2=228, A=1.1199141828986705E-5, B=-0.00814694175755026, C=2.117857791690307, D=-272.85815631482404, status=1}
01-07 18:59:56.379  4110  4110 E LanePressureLineView.java: [ (LanePressureLineView.java:73)#AddData ] 压线坐标点数据为0.0,135.8133,271.6266,135.8133,0.0,22.5,0.0,22.5,45.0,22.5,
01-07 18:59:56.379  4110  4110 E ARHUDFragment.java: [ (ARHUDFragment.java:255)#DrawCrimpingWarning ] 度数为：-52.32852003774644
01-07 18:59:56.381  3526  3526 I QLog    : MQTTTask$2: onSuccess() [3] - 连接成功 
01-07 18:59:56.381  3526  3526 I QLog    : MQTTTask$2: onSuccess() [67] - ["/skygo/T56205/Ecarx","/skygo/T56205","/skygo/T56205/IVI_9_64","/skygo/T56205/IVI_28"]
01-07 18:59:56.382  4110  4110 E LanePressureLineView.java: [ (LanePressureLineView.java:139)#OnDraw ] 我现在在绘制
01-07 18:59:56.382  4110  4110 E LanePressureLineView.java: [ (LanePressureLineView.java:141)#OnDraw ] 绘制完毕
01-07 18:59:56.396   714  3875 F [ESIS][FATAL] ref-detecter.cc:347: GET_REF seq not match:24696 -1 0
01-07 18:59:56.396   714  3890 F [ESIS][FATAL] ref-detecter.cc:347: GET_REF seq not match:24696 -1 0
01-07 18:59:56.397   764  1178 D libipcp : socket_says_data_received: Sid: 0x25, OpID: 0x20, Length: 0x89, SendHandleId: 0x2520052a, Version: 0x3, OpType: 0x5, NOTIFICATION, payloadType: 0x1
01-07 18:59:56.397   714  3890 E [EAKS][ERROR] aks-engine.cc:373: no keyword set yet.
01-07 18:59:56.397   714  3875 E [EAKS][ERROR] aks-engine.cc:373: no keyword set yet.
01-07 18:59:56.397   764  1178 I libipcp : checkOperaiondIdAvailable: checkOperaiondIdAvailable called service_id: 0x25, OpId: 0x20
01-07 18:59:56.397   764  1178 I libipcp : checkOperaiondIdAvailable: checkOperaiondIdAvailable opid 0x20 is vaild
01-07 18:59:56.397   764  1178 D libipcp : socket_says_data_received: Sid: 0x2c, OpID: 0x1d, Length: 0x129, SendHandleId: 0x2c1d0579, Version: 0x3, OpType: 0x5, NOTIFICATION, payloadType: 0x1
01-07 18:59:56.397   764  1178 I libipcp : checkOperaiondIdAvailable: checkOperaiondIdAvailable called service_id: 0x2c, OpId: 0x1d
01-07 18:59:56.397   764  1178 I libipcp : checkOperaiondIdAvailable: checkOperaiondIdAvailable opid 0x1d is vaild
01-07 18:59:56.397   764  1164 D libipcp : build_ack_packet: build ACK for Service_id: 0x25, Operation_Id: 0x20, senderHandleId: 0x2520052a
01-07 18:59:56.397   764  1164 D libipcp : build_ack_packet: build ACK for Service_id: 0x2c, Operation_Id: 0x1d, senderHandleId: 0x2c1d0579
01-07 18:59:56.397   764  1162 I libipcp : ipcp_transport_send: fire --> SenderHandleID: 0x2c1d0579, OperType: ACK, peer.sk_type is 2, peer_ip : 198.18.34.1, peer_port: 50500, length :16
01-07 18:59:56.397   764  1162 I libipcp : ipcp_transport_send: fire --> SenderHandleID: 0x2520052a, OperType: ACK, peer.sk_type is 2, peer_ip : 198.18.34.1, peer_port: 50500, length :16
01-07 18:59:56.397   764  1167 D vehiclehal::EcarxIpcpComm: funtion: received_cb , ip [198.18.34.1] , port = 50500, service = DIM, operation_id = 32
01-07 18:59:56.398   764  1166 D vehiclehal::EcarxIpcpComm: funtion: received_cb , ip [198.18.34.1] , port = 50500, service = VDDM, operation_id = 29
01-07 18:59:56.400   764  1174 D vehiclehal::EcarxIpcpComm: funtion: rxThread , service = DIM, operation_id = 32
01-07 18:59:56.400   764  1174 D IPCP2VV : convertIpcp2VehicleValues, [DIMNotificationOpID] ap size 129, vp size 129
01-07 18:59:56.402   764  1174 D vehiclehal::EcarxIpcpComm: funtion: rxThread , service = VDDM, operation_id = 29
01-07 18:59:56.402   764  1174 D IPCP2VV : convertIpcp2VehicleValues, [VDDMNotificationOpID] ap size 289, vp size 289
01-07 18:59:56.411   783   783 E DisplayDevice: map unknown ((deprecated) sRGB sRGB Full range)/(RenderIntent::COLORIMETRIC) to default color mode
01-07 18:59:56.411   783   783 I chatty  : uid=1000(system) /system/bin/surfaceflinger identical 2 lines
01-07 18:59:56.411   783   783 E DisplayDevice: map unknown ((deprecated) sRGB sRGB Full range)/(RenderIntent::COLORIMETRIC) to default color mode
01-07 18:59:56.411  4110  4110 D CarSignalManager: handleOnChangeEvent ECarXCarPropertyValue{mPropertyId=0x70f7 propertyName AsyLeSecEnd, mValue=49}
01-07 18:59:56.411  4110  4110 D HUDInteractionImpl: onChangeEvent 70f7
01-07 18:59:56.411  4110  4110 D CarSignalManager: handleOnChangeEvent ECarXCarPropertyValue{mPropertyId=0x7177 propertyName AsyLineLePah2PrmB, mValue=611}
01-07 18:59:56.411  4110  4110 D HUDInteractionImpl: onChangeEvent 7177
01-07 18:59:56.411  4110  4177 D HUDInteractionImpl: handleMessage 4
01-07 18:59:56.411  4110  4177 D HUDInteractionImpl: updateDataInfo id 70f7 value: 73
01-07 18:59:56.411  4110  4177 D HUDInteractionImpl: handleMessage 4
01-07 18:59:56.411  4110  4110 D CarSignalManager: handleOnChangeEvent ECarXCarPropertyValue{mPropertyId=0x71c5 propertyName ZZZAsdmSignalEnd, mValue=3b4a}
01-07 18:59:56.411  4110  4177 D HUDInteractionImpl: updateDataInfo id 7177 value: 1553
01-07 18:59:56.411  4110  4110 D HUDInteractionImpl: onChangeEvent 71c5
01-07 18:59:56.411  4110  4110 D CarSignalManager: handleOnChangeEvent ECarXCarPropertyValue{mPropertyId=0x7af1 propertyName ZZZVddmSignalEnd, mValue=3b4c}
01-07 18:59:56.411  4110  4177 D HUDInteractionImpl: handleMessage 4
01-07 18:59:56.411  4110  4110 D HUDInteractionImpl: onChangeEvent 7af1
01-07 18:59:56.411  4110  4177 D HUDInteractionImpl: updateDataInfo id 71c5 value: 15178
01-07 18:59:56.411  4110  4177 D HUDInteractionImpl: handleMessage 4
01-07 18:59:56.412  4110  4177 D HUDInteractionImpl: updateDataInfo id 7af1 value: 15180
01-07 18:59:56.412  4110  4177 D HUDInteractionImpl: handleMessage 2
01-07 18:59:56.412  4110  4177 D HUDInteractionImpl: notifyAdasInfo ADASDrivingAidSyncInfo 功能状态: 0 AEB已经制动 0 前方对象方向 0 前方对象类型 0 前方物件横向距离 1.7763568394002505E-15 前方物件纵向距离 0.0 FCW警告 0
01-07 18:59:56.412  4110  4177 D HUDInteractionImpl: notifyAdasInfo ADASLaneSyncInfo 左一上段：1.990000000000002 -0.04700000000000015 0.008999999999999994 -1.0000000000001327E-6 左一下段 2.740000000000002 -0.29500000000000015 0.0363 -0.001 右一上段 0.0 0.0 0.0 0.0 右一下段 0.0 0.0 0.0 0.0 左一左起止点 0.0 9.0 左一右起止点 9.0 43.0 右一左起止点 0.0 0.0 右一右起止点 0.0 0.0 压线 0
01-07 18:59:56.412  4110  4864 D V2021010702 EZD Input Status: InputData_Vehicle=true , speed=0.000000, steering_wheel_angle=-0.091797, steering_wheel_angularVel=0.000000
01-07 18:59:56.412  4110  4869 I ARHUDPresenter.java: [ (ARHUDPresenter.java:152)#Subscribe ] inputADASLDInputADASLD{l1_a=1.990000000000002, l1_b=-0.04700000000000015, l1_c=0.008999999999999994, l1_d=-1.0000000000001327E-6, l2_a=2.740000000000002, l2_b=-0.29500000000000015, l2_c=0.0363, l2_d=-0.001, r1_a=0.0, r1_b=0.0, r1_c=0.0, r1_d=0.0, r2_a=0.0, r2_b=0.0, r2_c=0.0, r2_d=0.0, warning_status=0, detect_start_l1=0.0, detect_end_l1=9.0, detect_start_l2=9.0, detect_end_l2=43.0, detect_start_r2=0.0, detect_end_r2=0.0, detect_start_r1=0.0, detect_end_r1=0.0}
01-07 18:59:56.412  4110  4869 D V2021010702 EZD Input Status: InputData_HUD = true
01-07 18:59:56.412  4110  4869 D V2021010702 EZD Input Status: HUD_button_absolute_pos = 14
01-07 18:59:56.412  4110  4869 D V2021010702 EZD Input Status: InputData_LD=true , warning_status=0
01-07 18:59:56.412  4110  4864 D V2021010702 EZD Input Status: InputData_HUD = true
01-07 18:59:56.412  4110  4869 D V2021010702 EZD Input Status: l1:(a,b,c,d)=(-1.990000,0.047000,-0.009000,0.000001),(st,end)=(0,0); l2:(a,b,c,d)=(-2.740000,0.295000,-0.036300,0.001000),(st,end)=(9,9);
01-07 18:59:56.412  4110  4869 D V2021010702 EZD Input Status: r1:(a,b,c,d)=(-0.000000,-0.000000,-0.000000,-0.000000),(st,end)=(0,0); r2:(a,b,c,d)=(-0.000000,-0.000000,-0.000000,-0.000000),(st,end)=(0,0);
01-07 18:59:56.412  4110  4864 D V2021010702 EZD Input Status: HUD_button_absolute_pos = 14
01-07 18:59:56.412  4110  4864 D V2021010702 EZD Input Status: InputData_LD=true , warning_status=0
01-07 18:59:56.412  4110  4864 D V2021010702 EZD Input Status: l1:(a,b,c,d)=(-1.990000,0.047000,-0.009000,0.000001),(st,end)=(0,0); l2:(a,b,c,d)=(-2.740000,0.295000,-0.036300,0.001000),(st,end)=(9,9);
01-07 18:59:56.412  4110  7713 I ARHUDPresenter.java: [ (ARHUDPresenter.java:125)#Subscribe ] adasLaneInfoBeanInputADASObj{acc_status=0.0, pos_x=1.7763568394002505E-15, pos_z=0.0, direction=0.0, type=9.0, frontType=0.0, warning_status=0.0, aeb_status=0.0}
01-07 18:59:56.412  4110  4864 D V2021010702 EZD Input Status: r1:(a,b,c,d)=(-0.000000,-0.000000,-0.000000,-0.000000),(st,end)=(0,0); r2:(a,b,c,d)=(-0.000000,-0.000000,-0.000000,-0.000000),(st,end)=(0,0);
01-07 18:59:56.412  4110  4869 I JniUtils.java: [ (JniUtils.java:66)#InputADASLD ] 道路信息输出成功
01-07 18:59:56.412  4110  4864 D V2021010702 EZD Input Status: InputData_NAVI=true, turn_dist=2056.000000 , lane_direction_type=103
01-07 18:59:56.412  4110  4869 D V2021010702 EZD Output Status: Output_ld=true , laneID=1, (start_x,start_y)=(-243,13), (end_x,end_y)=(-78,228), (A,B,C,D)=(0.000011,-0.008147,2.118408,-270.427874), status=1
01-07 18:59:56.412  4110  4864 D V2021010702 EZD Output Status: Output_navi=true , naviID=3, (x,y)=(85,6), (W,H)=(315,180), flip=0, status=1
01-07 18:59:56.412  4110  7713 I ARHUDPresenter.java: [ (ARHUDPresenter.java:126)#Subscribe ] HUDHeight14
01-07 18:59:56.412  4110  7713 E JniUtils.java: [ (JniUtils.java:33)#InputDataAdasObj ] hudHeight高度14.0
01-07 18:59:56.412  4110  4869 I JniUtils.java: [ (JniUtils.java:68)#InputADASLD ] ADASLaneInfoBean{LaneID=1, x1=-243, y1=13, x2=-78, y2=228, A=1.1199298738047326E-5, B=-0.00814702033722865, C=2.1184082809467597, D=-270.42787396180006, status=1}
01-07 18:59:56.412  4110  7713 D V2021010702 EZD Input Status: InputData_Vehicle=true , speed=0.000000, steering_wheel_angle=-0.091797, steering_wheel_angularVel=0.000000
01-07 18:59:56.412  4110  7713 D V2021010702 EZD Input Status: InputData_HUD = true
01-07 18:59:56.412  4110  7713 D V2021010702 EZD Input Status: HUD_button_absolute_pos = 14
01-07 18:59:56.412  4110  7713 D V2021010702 EZD Input Status: InputData_Obj is true. pos_x=0.000000, pos_y=0.000000, frontType=0, direction=0, acc_status=0, type=9, warning_status=0, aeb_status=0
01-07 18:59:56.412  4110  7713 D V2021010702 EZD Input Status: InputData_Obj: acc_gap_set_status=3
01-07 18:59:56.412  4110  7713 D V2021010702 EZD Input Status: InputData_LD=true , warning_status=0
01-07 18:59:56.412  4110  7713 D V2021010702 EZD Input Status: l1:(a,b,c,d)=(-1.990000,0.047000,-0.009000,0.000001),(st,end)=(0,0); l2:(a,b,c,d)=(-2.740000,0.295000,-0.036300,0.001000),(st,end)=(9,9);
01-07 18:59:56.412  4110  7713 D V2021010702 EZD Input Status: r1:(a,b,c,d)=(-0.000000,-0.000000,-0.000000,-0.000000),(st,end)=(0,0); r2:(a,b,c,d)=(-0.000000,-0.000000,-0.000000,-0.000000),(st,end)=(0,0);
01-07 18:59:56.412  4110  7713 I JniUtils.java: [ (JniUtils.java:46)#InputDataAdasObj ] 周边环境对象等输出成功
01-07 18:59:56.412  4110  7713 D V2021010702 EZD Output Status: Output_obj=false , aeb_status = 0 && collision_status == 0 && obj_status == 0 && accGapSet_status == 0 
01-07 18:59:56.412  4110  7713 I JniUtils.java: [ (JniUtils.java:48)#InputDataAdasObj ] ADASWarningInfoBean{objID=0, obj_x=0, obj_y=0, obj_status=0, obj_width=0, collisionID=0, conllision_x=0, conllision_y=0, collision_status=0, aebID=0, aeb_x=0, aeb_y=0, aeb_status=0, aebFrame_x=0, aebFrame_y=0, aebFrame_status=0, accGapSet_ID=0, accGapSet_x=0, accGapSet_y=0, accGapSet_width=0, accGapSet_flip=0, accGapSet_status=0}
01-07 18:59:56.413  4110  7713 I ARHUDPresenter.java: [ (ARHUDPresenter.java:130)#Subscribe ] adasWarningInfoBeanADASWarningInfoBean{objID=0, obj_x=0, obj_y=0, obj_status=0, obj_width=0, collisionID=0, conllision_x=0, conllision_y=0, collision_status=0, aebID=0, aeb_x=0, aeb_y=0, aeb_status=0, aebFrame_x=0, aebFrame_y=0, aebFrame_status=0, accGapSet_ID=0, accGapSet_x=0, accGapSet_y=0, accGapSet_width=0, accGapSet_flip=0, accGapSet_status=0}
01-07 18:59:56.426   714  3875 F [ESIS][FATAL] ref-detecter.cc:347: GET_REF seq not match:24700 -1 0
01-07 18:59:56.426   714  3875 E [EAKS][ERROR] aks-engine.cc:373: no keyword set yet.
01-07 18:59:56.426   714  3890 F [ESIS][FATAL] ref-detecter.cc:347: GET_REF seq not match:24700 -1 0
01-07 18:59:56.427   714  3890 E [EAKS][ERROR] aks-engine.cc:373: no keyword set yet.
01-07 18:59:56.433   764  1178 D libipcp : socket_says_data_received: Sid: 0x1f, OpID: 0x51, Length: 0x10a, SendHandleId: 0x1f51051e, Version: 0x3, OpType: 0x5, NOTIFICATION, payloadType: 0x1
01-07 18:59:56.433   764  1178 I libipcp : checkOperaiondIdAvailable: checkOperaiondIdAvailable called service_id: 0x1f, OpId: 0x51
01-07 18:59:56.433   764  1178 I libipcp : checkOperaiondIdAvailable: checkOperaiondIdAvailable opid 0x51 is vaild
01-07 18:59:56.433   764  1178 D libipcp : socket_says_data_received: Sid: 0x24, OpID: 0xd5, Length: 0x1bc, SendHandleId: 0x24d505c6, Version: 0x3, OpType: 0x5, NOTIFICATION, payloadType: 0x1
01-07 18:59:56.433   764  1178 I libipcp : checkOperaiondIdAvailable: checkOperaiondIdAvailable called service_id: 0x24, OpId: 0xd5
01-07 18:59:56.433   764  1178 I libipcp : checkOperaiondIdAvailable: checkOperaiondIdAvailable opid 0xd5 is vaild
01-07 18:59:56.433   764  1164 D libipcp : build_ack_packet: build ACK for Service_id: 0x1f, Operation_Id: 0x51, senderHandleId: 0x1f51051e
01-07 18:59:56.434   764  1164 D libipcp : build_ack_packet: build ACK for Service_id: 0x24, Operation_Id: 0xd5, senderHandleId: 0x24d505c6
01-07 18:59:56.434   764  1162 I libipcp : ipcp_transport_send: fire --> SenderHandleID: 0x24d505c6, OperType: ACK, peer.sk_type is 2, peer_ip : 198.18.34.1, peer_port: 50500, length :16
01-07 18:59:56.434   764  1162 I libipcp : ipcp_transport_send: fire --> SenderHandleID: 0x1f51051e, OperType: ACK, peer.sk_type is 2, peer_ip : 198.18.34.1, peer_port: 50500, length :16
01-07 18:59:56.434   764  1167 D vehiclehal::EcarxIpcpComm: funtion: received_cb , ip [198.18.34.1] , port = 50500, service = ASDM, operation_id = 81
01-07 18:59:56.434   764  1166 D vehiclehal::EcarxIpcpComm: funtion: received_cb , ip [198.18.34.1] , port = 50500, service = CEM, operation_id = 213
01-07 18:59:56.434   764  1178 D libipcp : socket_says_data_received: Sid: 0x2c, OpID: 0x1d, Length: 0x129, SendHandleId: 0x2c1d057a, Version: 0x3, OpType: 0x5, NOTIFICATION, payloadType: 0x1
01-07 18:59:56.434   764  1178 I libipcp : checkOperaiondIdAvailable: checkOperaiondIdAvailable called service_id: 0x2c, OpId: 0x1d
01-07 18:59:56.434   764  1178 I libipcp : checkOperaiondIdAvailable: checkOperaiondIdAvailable opid 0x1d is vaild
01-07 18:59:56.434   764  1164 D libipcp : build_ack_packet: build ACK for Service_id: 0x2c, Operation_Id: 0x1d, senderHandleId: 0x2c1d057a
01-07 18:59:56.434   764  1162 I libipcp : ipcp_transport_send: fire --> SenderHandleID: 0x2c1d057a, OperType: ACK, peer.sk_type is 2, peer_ip : 198.18.34.1, peer_port: 50500, length :16
01-07 18:59:56.435   764  1167 D vehiclehal::EcarxIpcpComm: funtion: received_cb , ip [198.18.34.1] , port = 50500, service = VDDM, operation_id = 29
01-07 18:59:56.437   764  1174 D vehiclehal::EcarxIpcpComm: funtion: rxThread , service = ASDM, operation_id = 81
01-07 18:59:56.437   764  1174 D IPCP2VV : convertIpcp2VehicleValues, [ASDMNotificationOpID] ap size 258, vp size 258
01-07 18:59:56.440   764  1174 D vehiclehal::EcarxIpcpComm: funtion: rxThread , service = CEM, operation_id = 213
01-07 18:59:56.440   764  1174 D IPCP2VV : convertIpcp2VehicleValues, [CEMNotificationOpID] ap size 436, vp size 436
01-07 18:59:56.442   764  1174 D vehiclehal::EcarxIpcpComm: funtion: rxThread , service = VDDM, operation_id = 29
01-07 18:59:56.443   764  1174 D IPCP2VV : convertIpcp2VehicleValues, [VDDMNotificationOpID] ap size 289, vp size 289
01-07 18:59:56.445   783   783 E DisplayDevice: map unknown ((deprecated) sRGB sRGB Full range)/(RenderIntent::COLORIMETRIC) to default color mode
01-07 18:59:56.445   783   783 I chatty  : uid=1000(system) /system/bin/surfaceflinger identical 2 lines
01-07 18:59:56.445   783   783 E DisplayDevice: map unknown ((deprecated) sRGB sRGB Full range)/(RenderIntent::COLORIMETRIC) to default color mode
01-07 18:59:56.445  4277  4781 E OkHttp  : ---------------->  
01-07 18:59:56.445  4277  4781 E OkHttp  : URL: http://api.xchanger.cn/vehicleowner/vehicleMaintenance/plan?vin=L6T7752Z9LU000211
01-07 18:59:56.445  4277  4781 E OkHttp  : Method: GET
01-07 18:59:56.445  4277  4781 E OkHttp  : Protocol: http/1.1
01-07 18:59:56.445  4277  4781 E OkHttp  : Status: Complete
01-07 18:59:56.445  4277  4781 E OkHttp  : Response: 200 OK
01-07 18:59:56.445  4277  4781 E OkHttp  : SSL: No
01-07 18:59:56.445  4277  4781 E OkHttp  : 
01-07 18:59:56.445  4277  4781 E OkHttp  : Request time: Thu Jan 07 18:59:56 GMT+08:00 2021
01-07 18:59:56.445  4277  4781 E OkHttp  : Response time: Thu Jan 07 18:59:56 GMT+08:00 2021
01-07 18:59:56.445  4277  4781 E OkHttp  : Duration: 140 ms
01-07 18:59:56.445  4277  4781 E OkHttp  : 
01-07 18:59:56.445  4277  4781 E OkHttp  : Request size: 0 B
01-07 18:59:56.445  4277  4781 E OkHttp  : Response size: 151 B
01-07 18:59:56.445  4277  4781 E OkHttp  : Total size: 151 B
01-07 18:59:56.445  4277  4781 E OkHttp  : 
01-07 18:59:56.445  4277  4781 E OkHttp  : ---------- Request ----------
01-07 18:59:56.445  4277  4781 E OkHttp  : 
01-07 18:59:56.445  4277  4781 E OkHttp  : X-ENV-TYPE: production
01-07 18:59:56.445  4277  4781 E OkHttp  : Cache-Control: no-cache
01-07 18:59:56.445  4277  4781 E OkHttp  : Accept: application/json;responseformat=3
01-07 18:59:56.445  4277  4781 E OkHttp  : x-app-id: MyCar_IHU_20190115
01-07 18:59:56.445  4277  4781 E OkHttp  : X-Vehicle-IDENTIFIER: L6T7752Z9LU000211
01-07 18:59:56.445  4277  4781 E OkHttp  : X-OPERATOR-CODE: GEELY
01-07 18:59:56.445  4277  4781 E OkHttp  : Content-Type: application/json
01-07 18:59:56.445  4277  4781 E OkHttp  : AUTHORIZATION: NkVCMzVCRDgwQjFCNDUwNkIyMzlBMEY3MTFCQTUwNzY=
01-07 18:59:56.445  4277  4781 E OkHttp  : 
01-07 18:59:56.445  4277  4781 E OkHttp  : 
01-07 18:59:56.445  4277  4781 E OkHttp  : 
01-07 18:59:56.445  4277  4781 E OkHttp  : ---------- Response ----------
01-07 18:59:56.445  4277  4781 E OkHttp  : 
01-07 18:59:56.445  4277  4781 E OkHttp  : Date: Thu, 07 Jan 2021 10:59:56 GMT
01-07 18:59:56.445  4277  4781 E OkHttp  : Content-Type: application/json; responseformat=3;charset=UTF-8
01-07 18:59:56.445  4277  4781 E OkHttp  : Transfer-Encoding: chunked
01-07 18:59:56.445  4277  4781 E OkHttp  : Connection: keep-alive
01-07 18:59:56.445  4277  4781 E OkHttp  : Set-Cookie: acw_tc=2f61f26816100171969548372e0f152f6437d35a27a08728369bdb85a1b8b1;path=/;HttpOnly;Max-Age=1800
01-07 18:59:56.445  4277  4781 E OkHttp  : Access-Control-Allow-Origin: *
01-07 18:59:56.445  4277  4781 E OkHttp  : X-REQUEST-ID: 0e0a84150e291fe8b4abf68f8e3caf00
01-07 18:59:56.445  4277  4781 E OkHttp  : Cache-Control: no-cache, no-store, max-age=0, must-revalidate
01-07 18:59:56.445  4277  4781 E OkHttp  : Pragma: no-cache
01-07 18:59:56.445  4277  4781 E OkHttp  : Expires: 0
01-07 18:59:56.445  4277  4781 E OkHttp  : X-Content-Type-Options: nosniff
01-07 18:59:56.445  4277  4781 E OkHttp  : X-Frame-Options: DENY
01-07 18:59:56.445  4277  4781 E OkHttp  : X-XSS-Protection: 1 ; mode=block
01-07 18:59:56.445  4277  4781 E OkHttp  : 
01-07 18:59:56.445  4277  4781 E OkHttp  : {
01-07 18:59:56.445  4277  4781 E OkHttp  :   "code": "1400",
01-07 18:59:56.445  4277  4781 E OkHttp  :   "message": "请求参数不合法:vin",
01-07 18:59:56.445  4277  4781 E OkHttp  :   "hint": "请求参数不合法:vin",
01-07 18:59:56.445  4277  4781 E OkHttp  :   "httpStatus": "OK",
01-07 18:59:56.445  4277  4781 E OkHttp  :   "success": false
01-07 18:59:56.445  4277  4781 E OkHttp  : }
01-07 18:59:56.445  4110  4110 D CarSignalManager: handleOnChangeEvent ECarXCarPropertyValue{mPropertyId=0x7178 propertyName AsyLineLePah2PrmC, mValue=443}
01-07 18:59:56.445  4110  4110 D HUDInteractionImpl: onChangeEvent 7178
01-07 18:59:56.445  4277  4781 D OkHttp  : <-- 200 OK http://api.xchanger.cn/vehicleowner/vehicleMaintenance/plan?vin=L6T7752Z9LU000211 (143ms)
01-07 18:59:56.445  4277  4781 D OkHttp  : Date: Thu, 07 Jan 2021 10:59:56 GMT
01-07 18:59:56.445  4277  4781 D OkHttp  : Content-Type: application/json; responseformat=3;charset=UTF-8
01-07 18:59:56.445  4277  4781 D OkHttp  : Transfer-Encoding: chunked
01-07 18:59:56.445  4277  4781 D OkHttp  : Connection: keep-alive
01-07 18:59:56.445  4277  4781 D OkHttp  : Set-Cookie: acw_tc=2f61f26816100171969548372e0f152f6437d35a27a08728369bdb85a1b8b1;path=/;HttpOnly;Max-Age=1800
01-07 18:59:56.445  4277  4781 D OkHttp  : Access-Control-Allow-Origin: *
01-07 18:59:56.445  4277  4781 D OkHttp  : X-REQUEST-ID: 0e0a84150e291fe8b4abf68f8e3caf00
01-07 18:59:56.445  4277  4781 D OkHttp  : Cache-Control: no-cache, no-store, max-age=0, must-revalidate
01-07 18:59:56.445  4277  4781 D OkHttp  : Pragma: no-cache
01-07 18:59:56.445  4277  4781 D OkHttp  : Expires: 0
01-07 18:59:56.445  4277  4781 D OkHttp  : X-Content-Type-Options: nosniff
01-07 18:59:56.445  4277  4781 D OkHttp  : X-Frame-Options: DENY
01-07 18:59:56.445  4277  4781 D OkHttp  : X-XSS-Protection: 1 ; mode=block
01-07 18:59:56.446  4277  4781 D OkHttp  : {"code":"1400","message":"请求参数不合法:vin","hint":"请求参数不合法:vin","httpStatus":"OK","data":null,"sessionId":null,"success":false}
01-07 18:59:56.446  4277  4781 D OkHttp  : <-- END HTTP (151-byte body)
01-07 18:59:56.446  4110  4110 D CarSignalManager: handleOnChangeEvent ECarXCarPropertyValue{mPropertyId=0x71c5 propertyName ZZZAsdmSignalEnd, mValue=3b4d}
01-07 18:59:56.446  4110  4177 D HUDInteractionImpl: handleMessage 4
01-07 18:59:56.446  4110  4110 D HUDInteractionImpl: onChangeEvent 71c5
01-07 18:59:56.446  4110  4177 D HUDInteractionImpl: updateDataInfo id 7178 value: 1091
01-07 18:59:56.446  4110  4110 D CarSignalManager: handleOnChangeEvent ECarXCarPropertyValue{mPropertyId=0x7af1 propertyName ZZZVddmSignalEnd, mValue=3b4e}
01-07 18:59:56.446  4110  4177 D HUDInteractionImpl: handleMessage 4
01-07 18:59:56.446  4110  4110 D HUDInteractionImpl: onChangeEvent 7af1
01-07 18:59:56.446  4110  4177 D HUDInteractionImpl: updateDataInfo id 71c5 value: 15181
01-07 18:59:56.446  4110  4177 D HUDInteractionImpl: handleMessage 4
01-07 18:59:56.446  4110  4177 D HUDInteractionImpl: updateDataInfo id 7af1 value: 15182
01-07 18:59:56.446  4110  4177 D HUDInteractionImpl: handleMessage 2
01-07 18:59:56.446  4110  4177 D HUDInteractionImpl: notifyAdasInfo ADASDrivingAidSyncInfo 功能状态: 0 AEB已经制动 0 前方对象方向 0 前方对象类型 0 前方物件横向距离 1.7763568394002505E-15 前方物件纵向距离 0.0 FCW警告 0
01-07 18:59:56.446  4110  4177 D HUDInteractionImpl: notifyAdasInfo ADASLaneSyncInfo 左一上段：1.990000000000002 -0.04700000000000015 0.009099999999999997 -1.0000000000001327E-6 左一下段 2.740000000000002 -0.29500000000000015 0.0363 -0.001 右一上段 0.0 0.0 0.0 0.0 右一下段 0.0 0.0 0.0 0.0 左一左起止点 0.0 9.0 左一右起止点 9.0 43.0 右一左起止点 0.0 0.0 右一右起止点 0.0 0.0 压线 0
01-07 18:59:56.446  4110  4904 D V2021010702 EZD Input Status: InputData_Vehicle=true , speed=0.000000, steering_wheel_angle=-0.091797, steering_wheel_angularVel=0.000000
01-07 18:59:56.446  4110  4904 D V2021010702 EZD Input Status: InputData_HUD = true
01-07 18:59:56.446  4110  4904 D V2021010702 EZD Input Status: HUD_button_absolute_pos = 14
01-07 18:59:56.446  4110  4904 D V2021010702 EZD Input Status: InputData_LD=true , warning_status=0
01-07 18:59:56.446  4110  4904 D V2021010702 EZD Input Status: l1:(a,b,c,d)=(-1.990000,0.047000,-0.009100,0.000001),(st,end)=(0,0); l2:(a,b,c,d)=(-2.740000,0.295000,-0.036300,0.001000),(st,end)=(9,9);
01-07 18:59:56.446  4110  4904 D V2021010702 EZD Input Status: r1:(a,b,c,d)=(-0.000000,-0.000000,-0.000000,-0.000000),(st,end)=(0,0); r2:(a,b,c,d)=(-0.000000,-0.000000,-0.000000,-0.000000),(st,end)=(0,0);
01-07 18:59:56.446  4110  4904 D V2021010702 EZD Input Status: InputData_NAVI=true, turn_dist=2056.000000 , lane_direction_type=103
01-07 18:59:56.446  4110  4904 D V2021010702 EZD Output Status: Output_navi=true , naviID=3, (x,y)=(85,6), (W,H)=(315,180), flip=0, status=1
01-07 18:59:56.446  4110  7712 I ARHUDPresenter.java: [ (ARHUDPresenter.java:152)#Subscribe ] inputADASLDInputADASLD{l1_a=1.990000000000002, l1_b=-0.04700000000000015, l1_c=0.009099999999999997, l1_d=-1.0000000000001327E-6, l2_a=2.740000000000002, l2_b=-0.29500000000000015, l2_c=0.0363, l2_d=-0.001, r1_a=0.0, r1_b=0.0, r1_c=0.0, r1_d=0.0, r2_a=0.0, r2_b=0.0, r2_c=0.0, r2_d=0.0, warning_status=0, detect_start_l1=0.0, detect_end_l1=9.0, detect_start_l2=9.0, detect_end_l2=43.0, detect_start_r2=0.0, detect_end_r2=0.0, detect_start_r1=0.0, detect_end_r1=0.0}
01-07 18:59:56.446  4110  7712 D V2021010702 EZD Input Status: InputData_HUD = true
01-07 18:59:56.446  4110  7712 D V2021010702 EZD Input Status: HUD_button_absolute_pos = 14
01-07 18:59:56.446  4110  7712 D V2021010702 EZD Input Status: InputData_LD=true , warning_status=0
01-07 18:59:56.446  4110  7712 D V2021010702 EZD Input Status: l1:(a,b,c,d)=(-1.990000,0.047000,-0.009100,0.000001),(st,end)=(0,0); l2:(a,b,c,d)=(-2.740000,0.295000,-0.036300,0.001000),(st,end)=(9,9);
01-07 18:59:56.446  4110  7712 D V2021010702 EZD Input Status: r1:(a,b,c,d)=(-0.000000,-0.000000,-0.000000,-0.000000),(st,end)=(0,0); r2:(a,b,c,d)=(-0.000000,-0.000000,-0.000000,-0.000000),(st,end)=(0,0);
01-07 18:59:56.446  4110  7712 I JniUtils.java: [ (JniUtils.java:66)#InputADASLD ] 道路信息输出成功
01-07 18:59:56.446  4110  7712 D V2021010702 EZD Output Status: Output_ld=true , laneID=1, (start_x,start_y)=(-250,13), (end_x,end_y)=(-81,228), (A,B,C,D)=(0.000011,-0.008238,2.147088,-277.614060), status=1
01-07 18:59:56.446  4110  7712 I JniUtils.java: [ (JniUtils.java:68)#InputADASLD ] ADASLaneInfoBean{LaneID=1, x1=-250, y1=13, x2=-81, y2=228, A=1.132494311066918E-5, B=-0.008238330349213601, C=2.147088181743742, D=-277.6140598199724, status=1}
01-07 18:59:56.447  4110  4868 I ARHUDPresenter.java: [ (ARHUDPresenter.java:125)#Subscribe ] adasLaneInfoBeanInputADASObj{acc_status=0.0, pos_x=1.7763568394002505E-15, pos_z=0.0, direction=0.0, type=9.0, frontType=0.0, warning_status=0.0, aeb_status=0.0}
01-07 18:59:56.447  4277  4277 I maintenance_log: MaintenanceRemoteSource$2@f1f875e [getRemoteMaintenancePlan] >> onSuccess = {"success":false, "code":'1400', "message":'请求参数不合法:vin', "data":null}
01-07 18:59:56.447  4110  4868 I ARHUDPresenter.java: [ (ARHUDPresenter.java:126)#Subscribe ] HUDHeight14
01-07 18:59:56.447  4110  4868 E JniUtils.java: [ (JniUtils.java:33)#InputDataAdasObj ] hudHeight高度14.0
01-07 18:59:56.447  4110  4868 D V2021010702 EZD Input Status: InputData_Vehicle=true , speed=0.000000, steering_wheel_angle=-0.091797, steering_wheel_angularVel=0.000000
01-07 18:59:56.447  4110  4868 D V2021010702 EZD Input Status: InputData_HUD = true
01-07 18:59:56.447  4110  4868 D V2021010702 EZD Input Status: HUD_button_absolute_pos = 14
01-07 18:59:56.447  4110  4868 D V2021010702 EZD Input Status: InputData_Obj is true. pos_x=0.000000, pos_y=0.000000, frontType=0, direction=0, acc_status=0, type=9, warning_status=0, aeb_status=0
01-07 18:59:56.447  4110  4868 D V2021010702 EZD Input Status: InputData_Obj: acc_gap_set_status=3
01-07 18:59:56.447  4110  4868 D V2021010702 EZD Input Status: InputData_LD=true , warning_status=0
01-07 18:59:56.447  4110  4868 D V2021010702 EZD Input Status: l1:(a,b,c,d)=(-1.990000,0.047000,-0.009100,0.000001),(st,end)=(0,0); l2:(a,b,c,d)=(-2.740000,0.295000,-0.036300,0.001000),(st,end)=(9,9);
01-07 18:59:56.447  4110  4868 D V2021010702 EZD Input Status: r1:(a,b,c,d)=(-0.000000,-0.000000,-0.000000,-0.000000),(st,end)=(0,0); r2:(a,b,c,d)=(-0.000000,-0.000000,-0.000000,-0.000000),(st,end)=(0,0);
01-07 18:59:56.447  4110  4868 I JniUtils.java: [ (JniUtils.java:46)#InputDataAdasObj ] 周边环境对象等输出成功
01-07 18:59:56.447  4110  4868 D V2021010702 EZD Output Status: Output_obj=false , aeb_status = 0 && collision_status == 0 && obj_status == 0 && accGapSet_status == 0 
01-07 18:59:56.448  4110  4868 I JniUtils.java: [ (JniUtils.java:48)#InputDataAdasObj ] ADASWarningInfoBean{objID=0, obj_x=0, obj_y=0, obj_status=0, obj_width=0, collisionID=0, conllision_x=0, conllision_y=0, collision_status=0, aebID=0, aeb_x=0, aeb_y=0, aeb_status=0, aebFrame_x=0, aebFrame_y=0, aebFrame_status=0, accGapSet_ID=0, accGapSet_x=0, accGapSet_y=0, accGapSet_width=0, accGapSet_flip=0, accGapSet_status=0}
01-07 18:59:56.448  4110  4868 I ARHUDPresenter.java: [ (ARHUDPresenter.java:130)#Subscribe ] adasWarningInfoBeanADASWarningInfoBean{objID=0, obj_x=0, obj_y=0, obj_status=0, obj_width=0, collisionID=0, conllision_x=0, conllision_y=0, collision_status=0, aebID=0, aeb_x=0, aeb_y=0, aeb_status=0, aebFrame_x=0, aebFrame_y=0, aebFrame_status=0, accGapSet_ID=0, accGapSet_x=0, accGapSet_y=0, accGapSet_width=0, accGapSet_flip=0, accGapSet_status=0}
01-07 18:59:56.455   764  1178 D libipcp : socket_says_data_received: Sid: 0x1f, OpID: 0x51, Length: 0x10a, SendHandleId: 0x1f51051f, Version: 0x3, OpType: 0x5, NOTIFICATION, payloadType: 0x1
01-07 18:59:56.455   764  1178 I libipcp : checkOperaiondIdAvailable: checkOperaiondIdAvailable called service_id: 0x1f, OpId: 0x51
01-07 18:59:56.455   764  1178 I libipcp : checkOperaiondIdAvailable: checkOperaiondIdAvailable opid 0x51 is vaild
01-07 18:59:56.455   764  1164 D libipcp : build_ack_packet: build ACK for Service_id: 0x1f, Operation_Id: 0x51, senderHandleId: 0x1f51051f
01-07 18:59:56.455   764  1162 I libipcp : ipcp_transport_send: fire --> SenderHandleID: 0x1f51051f, OperType: ACK, peer.sk_type is 2, peer_ip : 198.18.34.1, peer_port: 50500, length :16
01-07 18:59:56.455   764  1166 D vehiclehal::EcarxIpcpComm: funtion: received_cb , ip [198.18.34.1] , port = 50500, service = ASDM, operation_id = 81
01-07 18:59:56.456   764  1178 D libipcp : socket_says_data_received: Sid: 0x2c, OpID: 0x1d, Length: 0x129, SendHandleId: 0x2c1d057b, Version: 0x3, OpType: 0x5, NOTIFICATION, payloadType: 0x1
01-07 18:59:56.456   764  1178 I libipcp : checkOperaiondIdAvailable: checkOperaiondIdAvailable called service_id: 0x2c, OpId: 0x1d
01-07 18:59:56.456   764  1178 I libipcp : checkOperaiondIdAvailable: checkOperaiondIdAvailable opid 0x1d is vaild
01-07 18:59:56.456   764  1164 D libipcp : build_ack_packet: build ACK for Service_id: 0x2c, Operation_Id: 0x1d, senderHandleId: 0x2c1d057b
01-07 18:59:56.456   764  1162 I libipcp : ipcp_transport_send: fire --> SenderHandleID: 0x2c1d057b, OperType: ACK, peer.sk_type is 2, peer_ip : 198.18.34.1, peer_port: 50500, length :16
01-07 18:59:56.456   764  1166 D vehiclehal::EcarxIpcpComm: funtion: received_cb , ip [198.18.34.1] , port = 50500, service = VDDM, operation_id = 29
01-07 18:59:56.456   764  1174 D vehiclehal::EcarxIpcpComm: funtion: rxThread , service = ASDM, operation_id = 81
01-07 18:59:56.456   764  1174 D IPCP2VV : convertIpcp2VehicleValues, [ASDMNotificationOpID] ap size 258, vp size 258
01-07 18:59:56.460   764  1174 D vehiclehal::EcarxIpcpComm: funtion: rxThread , service = VDDM, operation_id = 29
01-07 18:59:56.460   764  1174 D IPCP2VV : convertIpcp2VehicleValues, [VDDMNotificationOpID] ap size 289, vp size 289
01-07 18:59:56.466   714  3875 F [ESIS][FATAL] ref-detecter.cc:347: GET_REF seq not match:24704 -1 0
01-07 18:59:56.466   714  3890 F [ESIS][FATAL] ref-detecter.cc:347: GET_REF seq not match:24704 -1 0
01-07 18:59:56.467   714  3875 E [EAKS][ERROR] aks-engine.cc:373: no keyword set yet.
01-07 18:59:56.467   714  3890 E [EAKS][ERROR] aks-engine.cc:373: no keyword set yet.
01-07 18:59:56.477   751   960 D libipcp : socket_says_data_received: Sid: 0xb1, OpID: 0x1, Length: 0x1d, SendHandleId: 0xb101063c, Version: 0x3, OpType: 0x6, NOTIFICATION_CYCLIC, payloadType: 0
01-07 18:59:56.478  4110  4110 I ARHUDPresenter.java: [ (ARHUDPresenter.java:164)#Accept ] ADASLaneInfoBeanADASLaneInfoBean{LaneID=1, x1=-243, y1=13, x2=-78, y2=228, A=1.1199298738047326E-5, B=-0.00814702033722865, C=2.1184082809467597, D=-270.42787396180006, status=1}
01-07 18:59:56.478   783   783 E DisplayDevice: map unknown ((deprecated) sRGB sRGB Full range)/(RenderIntent::COLORIMETRIC) to default color mode
01-07 18:59:56.478   751   960 I libipcp : checkOperaiondIdAvailable: checkOperaiondIdAvailable called service_id: 0xb1, OpId: 0x1
01-07 18:59:56.479   783   783 E DisplayDevice: map unknown ((deprecated) sRGB sRGB Full range)/(RenderIntent::COLORIMETRIC) to default color mode
01-07 18:59:56.479   783   783 I chatty  : uid=1000(system) /system/bin/surfaceflinger identical 1 line
01-07 18:59:56.479   783   783 E DisplayDevice: map unknown ((deprecated) sRGB sRGB Full range)/(RenderIntent::COLORIMETRIC) to default color mode
01-07 18:59:56.479  4110  4110 E ADASLD  : [ (ARHUDPresenter.java:166)#Accept ] 压线了
01-07 18:59:56.479   751   960 I libipcp : checkOperaiondIdAvailable: checkOperaiondIdAvailable opid 0x1 is vaild
01-07 18:59:56.479   751   955 V CONNECTIVITY_HAL: <-------------------------------------------------------------------->
01-07 18:59:56.480   751   955 V CONNECTIVITY_HAL: <--------------connecitivty receive package info--------------------->
01-07 18:59:56.480   751   955 V CONNECTIVITY_HAL: wifi_ipcp_cb, received ipcp header : sid: 0xb1, op_id: 0x1, op_type: 0x6
01-07 18:59:56.480   751   955 V CONNECTIVITY_HAL: <-------------------------------------------------------------------->
01-07 18:59:56.480   751   955 I CONNECTIVITY_HAL: handleESIMConnectionStatus, ip addr present
01-07 18:59:56.480  4110  4110 E ARHUDFragment.java: [ (ARHUDFragment.java:240)#DrawCrimpingWarning ] 绘制的线的坐标为ADASLaneInfoBean{LaneID=1, x1=-243, y1=13, x2=-78, y2=228, A=1.1199298738047326E-5, B=-0.00814702033722865, C=2.1184082809467597, D=-270.42787396180006, status=1}
01-07 18:59:56.480  1351  1657 D WifiControllerIPCP: onTcamESIMStatUpdateCallback : {.networkInfo = fourG_network, .networkAvailable = true, .operatorName = china_unicom, .ipAddr = {.num = 8, .addr = 48.65.52.56.67.69.53.56}, .signalCsqValue = 54, .trafficData = {.txbytecount = 200, .rxbytecount = 200}, .apnStatus = bothConnected}
01-07 18:59:56.480  1351  1657 D WifiControllerIPCP: === handleEsimInfo ===
01-07 18:59:56.480  4110  4110 E LanePressureLineView.java: [ (LanePressureLineView.java:73)#AddData ] 压线坐标点数据为0.0,135.5083,271.0166,135.5083,0.0,22.5,0.0,22.5,45.0,22.5,
01-07 18:59:56.481  4110  4110 E ARHUDFragment.java: [ (ARHUDFragment.java:255)#DrawCrimpingWarning ] 度数为：-52.495857639729856
01-07 18:59:56.481  4110  4110 D CarSignalManager: handleOnChangeEvent ECarXCarPropertyValue{mPropertyId=0x7af1 propertyName ZZZVddmSignalEnd, mValue=3b50}
01-07 18:59:56.481  4110  4110 D HUDInteractionImpl: onChangeEvent 7af1
01-07 18:59:56.481  4110  4177 D HUDInteractionImpl: handleMessage 4
01-07 18:59:56.481  4110  4177 D HUDInteractionImpl: updateDataInfo id 7af1 value: 15184
01-07 18:59:56.481  4110  4110 I ARHUDPresenter.java: [ (ARHUDPresenter.java:164)#Accept ] ADASLaneInfoBeanADASLaneInfoBean{LaneID=1, x1=-250, y1=13, x2=-81, y2=228, A=1.132494311066918E-5, B=-0.008238330349213601, C=2.147088181743742, D=-277.6140598199724, status=1}
01-07 18:59:56.481  4110  4110 E ADASLD  : [ (ARHUDPresenter.java:166)#Accept ] 压线了
01-07 18:59:56.481  4110  4110 E ARHUDFragment.java: [ (ARHUDFragment.java:240)#DrawCrimpingWarning ] 绘制的线的坐标为ADASLaneInfoBean{LaneID=1, x1=-250, y1=13, x2=-81, y2=228, A=1.132494311066918E-5, B=-0.008238330349213601, C=2.147088181743742, D=-277.6140598199724, status=1}
01-07 18:59:56.482  4110  4110 E LanePressureLineView.java: [ (LanePressureLineView.java:73)#AddData ] 压线坐标点数据为0.0,136.73514,273.47028,136.73514,0.0,22.5,0.0,22.5,45.0,22.5,
01-07 18:59:56.482  4110  4110 E ARHUDFragment.java: [ (ARHUDFragment.java:255)#DrawCrimpingWarning ] 度数为：-51.83100594935153
01-07 18:59:56.483  4110  4110 E LanePressureLineView.java: [ (LanePressureLineView.java:139)#OnDraw ] 我现在在绘制
01-07 18:59:56.483  4110  4110 E LanePressureLineView.java: [ (LanePressureLineView.java:141)#OnDraw ] 绘制完毕
01-07 18:59:56.485   764  1178 D libipcp : socket_says_data_received: Sid: 0x1f, OpID: 0x51, Length: 0x10a, SendHandleId: 0x1f510520, Version: 0x3, OpType: 0x5, NOTIFICATION, payloadType: 0x1
01-07 18:59:56.485   764  1178 I libipcp : checkOperaiondIdAvailable: checkOperaiondIdAvailable called service_id: 0x1f, OpId: 0x51
01-07 18:59:56.485   764  1178 I libipcp : checkOperaiondIdAvailable: checkOperaiondIdAvailable opid 0x51 is vaild
01-07 18:59:56.485   764  1164 D libipcp : build_ack_packet: build ACK for Service_id: 0x1f, Operation_Id: 0x51, senderHandleId: 0x1f510520
01-07 18:59:56.485   764  1162 I libipcp : ipcp_transport_send: fire --> SenderHandleID: 0x1f510520, OperType: ACK, peer.sk_type is 2, peer_ip : 198.18.34.1, peer_port: 50500, length :16
01-07 18:59:56.485   764  1178 D libipcp : socket_says_data_received: Sid: 0x25, OpID: 0x20, Length: 0x89, SendHandleId: 0x2520052b, Version: 0x3, OpType: 0x5, NOTIFICATION, payloadType: 0x1
01-07 18:59:56.485   764  1178 I libipcp : checkOperaiondIdAvailable: checkOperaiondIdAvailable called service_id: 0x25, OpId: 0x20
01-07 18:59:56.485   764  1178 I libipcp : checkOperaiondIdAvailable: checkOperaiondIdAvailable opid 0x20 is vaild
01-07 18:59:56.485   764  1178 D libipcp : socket_says_data_received: Sid: 0x2c, OpID: 0x1d, Length: 0x129, SendHandleId: 0x2c1d057c, Version: 0x3, OpType: 0x5, NOTIFICATION, payloadType: 0x1
